

================================================================
== Vitis HLS Report for 'p_anonymous_namespace_compute_weight_batch'
================================================================
* Date:           Sat Sep 26 01:19:34 2026

* Version:        2024.2 (Build 5238294 on Nov  8 2024)
* Project:        project
* Solution:       solution1 (Vivado IP Flow Target)
* Product family: zynquplus
* Target device:  xck26-sfvc784-2LV-c


================================================================
== Performance Estimates
================================================================
+ Timing: 
    * Summary: 
    +--------+---------+----------+------------+
    |  Clock |  Target | Estimated| Uncertainty|
    +--------+---------+----------+------------+
    |ap_clk  |  5.00 ns|  3.828 ns|     1.35 ns|
    +--------+---------+----------+------------+

+ Latency: 
    * Summary: 
    +---------+---------+----------+----------+-----+-----+---------+
    |  Latency (cycles) |  Latency (absolute) |  Interval | Pipeline|
    |   min   |   max   |    min   |    max   | min | max |   Type  |
    +---------+---------+----------+----------+-----+-----+---------+
    |        ?|        ?|         ?|         ?|    ?|    ?|       no|
    +---------+---------+----------+----------+-----+-----+---------+

    + Detail: 
        * Instance: 
        +------------------------------------------------------------------------------------------------+------------------------------------------------------------------------------------+---------+---------+-----------+-----------+------+------+------------------------------------------------+
        |                                                                                                |                                                                                    |  Latency (cycles) |   Latency (absolute)  |   Interval  |                    Pipeline                    |
        |                                            Instance                                            |                                       Module                                       |   min   |   max   |    min    |    max    |  min |  max |                      Type                      |
        +------------------------------------------------------------------------------------------------+------------------------------------------------------------------------------------+---------+---------+-----------+-----------+------+------+------------------------------------------------+
        |grp_p_anonymous_namespace_compute_weight_batch_Pipeline_VITIS_LOOP_75_2_VITIS_LOOP_76_fu_1144   |p_anonymous_namespace_compute_weight_batch_Pipeline_VITIS_LOOP_75_2_VITIS_LOOP_76   |     8612|     8612|  43.060 us|  43.060 us|  8609|  8609|  loop auto-rewind stp (delay=0 clock cycles(s))|
        |grp_p_anonymous_namespace_compute_weight_batch_Pipeline_VITIS_LOOP_164_9_fu_1155                |p_anonymous_namespace_compute_weight_batch_Pipeline_VITIS_LOOP_164_9                |     1111|     1111|   5.555 us|   5.555 us|  1077|  1077|  loop auto-rewind stp (delay=0 clock cycles(s))|
        |grp_p_anonymous_namespace_compute_weight_batch_Pipeline_VITIS_LOOP_359_15_VITIS_LOOP_s_fu_1253  |p_anonymous_namespace_compute_weight_batch_Pipeline_VITIS_LOOP_359_15_VITIS_LOOP_s  |        ?|        ?|          ?|          ?|     0|     0|  loop auto-rewind stp (delay=0 clock cycles(s))|
        +------------------------------------------------------------------------------------------------+------------------------------------------------------------------------------------+---------+---------+-----------+-----------+------+------+------------------------------------------------+

        * Loop: 
        +----------------------+---------+---------+----------+-----------+-----------+------+----------+
        |                      |  Latency (cycles) | Iteration|  Initiation Interval  | Trip |          |
        |       Loop Name      |   min   |   max   |  Latency |  achieved |   target  | Count| Pipelined|
        +----------------------+---------+---------+----------+-----------+-----------+------+----------+
        |- VITIS_LOOP_74_1     |        ?|        ?|         ?|          -|          -|     8|        no|
        | + VITIS_LOOP_87_4    |        ?|        ?|      4570|          -|          -|     ?|        no|
        |  ++ VITIS_LOOP_88_5  |     4568|     4568|      1142|          -|          -|     4|        no|
        +----------------------+---------+---------+----------+-----------+-----------+------+----------+



================================================================
== Utilization Estimates
================================================================
* Summary: 
+-----------------+---------+------+--------+--------+-----+
|       Name      | BRAM_18K|  DSP |   FF   |   LUT  | URAM|
+-----------------+---------+------+--------+--------+-----+
|DSP              |        -|     -|       -|       -|    -|
|Expression       |        -|     -|       0|     237|    -|
|FIFO             |        -|     -|       -|       -|    -|
|Instance         |        -|   321|   39871|   34679|    -|
|Memory           |       16|     -|       0|       0|    8|
|Multiplexer      |        -|     -|       0|    2961|    -|
|Register         |        -|     -|    1584|       -|    -|
+-----------------+---------+------+--------+--------+-----+
|Total            |       16|   321|   41455|   37877|    8|
+-----------------+---------+------+--------+--------+-----+
|Available        |      288|  1248|  234240|  117120|   64|
+-----------------+---------+------+--------+--------+-----+
|Utilization (%)  |        5|    25|      17|      32|   12|
+-----------------+---------+------+--------+--------+-----+

+ Detail: 
    * Instance: 
    +------------------------------------------------------------------------------------------------+------------------------------------------------------------------------------------+---------+-----+-------+-------+-----+
    |                                            Instance                                            |                                       Module                                       | BRAM_18K| DSP |   FF  |  LUT  | URAM|
    +------------------------------------------------------------------------------------------------+------------------------------------------------------------------------------------+---------+-----+-------+-------+-----+
    |fadd_32ns_32ns_32_8_full_dsp_1_U316                                                             |fadd_32ns_32ns_32_8_full_dsp_1                                                      |        0|    2|    296|    239|    0|
    |fadd_32ns_32ns_32_8_full_dsp_1_U317                                                             |fadd_32ns_32ns_32_8_full_dsp_1                                                      |        0|    2|    296|    239|    0|
    |fadd_32ns_32ns_32_8_full_dsp_1_U318                                                             |fadd_32ns_32ns_32_8_full_dsp_1                                                      |        0|    2|    296|    239|    0|
    |fadd_32ns_32ns_32_8_full_dsp_1_U319                                                             |fadd_32ns_32ns_32_8_full_dsp_1                                                      |        0|    2|    296|    239|    0|
    |fadd_32ns_32ns_32_8_full_dsp_1_U320                                                             |fadd_32ns_32ns_32_8_full_dsp_1                                                      |        0|    2|    296|    239|    0|
    |fadd_32ns_32ns_32_8_full_dsp_1_U321                                                             |fadd_32ns_32ns_32_8_full_dsp_1                                                      |        0|    2|    296|    239|    0|
    |fadd_32ns_32ns_32_8_full_dsp_1_U322                                                             |fadd_32ns_32ns_32_8_full_dsp_1                                                      |        0|    2|    296|    239|    0|
    |fadd_32ns_32ns_32_8_full_dsp_1_U323                                                             |fadd_32ns_32ns_32_8_full_dsp_1                                                      |        0|    2|    296|    239|    0|
    |fadd_32ns_32ns_32_8_full_dsp_1_U324                                                             |fadd_32ns_32ns_32_8_full_dsp_1                                                      |        0|    2|    296|    239|    0|
    |fadd_32ns_32ns_32_8_full_dsp_1_U325                                                             |fadd_32ns_32ns_32_8_full_dsp_1                                                      |        0|    2|    296|    239|    0|
    |fadd_32ns_32ns_32_8_full_dsp_1_U326                                                             |fadd_32ns_32ns_32_8_full_dsp_1                                                      |        0|    2|    296|    239|    0|
    |fadd_32ns_32ns_32_8_full_dsp_1_U327                                                             |fadd_32ns_32ns_32_8_full_dsp_1                                                      |        0|    2|    296|    239|    0|
    |fadd_32ns_32ns_32_8_full_dsp_1_U328                                                             |fadd_32ns_32ns_32_8_full_dsp_1                                                      |        0|    2|    296|    239|    0|
    |fadd_32ns_32ns_32_8_full_dsp_1_U329                                                             |fadd_32ns_32ns_32_8_full_dsp_1                                                      |        0|    2|    296|    239|    0|
    |fadd_32ns_32ns_32_8_full_dsp_1_U330                                                             |fadd_32ns_32ns_32_8_full_dsp_1                                                      |        0|    2|    296|    239|    0|
    |fadd_32ns_32ns_32_8_full_dsp_1_U331                                                             |fadd_32ns_32ns_32_8_full_dsp_1                                                      |        0|    2|    296|    239|    0|
    |fadd_32ns_32ns_32_8_full_dsp_1_U332                                                             |fadd_32ns_32ns_32_8_full_dsp_1                                                      |        0|    2|    296|    239|    0|
    |fadd_32ns_32ns_32_8_full_dsp_1_U333                                                             |fadd_32ns_32ns_32_8_full_dsp_1                                                      |        0|    2|    296|    239|    0|
    |fadd_32ns_32ns_32_8_full_dsp_1_U334                                                             |fadd_32ns_32ns_32_8_full_dsp_1                                                      |        0|    2|    296|    239|    0|
    |fadd_32ns_32ns_32_8_full_dsp_1_U335                                                             |fadd_32ns_32ns_32_8_full_dsp_1                                                      |        0|    2|    296|    239|    0|
    |fadd_32ns_32ns_32_8_full_dsp_1_U336                                                             |fadd_32ns_32ns_32_8_full_dsp_1                                                      |        0|    2|    296|    239|    0|
    |fadd_32ns_32ns_32_8_full_dsp_1_U337                                                             |fadd_32ns_32ns_32_8_full_dsp_1                                                      |        0|    2|    296|    239|    0|
    |fadd_32ns_32ns_32_8_full_dsp_1_U338                                                             |fadd_32ns_32ns_32_8_full_dsp_1                                                      |        0|    2|    296|    239|    0|
    |fadd_32ns_32ns_32_8_full_dsp_1_U339                                                             |fadd_32ns_32ns_32_8_full_dsp_1                                                      |        0|    2|    296|    239|    0|
    |mul_2ns_11ns_11_1_1_U341                                                                        |mul_2ns_11ns_11_1_1                                                                 |        0|    0|      0|      5|    0|
    |mul_3ns_11ns_12_1_1_U340                                                                        |mul_3ns_11ns_12_1_1                                                                 |        0|    0|      0|      5|    0|
    |grp_p_anonymous_namespace_compute_weight_batch_Pipeline_VITIS_LOOP_164_9_fu_1155                |p_anonymous_namespace_compute_weight_batch_Pipeline_VITIS_LOOP_164_9                |        0|  272|  31697|  28270|    0|
    |grp_p_anonymous_namespace_compute_weight_batch_Pipeline_VITIS_LOOP_359_15_VITIS_LOOP_s_fu_1253  |p_anonymous_namespace_compute_weight_batch_Pipeline_VITIS_LOOP_359_15_VITIS_LOOP_s  |        0|    0|    820|    443|    0|
    |grp_p_anonymous_namespace_compute_weight_batch_Pipeline_VITIS_LOOP_75_2_VITIS_LOOP_76_fu_1144   |p_anonymous_namespace_compute_weight_batch_Pipeline_VITIS_LOOP_75_2_VITIS_LOOP_76   |        0|    1|    250|    220|    0|
    +------------------------------------------------------------------------------------------------+------------------------------------------------------------------------------------+---------+-----+-------+-------+-----+
    |Total                                                                                           |                                                                                    |        0|  321|  39871|  34679|    0|
    +------------------------------------------------------------------------------------------------+------------------------------------------------------------------------------------+---------+-----+-------+-------+-----+

    * DSP: 
    N/A

    * Memory: 
    +------------------+--------------------------------------------------------------------------+---------+---+----+-----+------+-----+------+-------------+
    |      Memory      |                                  Module                                  | BRAM_18K| FF| LUT| URAM| Words| Bits| Banks| W*Bits*Banks|
    +------------------+--------------------------------------------------------------------------+---------+---+----+-----+------+-----+------+-------------+
    |result_tile_U     |p_anonymous_namespace_compute_weight_batch_result_tile_RAM_2P_BRAM_1R1W   |        1|  0|   0|    0|    32|   32|     1|         1024|
    |result_tile_1_U   |p_anonymous_namespace_compute_weight_batch_result_tile_RAM_2P_BRAM_1R1W   |        1|  0|   0|    0|    32|   32|     1|         1024|
    |result_tile_2_U   |p_anonymous_namespace_compute_weight_batch_result_tile_RAM_2P_BRAM_1R1W   |        1|  0|   0|    0|    32|   32|     1|         1024|
    |result_tile_3_U   |p_anonymous_namespace_compute_weight_batch_result_tile_RAM_2P_BRAM_1R1W   |        1|  0|   0|    0|    32|   32|     1|         1024|
    |result_tile_4_U   |p_anonymous_namespace_compute_weight_batch_result_tile_RAM_2P_BRAM_1R1W   |        1|  0|   0|    0|    32|   32|     1|         1024|
    |result_tile_5_U   |p_anonymous_namespace_compute_weight_batch_result_tile_RAM_2P_BRAM_1R1W   |        1|  0|   0|    0|    32|   32|     1|         1024|
    |result_tile_6_U   |p_anonymous_namespace_compute_weight_batch_result_tile_RAM_2P_BRAM_1R1W   |        1|  0|   0|    0|    32|   32|     1|         1024|
    |result_tile_7_U   |p_anonymous_namespace_compute_weight_batch_result_tile_RAM_2P_BRAM_1R1W   |        1|  0|   0|    0|    32|   32|     1|         1024|
    |result_tile_8_U   |p_anonymous_namespace_compute_weight_batch_result_tile_RAM_2P_BRAM_1R1W   |        1|  0|   0|    0|    32|   32|     1|         1024|
    |result_tile_9_U   |p_anonymous_namespace_compute_weight_batch_result_tile_RAM_2P_BRAM_1R1W   |        1|  0|   0|    0|    32|   32|     1|         1024|
    |result_tile_10_U  |p_anonymous_namespace_compute_weight_batch_result_tile_RAM_2P_BRAM_1R1W   |        1|  0|   0|    0|    32|   32|     1|         1024|
    |result_tile_11_U  |p_anonymous_namespace_compute_weight_batch_result_tile_RAM_2P_BRAM_1R1W   |        1|  0|   0|    0|    32|   32|     1|         1024|
    |result_tile_12_U  |p_anonymous_namespace_compute_weight_batch_result_tile_RAM_2P_BRAM_1R1W   |        1|  0|   0|    0|    32|   32|     1|         1024|
    |result_tile_13_U  |p_anonymous_namespace_compute_weight_batch_result_tile_RAM_2P_BRAM_1R1W   |        1|  0|   0|    0|    32|   32|     1|         1024|
    |result_tile_14_U  |p_anonymous_namespace_compute_weight_batch_result_tile_RAM_2P_BRAM_1R1W   |        1|  0|   0|    0|    32|   32|     1|         1024|
    |result_tile_15_U  |p_anonymous_namespace_compute_weight_batch_result_tile_RAM_2P_BRAM_1R1W   |        1|  0|   0|    0|    32|   32|     1|         1024|
    |weight_cache_U    |p_anonymous_namespace_compute_weight_batch_weight_cache_RAM_2P_URAM_1R1W  |        0|  0|   0|    2|  2152|  128|     1|       275456|
    |weight_cache_1_U  |p_anonymous_namespace_compute_weight_batch_weight_cache_RAM_2P_URAM_1R1W  |        0|  0|   0|    2|  2152|  128|     1|       275456|
    |weight_cache_2_U  |p_anonymous_namespace_compute_weight_batch_weight_cache_RAM_2P_URAM_1R1W  |        0|  0|   0|    2|  2152|  128|     1|       275456|
    |weight_cache_3_U  |p_anonymous_namespace_compute_weight_batch_weight_cache_RAM_2P_URAM_1R1W  |        0|  0|   0|    2|  2152|  128|     1|       275456|
    +------------------+--------------------------------------------------------------------------+---------+---+----+-----+------+-----+------+-------------+
    |Total             |                                                                          |       16|  0|   0|    8|  9120| 1024|    20|      1118208|
    +------------------+--------------------------------------------------------------------------+---------+---+----+-----+------+-----+------+-------------+

    * FIFO: 
    N/A

    * Expression: 
    +-----------------------+----------+----+---+----+------------+------------+
    |     Variable Name     | Operation| DSP| FF| LUT| Bitwidth P0| Bitwidth P1|
    +-----------------------+----------+----+---+----+------------+------------+
    |add_ln74_1_fu_1608_p2  |         +|   0|  0|  12|           4|           1|
    |add_ln74_fu_1630_p2    |         +|   0|  0|  71|          64|          64|
    |add_ln87_fu_1819_p2    |         +|   0|  0|  13|           6|           3|
    |add_ln88_fu_2149_p2    |         +|   0|  0|  12|           5|           3|
    |cmp1917_fu_1553_p2     |      icmp|   0|  0|  39|          32|           1|
    |icmp_ln74_fu_1602_p2   |      icmp|   0|  0|  12|           4|           5|
    |icmp_ln87_fu_1639_p2   |      icmp|   0|  0|  39|          32|          32|
    |empty_192_fu_1571_p3   |    select|   0|  0|   7|           1|           7|
    |empty_193_fu_1583_p3   |    select|   0|  0|  32|           1|          32|
    +-----------------------+----------+----+---+----+------------+------------+
    |Total                  |          |   0|  0| 237|         149|         148|
    +-----------------------+----------+----+---+----+------------+------------+

    * Multiplexer: 
    +-------------------------------+-----+-----------+-----+-----------+
    |              Name             | LUT | Input Size| Bits| Total Bits|
    +-------------------------------+-----+-----------+-----+-----------+
    |ap_NS_fsm                      |  229|         51|    1|         51|
    |batch_tile_fu_156              |    9|          2|    4|          8|
    |gmem_w_blk_n_AR                |    9|          2|    1|          2|
    |gmem_y_blk_n_AW                |    9|          2|    1|          2|
    |gmem_y_blk_n_B                 |    9|          2|    1|          2|
    |grp_fu_1277_ce                 |    9|          2|    1|          2|
    |grp_fu_1277_p0                 |   31|          6|   32|        192|
    |grp_fu_1277_p1                 |   43|          8|   32|        256|
    |grp_fu_1281_ce                 |    9|          2|    1|          2|
    |grp_fu_1281_p0                 |   43|          8|   32|        256|
    |grp_fu_1281_p1                 |   43|          8|   32|        256|
    |grp_fu_1285_ce                 |    9|          2|    1|          2|
    |grp_fu_1285_p0                 |   43|          8|   32|        256|
    |grp_fu_1285_p1                 |   43|          8|   32|        256|
    |grp_fu_1289_ce                 |    9|          2|    1|          2|
    |grp_fu_1289_p0                 |   43|          8|   32|        256|
    |grp_fu_1289_p1                 |   43|          8|   32|        256|
    |grp_fu_1293_ce                 |    9|          2|    1|          2|
    |grp_fu_1293_p0                 |   31|          6|   32|        192|
    |grp_fu_1293_p1                 |   31|          6|   32|        192|
    |grp_fu_1297_ce                 |    9|          2|    1|          2|
    |grp_fu_1297_p0                 |   31|          6|   32|        192|
    |grp_fu_1297_p1                 |   31|          6|   32|        192|
    |grp_fu_1301_ce                 |    9|          2|    1|          2|
    |grp_fu_1301_p0                 |   31|          6|   32|        192|
    |grp_fu_1301_p1                 |   31|          6|   32|        192|
    |grp_fu_1305_ce                 |    9|          2|    1|          2|
    |grp_fu_1305_p0                 |   31|          6|   32|        192|
    |grp_fu_1305_p1                 |   31|          6|   32|        192|
    |grp_fu_1309_ce                 |    9|          2|    1|          2|
    |grp_fu_1309_p0                 |   26|          5|   32|        160|
    |grp_fu_1309_p1                 |   26|          5|   32|        160|
    |grp_fu_1313_ce                 |    9|          2|    1|          2|
    |grp_fu_1313_p0                 |   26|          5|   32|        160|
    |grp_fu_1313_p1                 |   26|          5|   32|        160|
    |grp_fu_1317_ce                 |    9|          2|    1|          2|
    |grp_fu_1317_p0                 |   26|          5|   32|        160|
    |grp_fu_1317_p1                 |   26|          5|   32|        160|
    |grp_fu_1321_ce                 |    9|          2|    1|          2|
    |grp_fu_1321_p0                 |   26|          5|   32|        160|
    |grp_fu_1321_p1                 |   26|          5|   32|        160|
    |grp_fu_1325_ce                 |    9|          2|    1|          2|
    |grp_fu_1325_p0                 |   14|          3|   32|         96|
    |grp_fu_1325_p1                 |   14|          3|   32|         96|
    |grp_fu_1329_ce                 |    9|          2|    1|          2|
    |grp_fu_1329_p0                 |   14|          3|   32|         96|
    |grp_fu_1329_p1                 |   14|          3|   32|         96|
    |grp_fu_1333_ce                 |    9|          2|    1|          2|
    |grp_fu_1333_p0                 |   14|          3|   32|         96|
    |grp_fu_1333_p1                 |   14|          3|   32|         96|
    |grp_fu_1337_ce                 |    9|          2|    1|          2|
    |grp_fu_1337_p0                 |   14|          3|   32|         96|
    |grp_fu_1337_p1                 |   14|          3|   32|         96|
    |grp_fu_1341_ce                 |    9|          2|    1|          2|
    |grp_fu_1341_p0                 |   14|          3|   32|         96|
    |grp_fu_1341_p1                 |   14|          3|   32|         96|
    |grp_fu_1345_ce                 |    9|          2|    1|          2|
    |grp_fu_1345_p0                 |   14|          3|   32|         96|
    |grp_fu_1345_p1                 |   14|          3|   32|         96|
    |grp_fu_1349_ce                 |    9|          2|    1|          2|
    |grp_fu_1349_p0                 |   14|          3|   32|         96|
    |grp_fu_1349_p1                 |   14|          3|   32|         96|
    |grp_fu_1353_ce                 |    9|          2|    1|          2|
    |grp_fu_1353_p0                 |   14|          3|   32|         96|
    |grp_fu_1353_p1                 |   14|          3|   32|         96|
    |grp_fu_1357_ce                 |    9|          2|    1|          2|
    |grp_fu_1357_p0                 |   14|          3|   32|         96|
    |grp_fu_1357_p1                 |   14|          3|   32|         96|
    |grp_fu_1361_ce                 |    9|          2|    1|          2|
    |grp_fu_1361_p0                 |   14|          3|   32|         96|
    |grp_fu_1361_p1                 |   14|          3|   32|         96|
    |grp_fu_1365_ce                 |    9|          2|    1|          2|
    |grp_fu_1365_p0                 |   14|          3|   32|         96|
    |grp_fu_1365_p1                 |   14|          3|   32|         96|
    |grp_fu_1369_ce                 |    9|          2|    1|          2|
    |grp_fu_1369_p0                 |   14|          3|   32|         96|
    |grp_fu_1369_p1                 |   14|          3|   32|         96|
    |m_axi_gmem_w_0_ARADDR          |   14|          3|   64|        192|
    |m_axi_gmem_w_0_ARBURST         |    9|          2|    2|          4|
    |m_axi_gmem_w_0_ARCACHE         |    9|          2|    4|          8|
    |m_axi_gmem_w_0_ARID            |    9|          2|    1|          2|
    |m_axi_gmem_w_0_ARLEN           |   14|          3|   32|         96|
    |m_axi_gmem_w_0_ARLOCK          |    9|          2|    2|          4|
    |m_axi_gmem_w_0_ARPROT          |    9|          2|    3|          6|
    |m_axi_gmem_w_0_ARQOS           |    9|          2|    4|          8|
    |m_axi_gmem_w_0_ARREGION        |    9|          2|    4|          8|
    |m_axi_gmem_w_0_ARSIZE          |    9|          2|    3|          6|
    |m_axi_gmem_w_0_ARUSER          |    9|          2|    1|          2|
    |m_axi_gmem_w_0_ARVALID         |   14|          3|    1|          3|
    |m_axi_gmem_w_0_RREADY          |    9|          2|    1|          2|
    |m_axi_gmem_y_0_AWADDR          |   14|          3|   64|        192|
    |m_axi_gmem_y_0_AWBURST         |    9|          2|    2|          4|
    |m_axi_gmem_y_0_AWCACHE         |    9|          2|    4|          8|
    |m_axi_gmem_y_0_AWID            |    9|          2|    1|          2|
    |m_axi_gmem_y_0_AWLEN           |   14|          3|   32|         96|
    |m_axi_gmem_y_0_AWLOCK          |    9|          2|    2|          4|
    |m_axi_gmem_y_0_AWPROT          |    9|          2|    3|          6|
    |m_axi_gmem_y_0_AWQOS           |    9|          2|    4|          8|
    |m_axi_gmem_y_0_AWREGION        |    9|          2|    4|          8|
    |m_axi_gmem_y_0_AWSIZE          |    9|          2|    3|          6|
    |m_axi_gmem_y_0_AWUSER          |    9|          2|    1|          2|
    |m_axi_gmem_y_0_AWVALID         |   14|          3|    1|          3|
    |m_axi_gmem_y_0_BREADY          |   14|          3|    1|          3|
    |m_axi_gmem_y_0_WVALID          |    9|          2|    1|          2|
    |m_reg_1132                     |    9|          2|    5|         10|
    |n_reg_1120                     |    9|          2|    6|         12|
    |result_tile_10_address1_local  |   26|          5|    5|         25|
    |result_tile_10_ce0             |    9|          2|    1|          2|
    |result_tile_10_d1_local        |   26|          5|   32|        160|
    |result_tile_11_address1_local  |   26|          5|    5|         25|
    |result_tile_11_ce0             |    9|          2|    1|          2|
    |result_tile_11_d1_local        |   26|          5|   32|        160|
    |result_tile_12_address1_local  |   26|          5|    5|         25|
    |result_tile_12_ce0             |    9|          2|    1|          2|
    |result_tile_12_d1_local        |   20|          4|   32|        128|
    |result_tile_13_address1_local  |   26|          5|    5|         25|
    |result_tile_13_ce0             |    9|          2|    1|          2|
    |result_tile_13_d1_local        |   26|          5|   32|        160|
    |result_tile_14_address1_local  |   26|          5|    5|         25|
    |result_tile_14_ce0             |    9|          2|    1|          2|
    |result_tile_14_d1_local        |   26|          5|   32|        160|
    |result_tile_15_address1_local  |   26|          5|    5|         25|
    |result_tile_15_ce0             |    9|          2|    1|          2|
    |result_tile_15_d1_local        |   26|          5|   32|        160|
    |result_tile_1_address1_local   |   26|          5|    5|         25|
    |result_tile_1_ce0              |    9|          2|    1|          2|
    |result_tile_1_d1_local         |   26|          5|   32|        160|
    |result_tile_2_address1_local   |   26|          5|    5|         25|
    |result_tile_2_ce0              |    9|          2|    1|          2|
    |result_tile_2_d1_local         |   26|          5|   32|        160|
    |result_tile_3_address1_local   |   26|          5|    5|         25|
    |result_tile_3_ce0              |    9|          2|    1|          2|
    |result_tile_3_d1_local         |   26|          5|   32|        160|
    |result_tile_4_address1_local   |   26|          5|    5|         25|
    |result_tile_4_ce0              |    9|          2|    1|          2|
    |result_tile_4_d1_local         |   20|          4|   32|        128|
    |result_tile_5_address1_local   |   26|          5|    5|         25|
    |result_tile_5_ce0              |    9|          2|    1|          2|
    |result_tile_5_d1_local         |   26|          5|   32|        160|
    |result_tile_6_address1_local   |   26|          5|    5|         25|
    |result_tile_6_ce0              |    9|          2|    1|          2|
    |result_tile_6_d1_local         |   26|          5|   32|        160|
    |result_tile_7_address1_local   |   26|          5|    5|         25|
    |result_tile_7_ce0              |    9|          2|    1|          2|
    |result_tile_7_d1_local         |   26|          5|   32|        160|
    |result_tile_8_address1_local   |   26|          5|    5|         25|
    |result_tile_8_ce0              |    9|          2|    1|          2|
    |result_tile_8_d1_local         |   20|          4|   32|        128|
    |result_tile_9_address1_local   |   26|          5|    5|         25|
    |result_tile_9_ce0              |    9|          2|    1|          2|
    |result_tile_9_d1_local         |   26|          5|   32|        160|
    |result_tile_address1_local     |   26|          5|    5|         25|
    |result_tile_ce0                |    9|          2|    1|          2|
    |result_tile_d1_local           |   20|          4|   32|        128|
    |weight_cache_1_ce0             |    9|          2|    1|          2|
    |weight_cache_1_ce1             |    9|          2|    1|          2|
    |weight_cache_1_we1             |    9|          2|    1|          2|
    |weight_cache_2_ce0             |    9|          2|    1|          2|
    |weight_cache_2_ce1             |    9|          2|    1|          2|
    |weight_cache_2_we1             |    9|          2|    1|          2|
    |weight_cache_3_ce0             |    9|          2|    1|          2|
    |weight_cache_3_ce1             |    9|          2|    1|          2|
    |weight_cache_3_we1             |    9|          2|    1|          2|
    |weight_cache_ce0               |    9|          2|    1|          2|
    |weight_cache_ce1               |    9|          2|    1|          2|
    |weight_cache_we1               |    9|          2|    1|          2|
    +-------------------------------+-----+-----------+-----+-----------+
    |Total                          | 2961|        606| 2444|      10812|
    +-------------------------------+-----+-----------+-----+-----------+

    * Register: 
    +-------------------------------------------------------------------------------------------------------------+----+----+-----+-----------+
    |                                                     Name                                                    | FF | LUT| Bits| Const Bits|
    +-------------------------------------------------------------------------------------------------------------+----+----+-----+-----------+
    |add_ln74_1_reg_2685                                                                                          |   4|   0|    4|          0|
    |add_ln74_reg_2690                                                                                            |  64|   0|   64|          0|
    |ap_CS_fsm                                                                                                    |  50|   0|   50|          0|
    |batch_tile_fu_156                                                                                            |   4|   0|    4|          0|
    |grp_p_anonymous_namespace_compute_weight_batch_Pipeline_VITIS_LOOP_164_9_fu_1155_ap_start_reg                |   1|   0|    1|          0|
    |grp_p_anonymous_namespace_compute_weight_batch_Pipeline_VITIS_LOOP_359_15_VITIS_LOOP_s_fu_1253_ap_start_reg  |   1|   0|    1|          0|
    |grp_p_anonymous_namespace_compute_weight_batch_Pipeline_VITIS_LOOP_75_2_VITIS_LOOP_76_fu_1144_ap_start_reg   |   1|   0|    1|          0|
    |m_reg_1132                                                                                                   |   5|   0|    5|          0|
    |mul_ln87_reg_2698                                                                                            |  12|   0|   12|          0|
    |mul_ln88_reg_3032                                                                                            |  11|   0|   11|          0|
    |n_reg_1120                                                                                                   |   6|   0|    6|          0|
    |reg_1373                                                                                                     |  32|   0|   32|          0|
    |reg_1382                                                                                                     |  32|   0|   32|          0|
    |reg_1396                                                                                                     |  32|   0|   32|          0|
    |reg_1410                                                                                                     |  32|   0|   32|          0|
    |reg_1424                                                                                                     |  32|   0|   32|          0|
    |reg_1434                                                                                                     |  32|   0|   32|          0|
    |reg_1444                                                                                                     |  32|   0|   32|          0|
    |reg_1454                                                                                                     |  32|   0|   32|          0|
    |reg_1464                                                                                                     |  32|   0|   32|          0|
    |reg_1469                                                                                                     |  32|   0|   32|          0|
    |reg_1475                                                                                                     |  32|   0|   32|          0|
    |reg_1481                                                                                                     |  32|   0|   32|          0|
    |reg_1487                                                                                                     |  32|   0|   32|          0|
    |reg_1497                                                                                                     |  32|   0|   32|          0|
    |reg_1507                                                                                                     |  32|   0|   32|          0|
    |reg_1517                                                                                                     |  32|   0|   32|          0|
    |result_tile_10_addr_1_reg_2893                                                                               |   4|   0|    5|          1|
    |result_tile_10_addr_2_reg_2913                                                                               |   3|   0|    5|          2|
    |result_tile_10_addr_3_reg_2933                                                                               |   3|   0|    5|          2|
    |result_tile_10_addr_reg_2873                                                                                 |   5|   0|    5|          0|
    |result_tile_11_addr_1_reg_2973                                                                               |   4|   0|    5|          1|
    |result_tile_11_addr_2_reg_2993                                                                               |   3|   0|    5|          2|
    |result_tile_11_addr_3_reg_3013                                                                               |   3|   0|    5|          2|
    |result_tile_11_addr_reg_2953                                                                                 |   5|   0|    5|          0|
    |result_tile_12_addr_1_reg_2738                                                                               |   4|   0|    5|          1|
    |result_tile_12_addr_2_reg_2758                                                                               |   3|   0|    5|          2|
    |result_tile_12_addr_3_reg_2778                                                                               |   3|   0|    5|          2|
    |result_tile_12_addr_reg_2718                                                                                 |   5|   0|    5|          0|
    |result_tile_13_addr_1_reg_2818                                                                               |   4|   0|    5|          1|
    |result_tile_13_addr_2_reg_2838                                                                               |   3|   0|    5|          2|
    |result_tile_13_addr_3_reg_2858                                                                               |   3|   0|    5|          2|
    |result_tile_13_addr_reg_2798                                                                                 |   5|   0|    5|          0|
    |result_tile_14_addr_1_reg_2898                                                                               |   4|   0|    5|          1|
    |result_tile_14_addr_2_reg_2918                                                                               |   3|   0|    5|          2|
    |result_tile_14_addr_3_reg_2938                                                                               |   3|   0|    5|          2|
    |result_tile_14_addr_reg_2878                                                                                 |   5|   0|    5|          0|
    |result_tile_15_addr_1_reg_2978                                                                               |   4|   0|    5|          1|
    |result_tile_15_addr_2_reg_2998                                                                               |   3|   0|    5|          2|
    |result_tile_15_addr_3_reg_3018                                                                               |   3|   0|    5|          2|
    |result_tile_15_addr_reg_2958                                                                                 |   5|   0|    5|          0|
    |result_tile_1_addr_1_reg_2803                                                                                |   4|   0|    5|          1|
    |result_tile_1_addr_2_reg_2823                                                                                |   3|   0|    5|          2|
    |result_tile_1_addr_3_reg_2843                                                                                |   3|   0|    5|          2|
    |result_tile_1_addr_reg_2783                                                                                  |   5|   0|    5|          0|
    |result_tile_2_addr_1_reg_2883                                                                                |   4|   0|    5|          1|
    |result_tile_2_addr_2_reg_2903                                                                                |   3|   0|    5|          2|
    |result_tile_2_addr_3_reg_2923                                                                                |   3|   0|    5|          2|
    |result_tile_2_addr_reg_2863                                                                                  |   5|   0|    5|          0|
    |result_tile_3_addr_1_reg_2963                                                                                |   4|   0|    5|          1|
    |result_tile_3_addr_2_reg_2983                                                                                |   3|   0|    5|          2|
    |result_tile_3_addr_3_reg_3003                                                                                |   3|   0|    5|          2|
    |result_tile_3_addr_reg_2943                                                                                  |   5|   0|    5|          0|
    |result_tile_4_addr_1_reg_2728                                                                                |   4|   0|    5|          1|
    |result_tile_4_addr_2_reg_2748                                                                                |   3|   0|    5|          2|
    |result_tile_4_addr_3_reg_2768                                                                                |   3|   0|    5|          2|
    |result_tile_4_addr_reg_2708                                                                                  |   5|   0|    5|          0|
    |result_tile_5_addr_1_reg_2808                                                                                |   4|   0|    5|          1|
    |result_tile_5_addr_2_reg_2828                                                                                |   3|   0|    5|          2|
    |result_tile_5_addr_3_reg_2848                                                                                |   3|   0|    5|          2|
    |result_tile_5_addr_reg_2788                                                                                  |   5|   0|    5|          0|
    |result_tile_6_addr_1_reg_2888                                                                                |   4|   0|    5|          1|
    |result_tile_6_addr_2_reg_2908                                                                                |   3|   0|    5|          2|
    |result_tile_6_addr_3_reg_2928                                                                                |   3|   0|    5|          2|
    |result_tile_6_addr_reg_2868                                                                                  |   5|   0|    5|          0|
    |result_tile_7_addr_1_reg_2968                                                                                |   4|   0|    5|          1|
    |result_tile_7_addr_2_reg_2988                                                                                |   3|   0|    5|          2|
    |result_tile_7_addr_3_reg_3008                                                                                |   3|   0|    5|          2|
    |result_tile_7_addr_reg_2948                                                                                  |   5|   0|    5|          0|
    |result_tile_8_addr_1_reg_2733                                                                                |   4|   0|    5|          1|
    |result_tile_8_addr_2_reg_2753                                                                                |   3|   0|    5|          2|
    |result_tile_8_addr_3_reg_2773                                                                                |   3|   0|    5|          2|
    |result_tile_8_addr_reg_2713                                                                                  |   5|   0|    5|          0|
    |result_tile_9_addr_1_reg_2813                                                                                |   4|   0|    5|          1|
    |result_tile_9_addr_2_reg_2833                                                                                |   3|   0|    5|          2|
    |result_tile_9_addr_3_reg_2853                                                                                |   3|   0|    5|          2|
    |result_tile_9_addr_reg_2793                                                                                  |   5|   0|    5|          0|
    |result_tile_addr_1_reg_2723                                                                                  |   4|   0|    5|          1|
    |result_tile_addr_2_reg_2743                                                                                  |   3|   0|    5|          2|
    |result_tile_addr_3_reg_2763                                                                                  |   3|   0|    5|          2|
    |result_tile_addr_reg_2703                                                                                    |   5|   0|    5|          0|
    |t0_10_reg_3274                                                                                               |  32|   0|   32|          0|
    |t0_12_reg_3284                                                                                               |  32|   0|   32|          0|
    |t0_13_reg_3294                                                                                               |  32|   0|   32|          0|
    |t0_14_reg_3304                                                                                               |  32|   0|   32|          0|
    |t0_16_reg_3264                                                                                               |  32|   0|   32|          0|
    |t0_3_reg_3234                                                                                                |  32|   0|   32|          0|
    |t0_5_reg_3244                                                                                                |  32|   0|   32|          0|
    |t0_9_reg_3254                                                                                                |  32|   0|   32|          0|
    |t1_10_reg_3279                                                                                               |  32|   0|   32|          0|
    |t1_12_reg_3289                                                                                               |  32|   0|   32|          0|
    |t1_13_reg_3299                                                                                               |  32|   0|   32|          0|
    |t1_14_reg_3309                                                                                               |  32|   0|   32|          0|
    |t1_16_reg_3269                                                                                               |  32|   0|   32|          0|
    |t1_3_reg_3239                                                                                                |  32|   0|   32|          0|
    |t1_5_reg_3249                                                                                                |  32|   0|   32|          0|
    |t1_9_reg_3259                                                                                                |  32|   0|   32|          0|
    |tmp_17_reg_2677                                                                                              |  32|   0|   33|          1|
    |trunc_ln2_reg_3023                                                                                           |  59|   0|   59|          0|
    |trunc_ln88_reg_3362                                                                                          |   4|   0|    4|          0|
    |trunc_ln_reg_2652                                                                                            |  60|   0|   60|          0|
    |zext_ln74_reg_2672                                                                                           |   6|   0|   64|         58|
    +-------------------------------------------------------------------------------------------------------------+----+----+-----+-----------+
    |Total                                                                                                        |1584|   0| 1723|        139|
    +-------------------------------------------------------------------------------------------------------------+----+----+-----+-----------+



================================================================
== Interface
================================================================
* Summary: 
+-------------------------------------------------+-----+-----+------------+-------------------------------------------+--------------+
|                    RTL Ports                    | Dir | Bits|  Protocol  |               Source Object               |    C Type    |
+-------------------------------------------------+-----+-----+------------+-------------------------------------------+--------------+
|ap_clk                                           |   in|    1|  ap_ctrl_hs|  (anonymous namespace)compute_weight_batch|  return value|
|ap_rst                                           |   in|    1|  ap_ctrl_hs|  (anonymous namespace)compute_weight_batch|  return value|
|ap_start                                         |   in|    1|  ap_ctrl_hs|  (anonymous namespace)compute_weight_batch|  return value|
|ap_done                                          |  out|    1|  ap_ctrl_hs|  (anonymous namespace)compute_weight_batch|  return value|
|ap_idle                                          |  out|    1|  ap_ctrl_hs|  (anonymous namespace)compute_weight_batch|  return value|
|ap_ready                                         |  out|    1|  ap_ctrl_hs|  (anonymous namespace)compute_weight_batch|  return value|
|m_axi_gmem_w_0_AWVALID                           |  out|    1|       m_axi|                                     gmem_w|       pointer|
|m_axi_gmem_w_0_AWREADY                           |   in|    1|       m_axi|                                     gmem_w|       pointer|
|m_axi_gmem_w_0_AWADDR                            |  out|   64|       m_axi|                                     gmem_w|       pointer|
|m_axi_gmem_w_0_AWID                              |  out|    1|       m_axi|                                     gmem_w|       pointer|
|m_axi_gmem_w_0_AWLEN                             |  out|   32|       m_axi|                                     gmem_w|       pointer|
|m_axi_gmem_w_0_AWSIZE                            |  out|    3|       m_axi|                                     gmem_w|       pointer|
|m_axi_gmem_w_0_AWBURST                           |  out|    2|       m_axi|                                     gmem_w|       pointer|
|m_axi_gmem_w_0_AWLOCK                            |  out|    2|       m_axi|                                     gmem_w|       pointer|
|m_axi_gmem_w_0_AWCACHE                           |  out|    4|       m_axi|                                     gmem_w|       pointer|
|m_axi_gmem_w_0_AWPROT                            |  out|    3|       m_axi|                                     gmem_w|       pointer|
|m_axi_gmem_w_0_AWQOS                             |  out|    4|       m_axi|                                     gmem_w|       pointer|
|m_axi_gmem_w_0_AWREGION                          |  out|    4|       m_axi|                                     gmem_w|       pointer|
|m_axi_gmem_w_0_AWUSER                            |  out|    1|       m_axi|                                     gmem_w|       pointer|
|m_axi_gmem_w_0_WVALID                            |  out|    1|       m_axi|                                     gmem_w|       pointer|
|m_axi_gmem_w_0_WREADY                            |   in|    1|       m_axi|                                     gmem_w|       pointer|
|m_axi_gmem_w_0_WDATA                             |  out|  128|       m_axi|                                     gmem_w|       pointer|
|m_axi_gmem_w_0_WSTRB                             |  out|   16|       m_axi|                                     gmem_w|       pointer|
|m_axi_gmem_w_0_WLAST                             |  out|    1|       m_axi|                                     gmem_w|       pointer|
|m_axi_gmem_w_0_WID                               |  out|    1|       m_axi|                                     gmem_w|       pointer|
|m_axi_gmem_w_0_WUSER                             |  out|    1|       m_axi|                                     gmem_w|       pointer|
|m_axi_gmem_w_0_ARVALID                           |  out|    1|       m_axi|                                     gmem_w|       pointer|
|m_axi_gmem_w_0_ARREADY                           |   in|    1|       m_axi|                                     gmem_w|       pointer|
|m_axi_gmem_w_0_ARADDR                            |  out|   64|       m_axi|                                     gmem_w|       pointer|
|m_axi_gmem_w_0_ARID                              |  out|    1|       m_axi|                                     gmem_w|       pointer|
|m_axi_gmem_w_0_ARLEN                             |  out|   32|       m_axi|                                     gmem_w|       pointer|
|m_axi_gmem_w_0_ARSIZE                            |  out|    3|       m_axi|                                     gmem_w|       pointer|
|m_axi_gmem_w_0_ARBURST                           |  out|    2|       m_axi|                                     gmem_w|       pointer|
|m_axi_gmem_w_0_ARLOCK                            |  out|    2|       m_axi|                                     gmem_w|       pointer|
|m_axi_gmem_w_0_ARCACHE                           |  out|    4|       m_axi|                                     gmem_w|       pointer|
|m_axi_gmem_w_0_ARPROT                            |  out|    3|       m_axi|                                     gmem_w|       pointer|
|m_axi_gmem_w_0_ARQOS                             |  out|    4|       m_axi|                                     gmem_w|       pointer|
|m_axi_gmem_w_0_ARREGION                          |  out|    4|       m_axi|                                     gmem_w|       pointer|
|m_axi_gmem_w_0_ARUSER                            |  out|    1|       m_axi|                                     gmem_w|       pointer|
|m_axi_gmem_w_0_RVALID                            |   in|    1|       m_axi|                                     gmem_w|       pointer|
|m_axi_gmem_w_0_RREADY                            |  out|    1|       m_axi|                                     gmem_w|       pointer|
|m_axi_gmem_w_0_RDATA                             |   in|  128|       m_axi|                                     gmem_w|       pointer|
|m_axi_gmem_w_0_RLAST                             |   in|    1|       m_axi|                                     gmem_w|       pointer|
|m_axi_gmem_w_0_RID                               |   in|    1|       m_axi|                                     gmem_w|       pointer|
|m_axi_gmem_w_0_RFIFONUM                          |   in|   10|       m_axi|                                     gmem_w|       pointer|
|m_axi_gmem_w_0_RUSER                             |   in|    1|       m_axi|                                     gmem_w|       pointer|
|m_axi_gmem_w_0_RRESP                             |   in|    2|       m_axi|                                     gmem_w|       pointer|
|m_axi_gmem_w_0_BVALID                            |   in|    1|       m_axi|                                     gmem_w|       pointer|
|m_axi_gmem_w_0_BREADY                            |  out|    1|       m_axi|                                     gmem_w|       pointer|
|m_axi_gmem_w_0_BRESP                             |   in|    2|       m_axi|                                     gmem_w|       pointer|
|m_axi_gmem_w_0_BID                               |   in|    1|       m_axi|                                     gmem_w|       pointer|
|m_axi_gmem_w_0_BUSER                             |   in|    1|       m_axi|                                     gmem_w|       pointer|
|weight_batch                                     |   in|   64|     ap_none|                               weight_batch|        scalar|
|m_axi_gmem_y_0_AWVALID                           |  out|    1|       m_axi|                                     gmem_y|       pointer|
|m_axi_gmem_y_0_AWREADY                           |   in|    1|       m_axi|                                     gmem_y|       pointer|
|m_axi_gmem_y_0_AWADDR                            |  out|   64|       m_axi|                                     gmem_y|       pointer|
|m_axi_gmem_y_0_AWID                              |  out|    1|       m_axi|                                     gmem_y|       pointer|
|m_axi_gmem_y_0_AWLEN                             |  out|   32|       m_axi|                                     gmem_y|       pointer|
|m_axi_gmem_y_0_AWSIZE                            |  out|    3|       m_axi|                                     gmem_y|       pointer|
|m_axi_gmem_y_0_AWBURST                           |  out|    2|       m_axi|                                     gmem_y|       pointer|
|m_axi_gmem_y_0_AWLOCK                            |  out|    2|       m_axi|                                     gmem_y|       pointer|
|m_axi_gmem_y_0_AWCACHE                           |  out|    4|       m_axi|                                     gmem_y|       pointer|
|m_axi_gmem_y_0_AWPROT                            |  out|    3|       m_axi|                                     gmem_y|       pointer|
|m_axi_gmem_y_0_AWQOS                             |  out|    4|       m_axi|                                     gmem_y|       pointer|
|m_axi_gmem_y_0_AWREGION                          |  out|    4|       m_axi|                                     gmem_y|       pointer|
|m_axi_gmem_y_0_AWUSER                            |  out|    1|       m_axi|                                     gmem_y|       pointer|
|m_axi_gmem_y_0_WVALID                            |  out|    1|       m_axi|                                     gmem_y|       pointer|
|m_axi_gmem_y_0_WREADY                            |   in|    1|       m_axi|                                     gmem_y|       pointer|
|m_axi_gmem_y_0_WDATA                             |  out|  256|       m_axi|                                     gmem_y|       pointer|
|m_axi_gmem_y_0_WSTRB                             |  out|   32|       m_axi|                                     gmem_y|       pointer|
|m_axi_gmem_y_0_WLAST                             |  out|    1|       m_axi|                                     gmem_y|       pointer|
|m_axi_gmem_y_0_WID                               |  out|    1|       m_axi|                                     gmem_y|       pointer|
|m_axi_gmem_y_0_WUSER                             |  out|    1|       m_axi|                                     gmem_y|       pointer|
|m_axi_gmem_y_0_ARVALID                           |  out|    1|       m_axi|                                     gmem_y|       pointer|
|m_axi_gmem_y_0_ARREADY                           |   in|    1|       m_axi|                                     gmem_y|       pointer|
|m_axi_gmem_y_0_ARADDR                            |  out|   64|       m_axi|                                     gmem_y|       pointer|
|m_axi_gmem_y_0_ARID                              |  out|    1|       m_axi|                                     gmem_y|       pointer|
|m_axi_gmem_y_0_ARLEN                             |  out|   32|       m_axi|                                     gmem_y|       pointer|
|m_axi_gmem_y_0_ARSIZE                            |  out|    3|       m_axi|                                     gmem_y|       pointer|
|m_axi_gmem_y_0_ARBURST                           |  out|    2|       m_axi|                                     gmem_y|       pointer|
|m_axi_gmem_y_0_ARLOCK                            |  out|    2|       m_axi|                                     gmem_y|       pointer|
|m_axi_gmem_y_0_ARCACHE                           |  out|    4|       m_axi|                                     gmem_y|       pointer|
|m_axi_gmem_y_0_ARPROT                            |  out|    3|       m_axi|                                     gmem_y|       pointer|
|m_axi_gmem_y_0_ARQOS                             |  out|    4|       m_axi|                                     gmem_y|       pointer|
|m_axi_gmem_y_0_ARREGION                          |  out|    4|       m_axi|                                     gmem_y|       pointer|
|m_axi_gmem_y_0_ARUSER                            |  out|    1|       m_axi|                                     gmem_y|       pointer|
|m_axi_gmem_y_0_RVALID                            |   in|    1|       m_axi|                                     gmem_y|       pointer|
|m_axi_gmem_y_0_RREADY                            |  out|    1|       m_axi|                                     gmem_y|       pointer|
|m_axi_gmem_y_0_RDATA                             |   in|  256|       m_axi|                                     gmem_y|       pointer|
|m_axi_gmem_y_0_RLAST                             |   in|    1|       m_axi|                                     gmem_y|       pointer|
|m_axi_gmem_y_0_RID                               |   in|    1|       m_axi|                                     gmem_y|       pointer|
|m_axi_gmem_y_0_RFIFONUM                          |   in|    9|       m_axi|                                     gmem_y|       pointer|
|m_axi_gmem_y_0_RUSER                             |   in|    1|       m_axi|                                     gmem_y|       pointer|
|m_axi_gmem_y_0_RRESP                             |   in|    2|       m_axi|                                     gmem_y|       pointer|
|m_axi_gmem_y_0_BVALID                            |   in|    1|       m_axi|                                     gmem_y|       pointer|
|m_axi_gmem_y_0_BREADY                            |  out|    1|       m_axi|                                     gmem_y|       pointer|
|m_axi_gmem_y_0_BRESP                             |   in|    2|       m_axi|                                     gmem_y|       pointer|
|m_axi_gmem_y_0_BID                               |   in|    1|       m_axi|                                     gmem_y|       pointer|
|m_axi_gmem_y_0_BUSER                             |   in|    1|       m_axi|                                     gmem_y|       pointer|
|output_batch                                     |   in|   64|     ap_none|                               output_batch|        scalar|
|tile_rows                                        |   in|   32|     ap_none|                                  tile_rows|        scalar|
|p_ZN12_GLOBAL_N_116activation_cacheE_3_address0  |  out|   13|   ap_memory|     p_ZN12_GLOBAL_N_116activation_cacheE_3|         array|
|p_ZN12_GLOBAL_N_116activation_cacheE_3_ce0       |  out|    1|   ap_memory|     p_ZN12_GLOBAL_N_116activation_cacheE_3|         array|
|p_ZN12_GLOBAL_N_116activation_cacheE_3_q0        |   in|  256|   ap_memory|     p_ZN12_GLOBAL_N_116activation_cacheE_3|         array|
|p_ZN12_GLOBAL_N_116activation_cacheE_2_address0  |  out|   13|   ap_memory|     p_ZN12_GLOBAL_N_116activation_cacheE_2|         array|
|p_ZN12_GLOBAL_N_116activation_cacheE_2_ce0       |  out|    1|   ap_memory|     p_ZN12_GLOBAL_N_116activation_cacheE_2|         array|
|p_ZN12_GLOBAL_N_116activation_cacheE_2_q0        |   in|  256|   ap_memory|     p_ZN12_GLOBAL_N_116activation_cacheE_2|         array|
|p_ZN12_GLOBAL_N_116activation_cacheE_1_address0  |  out|   13|   ap_memory|     p_ZN12_GLOBAL_N_116activation_cacheE_1|         array|
|p_ZN12_GLOBAL_N_116activation_cacheE_1_ce0       |  out|    1|   ap_memory|     p_ZN12_GLOBAL_N_116activation_cacheE_1|         array|
|p_ZN12_GLOBAL_N_116activation_cacheE_1_q0        |   in|  256|   ap_memory|     p_ZN12_GLOBAL_N_116activation_cacheE_1|         array|
|p_ZN12_GLOBAL_N_116activation_cacheE_0_address0  |  out|   13|   ap_memory|     p_ZN12_GLOBAL_N_116activation_cacheE_0|         array|
|p_ZN12_GLOBAL_N_116activation_cacheE_0_ce0       |  out|    1|   ap_memory|     p_ZN12_GLOBAL_N_116activation_cacheE_0|         array|
|p_ZN12_GLOBAL_N_116activation_cacheE_0_q0        |   in|  256|   ap_memory|     p_ZN12_GLOBAL_N_116activation_cacheE_0|         array|
+-------------------------------------------------+-----+-----+------------+-------------------------------------------+--------------+

