

================================================================
== Vitis HLS Report for 'p_anonymous_namespace_stage_activation'
================================================================
* Date:           Sat Sep 26 01:19:34 2026

* Version:        2024.2 (Build 5238294 on Nov  8 2024)
* Project:        project
* Solution:       solution1 (Vivado IP Flow Target)
* Product family: zynquplus
* Target device:  xck26-sfvc784-2LV-c


================================================================
== Performance Estimates
================================================================
+ Timing: 
    * Summary: 
    +--------+---------+----------+------------+
    |  Clock |  Target | Estimated| Uncertainty|
    +--------+---------+----------+------------+
    |ap_clk  |  5.00 ns|  3.650 ns|     1.35 ns|
    +--------+---------+----------+------------+

+ Latency: 
    * Summary: 
    +---------+---------+----------+----------+-----+-----+---------+
    |  Latency (cycles) |  Latency (absolute) |  Interval | Pipeline|
    |   min   |   max   |    min   |    max   | min | max |   Type  |
    +---------+---------+----------+----------+-----+-----+---------+
    |        ?|        ?|         ?|         ?|    ?|    ?|       no|
    +---------+---------+----------+----------+-----+-----+---------+

    + Detail: 
        * Instance: 
        +-------------------------------------------------------------------------------------------+---------------------------------------------------------------------------------+---------+---------+----------+----------+-----+-----+------------------------------------------------+
        |                                                                                           |                                                                                 |  Latency (cycles) |  Latency (absolute) |  Interval |                    Pipeline                    |
        |                                          Instance                                         |                                      Module                                     |   min   |   max   |    min   |    max   | min | max |                      Type                      |
        +-------------------------------------------------------------------------------------------+---------------------------------------------------------------------------------+---------+---------+----------+----------+-----+-----+------------------------------------------------+
        |grp_p_anonymous_namespace_stage_activation_Pipeline_VITIS_LOOP_58_1_VITIS_LOOP_59_2_fu_96  |p_anonymous_namespace_stage_activation_Pipeline_VITIS_LOOP_58_1_VITIS_LOOP_59_2  |        ?|        ?|         ?|         ?|    0|    0|  loop auto-rewind stp (delay=0 clock cycles(s))|
        +-------------------------------------------------------------------------------------------+---------------------------------------------------------------------------------+---------+---------+----------+----------+-----+-----+------------------------------------------------+

        * Loop: 
        N/A



================================================================
== Utilization Estimates
================================================================
* Summary: 
+-----------------+---------+------+--------+--------+-----+
|       Name      | BRAM_18K|  DSP |   FF   |   LUT  | URAM|
+-----------------+---------+------+--------+--------+-----+
|DSP              |        -|     -|       -|       -|    -|
|Expression       |        -|     -|       0|     219|    -|
|FIFO             |        -|     -|       -|       -|    -|
|Instance         |        -|     2|     408|     265|    -|
|Memory           |        -|     -|       -|       -|    -|
|Multiplexer      |        -|     -|       0|     206|    -|
|Register         |        -|     -|     176|       -|    -|
+-----------------+---------+------+--------+--------+-----+
|Total            |        0|     2|     584|     690|    0|
+-----------------+---------+------+--------+--------+-----+
|Available        |      288|  1248|  234240|  117120|   64|
+-----------------+---------+------+--------+--------+-----+
|Utilization (%)  |        0|    ~0|      ~0|      ~0|    0|
+-----------------+---------+------+--------+--------+-----+

+ Detail: 
    * Instance: 
    +-------------------------------------------------------------------------------------------+---------------------------------------------------------------------------------+---------+----+-----+-----+-----+
    |                                          Instance                                         |                                      Module                                     | BRAM_18K| DSP|  FF | LUT | URAM|
    +-------------------------------------------------------------------------------------------+---------------------------------------------------------------------------------+---------+----+-----+-----+-----+
    |mul_15s_11ns_15_1_1_U388                                                                   |mul_15s_11ns_15_1_1                                                              |        0|   1|    0|    5|    0|
    |grp_p_anonymous_namespace_stage_activation_Pipeline_VITIS_LOOP_58_1_VITIS_LOOP_59_2_fu_96  |p_anonymous_namespace_stage_activation_Pipeline_VITIS_LOOP_58_1_VITIS_LOOP_59_2  |        0|   1|  408|  260|    0|
    +-------------------------------------------------------------------------------------------+---------------------------------------------------------------------------------+---------+----+-----+-----+-----+
    |Total                                                                                      |                                                                                 |        0|   2|  408|  265|    0|
    +-------------------------------------------------------------------------------------------+---------------------------------------------------------------------------------+---------+----+-----+-----+-----+

    * DSP: 
    N/A

    * Memory: 
    N/A

    * FIFO: 
    N/A

    * Expression: 
    +---------------------+----------+----+---+----+------------+------------+
    |    Variable Name    | Operation| DSP| FF| LUT| Bitwidth P0| Bitwidth P1|
    +---------------------+----------+----+---+----+------------+------------+
    |bound_fu_221_p2      |         +|   0|  0|  42|          42|          42|
    |p_add_fu_187_p2      |         +|   0|  0|  49|          42|          42|
    |p_sub_fu_204_p2      |         -|   0|  0|  42|          42|          42|
    |icmp_ln58_fu_112_p2  |      icmp|   0|  0|  39|          32|           1|
    |empty_fu_127_p3      |    select|   0|  0|  15|           1|          15|
    |smax_fu_134_p3       |    select|   0|  0|  32|           1|          32|
    +---------------------+----------+----+---+----+------------+------------+
    |Total                |          |   0|  0| 219|         160|         174|
    +---------------------+----------+----+---+----+------------+------------+

    * Multiplexer: 
    +-------------------------+----+-----------+-----+-----------+
    |           Name          | LUT| Input Size| Bits| Total Bits|
    +-------------------------+----+-----------+-----+-----------+
    |ap_NS_fsm                |  65|         13|    1|         13|
    |gmem_x_blk_n_AR          |   9|          2|    1|          2|
    |m_axi_gmem_x_0_ARADDR    |  14|          3|   64|        192|
    |m_axi_gmem_x_0_ARBURST   |   9|          2|    2|          4|
    |m_axi_gmem_x_0_ARCACHE   |   9|          2|    4|          8|
    |m_axi_gmem_x_0_ARID      |   9|          2|    1|          2|
    |m_axi_gmem_x_0_ARLEN     |  14|          3|   32|         96|
    |m_axi_gmem_x_0_ARLOCK    |   9|          2|    2|          4|
    |m_axi_gmem_x_0_ARPROT    |   9|          2|    3|          6|
    |m_axi_gmem_x_0_ARQOS     |   9|          2|    4|          8|
    |m_axi_gmem_x_0_ARREGION  |   9|          2|    4|          8|
    |m_axi_gmem_x_0_ARSIZE    |   9|          2|    3|          6|
    |m_axi_gmem_x_0_ARUSER    |   9|          2|    1|          2|
    |m_axi_gmem_x_0_ARVALID   |  14|          3|    1|          3|
    |m_axi_gmem_x_0_RREADY    |   9|          2|    1|          2|
    +-------------------------+----+-----------+-----+-----------+
    |Total                    | 206|         44|  124|        356|
    +-------------------------+----+-----------+-----+-----------+

    * Register: 
    +--------------------------------------------------------------------------------------------------------+----+----+-----+-----------+
    |                                                  Name                                                  | FF | LUT| Bits| Const Bits|
    +--------------------------------------------------------------------------------------------------------+----+----+-----+-----------+
    |ap_CS_fsm                                                                                               |  12|   0|   12|          0|
    |bound_reg_272                                                                                           |  41|   0|   42|          1|
    |empty_reg_244                                                                                           |  15|   0|   15|          0|
    |grp_p_anonymous_namespace_stage_activation_Pipeline_VITIS_LOOP_58_1_VITIS_LOOP_59_2_fu_96_ap_start_reg  |   1|   0|    1|          0|
    |icmp_ln58_reg_233                                                                                       |   1|   0|    1|          0|
    |smax_reg_249                                                                                            |  32|   0|   32|          0|
    |trunc_ln58_reg_239                                                                                      |  15|   0|   15|          0|
    |trunc_ln_reg_257                                                                                        |  59|   0|   59|          0|
    +--------------------------------------------------------------------------------------------------------+----+----+-----+-----------+
    |Total                                                                                                   | 176|   0|  177|          1|
    +--------------------------------------------------------------------------------------------------------+----+----+-----+-----------+



================================================================
== Interface
================================================================
* Summary: 
+-------------------------------------------------+-----+-----+------------+----------------------------------------+--------------+
|                    RTL Ports                    | Dir | Bits|  Protocol  |              Source Object             |    C Type    |
+-------------------------------------------------+-----+-----+------------+----------------------------------------+--------------+
|ap_clk                                           |   in|    1|  ap_ctrl_hs|   (anonymous namespace)stage_activation|  return value|
|ap_rst                                           |   in|    1|  ap_ctrl_hs|   (anonymous namespace)stage_activation|  return value|
|ap_start                                         |   in|    1|  ap_ctrl_hs|   (anonymous namespace)stage_activation|  return value|
|ap_done                                          |  out|    1|  ap_ctrl_hs|   (anonymous namespace)stage_activation|  return value|
|ap_idle                                          |  out|    1|  ap_ctrl_hs|   (anonymous namespace)stage_activation|  return value|
|ap_ready                                         |  out|    1|  ap_ctrl_hs|   (anonymous namespace)stage_activation|  return value|
|m_axi_gmem_x_0_AWVALID                           |  out|    1|       m_axi|                                  gmem_x|       pointer|
|m_axi_gmem_x_0_AWREADY                           |   in|    1|       m_axi|                                  gmem_x|       pointer|
|m_axi_gmem_x_0_AWADDR                            |  out|   64|       m_axi|                                  gmem_x|       pointer|
|m_axi_gmem_x_0_AWID                              |  out|    1|       m_axi|                                  gmem_x|       pointer|
|m_axi_gmem_x_0_AWLEN                             |  out|   32|       m_axi|                                  gmem_x|       pointer|
|m_axi_gmem_x_0_AWSIZE                            |  out|    3|       m_axi|                                  gmem_x|       pointer|
|m_axi_gmem_x_0_AWBURST                           |  out|    2|       m_axi|                                  gmem_x|       pointer|
|m_axi_gmem_x_0_AWLOCK                            |  out|    2|       m_axi|                                  gmem_x|       pointer|
|m_axi_gmem_x_0_AWCACHE                           |  out|    4|       m_axi|                                  gmem_x|       pointer|
|m_axi_gmem_x_0_AWPROT                            |  out|    3|       m_axi|                                  gmem_x|       pointer|
|m_axi_gmem_x_0_AWQOS                             |  out|    4|       m_axi|                                  gmem_x|       pointer|
|m_axi_gmem_x_0_AWREGION                          |  out|    4|       m_axi|                                  gmem_x|       pointer|
|m_axi_gmem_x_0_AWUSER                            |  out|    1|       m_axi|                                  gmem_x|       pointer|
|m_axi_gmem_x_0_WVALID                            |  out|    1|       m_axi|                                  gmem_x|       pointer|
|m_axi_gmem_x_0_WREADY                            |   in|    1|       m_axi|                                  gmem_x|       pointer|
|m_axi_gmem_x_0_WDATA                             |  out|  256|       m_axi|                                  gmem_x|       pointer|
|m_axi_gmem_x_0_WSTRB                             |  out|   32|       m_axi|                                  gmem_x|       pointer|
|m_axi_gmem_x_0_WLAST                             |  out|    1|       m_axi|                                  gmem_x|       pointer|
|m_axi_gmem_x_0_WID                               |  out|    1|       m_axi|                                  gmem_x|       pointer|
|m_axi_gmem_x_0_WUSER                             |  out|    1|       m_axi|                                  gmem_x|       pointer|
|m_axi_gmem_x_0_ARVALID                           |  out|    1|       m_axi|                                  gmem_x|       pointer|
|m_axi_gmem_x_0_ARREADY                           |   in|    1|       m_axi|                                  gmem_x|       pointer|
|m_axi_gmem_x_0_ARADDR                            |  out|   64|       m_axi|                                  gmem_x|       pointer|
|m_axi_gmem_x_0_ARID                              |  out|    1|       m_axi|                                  gmem_x|       pointer|
|m_axi_gmem_x_0_ARLEN                             |  out|   32|       m_axi|                                  gmem_x|       pointer|
|m_axi_gmem_x_0_ARSIZE                            |  out|    3|       m_axi|                                  gmem_x|       pointer|
|m_axi_gmem_x_0_ARBURST                           |  out|    2|       m_axi|                                  gmem_x|       pointer|
|m_axi_gmem_x_0_ARLOCK                            |  out|    2|       m_axi|                                  gmem_x|       pointer|
|m_axi_gmem_x_0_ARCACHE                           |  out|    4|       m_axi|                                  gmem_x|       pointer|
|m_axi_gmem_x_0_ARPROT                            |  out|    3|       m_axi|                                  gmem_x|       pointer|
|m_axi_gmem_x_0_ARQOS                             |  out|    4|       m_axi|                                  gmem_x|       pointer|
|m_axi_gmem_x_0_ARREGION                          |  out|    4|       m_axi|                                  gmem_x|       pointer|
|m_axi_gmem_x_0_ARUSER                            |  out|    1|       m_axi|                                  gmem_x|       pointer|
|m_axi_gmem_x_0_RVALID                            |   in|    1|       m_axi|                                  gmem_x|       pointer|
|m_axi_gmem_x_0_RREADY                            |  out|    1|       m_axi|                                  gmem_x|       pointer|
|m_axi_gmem_x_0_RDATA                             |   in|  256|       m_axi|                                  gmem_x|       pointer|
|m_axi_gmem_x_0_RLAST                             |   in|    1|       m_axi|                                  gmem_x|       pointer|
|m_axi_gmem_x_0_RID                               |   in|    1|       m_axi|                                  gmem_x|       pointer|
|m_axi_gmem_x_0_RFIFONUM                          |   in|   10|       m_axi|                                  gmem_x|       pointer|
|m_axi_gmem_x_0_RUSER                             |   in|    1|       m_axi|                                  gmem_x|       pointer|
|m_axi_gmem_x_0_RRESP                             |   in|    2|       m_axi|                                  gmem_x|       pointer|
|m_axi_gmem_x_0_BVALID                            |   in|    1|       m_axi|                                  gmem_x|       pointer|
|m_axi_gmem_x_0_BREADY                            |  out|    1|       m_axi|                                  gmem_x|       pointer|
|m_axi_gmem_x_0_BRESP                             |   in|    2|       m_axi|                                  gmem_x|       pointer|
|m_axi_gmem_x_0_BID                               |   in|    1|       m_axi|                                  gmem_x|       pointer|
|m_axi_gmem_x_0_BUSER                             |   in|    1|       m_axi|                                  gmem_x|       pointer|
|src                                              |   in|   64|     ap_none|                                     src|        scalar|
|tile_rows                                        |   in|   32|     ap_none|                               tile_rows|        scalar|
|p_ZN12_GLOBAL_N_116activation_cacheE_0_address1  |  out|   13|   ap_memory|  p_ZN12_GLOBAL_N_116activation_cacheE_0|         array|
|p_ZN12_GLOBAL_N_116activation_cacheE_0_ce1       |  out|    1|   ap_memory|  p_ZN12_GLOBAL_N_116activation_cacheE_0|         array|
|p_ZN12_GLOBAL_N_116activation_cacheE_0_we1       |  out|    1|   ap_memory|  p_ZN12_GLOBAL_N_116activation_cacheE_0|         array|
|p_ZN12_GLOBAL_N_116activation_cacheE_0_d1        |  out|  256|   ap_memory|  p_ZN12_GLOBAL_N_116activation_cacheE_0|         array|
|p_ZN12_GLOBAL_N_116activation_cacheE_1_address1  |  out|   13|   ap_memory|  p_ZN12_GLOBAL_N_116activation_cacheE_1|         array|
|p_ZN12_GLOBAL_N_116activation_cacheE_1_ce1       |  out|    1|   ap_memory|  p_ZN12_GLOBAL_N_116activation_cacheE_1|         array|
|p_ZN12_GLOBAL_N_116activation_cacheE_1_we1       |  out|    1|   ap_memory|  p_ZN12_GLOBAL_N_116activation_cacheE_1|         array|
|p_ZN12_GLOBAL_N_116activation_cacheE_1_d1        |  out|  256|   ap_memory|  p_ZN12_GLOBAL_N_116activation_cacheE_1|         array|
|p_ZN12_GLOBAL_N_116activation_cacheE_2_address1  |  out|   13|   ap_memory|  p_ZN12_GLOBAL_N_116activation_cacheE_2|         array|
|p_ZN12_GLOBAL_N_116activation_cacheE_2_ce1       |  out|    1|   ap_memory|  p_ZN12_GLOBAL_N_116activation_cacheE_2|         array|
|p_ZN12_GLOBAL_N_116activation_cacheE_2_we1       |  out|    1|   ap_memory|  p_ZN12_GLOBAL_N_116activation_cacheE_2|         array|
|p_ZN12_GLOBAL_N_116activation_cacheE_2_d1        |  out|  256|   ap_memory|  p_ZN12_GLOBAL_N_116activation_cacheE_2|         array|
|p_ZN12_GLOBAL_N_116activation_cacheE_3_address1  |  out|   13|   ap_memory|  p_ZN12_GLOBAL_N_116activation_cacheE_3|         array|
|p_ZN12_GLOBAL_N_116activation_cacheE_3_ce1       |  out|    1|   ap_memory|  p_ZN12_GLOBAL_N_116activation_cacheE_3|         array|
|p_ZN12_GLOBAL_N_116activation_cacheE_3_we1       |  out|    1|   ap_memory|  p_ZN12_GLOBAL_N_116activation_cacheE_3|         array|
|p_ZN12_GLOBAL_N_116activation_cacheE_3_d1        |  out|  256|   ap_memory|  p_ZN12_GLOBAL_N_116activation_cacheE_3|         array|
+-------------------------------------------------+-----+-----+------------+----------------------------------------+--------------+

