================================================================
== Design Size Report
================================================================

* Total Instructions per Compilation Phase
+---------------+-----------------------------+--------------+----------------------------------------------------------------------------------------+
| Phase         | Step                        | Instructions | Description                                                                            |
+---------------+-----------------------------+--------------+----------------------------------------------------------------------------------------+
| Compile/Link  |                             |   686        | After all functions are compiled and linked into a single design                       |
|               |                             |              |                                                                                        |
| Unroll/Inline |                             |              | After user unroll and inline pragmas are applied                                       |
|               | (1) unroll                  | 9,893        | user unroll pragmas are applied                                                        |
|               | (2) simplification          | 6,287        | simplification of applied user unroll pragmas                                          |
|               | (3) inline                  | 6,213        | user inline pragmas are applied                                                        |
|               | (4) simplification          | 6,213        | simplification of applied user inline pragmas                                          |
|               |                             |              |                                                                                        |
| Array/Struct  |                             |              | After user array partition and struct aggregate/disaggregate pragmas are applied       |
|               | (1) array partition         | 8,121        | user array partition pragmas are applied                                               |
|               | (2) simplification          | 7,566        | simplification of applied user array partition & struct aggregate/disaggregate pragmas |
|               | (3) aggregate/disaggregate  | 7,566        | user struct aggregate/disaggregate pragmas are applied                                 |
|               | (4) array reshape           | 7,551        | apply array reshape pragmas                                                            |
|               | (5) access patterns         | 7,565        | array access pattern optmizations                                                      |
|               |                             |              |                                                                                        |
| Performance   |                             |              | After transformations are applied to meet performance pragma targets                   |
|               | (1) loop simplification     | 7,564        | loop and instruction simplification                                                    |
|               | (2) parallelization         | 7,563        | loops are unrolled or pipelined to meet performance targets                            |
|               | (3) array partition         | 7,563        | arrays are partitioned to meet performance targets                                     |
|               | (4) simplification          | 7,563        | simplification of design after performance transformations                             |
|               |                             |              |                                                                                        |
| HW Transforms |                             |              | After hardware transfomations                                                          |
|               | (1) lowering                | 7,581        | initial conversion to HW specific instructions                                         |
|               | (2) optimizations           | 7,074        | high level synthesis optimizations                                                     |
+---------------+-----------------------------+--------------+----------------------------------------------------------------------------------------+

* Instructions per Function for each Compilation Phase
+-------------------------+-------------------------+--------------+---------------+--------------+-------------+---------------+
| Function                | Location                | Compile/Link | Unroll/Inline | Array/Struct | Performance | HW Transforms |
+-------------------------+-------------------------+--------------+---------------+--------------+-------------+---------------+
| + vision_ffn_down_tile  | vision_ffn_down.cpp:385 | 686          | 6,213         | 7,565        | 7,563       | 7,074         |
|    stage_activation     | vision_ffn_down.cpp:61  |  29          |   21          |   49         |   49        |   52          |
|  + compute_weight_batch | vision_ffn_down.cpp:71  | 577          | 6,126         | 7,437        | 7,435       | 6,929         |
|     half_to_float       | vision_ffn_down.cpp:25  |  66          |               |              |             |               |
+-------------------------+-------------------------+--------------+---------------+--------------+-------------+---------------+

* Design Size Message Settings
+---------------------------------------------+--------+------------------------------------------------------------------+
| Message Setting                             | Value  | Description                                                      |
+---------------------------------------------+--------+------------------------------------------------------------------+
| config_compile -design_size_maximum_warning | 100000 | Show a warning when total design instructions exceeds this value |
+---------------------------------------------+--------+------------------------------------------------------------------+


