

================================================================
== Vitis HLS Report for 'p_anonymous_namespace_stage_activation_Pipeline_VITIS_LOOP_63_1_VITIS_LOOP_64_2'
================================================================
* Date:           Sat Sep 26 01:54:52 2026

* Version:        2024.2 (Build 5238294 on Nov  8 2024)
* Project:        project
* Solution:       solution1 (Vivado IP Flow Target)
* Product family: zynquplus
* Target device:  xck26-sfvc784-2LV-c


================================================================
== Performance Estimates
================================================================
+ Timing: 
    * Summary: 
    +--------+---------+----------+------------+
    |  Clock |  Target | Estimated| Uncertainty|
    +--------+---------+----------+------------+
    |ap_clk  |  5.00 ns|  3.650 ns|     1.35 ns|
    +--------+---------+----------+------------+

+ Latency: 
    * Summary: 
    +---------+---------+----------+----------+-----+-----+------------------------------------------------+
    |  Latency (cycles) |  Latency (absolute) |  Interval |                    Pipeline                    |
    |   min   |   max   |    min   |    max   | min | max |                      Type                      |
    +---------+---------+----------+----------+-----+-----+------------------------------------------------+
    |        ?|        ?|         ?|         ?|    0|    0|  loop auto-rewind stp (delay=0 clock cycles(s))|
    +---------+---------+----------+----------+-----+-----+------------------------------------------------+

    + Detail: 
        * Instance: 
        N/A

        * Loop: 
        +-----------------------------------+---------+---------+----------+-----------+-----------+------+----------+
        |                                   |  Latency (cycles) | Iteration|  Initiation Interval  | Trip |          |
        |             Loop Name             |   min   |   max   |  Latency |  achieved |   target  | Count| Pipelined|
        +-----------------------------------+---------+---------+----------+-----------+-----------+------+----------+
        |- VITIS_LOOP_63_1_VITIS_LOOP_64_2  |        ?|        ?|         4|          1|          1|     ?|       yes|
        +-----------------------------------+---------+---------+----------+-----------+-----------+------+----------+



================================================================
== Utilization Estimates
================================================================
* Summary: 
+-----------------+---------+------+--------+--------+-----+
|       Name      | BRAM_18K|  DSP |   FF   |   LUT  | URAM|
+-----------------+---------+------+--------+--------+-----+
|DSP              |        -|     1|       -|       -|    -|
|Expression       |        -|     -|       0|     165|    -|
|FIFO             |        -|     -|       -|       -|    -|
|Instance         |        -|     -|       -|       -|    -|
|Memory           |        -|     -|       -|       -|    -|
|Multiplexer      |        -|     -|       0|      63|    -|
|Register         |        -|     -|     408|      32|    -|
+-----------------+---------+------+--------+--------+-----+
|Total            |        0|     1|     408|     260|    0|
+-----------------+---------+------+--------+--------+-----+
|Available        |      288|  1248|  234240|  117120|   64|
+-----------------+---------+------+--------+--------+-----+
|Utilization (%)  |        0|    ~0|      ~0|      ~0|    0|
+-----------------+---------+------+--------+--------+-----+

+ Detail: 
    * Instance: 
    N/A

    * DSP: 
    +--------------------------------------+---------------------------------+--------------+
    |               Instance               |              Module             |  Expression  |
    +--------------------------------------+---------------------------------+--------------+
    |mac_muladd_10ns_3ns_10ns_13_4_1_U507  |mac_muladd_10ns_3ns_10ns_13_4_1  |  i0 * i1 + i2|
    +--------------------------------------+---------------------------------+--------------+

    * Memory: 
    N/A

    * FIFO: 
    N/A

    * Expression: 
    +---------------------------+----------+----+---+----+------------+------------+
    |       Variable Name       | Operation| DSP| FF| LUT| Bitwidth P0| Bitwidth P1|
    +---------------------------+----------+----+---+----+------------+------------+
    |add_ln63_1_fu_212_p2       |         +|   0|  0|  49|          42|           1|
    |add_ln63_fu_224_p2         |         +|   0|  0|  13|           6|           1|
    |add_ln64_fu_270_p2         |         +|   0|  0|  17|          10|           1|
    |ap_block_pp0_stage0_11001  |       and|   0|  0|   2|           1|           1|
    |icmp_ln63_fu_207_p2        |      icmp|   0|  0|  49|          42|          42|
    |icmp_ln64_fu_230_p2        |      icmp|   0|  0|  17|          10|          10|
    |select_ln63_1_fu_244_p3    |    select|   0|  0|   6|           1|           6|
    |select_ln63_fu_236_p3      |    select|   0|  0|  10|           1|           1|
    |ap_enable_pp0              |       xor|   0|  0|   2|           1|           2|
    +---------------------------+----------+----+---+----+------------+------------+
    |Total                      |          |   0|  0| 165|         114|          65|
    +---------------------------+----------+----+---+----+------------+------------+

    * Multiplexer: 
    +-------------------------+----+-----------+-----+-----------+
    |           Name          | LUT| Input Size| Bits| Total Bits|
    +-------------------------+----+-----------+-----+-----------+
    |ap_done_int              |   9|          2|    1|          2|
    |ap_enable_reg_pp0_iter1  |   9|          2|    1|          2|
    |ap_enable_reg_pp0_iter2  |   9|          2|    1|          2|
    |gmem_x_blk_n_R           |   9|          2|    1|          2|
    |indvar_flatten_fu_96     |   9|          2|   42|         84|
    |kw_fu_88                 |   9|          2|   10|         20|
    |n_fu_92                  |   9|          2|    6|         12|
    +-------------------------+----+-----------+-----+-----------+
    |Total                    |  63|         14|   62|        124|
    +-------------------------+----+-----------+-----+-----------+

    * Register: 
    +-----------------------------------+-----+----+-----+-----------+
    |                Name               |  FF | LUT| Bits| Const Bits|
    +-----------------------------------+-----+----+-----+-----------+
    |ap_CS_fsm                          |    1|   0|    1|          0|
    |ap_done_reg                        |    1|   0|    1|          0|
    |ap_enable_reg_pp0_iter1            |    1|   0|    1|          0|
    |ap_enable_reg_pp0_iter2            |    1|   0|    1|          0|
    |ap_enable_reg_pp0_iter3            |    1|   0|    1|          0|
    |ap_enable_reg_pp0_iter4            |    1|   0|    1|          0|
    |ap_loop_exit_ready_pp0_iter2_reg   |    1|   0|    1|          0|
    |ap_loop_exit_ready_pp0_iter3_reg   |    1|   0|    1|          0|
    |gmem_x_addr_read_reg_370           |  256|   0|  256|          0|
    |indvar_flatten_fu_96               |   42|   0|   42|          0|
    |kw_fu_88                           |   10|   0|   10|          0|
    |n_fu_92                            |    6|   0|    6|          0|
    |select_ln63_reg_351                |   10|   0|   10|          0|
    |select_ln63_reg_351_pp0_iter2_reg  |   10|   0|   10|          0|
    |trunc_ln63_reg_356                 |    2|   0|    2|          0|
    |trunc_ln63_reg_356                 |   64|  32|    2|          0|
    +-----------------------------------+-----+----+-----+-----------+
    |Total                              |  408|  32|  346|          0|
    +-----------------------------------+-----+----+-----+-----------+



================================================================
== Interface
================================================================
* Summary: 
+-------------------------------------------------+-----+-----+------------+--------------------------------------------------------------------------------+--------------+
|                    RTL Ports                    | Dir | Bits|  Protocol  |                                  Source Object                                 |    C Type    |
+-------------------------------------------------+-----+-----+------------+--------------------------------------------------------------------------------+--------------+
|ap_clk                                           |   in|    1|  ap_ctrl_hs|  (anonymous namespace)stage_activation_Pipeline_VITIS_LOOP_63_1_VITIS_LOOP_64_2|  return value|
|ap_rst                                           |   in|    1|  ap_ctrl_hs|  (anonymous namespace)stage_activation_Pipeline_VITIS_LOOP_63_1_VITIS_LOOP_64_2|  return value|
|ap_start                                         |   in|    1|  ap_ctrl_hs|  (anonymous namespace)stage_activation_Pipeline_VITIS_LOOP_63_1_VITIS_LOOP_64_2|  return value|
|ap_done                                          |  out|    1|  ap_ctrl_hs|  (anonymous namespace)stage_activation_Pipeline_VITIS_LOOP_63_1_VITIS_LOOP_64_2|  return value|
|ap_idle                                          |  out|    1|  ap_ctrl_hs|  (anonymous namespace)stage_activation_Pipeline_VITIS_LOOP_63_1_VITIS_LOOP_64_2|  return value|
|ap_ready                                         |  out|    1|  ap_ctrl_hs|  (anonymous namespace)stage_activation_Pipeline_VITIS_LOOP_63_1_VITIS_LOOP_64_2|  return value|
|m_axi_gmem_x_0_AWVALID                           |  out|    1|       m_axi|                                                                          gmem_x|       pointer|
|m_axi_gmem_x_0_AWREADY                           |   in|    1|       m_axi|                                                                          gmem_x|       pointer|
|m_axi_gmem_x_0_AWADDR                            |  out|   64|       m_axi|                                                                          gmem_x|       pointer|
|m_axi_gmem_x_0_AWID                              |  out|    1|       m_axi|                                                                          gmem_x|       pointer|
|m_axi_gmem_x_0_AWLEN                             |  out|   32|       m_axi|                                                                          gmem_x|       pointer|
|m_axi_gmem_x_0_AWSIZE                            |  out|    3|       m_axi|                                                                          gmem_x|       pointer|
|m_axi_gmem_x_0_AWBURST                           |  out|    2|       m_axi|                                                                          gmem_x|       pointer|
|m_axi_gmem_x_0_AWLOCK                            |  out|    2|       m_axi|                                                                          gmem_x|       pointer|
|m_axi_gmem_x_0_AWCACHE                           |  out|    4|       m_axi|                                                                          gmem_x|       pointer|
|m_axi_gmem_x_0_AWPROT                            |  out|    3|       m_axi|                                                                          gmem_x|       pointer|
|m_axi_gmem_x_0_AWQOS                             |  out|    4|       m_axi|                                                                          gmem_x|       pointer|
|m_axi_gmem_x_0_AWREGION                          |  out|    4|       m_axi|                                                                          gmem_x|       pointer|
|m_axi_gmem_x_0_AWUSER                            |  out|    1|       m_axi|                                                                          gmem_x|       pointer|
|m_axi_gmem_x_0_WVALID                            |  out|    1|       m_axi|                                                                          gmem_x|       pointer|
|m_axi_gmem_x_0_WREADY                            |   in|    1|       m_axi|                                                                          gmem_x|       pointer|
|m_axi_gmem_x_0_WDATA                             |  out|  256|       m_axi|                                                                          gmem_x|       pointer|
|m_axi_gmem_x_0_WSTRB                             |  out|   32|       m_axi|                                                                          gmem_x|       pointer|
|m_axi_gmem_x_0_WLAST                             |  out|    1|       m_axi|                                                                          gmem_x|       pointer|
|m_axi_gmem_x_0_WID                               |  out|    1|       m_axi|                                                                          gmem_x|       pointer|
|m_axi_gmem_x_0_WUSER                             |  out|    1|       m_axi|                                                                          gmem_x|       pointer|
|m_axi_gmem_x_0_ARVALID                           |  out|    1|       m_axi|                                                                          gmem_x|       pointer|
|m_axi_gmem_x_0_ARREADY                           |   in|    1|       m_axi|                                                                          gmem_x|       pointer|
|m_axi_gmem_x_0_ARADDR                            |  out|   64|       m_axi|                                                                          gmem_x|       pointer|
|m_axi_gmem_x_0_ARID                              |  out|    1|       m_axi|                                                                          gmem_x|       pointer|
|m_axi_gmem_x_0_ARLEN                             |  out|   32|       m_axi|                                                                          gmem_x|       pointer|
|m_axi_gmem_x_0_ARSIZE                            |  out|    3|       m_axi|                                                                          gmem_x|       pointer|
|m_axi_gmem_x_0_ARBURST                           |  out|    2|       m_axi|                                                                          gmem_x|       pointer|
|m_axi_gmem_x_0_ARLOCK                            |  out|    2|       m_axi|                                                                          gmem_x|       pointer|
|m_axi_gmem_x_0_ARCACHE                           |  out|    4|       m_axi|                                                                          gmem_x|       pointer|
|m_axi_gmem_x_0_ARPROT                            |  out|    3|       m_axi|                                                                          gmem_x|       pointer|
|m_axi_gmem_x_0_ARQOS                             |  out|    4|       m_axi|                                                                          gmem_x|       pointer|
|m_axi_gmem_x_0_ARREGION                          |  out|    4|       m_axi|                                                                          gmem_x|       pointer|
|m_axi_gmem_x_0_ARUSER                            |  out|    1|       m_axi|                                                                          gmem_x|       pointer|
|m_axi_gmem_x_0_RVALID                            |   in|    1|       m_axi|                                                                          gmem_x|       pointer|
|m_axi_gmem_x_0_RREADY                            |  out|    1|       m_axi|                                                                          gmem_x|       pointer|
|m_axi_gmem_x_0_RDATA                             |   in|  256|       m_axi|                                                                          gmem_x|       pointer|
|m_axi_gmem_x_0_RLAST                             |   in|    1|       m_axi|                                                                          gmem_x|       pointer|
|m_axi_gmem_x_0_RID                               |   in|    1|       m_axi|                                                                          gmem_x|       pointer|
|m_axi_gmem_x_0_RFIFONUM                          |   in|   10|       m_axi|                                                                          gmem_x|       pointer|
|m_axi_gmem_x_0_RUSER                             |   in|    1|       m_axi|                                                                          gmem_x|       pointer|
|m_axi_gmem_x_0_RRESP                             |   in|    2|       m_axi|                                                                          gmem_x|       pointer|
|m_axi_gmem_x_0_BVALID                            |   in|    1|       m_axi|                                                                          gmem_x|       pointer|
|m_axi_gmem_x_0_BREADY                            |  out|    1|       m_axi|                                                                          gmem_x|       pointer|
|m_axi_gmem_x_0_BRESP                             |   in|    2|       m_axi|                                                                          gmem_x|       pointer|
|m_axi_gmem_x_0_BID                               |   in|    1|       m_axi|                                                                          gmem_x|       pointer|
|m_axi_gmem_x_0_BUSER                             |   in|    1|       m_axi|                                                                          gmem_x|       pointer|
|bound                                            |   in|   42|     ap_none|                                                                           bound|        scalar|
|sext_ln63                                        |   in|   59|     ap_none|                                                                       sext_ln63|        scalar|
|p_ZN12_GLOBAL_N_116activation_cacheE_0_address1  |  out|   13|   ap_memory|                                          p_ZN12_GLOBAL_N_116activation_cacheE_0|         array|
|p_ZN12_GLOBAL_N_116activation_cacheE_0_ce1       |  out|    1|   ap_memory|                                          p_ZN12_GLOBAL_N_116activation_cacheE_0|         array|
|p_ZN12_GLOBAL_N_116activation_cacheE_0_we1       |  out|    1|   ap_memory|                                          p_ZN12_GLOBAL_N_116activation_cacheE_0|         array|
|p_ZN12_GLOBAL_N_116activation_cacheE_0_d1        |  out|  256|   ap_memory|                                          p_ZN12_GLOBAL_N_116activation_cacheE_0|         array|
|p_ZN12_GLOBAL_N_116activation_cacheE_1_address1  |  out|   13|   ap_memory|                                          p_ZN12_GLOBAL_N_116activation_cacheE_1|         array|
|p_ZN12_GLOBAL_N_116activation_cacheE_1_ce1       |  out|    1|   ap_memory|                                          p_ZN12_GLOBAL_N_116activation_cacheE_1|         array|
|p_ZN12_GLOBAL_N_116activation_cacheE_1_we1       |  out|    1|   ap_memory|                                          p_ZN12_GLOBAL_N_116activation_cacheE_1|         array|
|p_ZN12_GLOBAL_N_116activation_cacheE_1_d1        |  out|  256|   ap_memory|                                          p_ZN12_GLOBAL_N_116activation_cacheE_1|         array|
|p_ZN12_GLOBAL_N_116activation_cacheE_2_address1  |  out|   13|   ap_memory|                                          p_ZN12_GLOBAL_N_116activation_cacheE_2|         array|
|p_ZN12_GLOBAL_N_116activation_cacheE_2_ce1       |  out|    1|   ap_memory|                                          p_ZN12_GLOBAL_N_116activation_cacheE_2|         array|
|p_ZN12_GLOBAL_N_116activation_cacheE_2_we1       |  out|    1|   ap_memory|                                          p_ZN12_GLOBAL_N_116activation_cacheE_2|         array|
|p_ZN12_GLOBAL_N_116activation_cacheE_2_d1        |  out|  256|   ap_memory|                                          p_ZN12_GLOBAL_N_116activation_cacheE_2|         array|
|p_ZN12_GLOBAL_N_116activation_cacheE_3_address1  |  out|   13|   ap_memory|                                          p_ZN12_GLOBAL_N_116activation_cacheE_3|         array|
|p_ZN12_GLOBAL_N_116activation_cacheE_3_ce1       |  out|    1|   ap_memory|                                          p_ZN12_GLOBAL_N_116activation_cacheE_3|         array|
|p_ZN12_GLOBAL_N_116activation_cacheE_3_we1       |  out|    1|   ap_memory|                                          p_ZN12_GLOBAL_N_116activation_cacheE_3|         array|
|p_ZN12_GLOBAL_N_116activation_cacheE_3_d1        |  out|  256|   ap_memory|                                          p_ZN12_GLOBAL_N_116activation_cacheE_3|         array|
+-------------------------------------------------+-----+-----+------------+--------------------------------------------------------------------------------+--------------+

