

================================================================
== Vitis HLS Report for 'p_anonymous_namespace_compute_weight_batch_Pipeline_VITIS_LOOP_80_2_VITIS_LOOP_81'
================================================================
* Date:           Sat Sep 26 01:54:50 2026

* Version:        2024.2 (Build 5238294 on Nov  8 2024)
* Project:        project
* Solution:       solution1 (Vivado IP Flow Target)
* Product family: zynquplus
* Target device:  xck26-sfvc784-2LV-c


================================================================
== Performance Estimates
================================================================
+ Timing: 
    * Summary: 
    +--------+---------+----------+------------+
    |  Clock |  Target | Estimated| Uncertainty|
    +--------+---------+----------+------------+
    |ap_clk  |  5.00 ns|  3.650 ns|     1.35 ns|
    +--------+---------+----------+------------+

+ Latency: 
    * Summary: 
    +---------+---------+-----------+-----------+------+------+------------------------------------------------+
    |  Latency (cycles) |   Latency (absolute)  |   Interval  |                    Pipeline                    |
    |   min   |   max   |    min    |    max    |  min |  max |                      Type                      |
    +---------+---------+-----------+-----------+------+------+------------------------------------------------+
    |     8612|     8612|  43.060 us|  43.060 us|  8609|  8609|  loop auto-rewind stp (delay=0 clock cycles(s))|
    +---------+---------+-----------+-----------+------+------+------------------------------------------------+

    + Detail: 
        * Instance: 
        N/A

        * Loop: 
        +-----------------------------------+---------+---------+----------+-----------+-----------+------+----------+
        |                                   |  Latency (cycles) | Iteration|  Initiation Interval  | Trip |          |
        |             Loop Name             |   min   |   max   |  Latency |  achieved |   target  | Count| Pipelined|
        +-----------------------------------+---------+---------+----------+-----------+-----------+------+----------+
        |- VITIS_LOOP_80_2_VITIS_LOOP_81_3  |     8610|     8610|         4|          1|          1|  8608|       yes|
        +-----------------------------------+---------+---------+----------+-----------+-----------+------+----------+



================================================================
== Utilization Estimates
================================================================
* Summary: 
+-----------------+---------+------+--------+--------+-----+
|       Name      | BRAM_18K|  DSP |   FF   |   LUT  | URAM|
+-----------------+---------+------+--------+--------+-----+
|DSP              |        -|     1|       -|       -|    -|
|Expression       |        -|     -|       0|     107|    -|
|FIFO             |        -|     -|       -|       -|    -|
|Instance         |        -|     -|       -|       -|    -|
|Memory           |        -|     -|       -|       -|    -|
|Multiplexer      |        -|     -|       0|      81|    -|
|Register         |        -|     -|     250|      32|    -|
+-----------------+---------+------+--------+--------+-----+
|Total            |        0|     1|     250|     220|    0|
+-----------------+---------+------+--------+--------+-----+
|Available        |      288|  1248|  234240|  117120|   64|
+-----------------+---------+------+--------+--------+-----+
|Utilization (%)  |        0|    ~0|      ~0|      ~0|    0|
+-----------------+---------+------+--------+--------+-----+

+ Detail: 
    * Instance: 
    N/A

    * DSP: 
    +------------------------------------+---------------------------------+--------------+
    |              Instance              |              Module             |  Expression  |
    +------------------------------------+---------------------------------+--------------+
    |mac_muladd_10ns_2ns_10ns_12_4_1_U1  |mac_muladd_10ns_2ns_10ns_12_4_1  |  i0 * i1 + i2|
    +------------------------------------+---------------------------------+--------------+

    * Memory: 
    N/A

    * FIFO: 
    N/A

    * Expression: 
    +---------------------------+----------+----+---+----+------------+------------+
    |       Variable Name       | Operation| DSP| FF| LUT| Bitwidth P0| Bitwidth P1|
    +---------------------------+----------+----+---+----+------------+------------+
    |add_ln80_1_fu_209_p2       |         +|   0|  0|  21|          14|           1|
    |add_ln80_fu_221_p2         |         +|   0|  0|  12|           5|           1|
    |add_ln81_fu_267_p2         |         +|   0|  0|  17|          10|           1|
    |ap_block_pp0_stage0_11001  |       and|   0|  0|   2|           1|           1|
    |icmp_ln80_fu_203_p2        |      icmp|   0|  0|  21|          14|          14|
    |icmp_ln81_fu_227_p2        |      icmp|   0|  0|  17|          10|          10|
    |select_ln80_1_fu_241_p3    |    select|   0|  0|   5|           1|           5|
    |select_ln80_fu_233_p3      |    select|   0|  0|  10|           1|           1|
    |ap_enable_pp0              |       xor|   0|  0|   2|           1|           2|
    +---------------------------+----------+----+---+----+------------+------------+
    |Total                      |          |   0|  0| 107|          57|          36|
    +---------------------------+----------+----+---+----+------------+------------+

    * Multiplexer: 
    +--------------------------------------+----+-----------+-----+-----------+
    |                 Name                 | LUT| Input Size| Bits| Total Bits|
    +--------------------------------------+----+-----------+-----+-----------+
    |ap_done_int                           |   9|          2|    1|          2|
    |ap_enable_reg_pp0_iter1               |   9|          2|    1|          2|
    |ap_sig_allocacmp_indvar_flatten_load  |   9|          2|   14|         28|
    |ap_sig_allocacmp_kw_load              |   9|          2|   10|         20|
    |ap_sig_allocacmp_m_load               |   9|          2|    5|         10|
    |gmem_w_blk_n_R                        |   9|          2|    1|          2|
    |indvar_flatten_fu_98                  |   9|          2|   14|         28|
    |kw_fu_90                              |   9|          2|   10|         20|
    |m_fu_94                               |   9|          2|    5|         10|
    +--------------------------------------+----+-----------+-----+-----------+
    |Total                                 |  81|         18|   61|        122|
    +--------------------------------------+----+-----------+-----+-----------+

    * Register: 
    +-----------------------------------+-----+----+-----+-----------+
    |                Name               |  FF | LUT| Bits| Const Bits|
    +-----------------------------------+-----+----+-----+-----------+
    |ap_CS_fsm                          |    1|   0|    1|          0|
    |ap_done_reg                        |    1|   0|    1|          0|
    |ap_enable_reg_pp0_iter1            |    1|   0|    1|          0|
    |ap_enable_reg_pp0_iter2            |    1|   0|    1|          0|
    |ap_enable_reg_pp0_iter3            |    1|   0|    1|          0|
    |ap_loop_exit_ready_pp0_iter1_reg   |    1|   0|    1|          0|
    |ap_loop_exit_ready_pp0_iter2_reg   |    1|   0|    1|          0|
    |gmem_w_addr_read_reg_362           |  128|   0|  128|          0|
    |indvar_flatten_fu_98               |   14|   0|   14|          0|
    |kw_fu_90                           |   10|   0|   10|          0|
    |m_fu_94                            |    5|   0|    5|          0|
    |select_ln80_reg_343                |   10|   0|   10|          0|
    |select_ln80_reg_343_pp0_iter1_reg  |   10|   0|   10|          0|
    |trunc_ln80_reg_348                 |    2|   0|    2|          0|
    |trunc_ln80_reg_348                 |   64|  32|    2|          0|
    +-----------------------------------+-----+----+-----+-----------+
    |Total                              |  250|  32|  188|          0|
    +-----------------------------------+-----+----+-----+-----------+



================================================================
== Interface
================================================================
* Summary: 
+-------------------------+-----+-----+------------+----------------------------------------------------------------------------------+--------------+
|        RTL Ports        | Dir | Bits|  Protocol  |                                   Source Object                                  |    C Type    |
+-------------------------+-----+-----+------------+----------------------------------------------------------------------------------+--------------+
|ap_clk                   |   in|    1|  ap_ctrl_hs|  (anonymous namespace)compute_weight_batch_Pipeline_VITIS_LOOP_80_2_VITIS_LOOP_81|  return value|
|ap_rst                   |   in|    1|  ap_ctrl_hs|  (anonymous namespace)compute_weight_batch_Pipeline_VITIS_LOOP_80_2_VITIS_LOOP_81|  return value|
|ap_start                 |   in|    1|  ap_ctrl_hs|  (anonymous namespace)compute_weight_batch_Pipeline_VITIS_LOOP_80_2_VITIS_LOOP_81|  return value|
|ap_done                  |  out|    1|  ap_ctrl_hs|  (anonymous namespace)compute_weight_batch_Pipeline_VITIS_LOOP_80_2_VITIS_LOOP_81|  return value|
|ap_idle                  |  out|    1|  ap_ctrl_hs|  (anonymous namespace)compute_weight_batch_Pipeline_VITIS_LOOP_80_2_VITIS_LOOP_81|  return value|
|ap_ready                 |  out|    1|  ap_ctrl_hs|  (anonymous namespace)compute_weight_batch_Pipeline_VITIS_LOOP_80_2_VITIS_LOOP_81|  return value|
|m_axi_gmem_w_0_AWVALID   |  out|    1|       m_axi|                                                                            gmem_w|       pointer|
|m_axi_gmem_w_0_AWREADY   |   in|    1|       m_axi|                                                                            gmem_w|       pointer|
|m_axi_gmem_w_0_AWADDR    |  out|   64|       m_axi|                                                                            gmem_w|       pointer|
|m_axi_gmem_w_0_AWID      |  out|    1|       m_axi|                                                                            gmem_w|       pointer|
|m_axi_gmem_w_0_AWLEN     |  out|   32|       m_axi|                                                                            gmem_w|       pointer|
|m_axi_gmem_w_0_AWSIZE    |  out|    3|       m_axi|                                                                            gmem_w|       pointer|
|m_axi_gmem_w_0_AWBURST   |  out|    2|       m_axi|                                                                            gmem_w|       pointer|
|m_axi_gmem_w_0_AWLOCK    |  out|    2|       m_axi|                                                                            gmem_w|       pointer|
|m_axi_gmem_w_0_AWCACHE   |  out|    4|       m_axi|                                                                            gmem_w|       pointer|
|m_axi_gmem_w_0_AWPROT    |  out|    3|       m_axi|                                                                            gmem_w|       pointer|
|m_axi_gmem_w_0_AWQOS     |  out|    4|       m_axi|                                                                            gmem_w|       pointer|
|m_axi_gmem_w_0_AWREGION  |  out|    4|       m_axi|                                                                            gmem_w|       pointer|
|m_axi_gmem_w_0_AWUSER    |  out|    1|       m_axi|                                                                            gmem_w|       pointer|
|m_axi_gmem_w_0_WVALID    |  out|    1|       m_axi|                                                                            gmem_w|       pointer|
|m_axi_gmem_w_0_WREADY    |   in|    1|       m_axi|                                                                            gmem_w|       pointer|
|m_axi_gmem_w_0_WDATA     |  out|  128|       m_axi|                                                                            gmem_w|       pointer|
|m_axi_gmem_w_0_WSTRB     |  out|   16|       m_axi|                                                                            gmem_w|       pointer|
|m_axi_gmem_w_0_WLAST     |  out|    1|       m_axi|                                                                            gmem_w|       pointer|
|m_axi_gmem_w_0_WID       |  out|    1|       m_axi|                                                                            gmem_w|       pointer|
|m_axi_gmem_w_0_WUSER     |  out|    1|       m_axi|                                                                            gmem_w|       pointer|
|m_axi_gmem_w_0_ARVALID   |  out|    1|       m_axi|                                                                            gmem_w|       pointer|
|m_axi_gmem_w_0_ARREADY   |   in|    1|       m_axi|                                                                            gmem_w|       pointer|
|m_axi_gmem_w_0_ARADDR    |  out|   64|       m_axi|                                                                            gmem_w|       pointer|
|m_axi_gmem_w_0_ARID      |  out|    1|       m_axi|                                                                            gmem_w|       pointer|
|m_axi_gmem_w_0_ARLEN     |  out|   32|       m_axi|                                                                            gmem_w|       pointer|
|m_axi_gmem_w_0_ARSIZE    |  out|    3|       m_axi|                                                                            gmem_w|       pointer|
|m_axi_gmem_w_0_ARBURST   |  out|    2|       m_axi|                                                                            gmem_w|       pointer|
|m_axi_gmem_w_0_ARLOCK    |  out|    2|       m_axi|                                                                            gmem_w|       pointer|
|m_axi_gmem_w_0_ARCACHE   |  out|    4|       m_axi|                                                                            gmem_w|       pointer|
|m_axi_gmem_w_0_ARPROT    |  out|    3|       m_axi|                                                                            gmem_w|       pointer|
|m_axi_gmem_w_0_ARQOS     |  out|    4|       m_axi|                                                                            gmem_w|       pointer|
|m_axi_gmem_w_0_ARREGION  |  out|    4|       m_axi|                                                                            gmem_w|       pointer|
|m_axi_gmem_w_0_ARUSER    |  out|    1|       m_axi|                                                                            gmem_w|       pointer|
|m_axi_gmem_w_0_RVALID    |   in|    1|       m_axi|                                                                            gmem_w|       pointer|
|m_axi_gmem_w_0_RREADY    |  out|    1|       m_axi|                                                                            gmem_w|       pointer|
|m_axi_gmem_w_0_RDATA     |   in|  128|       m_axi|                                                                            gmem_w|       pointer|
|m_axi_gmem_w_0_RLAST     |   in|    1|       m_axi|                                                                            gmem_w|       pointer|
|m_axi_gmem_w_0_RID       |   in|    1|       m_axi|                                                                            gmem_w|       pointer|
|m_axi_gmem_w_0_RFIFONUM  |   in|   10|       m_axi|                                                                            gmem_w|       pointer|
|m_axi_gmem_w_0_RUSER     |   in|    1|       m_axi|                                                                            gmem_w|       pointer|
|m_axi_gmem_w_0_RRESP     |   in|    2|       m_axi|                                                                            gmem_w|       pointer|
|m_axi_gmem_w_0_BVALID    |   in|    1|       m_axi|                                                                            gmem_w|       pointer|
|m_axi_gmem_w_0_BREADY    |  out|    1|       m_axi|                                                                            gmem_w|       pointer|
|m_axi_gmem_w_0_BRESP     |   in|    2|       m_axi|                                                                            gmem_w|       pointer|
|m_axi_gmem_w_0_BID       |   in|    1|       m_axi|                                                                            gmem_w|       pointer|
|m_axi_gmem_w_0_BUSER     |   in|    1|       m_axi|                                                                            gmem_w|       pointer|
|sext_ln79                |   in|   60|     ap_none|                                                                         sext_ln79|        scalar|
|weight_cache_address1    |  out|   12|   ap_memory|                                                                      weight_cache|         array|
|weight_cache_ce1         |  out|    1|   ap_memory|                                                                      weight_cache|         array|
|weight_cache_we1         |  out|    1|   ap_memory|                                                                      weight_cache|         array|
|weight_cache_d1          |  out|  128|   ap_memory|                                                                      weight_cache|         array|
|weight_cache_1_address1  |  out|   12|   ap_memory|                                                                    weight_cache_1|         array|
|weight_cache_1_ce1       |  out|    1|   ap_memory|                                                                    weight_cache_1|         array|
|weight_cache_1_we1       |  out|    1|   ap_memory|                                                                    weight_cache_1|         array|
|weight_cache_1_d1        |  out|  128|   ap_memory|                                                                    weight_cache_1|         array|
|weight_cache_2_address1  |  out|   12|   ap_memory|                                                                    weight_cache_2|         array|
|weight_cache_2_ce1       |  out|    1|   ap_memory|                                                                    weight_cache_2|         array|
|weight_cache_2_we1       |  out|    1|   ap_memory|                                                                    weight_cache_2|         array|
|weight_cache_2_d1        |  out|  128|   ap_memory|                                                                    weight_cache_2|         array|
|weight_cache_3_address1  |  out|   12|   ap_memory|                                                                    weight_cache_3|         array|
|weight_cache_3_ce1       |  out|    1|   ap_memory|                                                                    weight_cache_3|         array|
|weight_cache_3_we1       |  out|    1|   ap_memory|                                                                    weight_cache_3|         array|
|weight_cache_3_d1        |  out|  128|   ap_memory|                                                                    weight_cache_3|         array|
+-------------------------+-----+-----+------------+----------------------------------------------------------------------------------+--------------+

