

================================================================
== Vitis HLS Report for 'p_anonymous_namespace_compute_weight_batch'
================================================================
* Date:           Sat Sep 26 01:54:52 2026

* Version:        2024.2 (Build 5238294 on Nov  8 2024)
* Project:        project
* Solution:       solution1 (Vivado IP Flow Target)
* Product family: zynquplus
* Target device:  xck26-sfvc784-2LV-c


================================================================
== Performance Estimates
================================================================
+ Timing: 
    * Summary: 
    +--------+---------+----------+------------+
    |  Clock |  Target | Estimated| Uncertainty|
    +--------+---------+----------+------------+
    |ap_clk  |  5.00 ns|  3.857 ns|     1.35 ns|
    +--------+---------+----------+------------+

+ Latency: 
    * Summary: 
    +---------+---------+----------+----------+-----+-----+---------+
    |  Latency (cycles) |  Latency (absolute) |  Interval | Pipeline|
    |   min   |   max   |    min   |    max   | min | max |   Type  |
    +---------+---------+----------+----------+-----+-----+---------+
    |        ?|        ?|         ?|         ?|    ?|    ?|       no|
    +---------+---------+----------+----------+-----+-----+---------+

    + Detail: 
        * Instance: 
        +------------------------------------------------------------------------------------------------+------------------------------------------------------------------------------------+---------+---------+-----------+-----------+------+------+------------------------------------------------+
        |                                                                                                |                                                                                    |  Latency (cycles) |   Latency (absolute)  |   Interval  |                    Pipeline                    |
        |                                            Instance                                            |                                       Module                                       |   min   |   max   |    min    |    max    |  min |  max |                      Type                      |
        +------------------------------------------------------------------------------------------------+------------------------------------------------------------------------------------+---------+---------+-----------+-----------+------+------+------------------------------------------------+
        |grp_p_anonymous_namespace_compute_weight_batch_Pipeline_VITIS_LOOP_80_2_VITIS_LOOP_81_fu_1464   |p_anonymous_namespace_compute_weight_batch_Pipeline_VITIS_LOOP_80_2_VITIS_LOOP_81   |     8612|     8612|  43.060 us|  43.060 us|  8609|  8609|  loop auto-rewind stp (delay=0 clock cycles(s))|
        |grp_p_anonymous_namespace_compute_weight_batch_Pipeline_VITIS_LOOP_168_9_fu_1475                |p_anonymous_namespace_compute_weight_batch_Pipeline_VITIS_LOOP_168_9                |     1111|     1111|   5.555 us|   5.555 us|  1077|  1077|  loop auto-rewind stp (delay=0 clock cycles(s))|
        |grp_p_anonymous_namespace_compute_weight_batch_Pipeline_VITIS_LOOP_366_15_VITIS_LOOP_s_fu_1653  |p_anonymous_namespace_compute_weight_batch_Pipeline_VITIS_LOOP_366_15_VITIS_LOOP_s  |        ?|        ?|          ?|          ?|     0|     0|  loop auto-rewind stp (delay=0 clock cycles(s))|
        +------------------------------------------------------------------------------------------------+------------------------------------------------------------------------------------+---------+---------+-----------+-----------+------+------+------------------------------------------------+

        * Loop: 
        +----------------------+---------+---------+----------+-----------+-----------+------+----------+
        |                      |  Latency (cycles) | Iteration|  Initiation Interval  | Trip |          |
        |       Loop Name      |   min   |   max   |  Latency |  achieved |   target  | Count| Pipelined|
        +----------------------+---------+---------+----------+-----------+-----------+------+----------+
        |- VITIS_LOOP_79_1     |        ?|        ?|         ?|          -|          -|     8|        no|
        | + VITIS_LOOP_92_4    |        ?|        ?|      4602|          -|          -|     ?|        no|
        |  ++ VITIS_LOOP_93_5  |     4600|     4600|      1150|          -|          -|     4|        no|
        +----------------------+---------+---------+----------+-----------+-----------+------+----------+



================================================================
== Utilization Estimates
================================================================
* Summary: 
+-----------------+---------+------+--------+--------+-----+
|       Name      | BRAM_18K|  DSP |   FF   |   LUT  | URAM|
+-----------------+---------+------+--------+--------+-----+
|DSP              |        -|     -|       -|       -|    -|
|Expression       |        -|     -|       0|     237|    -|
|FIFO             |        -|     -|       -|       -|    -|
|Instance         |        -|   321|   43372|   37116|    -|
|Memory           |       16|     -|       0|       0|    8|
|Multiplexer      |        -|     -|       0|    4364|    -|
|Register         |        -|     -|    2616|       -|    -|
+-----------------+---------+------+--------+--------+-----+
|Total            |       16|   321|   45988|   41717|    8|
+-----------------+---------+------+--------+--------+-----+
|Available        |      288|  1248|  234240|  117120|   64|
+-----------------+---------+------+--------+--------+-----+
|Utilization (%)  |        5|    25|      19|      35|   12|
+-----------------+---------+------+--------+--------+-----+

+ Detail: 
    * Instance: 
    +------------------------------------------------------------------------------------------------+------------------------------------------------------------------------------------+---------+-----+-------+-------+-----+
    |                                            Instance                                            |                                       Module                                       | BRAM_18K| DSP |   FF  |  LUT  | URAM|
    +------------------------------------------------------------------------------------------------+------------------------------------------------------------------------------------+---------+-----+-------+-------+-----+
    |fadd_32ns_32ns_32_8_full_dsp_1_U396                                                             |fadd_32ns_32ns_32_8_full_dsp_1                                                      |        0|    2|    296|    239|    0|
    |fadd_32ns_32ns_32_8_full_dsp_1_U397                                                             |fadd_32ns_32ns_32_8_full_dsp_1                                                      |        0|    2|    296|    239|    0|
    |fadd_32ns_32ns_32_8_full_dsp_1_U398                                                             |fadd_32ns_32ns_32_8_full_dsp_1                                                      |        0|    2|    296|    239|    0|
    |fadd_32ns_32ns_32_8_full_dsp_1_U399                                                             |fadd_32ns_32ns_32_8_full_dsp_1                                                      |        0|    2|    296|    239|    0|
    |fadd_32ns_32ns_32_8_full_dsp_1_U400                                                             |fadd_32ns_32ns_32_8_full_dsp_1                                                      |        0|    2|    296|    239|    0|
    |fadd_32ns_32ns_32_8_full_dsp_1_U401                                                             |fadd_32ns_32ns_32_8_full_dsp_1                                                      |        0|    2|    296|    239|    0|
    |fadd_32ns_32ns_32_8_full_dsp_1_U402                                                             |fadd_32ns_32ns_32_8_full_dsp_1                                                      |        0|    2|    296|    239|    0|
    |fadd_32ns_32ns_32_8_full_dsp_1_U403                                                             |fadd_32ns_32ns_32_8_full_dsp_1                                                      |        0|    2|    296|    239|    0|
    |fadd_32ns_32ns_32_8_full_dsp_1_U404                                                             |fadd_32ns_32ns_32_8_full_dsp_1                                                      |        0|    2|    296|    239|    0|
    |fadd_32ns_32ns_32_8_full_dsp_1_U405                                                             |fadd_32ns_32ns_32_8_full_dsp_1                                                      |        0|    2|    296|    239|    0|
    |fadd_32ns_32ns_32_8_full_dsp_1_U406                                                             |fadd_32ns_32ns_32_8_full_dsp_1                                                      |        0|    2|    296|    239|    0|
    |fadd_32ns_32ns_32_8_full_dsp_1_U407                                                             |fadd_32ns_32ns_32_8_full_dsp_1                                                      |        0|    2|    296|    239|    0|
    |fadd_32ns_32ns_32_8_full_dsp_1_U408                                                             |fadd_32ns_32ns_32_8_full_dsp_1                                                      |        0|    2|    296|    239|    0|
    |fadd_32ns_32ns_32_8_full_dsp_1_U409                                                             |fadd_32ns_32ns_32_8_full_dsp_1                                                      |        0|    2|    296|    239|    0|
    |fadd_32ns_32ns_32_8_full_dsp_1_U410                                                             |fadd_32ns_32ns_32_8_full_dsp_1                                                      |        0|    2|    296|    239|    0|
    |fadd_32ns_32ns_32_8_full_dsp_1_U411                                                             |fadd_32ns_32ns_32_8_full_dsp_1                                                      |        0|    2|    296|    239|    0|
    |fadd_32ns_32ns_32_8_full_dsp_1_U412                                                             |fadd_32ns_32ns_32_8_full_dsp_1                                                      |        0|    2|    296|    239|    0|
    |fadd_32ns_32ns_32_8_full_dsp_1_U413                                                             |fadd_32ns_32ns_32_8_full_dsp_1                                                      |        0|    2|    296|    239|    0|
    |fadd_32ns_32ns_32_8_full_dsp_1_U414                                                             |fadd_32ns_32ns_32_8_full_dsp_1                                                      |        0|    2|    296|    239|    0|
    |fadd_32ns_32ns_32_8_full_dsp_1_U415                                                             |fadd_32ns_32ns_32_8_full_dsp_1                                                      |        0|    2|    296|    239|    0|
    |fadd_32ns_32ns_32_8_full_dsp_1_U416                                                             |fadd_32ns_32ns_32_8_full_dsp_1                                                      |        0|    2|    296|    239|    0|
    |fadd_32ns_32ns_32_8_full_dsp_1_U417                                                             |fadd_32ns_32ns_32_8_full_dsp_1                                                      |        0|    2|    296|    239|    0|
    |fadd_32ns_32ns_32_8_full_dsp_1_U418                                                             |fadd_32ns_32ns_32_8_full_dsp_1                                                      |        0|    2|    296|    239|    0|
    |fadd_32ns_32ns_32_8_full_dsp_1_U419                                                             |fadd_32ns_32ns_32_8_full_dsp_1                                                      |        0|    2|    296|    239|    0|
    |fadd_32ns_32ns_32_8_full_dsp_1_U420                                                             |fadd_32ns_32ns_32_8_full_dsp_1                                                      |        0|    2|    296|    239|    0|
    |fadd_32ns_32ns_32_8_full_dsp_1_U421                                                             |fadd_32ns_32ns_32_8_full_dsp_1                                                      |        0|    2|    296|    239|    0|
    |fadd_32ns_32ns_32_8_full_dsp_1_U422                                                             |fadd_32ns_32ns_32_8_full_dsp_1                                                      |        0|    2|    296|    239|    0|
    |fadd_32ns_32ns_32_8_full_dsp_1_U423                                                             |fadd_32ns_32ns_32_8_full_dsp_1                                                      |        0|    2|    296|    239|    0|
    |fadd_32ns_32ns_32_8_full_dsp_1_U424                                                             |fadd_32ns_32ns_32_8_full_dsp_1                                                      |        0|    2|    296|    239|    0|
    |fadd_32ns_32ns_32_8_full_dsp_1_U425                                                             |fadd_32ns_32ns_32_8_full_dsp_1                                                      |        0|    2|    296|    239|    0|
    |fadd_32ns_32ns_32_8_full_dsp_1_U426                                                             |fadd_32ns_32ns_32_8_full_dsp_1                                                      |        0|    2|    296|    239|    0|
    |fadd_32ns_32ns_32_8_full_dsp_1_U427                                                             |fadd_32ns_32ns_32_8_full_dsp_1                                                      |        0|    2|    296|    239|    0|
    |fadd_32ns_32ns_32_8_full_dsp_1_U428                                                             |fadd_32ns_32ns_32_8_full_dsp_1                                                      |        0|    2|    296|    239|    0|
    |fadd_32ns_32ns_32_8_full_dsp_1_U429                                                             |fadd_32ns_32ns_32_8_full_dsp_1                                                      |        0|    2|    296|    239|    0|
    |fadd_32ns_32ns_32_8_full_dsp_1_U430                                                             |fadd_32ns_32ns_32_8_full_dsp_1                                                      |        0|    2|    296|    239|    0|
    |fadd_32ns_32ns_32_8_full_dsp_1_U431                                                             |fadd_32ns_32ns_32_8_full_dsp_1                                                      |        0|    2|    296|    239|    0|
    |fadd_32ns_32ns_32_8_full_dsp_1_U432                                                             |fadd_32ns_32ns_32_8_full_dsp_1                                                      |        0|    2|    296|    239|    0|
    |fadd_32ns_32ns_32_8_full_dsp_1_U433                                                             |fadd_32ns_32ns_32_8_full_dsp_1                                                      |        0|    2|    296|    239|    0|
    |fadd_32ns_32ns_32_8_full_dsp_1_U434                                                             |fadd_32ns_32ns_32_8_full_dsp_1                                                      |        0|    2|    296|    239|    0|
    |fadd_32ns_32ns_32_8_full_dsp_1_U435                                                             |fadd_32ns_32ns_32_8_full_dsp_1                                                      |        0|    2|    296|    239|    0|
    |fadd_32ns_32ns_32_8_full_dsp_1_U436                                                             |fadd_32ns_32ns_32_8_full_dsp_1                                                      |        0|    2|    296|    239|    0|
    |fadd_32ns_32ns_32_8_full_dsp_1_U437                                                             |fadd_32ns_32ns_32_8_full_dsp_1                                                      |        0|    2|    296|    239|    0|
    |fadd_32ns_32ns_32_8_full_dsp_1_U438                                                             |fadd_32ns_32ns_32_8_full_dsp_1                                                      |        0|    2|    296|    239|    0|
    |fadd_32ns_32ns_32_8_full_dsp_1_U439                                                             |fadd_32ns_32ns_32_8_full_dsp_1                                                      |        0|    2|    296|    239|    0|
    |fadd_32ns_32ns_32_8_full_dsp_1_U440                                                             |fadd_32ns_32ns_32_8_full_dsp_1                                                      |        0|    2|    296|    239|    0|
    |fadd_32ns_32ns_32_8_full_dsp_1_U441                                                             |fadd_32ns_32ns_32_8_full_dsp_1                                                      |        0|    2|    296|    239|    0|
    |fadd_32ns_32ns_32_8_full_dsp_1_U442                                                             |fadd_32ns_32ns_32_8_full_dsp_1                                                      |        0|    2|    296|    239|    0|
    |fadd_32ns_32ns_32_8_full_dsp_1_U443                                                             |fadd_32ns_32ns_32_8_full_dsp_1                                                      |        0|    2|    296|    239|    0|
    |mul_2ns_11ns_11_1_1_U445                                                                        |mul_2ns_11ns_11_1_1                                                                 |        0|    0|      0|      5|    0|
    |mul_3ns_11ns_12_1_1_U444                                                                        |mul_3ns_11ns_12_1_1                                                                 |        0|    0|      0|      5|    0|
    |grp_p_anonymous_namespace_compute_weight_batch_Pipeline_VITIS_LOOP_168_9_fu_1475                |p_anonymous_namespace_compute_weight_batch_Pipeline_VITIS_LOOP_168_9                |        0|  224|  28094|  24971|    0|
    |grp_p_anonymous_namespace_compute_weight_batch_Pipeline_VITIS_LOOP_366_15_VITIS_LOOP_s_fu_1653  |p_anonymous_namespace_compute_weight_batch_Pipeline_VITIS_LOOP_366_15_VITIS_LOOP_s  |        0|    0|    820|    443|    0|
    |grp_p_anonymous_namespace_compute_weight_batch_Pipeline_VITIS_LOOP_80_2_VITIS_LOOP_81_fu_1464   |p_anonymous_namespace_compute_weight_batch_Pipeline_VITIS_LOOP_80_2_VITIS_LOOP_81   |        0|    1|    250|    220|    0|
    +------------------------------------------------------------------------------------------------+------------------------------------------------------------------------------------+---------+-----+-------+-------+-----+
    |Total                                                                                           |                                                                                    |        0|  321|  43372|  37116|    0|
    +------------------------------------------------------------------------------------------------+------------------------------------------------------------------------------------+---------+-----+-------+-------+-----+

    * DSP: 
    N/A

    * Memory: 
    +------------------+--------------------------------------------------------------------------+---------+---+----+-----+------+-----+------+-------------+
    |      Memory      |                                  Module                                  | BRAM_18K| FF| LUT| URAM| Words| Bits| Banks| W*Bits*Banks|
    +------------------+--------------------------------------------------------------------------+---------+---+----+-----+------+-----+------+-------------+
    |result_tile_U     |p_anonymous_namespace_compute_weight_batch_result_tile_RAM_2P_BRAM_1R1W   |        1|  0|   0|    0|    32|   32|     1|         1024|
    |result_tile_1_U   |p_anonymous_namespace_compute_weight_batch_result_tile_RAM_2P_BRAM_1R1W   |        1|  0|   0|    0|    32|   32|     1|         1024|
    |result_tile_2_U   |p_anonymous_namespace_compute_weight_batch_result_tile_RAM_2P_BRAM_1R1W   |        1|  0|   0|    0|    32|   32|     1|         1024|
    |result_tile_3_U   |p_anonymous_namespace_compute_weight_batch_result_tile_RAM_2P_BRAM_1R1W   |        1|  0|   0|    0|    32|   32|     1|         1024|
    |result_tile_4_U   |p_anonymous_namespace_compute_weight_batch_result_tile_RAM_2P_BRAM_1R1W   |        1|  0|   0|    0|    32|   32|     1|         1024|
    |result_tile_5_U   |p_anonymous_namespace_compute_weight_batch_result_tile_RAM_2P_BRAM_1R1W   |        1|  0|   0|    0|    32|   32|     1|         1024|
    |result_tile_6_U   |p_anonymous_namespace_compute_weight_batch_result_tile_RAM_2P_BRAM_1R1W   |        1|  0|   0|    0|    32|   32|     1|         1024|
    |result_tile_7_U   |p_anonymous_namespace_compute_weight_batch_result_tile_RAM_2P_BRAM_1R1W   |        1|  0|   0|    0|    32|   32|     1|         1024|
    |result_tile_8_U   |p_anonymous_namespace_compute_weight_batch_result_tile_RAM_2P_BRAM_1R1W   |        1|  0|   0|    0|    32|   32|     1|         1024|
    |result_tile_9_U   |p_anonymous_namespace_compute_weight_batch_result_tile_RAM_2P_BRAM_1R1W   |        1|  0|   0|    0|    32|   32|     1|         1024|
    |result_tile_10_U  |p_anonymous_namespace_compute_weight_batch_result_tile_RAM_2P_BRAM_1R1W   |        1|  0|   0|    0|    32|   32|     1|         1024|
    |result_tile_11_U  |p_anonymous_namespace_compute_weight_batch_result_tile_RAM_2P_BRAM_1R1W   |        1|  0|   0|    0|    32|   32|     1|         1024|
    |result_tile_12_U  |p_anonymous_namespace_compute_weight_batch_result_tile_RAM_2P_BRAM_1R1W   |        1|  0|   0|    0|    32|   32|     1|         1024|
    |result_tile_13_U  |p_anonymous_namespace_compute_weight_batch_result_tile_RAM_2P_BRAM_1R1W   |        1|  0|   0|    0|    32|   32|     1|         1024|
    |result_tile_14_U  |p_anonymous_namespace_compute_weight_batch_result_tile_RAM_2P_BRAM_1R1W   |        1|  0|   0|    0|    32|   32|     1|         1024|
    |result_tile_15_U  |p_anonymous_namespace_compute_weight_batch_result_tile_RAM_2P_BRAM_1R1W   |        1|  0|   0|    0|    32|   32|     1|         1024|
    |weight_cache_U    |p_anonymous_namespace_compute_weight_batch_weight_cache_RAM_2P_URAM_1R1W  |        0|  0|   0|    2|  2152|  128|     1|       275456|
    |weight_cache_1_U  |p_anonymous_namespace_compute_weight_batch_weight_cache_RAM_2P_URAM_1R1W  |        0|  0|   0|    2|  2152|  128|     1|       275456|
    |weight_cache_2_U  |p_anonymous_namespace_compute_weight_batch_weight_cache_RAM_2P_URAM_1R1W  |        0|  0|   0|    2|  2152|  128|     1|       275456|
    |weight_cache_3_U  |p_anonymous_namespace_compute_weight_batch_weight_cache_RAM_2P_URAM_1R1W  |        0|  0|   0|    2|  2152|  128|     1|       275456|
    +------------------+--------------------------------------------------------------------------+---------+---+----+-----+------+-----+------+-------------+
    |Total             |                                                                          |       16|  0|   0|    8|  9120| 1024|    20|      1118208|
    +------------------+--------------------------------------------------------------------------+---------+---+----+-----+------+-----+------+-------------+

    * FIFO: 
    N/A

    * Expression: 
    +-----------------------+----------+----+---+----+------------+------------+
    |     Variable Name     | Operation| DSP| FF| LUT| Bitwidth P0| Bitwidth P1|
    +-----------------------+----------+----+---+----+------------+------------+
    |add_ln79_1_fu_2204_p2  |         +|   0|  0|  12|           4|           1|
    |add_ln79_fu_2226_p2    |         +|   0|  0|  71|          64|          64|
    |add_ln92_fu_2415_p2    |         +|   0|  0|  13|           6|           3|
    |add_ln93_fu_3065_p2    |         +|   0|  0|  12|           5|           3|
    |cmp1917_fu_2149_p2     |      icmp|   0|  0|  39|          32|           1|
    |icmp_ln79_fu_2198_p2   |      icmp|   0|  0|  12|           4|           5|
    |icmp_ln92_fu_2235_p2   |      icmp|   0|  0|  39|          32|          32|
    |empty_197_fu_2167_p3   |    select|   0|  0|   7|           1|           7|
    |empty_198_fu_2179_p3   |    select|   0|  0|  32|           1|          32|
    +-----------------------+----------+----+---+----+------------+------------+
    |Total                  |          |   0|  0| 237|         149|         148|
    +-----------------------+----------+----+---+----+------------+------------+

    * Multiplexer: 
    +-------------------------------+-----+-----------+-----+-----------+
    |              Name             | LUT | Input Size| Bits| Total Bits|
    +-------------------------------+-----+-----------+-----+-----------+
    |ap_NS_fsm                      |  256|         59|    1|         59|
    |batch_tile_fu_156              |    9|          2|    4|          8|
    |gmem_w_blk_n_AR                |    9|          2|    1|          2|
    |gmem_y_blk_n_AW                |    9|          2|    1|          2|
    |gmem_y_blk_n_B                 |    9|          2|    1|          2|
    |grp_fu_1677_ce                 |    9|          2|    1|          2|
    |grp_fu_1677_p0                 |   43|          8|   32|        256|
    |grp_fu_1677_p1                 |   43|          8|   32|        256|
    |grp_fu_1681_ce                 |    9|          2|    1|          2|
    |grp_fu_1681_p0                 |   43|          8|   32|        256|
    |grp_fu_1681_p1                 |   43|          8|   32|        256|
    |grp_fu_1685_ce                 |    9|          2|    1|          2|
    |grp_fu_1685_p0                 |   43|          8|   32|        256|
    |grp_fu_1685_p1                 |   43|          8|   32|        256|
    |grp_fu_1689_ce                 |    9|          2|    1|          2|
    |grp_fu_1689_p0                 |   43|          8|   32|        256|
    |grp_fu_1689_p1                 |   43|          8|   32|        256|
    |grp_fu_1693_ce                 |    9|          2|    1|          2|
    |grp_fu_1693_p0                 |   43|          8|   32|        256|
    |grp_fu_1693_p1                 |   43|          8|   32|        256|
    |grp_fu_1697_ce                 |    9|          2|    1|          2|
    |grp_fu_1697_p0                 |   43|          8|   32|        256|
    |grp_fu_1697_p1                 |   43|          8|   32|        256|
    |grp_fu_1701_ce                 |    9|          2|    1|          2|
    |grp_fu_1701_p0                 |   43|          8|   32|        256|
    |grp_fu_1701_p1                 |   43|          8|   32|        256|
    |grp_fu_1705_ce                 |    9|          2|    1|          2|
    |grp_fu_1705_p0                 |   43|          8|   32|        256|
    |grp_fu_1705_p1                 |   43|          8|   32|        256|
    |grp_fu_1709_ce                 |    9|          2|    1|          2|
    |grp_fu_1709_p0                 |   31|          6|   32|        192|
    |grp_fu_1709_p1                 |   31|          6|   32|        192|
    |grp_fu_1713_ce                 |    9|          2|    1|          2|
    |grp_fu_1713_p0                 |   31|          6|   32|        192|
    |grp_fu_1713_p1                 |   31|          6|   32|        192|
    |grp_fu_1717_ce                 |    9|          2|    1|          2|
    |grp_fu_1717_p0                 |   31|          6|   32|        192|
    |grp_fu_1717_p1                 |   31|          6|   32|        192|
    |grp_fu_1721_ce                 |    9|          2|    1|          2|
    |grp_fu_1721_p0                 |   37|          7|   32|        224|
    |grp_fu_1721_p1                 |   37|          7|   32|        224|
    |grp_fu_1725_ce                 |    9|          2|    1|          2|
    |grp_fu_1725_p0                 |   31|          6|   32|        192|
    |grp_fu_1725_p1                 |   31|          6|   32|        192|
    |grp_fu_1729_ce                 |    9|          2|    1|          2|
    |grp_fu_1729_p0                 |   31|          6|   32|        192|
    |grp_fu_1729_p1                 |   31|          6|   32|        192|
    |grp_fu_1733_ce                 |    9|          2|    1|          2|
    |grp_fu_1733_p0                 |   31|          6|   32|        192|
    |grp_fu_1733_p1                 |   31|          6|   32|        192|
    |grp_fu_1737_ce                 |    9|          2|    1|          2|
    |grp_fu_1737_p0                 |   31|          6|   32|        192|
    |grp_fu_1737_p1                 |   31|          6|   32|        192|
    |grp_fu_1741_ce                 |    9|          2|    1|          2|
    |grp_fu_1741_p0                 |   26|          5|   32|        160|
    |grp_fu_1741_p1                 |   26|          5|   32|        160|
    |grp_fu_1745_ce                 |    9|          2|    1|          2|
    |grp_fu_1745_p0                 |   26|          5|   32|        160|
    |grp_fu_1745_p1                 |   26|          5|   32|        160|
    |grp_fu_1749_ce                 |    9|          2|    1|          2|
    |grp_fu_1749_p0                 |   26|          5|   32|        160|
    |grp_fu_1749_p1                 |   26|          5|   32|        160|
    |grp_fu_1753_ce                 |    9|          2|    1|          2|
    |grp_fu_1753_p0                 |   26|          5|   32|        160|
    |grp_fu_1753_p1                 |   26|          5|   32|        160|
    |grp_fu_1757_ce                 |    9|          2|    1|          2|
    |grp_fu_1757_p0                 |   26|          5|   32|        160|
    |grp_fu_1757_p1                 |   26|          5|   32|        160|
    |grp_fu_1761_ce                 |    9|          2|    1|          2|
    |grp_fu_1761_p0                 |   26|          5|   32|        160|
    |grp_fu_1761_p1                 |   26|          5|   32|        160|
    |grp_fu_1765_ce                 |    9|          2|    1|          2|
    |grp_fu_1765_p0                 |   26|          5|   32|        160|
    |grp_fu_1765_p1                 |   26|          5|   32|        160|
    |grp_fu_1769_ce                 |    9|          2|    1|          2|
    |grp_fu_1769_p0                 |   26|          5|   32|        160|
    |grp_fu_1769_p1                 |   26|          5|   32|        160|
    |grp_fu_1773_ce                 |    9|          2|    1|          2|
    |grp_fu_1773_p0                 |   14|          3|   32|         96|
    |grp_fu_1773_p1                 |   14|          3|   32|         96|
    |grp_fu_1777_ce                 |    9|          2|    1|          2|
    |grp_fu_1777_p0                 |   14|          3|   32|         96|
    |grp_fu_1777_p1                 |   14|          3|   32|         96|
    |grp_fu_1781_ce                 |    9|          2|    1|          2|
    |grp_fu_1781_p0                 |   14|          3|   32|         96|
    |grp_fu_1781_p1                 |   14|          3|   32|         96|
    |grp_fu_1785_ce                 |    9|          2|    1|          2|
    |grp_fu_1785_p0                 |   14|          3|   32|         96|
    |grp_fu_1785_p1                 |   14|          3|   32|         96|
    |grp_fu_1789_ce                 |    9|          2|    1|          2|
    |grp_fu_1789_p0                 |   14|          3|   32|         96|
    |grp_fu_1789_p1                 |   14|          3|   32|         96|
    |grp_fu_1793_ce                 |    9|          2|    1|          2|
    |grp_fu_1793_p0                 |   14|          3|   32|         96|
    |grp_fu_1793_p1                 |   14|          3|   32|         96|
    |grp_fu_1797_ce                 |    9|          2|    1|          2|
    |grp_fu_1797_p0                 |   14|          3|   32|         96|
    |grp_fu_1797_p1                 |   14|          3|   32|         96|
    |grp_fu_1801_ce                 |    9|          2|    1|          2|
    |grp_fu_1801_p0                 |   14|          3|   32|         96|
    |grp_fu_1801_p1                 |   14|          3|   32|         96|
    |grp_fu_1805_ce                 |    9|          2|    1|          2|
    |grp_fu_1805_p0                 |   14|          3|   32|         96|
    |grp_fu_1805_p1                 |   14|          3|   32|         96|
    |grp_fu_1809_ce                 |    9|          2|    1|          2|
    |grp_fu_1809_p0                 |   14|          3|   32|         96|
    |grp_fu_1809_p1                 |   14|          3|   32|         96|
    |grp_fu_1813_ce                 |    9|          2|    1|          2|
    |grp_fu_1813_p0                 |   14|          3|   32|         96|
    |grp_fu_1813_p1                 |   14|          3|   32|         96|
    |grp_fu_1817_ce                 |    9|          2|    1|          2|
    |grp_fu_1817_p0                 |   14|          3|   32|         96|
    |grp_fu_1817_p1                 |   14|          3|   32|         96|
    |grp_fu_1821_ce                 |    9|          2|    1|          2|
    |grp_fu_1821_p0                 |   14|          3|   32|         96|
    |grp_fu_1821_p1                 |   14|          3|   32|         96|
    |grp_fu_1825_ce                 |    9|          2|    1|          2|
    |grp_fu_1825_p0                 |   14|          3|   32|         96|
    |grp_fu_1825_p1                 |   14|          3|   32|         96|
    |grp_fu_1829_ce                 |    9|          2|    1|          2|
    |grp_fu_1829_p0                 |   14|          3|   32|         96|
    |grp_fu_1829_p1                 |   14|          3|   32|         96|
    |grp_fu_1833_ce                 |    9|          2|    1|          2|
    |grp_fu_1833_p0                 |   14|          3|   32|         96|
    |grp_fu_1833_p1                 |   14|          3|   32|         96|
    |grp_fu_1837_ce                 |    9|          2|    1|          2|
    |grp_fu_1837_p0                 |   14|          3|   32|         96|
    |grp_fu_1837_p1                 |   14|          3|   32|         96|
    |grp_fu_1841_ce                 |    9|          2|    1|          2|
    |grp_fu_1841_p0                 |   14|          3|   32|         96|
    |grp_fu_1841_p1                 |   14|          3|   32|         96|
    |grp_fu_1845_ce                 |    9|          2|    1|          2|
    |grp_fu_1845_p0                 |   14|          3|   32|         96|
    |grp_fu_1845_p1                 |   14|          3|   32|         96|
    |grp_fu_1849_ce                 |    9|          2|    1|          2|
    |grp_fu_1849_p0                 |   14|          3|   32|         96|
    |grp_fu_1849_p1                 |   14|          3|   32|         96|
    |grp_fu_1853_ce                 |    9|          2|    1|          2|
    |grp_fu_1853_p0                 |   14|          3|   32|         96|
    |grp_fu_1853_p1                 |   14|          3|   32|         96|
    |grp_fu_1857_ce                 |    9|          2|    1|          2|
    |grp_fu_1857_p0                 |   14|          3|   32|         96|
    |grp_fu_1857_p1                 |   14|          3|   32|         96|
    |grp_fu_1861_ce                 |    9|          2|    1|          2|
    |grp_fu_1861_p0                 |   14|          3|   32|         96|
    |grp_fu_1861_p1                 |   14|          3|   32|         96|
    |grp_fu_1865_ce                 |    9|          2|    1|          2|
    |grp_fu_1865_p0                 |   14|          3|   32|         96|
    |grp_fu_1865_p1                 |   14|          3|   32|         96|
    |m_axi_gmem_w_0_ARADDR          |   14|          3|   64|        192|
    |m_axi_gmem_w_0_ARBURST         |    9|          2|    2|          4|
    |m_axi_gmem_w_0_ARCACHE         |    9|          2|    4|          8|
    |m_axi_gmem_w_0_ARID            |    9|          2|    1|          2|
    |m_axi_gmem_w_0_ARLEN           |   14|          3|   32|         96|
    |m_axi_gmem_w_0_ARLOCK          |    9|          2|    2|          4|
    |m_axi_gmem_w_0_ARPROT          |    9|          2|    3|          6|
    |m_axi_gmem_w_0_ARQOS           |    9|          2|    4|          8|
    |m_axi_gmem_w_0_ARREGION        |    9|          2|    4|          8|
    |m_axi_gmem_w_0_ARSIZE          |    9|          2|    3|          6|
    |m_axi_gmem_w_0_ARUSER          |    9|          2|    1|          2|
    |m_axi_gmem_w_0_ARVALID         |   14|          3|    1|          3|
    |m_axi_gmem_w_0_RREADY          |    9|          2|    1|          2|
    |m_axi_gmem_y_0_AWADDR          |   14|          3|   64|        192|
    |m_axi_gmem_y_0_AWBURST         |    9|          2|    2|          4|
    |m_axi_gmem_y_0_AWCACHE         |    9|          2|    4|          8|
    |m_axi_gmem_y_0_AWID            |    9|          2|    1|          2|
    |m_axi_gmem_y_0_AWLEN           |   14|          3|   32|         96|
    |m_axi_gmem_y_0_AWLOCK          |    9|          2|    2|          4|
    |m_axi_gmem_y_0_AWPROT          |    9|          2|    3|          6|
    |m_axi_gmem_y_0_AWQOS           |    9|          2|    4|          8|
    |m_axi_gmem_y_0_AWREGION        |    9|          2|    4|          8|
    |m_axi_gmem_y_0_AWSIZE          |    9|          2|    3|          6|
    |m_axi_gmem_y_0_AWUSER          |    9|          2|    1|          2|
    |m_axi_gmem_y_0_AWVALID         |   14|          3|    1|          3|
    |m_axi_gmem_y_0_BREADY          |   14|          3|    1|          3|
    |m_axi_gmem_y_0_WVALID          |    9|          2|    1|          2|
    |m_reg_1452                     |    9|          2|    5|         10|
    |n_reg_1440                     |    9|          2|    6|         12|
    |result_tile_10_address1_local  |   26|          5|    5|         25|
    |result_tile_10_ce0             |    9|          2|    1|          2|
    |result_tile_10_d1_local        |   26|          5|   32|        160|
    |result_tile_11_address1_local  |   26|          5|    5|         25|
    |result_tile_11_ce0             |    9|          2|    1|          2|
    |result_tile_11_d1_local        |   26|          5|   32|        160|
    |result_tile_12_address1_local  |   26|          5|    5|         25|
    |result_tile_12_ce0             |    9|          2|    1|          2|
    |result_tile_12_d1_local        |   20|          4|   32|        128|
    |result_tile_13_address1_local  |   26|          5|    5|         25|
    |result_tile_13_ce0             |    9|          2|    1|          2|
    |result_tile_13_d1_local        |   26|          5|   32|        160|
    |result_tile_14_address1_local  |   26|          5|    5|         25|
    |result_tile_14_ce0             |    9|          2|    1|          2|
    |result_tile_14_d1_local        |   26|          5|   32|        160|
    |result_tile_15_address1_local  |   26|          5|    5|         25|
    |result_tile_15_ce0             |    9|          2|    1|          2|
    |result_tile_15_d1_local        |   26|          5|   32|        160|
    |result_tile_1_address1_local   |   26|          5|    5|         25|
    |result_tile_1_ce0              |    9|          2|    1|          2|
    |result_tile_1_d1_local         |   26|          5|   32|        160|
    |result_tile_2_address1_local   |   26|          5|    5|         25|
    |result_tile_2_ce0              |    9|          2|    1|          2|
    |result_tile_2_d1_local         |   26|          5|   32|        160|
    |result_tile_3_address1_local   |   26|          5|    5|         25|
    |result_tile_3_ce0              |    9|          2|    1|          2|
    |result_tile_3_d1_local         |   26|          5|   32|        160|
    |result_tile_4_address1_local   |   26|          5|    5|         25|
    |result_tile_4_ce0              |    9|          2|    1|          2|
    |result_tile_4_d1_local         |   20|          4|   32|        128|
    |result_tile_5_address1_local   |   26|          5|    5|         25|
    |result_tile_5_ce0              |    9|          2|    1|          2|
    |result_tile_5_d1_local         |   26|          5|   32|        160|
    |result_tile_6_address1_local   |   26|          5|    5|         25|
    |result_tile_6_ce0              |    9|          2|    1|          2|
    |result_tile_6_d1_local         |   26|          5|   32|        160|
    |result_tile_7_address1_local   |   26|          5|    5|         25|
    |result_tile_7_ce0              |    9|          2|    1|          2|
    |result_tile_7_d1_local         |   26|          5|   32|        160|
    |result_tile_8_address1_local   |   26|          5|    5|         25|
    |result_tile_8_ce0              |    9|          2|    1|          2|
    |result_tile_8_d1_local         |   20|          4|   32|        128|
    |result_tile_9_address1_local   |   26|          5|    5|         25|
    |result_tile_9_ce0              |    9|          2|    1|          2|
    |result_tile_9_d1_local         |   26|          5|   32|        160|
    |result_tile_address1_local     |   26|          5|    5|         25|
    |result_tile_ce0                |    9|          2|    1|          2|
    |result_tile_d1_local           |   20|          4|   32|        128|
    |weight_cache_1_ce0             |    9|          2|    1|          2|
    |weight_cache_1_ce1             |    9|          2|    1|          2|
    |weight_cache_1_we1             |    9|          2|    1|          2|
    |weight_cache_2_ce0             |    9|          2|    1|          2|
    |weight_cache_2_ce1             |    9|          2|    1|          2|
    |weight_cache_2_we1             |    9|          2|    1|          2|
    |weight_cache_3_ce0             |    9|          2|    1|          2|
    |weight_cache_3_ce1             |    9|          2|    1|          2|
    |weight_cache_3_we1             |    9|          2|    1|          2|
    |weight_cache_ce0               |    9|          2|    1|          2|
    |weight_cache_ce1               |    9|          2|    1|          2|
    |weight_cache_we1               |    9|          2|    1|          2|
    +-------------------------------+-----+-----------+-----+-----------+
    |Total                          | 4364|        890| 4004|      18164|
    +-------------------------------+-----+-----------+-----+-----------+

    * Register: 
    +-------------------------------------------------------------------------------------------------------------+----+----+-----+-----------+
    |                                                     Name                                                    | FF | LUT| Bits| Const Bits|
    +-------------------------------------------------------------------------------------------------------------+----+----+-----+-----------+
    |add_ln79_1_reg_4081                                                                                          |   4|   0|    4|          0|
    |add_ln79_reg_4086                                                                                            |  64|   0|   64|          0|
    |ap_CS_fsm                                                                                                    |  58|   0|   58|          0|
    |batch_tile_fu_156                                                                                            |   4|   0|    4|          0|
    |grp_p_anonymous_namespace_compute_weight_batch_Pipeline_VITIS_LOOP_168_9_fu_1475_ap_start_reg                |   1|   0|    1|          0|
    |grp_p_anonymous_namespace_compute_weight_batch_Pipeline_VITIS_LOOP_366_15_VITIS_LOOP_s_fu_1653_ap_start_reg  |   1|   0|    1|          0|
    |grp_p_anonymous_namespace_compute_weight_batch_Pipeline_VITIS_LOOP_80_2_VITIS_LOOP_81_fu_1464_ap_start_reg   |   1|   0|    1|          0|
    |m_reg_1452                                                                                                   |   5|   0|    5|          0|
    |mul_ln92_reg_4094                                                                                            |  12|   0|   12|          0|
    |mul_ln93_reg_4428                                                                                            |  11|   0|   11|          0|
    |n_reg_1440                                                                                                   |   6|   0|    6|          0|
    |reg_1869                                                                                                     |  32|   0|   32|          0|
    |reg_1880                                                                                                     |  32|   0|   32|          0|
    |reg_1895                                                                                                     |  32|   0|   32|          0|
    |reg_1909                                                                                                     |  32|   0|   32|          0|
    |reg_1923                                                                                                     |  32|   0|   32|          0|
    |reg_1933                                                                                                     |  32|   0|   32|          0|
    |reg_1943                                                                                                     |  32|   0|   32|          0|
    |reg_1953                                                                                                     |  32|   0|   32|          0|
    |reg_1963                                                                                                     |  32|   0|   32|          0|
    |reg_1973                                                                                                     |  32|   0|   32|          0|
    |reg_1983                                                                                                     |  32|   0|   32|          0|
    |reg_1993                                                                                                     |  32|   0|   32|          0|
    |reg_2003                                                                                                     |  32|   0|   32|          0|
    |reg_2009                                                                                                     |  32|   0|   32|          0|
    |reg_2015                                                                                                     |  32|   0|   32|          0|
    |reg_2021                                                                                                     |  32|   0|   32|          0|
    |reg_2027                                                                                                     |  32|   0|   32|          0|
    |reg_2032                                                                                                     |  32|   0|   32|          0|
    |reg_2037                                                                                                     |  32|   0|   32|          0|
    |reg_2043                                                                                                     |  32|   0|   32|          0|
    |reg_2049                                                                                                     |  32|   0|   32|          0|
    |reg_2055                                                                                                     |  32|   0|   32|          0|
    |reg_2061                                                                                                     |  32|   0|   32|          0|
    |reg_2067                                                                                                     |  32|   0|   32|          0|
    |reg_2073                                                                                                     |  32|   0|   32|          0|
    |reg_2079                                                                                                     |  32|   0|   32|          0|
    |reg_2085                                                                                                     |  32|   0|   32|          0|
    |reg_2091                                                                                                     |  32|   0|   32|          0|
    |reg_2097                                                                                                     |  32|   0|   32|          0|
    |reg_2103                                                                                                     |  32|   0|   32|          0|
    |reg_2109                                                                                                     |  32|   0|   32|          0|
    |reg_2116                                                                                                     |  32|   0|   32|          0|
    |result_tile_10_addr_1_reg_4289                                                                               |   4|   0|    5|          1|
    |result_tile_10_addr_2_reg_4309                                                                               |   3|   0|    5|          2|
    |result_tile_10_addr_3_reg_4329                                                                               |   3|   0|    5|          2|
    |result_tile_10_addr_reg_4269                                                                                 |   5|   0|    5|          0|
    |result_tile_11_addr_1_reg_4369                                                                               |   4|   0|    5|          1|
    |result_tile_11_addr_2_reg_4389                                                                               |   3|   0|    5|          2|
    |result_tile_11_addr_3_reg_4409                                                                               |   3|   0|    5|          2|
    |result_tile_11_addr_reg_4349                                                                                 |   5|   0|    5|          0|
    |result_tile_12_addr_1_reg_4134                                                                               |   4|   0|    5|          1|
    |result_tile_12_addr_2_reg_4154                                                                               |   3|   0|    5|          2|
    |result_tile_12_addr_3_reg_4174                                                                               |   3|   0|    5|          2|
    |result_tile_12_addr_reg_4114                                                                                 |   5|   0|    5|          0|
    |result_tile_13_addr_1_reg_4214                                                                               |   4|   0|    5|          1|
    |result_tile_13_addr_2_reg_4234                                                                               |   3|   0|    5|          2|
    |result_tile_13_addr_3_reg_4254                                                                               |   3|   0|    5|          2|
    |result_tile_13_addr_reg_4194                                                                                 |   5|   0|    5|          0|
    |result_tile_14_addr_1_reg_4294                                                                               |   4|   0|    5|          1|
    |result_tile_14_addr_2_reg_4314                                                                               |   3|   0|    5|          2|
    |result_tile_14_addr_3_reg_4334                                                                               |   3|   0|    5|          2|
    |result_tile_14_addr_reg_4274                                                                                 |   5|   0|    5|          0|
    |result_tile_15_addr_1_reg_4374                                                                               |   4|   0|    5|          1|
    |result_tile_15_addr_2_reg_4394                                                                               |   3|   0|    5|          2|
    |result_tile_15_addr_3_reg_4414                                                                               |   3|   0|    5|          2|
    |result_tile_15_addr_reg_4354                                                                                 |   5|   0|    5|          0|
    |result_tile_1_addr_1_reg_4199                                                                                |   4|   0|    5|          1|
    |result_tile_1_addr_2_reg_4219                                                                                |   3|   0|    5|          2|
    |result_tile_1_addr_3_reg_4239                                                                                |   3|   0|    5|          2|
    |result_tile_1_addr_reg_4179                                                                                  |   5|   0|    5|          0|
    |result_tile_2_addr_1_reg_4279                                                                                |   4|   0|    5|          1|
    |result_tile_2_addr_2_reg_4299                                                                                |   3|   0|    5|          2|
    |result_tile_2_addr_3_reg_4319                                                                                |   3|   0|    5|          2|
    |result_tile_2_addr_reg_4259                                                                                  |   5|   0|    5|          0|
    |result_tile_3_addr_1_reg_4359                                                                                |   4|   0|    5|          1|
    |result_tile_3_addr_2_reg_4379                                                                                |   3|   0|    5|          2|
    |result_tile_3_addr_3_reg_4399                                                                                |   3|   0|    5|          2|
    |result_tile_3_addr_reg_4339                                                                                  |   5|   0|    5|          0|
    |result_tile_4_addr_1_reg_4124                                                                                |   4|   0|    5|          1|
    |result_tile_4_addr_2_reg_4144                                                                                |   3|   0|    5|          2|
    |result_tile_4_addr_3_reg_4164                                                                                |   3|   0|    5|          2|
    |result_tile_4_addr_reg_4104                                                                                  |   5|   0|    5|          0|
    |result_tile_5_addr_1_reg_4204                                                                                |   4|   0|    5|          1|
    |result_tile_5_addr_2_reg_4224                                                                                |   3|   0|    5|          2|
    |result_tile_5_addr_3_reg_4244                                                                                |   3|   0|    5|          2|
    |result_tile_5_addr_reg_4184                                                                                  |   5|   0|    5|          0|
    |result_tile_6_addr_1_reg_4284                                                                                |   4|   0|    5|          1|
    |result_tile_6_addr_2_reg_4304                                                                                |   3|   0|    5|          2|
    |result_tile_6_addr_3_reg_4324                                                                                |   3|   0|    5|          2|
    |result_tile_6_addr_reg_4264                                                                                  |   5|   0|    5|          0|
    |result_tile_7_addr_1_reg_4364                                                                                |   4|   0|    5|          1|
    |result_tile_7_addr_2_reg_4384                                                                                |   3|   0|    5|          2|
    |result_tile_7_addr_3_reg_4404                                                                                |   3|   0|    5|          2|
    |result_tile_7_addr_reg_4344                                                                                  |   5|   0|    5|          0|
    |result_tile_8_addr_1_reg_4129                                                                                |   4|   0|    5|          1|
    |result_tile_8_addr_2_reg_4149                                                                                |   3|   0|    5|          2|
    |result_tile_8_addr_3_reg_4169                                                                                |   3|   0|    5|          2|
    |result_tile_8_addr_reg_4109                                                                                  |   5|   0|    5|          0|
    |result_tile_9_addr_1_reg_4209                                                                                |   4|   0|    5|          1|
    |result_tile_9_addr_2_reg_4229                                                                                |   3|   0|    5|          2|
    |result_tile_9_addr_3_reg_4249                                                                                |   3|   0|    5|          2|
    |result_tile_9_addr_reg_4189                                                                                  |   5|   0|    5|          0|
    |result_tile_addr_1_reg_4119                                                                                  |   4|   0|    5|          1|
    |result_tile_addr_2_reg_4139                                                                                  |   3|   0|    5|          2|
    |result_tile_addr_3_reg_4159                                                                                  |   3|   0|    5|          2|
    |result_tile_addr_reg_4099                                                                                    |   5|   0|    5|          0|
    |t0_10_reg_4902                                                                                               |  32|   0|   32|          0|
    |t0_12_reg_4922                                                                                               |  32|   0|   32|          0|
    |t0_13_reg_4942                                                                                               |  32|   0|   32|          0|
    |t0_14_reg_4962                                                                                               |  32|   0|   32|          0|
    |t0_16_reg_4882                                                                                               |  32|   0|   32|          0|
    |t0_3_reg_4822                                                                                                |  32|   0|   32|          0|
    |t0_5_reg_4842                                                                                                |  32|   0|   32|          0|
    |t0_9_reg_4862                                                                                                |  32|   0|   32|          0|
    |t1_10_reg_4907                                                                                               |  32|   0|   32|          0|
    |t1_12_reg_4927                                                                                               |  32|   0|   32|          0|
    |t1_13_reg_4947                                                                                               |  32|   0|   32|          0|
    |t1_14_reg_4967                                                                                               |  32|   0|   32|          0|
    |t1_16_reg_4887                                                                                               |  32|   0|   32|          0|
    |t1_3_reg_4827                                                                                                |  32|   0|   32|          0|
    |t1_5_reg_4847                                                                                                |  32|   0|   32|          0|
    |t1_9_reg_4867                                                                                                |  32|   0|   32|          0|
    |t2_10_reg_4912                                                                                               |  32|   0|   32|          0|
    |t2_12_reg_4932                                                                                               |  32|   0|   32|          0|
    |t2_13_reg_4952                                                                                               |  32|   0|   32|          0|
    |t2_14_reg_4972                                                                                               |  32|   0|   32|          0|
    |t2_16_reg_4892                                                                                               |  32|   0|   32|          0|
    |t2_3_reg_4832                                                                                                |  32|   0|   32|          0|
    |t2_5_reg_4852                                                                                                |  32|   0|   32|          0|
    |t2_9_reg_4872                                                                                                |  32|   0|   32|          0|
    |t3_10_reg_4917                                                                                               |  32|   0|   32|          0|
    |t3_12_reg_4937                                                                                               |  32|   0|   32|          0|
    |t3_13_reg_4957                                                                                               |  32|   0|   32|          0|
    |t3_14_reg_4977                                                                                               |  32|   0|   32|          0|
    |t3_16_reg_4897                                                                                               |  32|   0|   32|          0|
    |t3_3_reg_4837                                                                                                |  32|   0|   32|          0|
    |t3_5_reg_4857                                                                                                |  32|   0|   32|          0|
    |t3_9_reg_4877                                                                                                |  32|   0|   32|          0|
    |tmp_17_reg_4073                                                                                              |  32|   0|   33|          1|
    |trunc_ln2_reg_4419                                                                                           |  59|   0|   59|          0|
    |trunc_ln93_reg_5078                                                                                          |   4|   0|    4|          0|
    |trunc_ln_reg_4048                                                                                            |  60|   0|   60|          0|
    |zext_ln79_reg_4068                                                                                           |   6|   0|   64|         58|
    +-------------------------------------------------------------------------------------------------------------+----+----+-----+-----------+
    |Total                                                                                                        |2616|   0| 2755|        139|
    +-------------------------------------------------------------------------------------------------------------+----+----+-----+-----------+



================================================================
== Interface
================================================================
* Summary: 
+-------------------------------------------------+-----+-----+------------+-------------------------------------------+--------------+
|                    RTL Ports                    | Dir | Bits|  Protocol  |               Source Object               |    C Type    |
+-------------------------------------------------+-----+-----+------------+-------------------------------------------+--------------+
|ap_clk                                           |   in|    1|  ap_ctrl_hs|  (anonymous namespace)compute_weight_batch|  return value|
|ap_rst                                           |   in|    1|  ap_ctrl_hs|  (anonymous namespace)compute_weight_batch|  return value|
|ap_start                                         |   in|    1|  ap_ctrl_hs|  (anonymous namespace)compute_weight_batch|  return value|
|ap_done                                          |  out|    1|  ap_ctrl_hs|  (anonymous namespace)compute_weight_batch|  return value|
|ap_idle                                          |  out|    1|  ap_ctrl_hs|  (anonymous namespace)compute_weight_batch|  return value|
|ap_ready                                         |  out|    1|  ap_ctrl_hs|  (anonymous namespace)compute_weight_batch|  return value|
|m_axi_gmem_w_0_AWVALID                           |  out|    1|       m_axi|                                     gmem_w|       pointer|
|m_axi_gmem_w_0_AWREADY                           |   in|    1|       m_axi|                                     gmem_w|       pointer|
|m_axi_gmem_w_0_AWADDR                            |  out|   64|       m_axi|                                     gmem_w|       pointer|
|m_axi_gmem_w_0_AWID                              |  out|    1|       m_axi|                                     gmem_w|       pointer|
|m_axi_gmem_w_0_AWLEN                             |  out|   32|       m_axi|                                     gmem_w|       pointer|
|m_axi_gmem_w_0_AWSIZE                            |  out|    3|       m_axi|                                     gmem_w|       pointer|
|m_axi_gmem_w_0_AWBURST                           |  out|    2|       m_axi|                                     gmem_w|       pointer|
|m_axi_gmem_w_0_AWLOCK                            |  out|    2|       m_axi|                                     gmem_w|       pointer|
|m_axi_gmem_w_0_AWCACHE                           |  out|    4|       m_axi|                                     gmem_w|       pointer|
|m_axi_gmem_w_0_AWPROT                            |  out|    3|       m_axi|                                     gmem_w|       pointer|
|m_axi_gmem_w_0_AWQOS                             |  out|    4|       m_axi|                                     gmem_w|       pointer|
|m_axi_gmem_w_0_AWREGION                          |  out|    4|       m_axi|                                     gmem_w|       pointer|
|m_axi_gmem_w_0_AWUSER                            |  out|    1|       m_axi|                                     gmem_w|       pointer|
|m_axi_gmem_w_0_WVALID                            |  out|    1|       m_axi|                                     gmem_w|       pointer|
|m_axi_gmem_w_0_WREADY                            |   in|    1|       m_axi|                                     gmem_w|       pointer|
|m_axi_gmem_w_0_WDATA                             |  out|  128|       m_axi|                                     gmem_w|       pointer|
|m_axi_gmem_w_0_WSTRB                             |  out|   16|       m_axi|                                     gmem_w|       pointer|
|m_axi_gmem_w_0_WLAST                             |  out|    1|       m_axi|                                     gmem_w|       pointer|
|m_axi_gmem_w_0_WID                               |  out|    1|       m_axi|                                     gmem_w|       pointer|
|m_axi_gmem_w_0_WUSER                             |  out|    1|       m_axi|                                     gmem_w|       pointer|
|m_axi_gmem_w_0_ARVALID                           |  out|    1|       m_axi|                                     gmem_w|       pointer|
|m_axi_gmem_w_0_ARREADY                           |   in|    1|       m_axi|                                     gmem_w|       pointer|
|m_axi_gmem_w_0_ARADDR                            |  out|   64|       m_axi|                                     gmem_w|       pointer|
|m_axi_gmem_w_0_ARID                              |  out|    1|       m_axi|                                     gmem_w|       pointer|
|m_axi_gmem_w_0_ARLEN                             |  out|   32|       m_axi|                                     gmem_w|       pointer|
|m_axi_gmem_w_0_ARSIZE                            |  out|    3|       m_axi|                                     gmem_w|       pointer|
|m_axi_gmem_w_0_ARBURST                           |  out|    2|       m_axi|                                     gmem_w|       pointer|
|m_axi_gmem_w_0_ARLOCK                            |  out|    2|       m_axi|                                     gmem_w|       pointer|
|m_axi_gmem_w_0_ARCACHE                           |  out|    4|       m_axi|                                     gmem_w|       pointer|
|m_axi_gmem_w_0_ARPROT                            |  out|    3|       m_axi|                                     gmem_w|       pointer|
|m_axi_gmem_w_0_ARQOS                             |  out|    4|       m_axi|                                     gmem_w|       pointer|
|m_axi_gmem_w_0_ARREGION                          |  out|    4|       m_axi|                                     gmem_w|       pointer|
|m_axi_gmem_w_0_ARUSER                            |  out|    1|       m_axi|                                     gmem_w|       pointer|
|m_axi_gmem_w_0_RVALID                            |   in|    1|       m_axi|                                     gmem_w|       pointer|
|m_axi_gmem_w_0_RREADY                            |  out|    1|       m_axi|                                     gmem_w|       pointer|
|m_axi_gmem_w_0_RDATA                             |   in|  128|       m_axi|                                     gmem_w|       pointer|
|m_axi_gmem_w_0_RLAST                             |   in|    1|       m_axi|                                     gmem_w|       pointer|
|m_axi_gmem_w_0_RID                               |   in|    1|       m_axi|                                     gmem_w|       pointer|
|m_axi_gmem_w_0_RFIFONUM                          |   in|   10|       m_axi|                                     gmem_w|       pointer|
|m_axi_gmem_w_0_RUSER                             |   in|    1|       m_axi|                                     gmem_w|       pointer|
|m_axi_gmem_w_0_RRESP                             |   in|    2|       m_axi|                                     gmem_w|       pointer|
|m_axi_gmem_w_0_BVALID                            |   in|    1|       m_axi|                                     gmem_w|       pointer|
|m_axi_gmem_w_0_BREADY                            |  out|    1|       m_axi|                                     gmem_w|       pointer|
|m_axi_gmem_w_0_BRESP                             |   in|    2|       m_axi|                                     gmem_w|       pointer|
|m_axi_gmem_w_0_BID                               |   in|    1|       m_axi|                                     gmem_w|       pointer|
|m_axi_gmem_w_0_BUSER                             |   in|    1|       m_axi|                                     gmem_w|       pointer|
|weight_batch                                     |   in|   64|     ap_none|                               weight_batch|        scalar|
|m_axi_gmem_y_0_AWVALID                           |  out|    1|       m_axi|                                     gmem_y|       pointer|
|m_axi_gmem_y_0_AWREADY                           |   in|    1|       m_axi|                                     gmem_y|       pointer|
|m_axi_gmem_y_0_AWADDR                            |  out|   64|       m_axi|                                     gmem_y|       pointer|
|m_axi_gmem_y_0_AWID                              |  out|    1|       m_axi|                                     gmem_y|       pointer|
|m_axi_gmem_y_0_AWLEN                             |  out|   32|       m_axi|                                     gmem_y|       pointer|
|m_axi_gmem_y_0_AWSIZE                            |  out|    3|       m_axi|                                     gmem_y|       pointer|
|m_axi_gmem_y_0_AWBURST                           |  out|    2|       m_axi|                                     gmem_y|       pointer|
|m_axi_gmem_y_0_AWLOCK                            |  out|    2|       m_axi|                                     gmem_y|       pointer|
|m_axi_gmem_y_0_AWCACHE                           |  out|    4|       m_axi|                                     gmem_y|       pointer|
|m_axi_gmem_y_0_AWPROT                            |  out|    3|       m_axi|                                     gmem_y|       pointer|
|m_axi_gmem_y_0_AWQOS                             |  out|    4|       m_axi|                                     gmem_y|       pointer|
|m_axi_gmem_y_0_AWREGION                          |  out|    4|       m_axi|                                     gmem_y|       pointer|
|m_axi_gmem_y_0_AWUSER                            |  out|    1|       m_axi|                                     gmem_y|       pointer|
|m_axi_gmem_y_0_WVALID                            |  out|    1|       m_axi|                                     gmem_y|       pointer|
|m_axi_gmem_y_0_WREADY                            |   in|    1|       m_axi|                                     gmem_y|       pointer|
|m_axi_gmem_y_0_WDATA                             |  out|  256|       m_axi|                                     gmem_y|       pointer|
|m_axi_gmem_y_0_WSTRB                             |  out|   32|       m_axi|                                     gmem_y|       pointer|
|m_axi_gmem_y_0_WLAST                             |  out|    1|       m_axi|                                     gmem_y|       pointer|
|m_axi_gmem_y_0_WID                               |  out|    1|       m_axi|                                     gmem_y|       pointer|
|m_axi_gmem_y_0_WUSER                             |  out|    1|       m_axi|                                     gmem_y|       pointer|
|m_axi_gmem_y_0_ARVALID                           |  out|    1|       m_axi|                                     gmem_y|       pointer|
|m_axi_gmem_y_0_ARREADY                           |   in|    1|       m_axi|                                     gmem_y|       pointer|
|m_axi_gmem_y_0_ARADDR                            |  out|   64|       m_axi|                                     gmem_y|       pointer|
|m_axi_gmem_y_0_ARID                              |  out|    1|       m_axi|                                     gmem_y|       pointer|
|m_axi_gmem_y_0_ARLEN                             |  out|   32|       m_axi|                                     gmem_y|       pointer|
|m_axi_gmem_y_0_ARSIZE                            |  out|    3|       m_axi|                                     gmem_y|       pointer|
|m_axi_gmem_y_0_ARBURST                           |  out|    2|       m_axi|                                     gmem_y|       pointer|
|m_axi_gmem_y_0_ARLOCK                            |  out|    2|       m_axi|                                     gmem_y|       pointer|
|m_axi_gmem_y_0_ARCACHE                           |  out|    4|       m_axi|                                     gmem_y|       pointer|
|m_axi_gmem_y_0_ARPROT                            |  out|    3|       m_axi|                                     gmem_y|       pointer|
|m_axi_gmem_y_0_ARQOS                             |  out|    4|       m_axi|                                     gmem_y|       pointer|
|m_axi_gmem_y_0_ARREGION                          |  out|    4|       m_axi|                                     gmem_y|       pointer|
|m_axi_gmem_y_0_ARUSER                            |  out|    1|       m_axi|                                     gmem_y|       pointer|
|m_axi_gmem_y_0_RVALID                            |   in|    1|       m_axi|                                     gmem_y|       pointer|
|m_axi_gmem_y_0_RREADY                            |  out|    1|       m_axi|                                     gmem_y|       pointer|
|m_axi_gmem_y_0_RDATA                             |   in|  256|       m_axi|                                     gmem_y|       pointer|
|m_axi_gmem_y_0_RLAST                             |   in|    1|       m_axi|                                     gmem_y|       pointer|
|m_axi_gmem_y_0_RID                               |   in|    1|       m_axi|                                     gmem_y|       pointer|
|m_axi_gmem_y_0_RFIFONUM                          |   in|    9|       m_axi|                                     gmem_y|       pointer|
|m_axi_gmem_y_0_RUSER                             |   in|    1|       m_axi|                                     gmem_y|       pointer|
|m_axi_gmem_y_0_RRESP                             |   in|    2|       m_axi|                                     gmem_y|       pointer|
|m_axi_gmem_y_0_BVALID                            |   in|    1|       m_axi|                                     gmem_y|       pointer|
|m_axi_gmem_y_0_BREADY                            |  out|    1|       m_axi|                                     gmem_y|       pointer|
|m_axi_gmem_y_0_BRESP                             |   in|    2|       m_axi|                                     gmem_y|       pointer|
|m_axi_gmem_y_0_BID                               |   in|    1|       m_axi|                                     gmem_y|       pointer|
|m_axi_gmem_y_0_BUSER                             |   in|    1|       m_axi|                                     gmem_y|       pointer|
|output_batch                                     |   in|   64|     ap_none|                               output_batch|        scalar|
|tile_rows                                        |   in|   32|     ap_none|                                  tile_rows|        scalar|
|p_ZN12_GLOBAL_N_116activation_cacheE_3_address0  |  out|   13|   ap_memory|     p_ZN12_GLOBAL_N_116activation_cacheE_3|         array|
|p_ZN12_GLOBAL_N_116activation_cacheE_3_ce0       |  out|    1|   ap_memory|     p_ZN12_GLOBAL_N_116activation_cacheE_3|         array|
|p_ZN12_GLOBAL_N_116activation_cacheE_3_q0        |   in|  256|   ap_memory|     p_ZN12_GLOBAL_N_116activation_cacheE_3|         array|
|p_ZN12_GLOBAL_N_116activation_cacheE_2_address0  |  out|   13|   ap_memory|     p_ZN12_GLOBAL_N_116activation_cacheE_2|         array|
|p_ZN12_GLOBAL_N_116activation_cacheE_2_ce0       |  out|    1|   ap_memory|     p_ZN12_GLOBAL_N_116activation_cacheE_2|         array|
|p_ZN12_GLOBAL_N_116activation_cacheE_2_q0        |   in|  256|   ap_memory|     p_ZN12_GLOBAL_N_116activation_cacheE_2|         array|
|p_ZN12_GLOBAL_N_116activation_cacheE_1_address0  |  out|   13|   ap_memory|     p_ZN12_GLOBAL_N_116activation_cacheE_1|         array|
|p_ZN12_GLOBAL_N_116activation_cacheE_1_ce0       |  out|    1|   ap_memory|     p_ZN12_GLOBAL_N_116activation_cacheE_1|         array|
|p_ZN12_GLOBAL_N_116activation_cacheE_1_q0        |   in|  256|   ap_memory|     p_ZN12_GLOBAL_N_116activation_cacheE_1|         array|
|p_ZN12_GLOBAL_N_116activation_cacheE_0_address0  |  out|   13|   ap_memory|     p_ZN12_GLOBAL_N_116activation_cacheE_0|         array|
|p_ZN12_GLOBAL_N_116activation_cacheE_0_ce0       |  out|    1|   ap_memory|     p_ZN12_GLOBAL_N_116activation_cacheE_0|         array|
|p_ZN12_GLOBAL_N_116activation_cacheE_0_q0        |   in|  256|   ap_memory|     p_ZN12_GLOBAL_N_116activation_cacheE_0|         array|
+-------------------------------------------------+-----+-----+------------+-------------------------------------------+--------------+

