

================================================================
== Vitis HLS Report for 'vision_gemm'
================================================================
* Date:           Thu Sep 24 13:20:44 2026

* Version:        2024.2 (Build 5238294 on Nov  8 2024)
* Project:        project
* Solution:       solution1 (Vivado IP Flow Target)
* Product family: zynquplus
* Target device:  xck26-sfvc784-2LV-c


================================================================
== Performance Estimates
================================================================
+ Timing: 
    * Summary: 
    +--------+---------+----------+------------+
    |  Clock |  Target | Estimated| Uncertainty|
    +--------+---------+----------+------------+
    |ap_clk  |  5.00 ns|  3.650 ns|     1.35 ns|
    +--------+---------+----------+------------+

+ Latency: 
    * Summary: 
    +------------+------------+------------+------------+------------+------------+---------+
    |     Latency (cycles)    |    Latency (absolute)   |         Interval        | Pipeline|
    |     min    |     max    |     min    |     max    |     min    |     max    |   Type  |
    +------------+------------+------------+------------+------------+------------+---------+
    |  2953125145|  4688497945|  14.766 sec|  23.442 sec|  2953125146|  4688497946|       no|
    +------------+------------+------------+------------+------------+------------+---------+

    + Detail: 
        * Instance: 
        +------------------------------+-------------------+---------+---------+----------+----------+---------+---------+---------+
        |                              |                   |  Latency (cycles) |  Latency (absolute) |      Interval     | Pipeline|
        |           Instance           |       Module      |   min   |   max   |    min   |    max   |   min   |   max   |   Type  |
        +------------------------------+-------------------+---------+---------+----------+----------+---------+---------+---------+
        |grp_vision_macro_tile_fu_124  |vision_macro_tile  |  1171872|  1860512|  5.859 ms|  9.303 ms|  1171872|  1860512|       no|
        +------------------------------+-------------------+---------+---------+----------+----------+---------+---------+---------+

        * Loop: 
        +---------------------+------------+------------+---------------------+-----------+-----------+------+----------+
        |                     |     Latency (cycles)    |      Iteration      |  Initiation Interval  | Trip |          |
        |      Loop Name      |     min    |     max    |       Latency       |  achieved |   target  | Count| Pipelined|
        +---------------------+------------+------------+---------------------+-----------+-----------+------+----------+
        |- VITIS_LOOP_122_1   |  2953125144|  4688497944|  41015627 ~ 65118027|          -|          -|    72|        no|
        | + VITIS_LOOP_123_2  |    41015625|    65118025|    1171875 ~ 1860515|          -|          -|    35|        no|
        +---------------------+------------+------------+---------------------+-----------+-----------+------+----------+



================================================================
== Utilization Estimates
================================================================
* Summary: 
+-----------------+---------+------+--------+--------+-----+
|       Name      | BRAM_18K|  DSP |   FF   |   LUT  | URAM|
+-----------------+---------+------+--------+--------+-----+
|DSP              |        -|     -|       -|       -|    -|
|Expression       |        -|     -|       0|      72|    -|
|FIFO             |        -|     -|       -|       -|    -|
|Instance         |        6|    16|    7335|    8510|   56|
|Memory           |        -|     -|       -|       -|    -|
|Multiplexer      |        -|     -|       0|     112|    -|
|Register         |        -|     -|     242|       -|    -|
+-----------------+---------+------+--------+--------+-----+
|Total            |        6|    16|    7577|    8694|   56|
+-----------------+---------+------+--------+--------+-----+
|Available        |      288|  1248|  234240|  117120|   64|
+-----------------+---------+------+--------+--------+-----+
|Utilization (%)  |        2|     1|       3|       7|   87|
+-----------------+---------+------+--------+--------+-----+

+ Detail: 
    * Instance: 
    +------------------------------+-------------------+---------+----+------+------+-----+
    |           Instance           |       Module      | BRAM_18K| DSP|  FF  |  LUT | URAM|
    +------------------------------+-------------------+---------+----+------+------+-----+
    |control_s_axi_U               |control_s_axi      |        0|   0|   246|   424|    0|
    |gmem_w_m_axi_U                |gmem_w_m_axi       |        2|   0|   700|   739|    0|
    |gmem_x_m_axi_U                |gmem_x_m_axi       |        2|   0|   675|   642|    0|
    |gmem_y_m_axi_U                |gmem_y_m_axi       |        2|   0|   669|   632|    0|
    |grp_vision_macro_tile_fu_124  |vision_macro_tile  |        0|  16|  5045|  6073|   56|
    +------------------------------+-------------------+---------+----+------+------+-----+
    |Total                         |                   |        6|  16|  7335|  8510|   56|
    +------------------------------+-------------------+---------+----+------+------+-----+

    * DSP: 
    N/A

    * Memory: 
    N/A

    * FIFO: 
    N/A

    * Expression: 
    +----------------------+----------+----+---+----+------------+------------+
    |     Variable Name    | Operation| DSP| FF| LUT| Bitwidth P0| Bitwidth P1|
    +----------------------+----------+----+---+----+------------+------------+
    |m0_3_fu_160_p2        |         +|   0|  0|  18|          11|           5|
    |n0_1_fu_170_p2        |         +|   0|  0|  18|          11|           6|
    |icmp_ln122_fu_148_p2  |      icmp|   0|  0|  18|          11|          11|
    |icmp_ln123_fu_154_p2  |      icmp|   0|  0|  18|          11|          11|
    +----------------------+----------+----+---+----+------------+------------+
    |Total                 |          |   0|  0|  72|          44|          33|
    +----------------------+----------+----+---+----+------------+------------+

    * Multiplexer: 
    +------------------+----+-----------+-----+-----------+
    |       Name       | LUT| Input Size| Bits| Total Bits|
    +------------------+----+-----------+-----+-----------+
    |ap_NS_fsm         |  31|          6|    1|          6|
    |gmem_w_0_ARVALID  |   9|          2|    1|          2|
    |gmem_w_0_RREADY   |   9|          2|    1|          2|
    |gmem_x_0_ARVALID  |   9|          2|    1|          2|
    |gmem_x_0_RREADY   |   9|          2|    1|          2|
    |gmem_y_0_AWVALID  |   9|          2|    1|          2|
    |gmem_y_0_BREADY   |   9|          2|    1|          2|
    |gmem_y_0_WVALID   |   9|          2|    1|          2|
    |m0_fu_90          |   9|          2|   11|         22|
    |n0_reg_112        |   9|          2|   11|         22|
    +------------------+----+-----------+-----+-----------+
    |Total             | 112|         24|   30|         64|
    +------------------+----+-----------+-----+-----------+

    * Register: 
    +-------------------------------------------+----+----+-----+-----------+
    |                    Name                   | FF | LUT| Bits| Const Bits|
    +-------------------------------------------+----+----+-----+-----------+
    |activations_f32_read_reg_188               |  64|   0|   64|          0|
    |ap_CS_fsm                                  |   5|   0|    5|          0|
    |grp_vision_macro_tile_fu_124_ap_start_reg  |   1|   0|    1|          0|
    |m0_2_reg_198                               |  11|   0|   11|          0|
    |m0_fu_90                                   |  11|   0|   11|          0|
    |n0_1_reg_209                               |  11|   0|   11|          0|
    |n0_reg_112                                 |  11|   0|   11|          0|
    |output_f32_read_reg_183                    |  64|   0|   64|          0|
    |weights_f16_read_reg_193                   |  64|   0|   64|          0|
    +-------------------------------------------+----+----+-----+-----------+
    |Total                                      | 242|   0|  242|          0|
    +-------------------------------------------+----+----+-----+-----------+



================================================================
== Interface
================================================================
* Summary: 
+-----------------------+-----+-----+------------+--------------+--------------+
|       RTL Ports       | Dir | Bits|  Protocol  | Source Object|    C Type    |
+-----------------------+-----+-----+------------+--------------+--------------+
|s_axi_control_AWVALID  |   in|    1|       s_axi|       control|        scalar|
|s_axi_control_AWREADY  |  out|    1|       s_axi|       control|        scalar|
|s_axi_control_AWADDR   |   in|    6|       s_axi|       control|        scalar|
|s_axi_control_WVALID   |   in|    1|       s_axi|       control|        scalar|
|s_axi_control_WREADY   |  out|    1|       s_axi|       control|        scalar|
|s_axi_control_WDATA    |   in|   32|       s_axi|       control|        scalar|
|s_axi_control_WSTRB    |   in|    4|       s_axi|       control|        scalar|
|s_axi_control_ARVALID  |   in|    1|       s_axi|       control|        scalar|
|s_axi_control_ARREADY  |  out|    1|       s_axi|       control|        scalar|
|s_axi_control_ARADDR   |   in|    6|       s_axi|       control|        scalar|
|s_axi_control_RVALID   |  out|    1|       s_axi|       control|        scalar|
|s_axi_control_RREADY   |   in|    1|       s_axi|       control|        scalar|
|s_axi_control_RDATA    |  out|   32|       s_axi|       control|        scalar|
|s_axi_control_RRESP    |  out|    2|       s_axi|       control|        scalar|
|s_axi_control_BVALID   |  out|    1|       s_axi|       control|        scalar|
|s_axi_control_BREADY   |   in|    1|       s_axi|       control|        scalar|
|s_axi_control_BRESP    |  out|    2|       s_axi|       control|        scalar|
|ap_clk                 |   in|    1|  ap_ctrl_hs|   vision_gemm|  return value|
|ap_rst_n               |   in|    1|  ap_ctrl_hs|   vision_gemm|  return value|
|interrupt              |  out|    1|  ap_ctrl_hs|   vision_gemm|  return value|
|m_axi_gmem_w_AWVALID   |  out|    1|       m_axi|        gmem_w|       pointer|
|m_axi_gmem_w_AWREADY   |   in|    1|       m_axi|        gmem_w|       pointer|
|m_axi_gmem_w_AWADDR    |  out|   64|       m_axi|        gmem_w|       pointer|
|m_axi_gmem_w_AWID      |  out|    1|       m_axi|        gmem_w|       pointer|
|m_axi_gmem_w_AWLEN     |  out|    8|       m_axi|        gmem_w|       pointer|
|m_axi_gmem_w_AWSIZE    |  out|    3|       m_axi|        gmem_w|       pointer|
|m_axi_gmem_w_AWBURST   |  out|    2|       m_axi|        gmem_w|       pointer|
|m_axi_gmem_w_AWLOCK    |  out|    2|       m_axi|        gmem_w|       pointer|
|m_axi_gmem_w_AWCACHE   |  out|    4|       m_axi|        gmem_w|       pointer|
|m_axi_gmem_w_AWPROT    |  out|    3|       m_axi|        gmem_w|       pointer|
|m_axi_gmem_w_AWQOS     |  out|    4|       m_axi|        gmem_w|       pointer|
|m_axi_gmem_w_AWREGION  |  out|    4|       m_axi|        gmem_w|       pointer|
|m_axi_gmem_w_AWUSER    |  out|    1|       m_axi|        gmem_w|       pointer|
|m_axi_gmem_w_WVALID    |  out|    1|       m_axi|        gmem_w|       pointer|
|m_axi_gmem_w_WREADY    |   in|    1|       m_axi|        gmem_w|       pointer|
|m_axi_gmem_w_WDATA     |  out|   32|       m_axi|        gmem_w|       pointer|
|m_axi_gmem_w_WSTRB     |  out|    4|       m_axi|        gmem_w|       pointer|
|m_axi_gmem_w_WLAST     |  out|    1|       m_axi|        gmem_w|       pointer|
|m_axi_gmem_w_WID       |  out|    1|       m_axi|        gmem_w|       pointer|
|m_axi_gmem_w_WUSER     |  out|    1|       m_axi|        gmem_w|       pointer|
|m_axi_gmem_w_ARVALID   |  out|    1|       m_axi|        gmem_w|       pointer|
|m_axi_gmem_w_ARREADY   |   in|    1|       m_axi|        gmem_w|       pointer|
|m_axi_gmem_w_ARADDR    |  out|   64|       m_axi|        gmem_w|       pointer|
|m_axi_gmem_w_ARID      |  out|    1|       m_axi|        gmem_w|       pointer|
|m_axi_gmem_w_ARLEN     |  out|    8|       m_axi|        gmem_w|       pointer|
|m_axi_gmem_w_ARSIZE    |  out|    3|       m_axi|        gmem_w|       pointer|
|m_axi_gmem_w_ARBURST   |  out|    2|       m_axi|        gmem_w|       pointer|
|m_axi_gmem_w_ARLOCK    |  out|    2|       m_axi|        gmem_w|       pointer|
|m_axi_gmem_w_ARCACHE   |  out|    4|       m_axi|        gmem_w|       pointer|
|m_axi_gmem_w_ARPROT    |  out|    3|       m_axi|        gmem_w|       pointer|
|m_axi_gmem_w_ARQOS     |  out|    4|       m_axi|        gmem_w|       pointer|
|m_axi_gmem_w_ARREGION  |  out|    4|       m_axi|        gmem_w|       pointer|
|m_axi_gmem_w_ARUSER    |  out|    1|       m_axi|        gmem_w|       pointer|
|m_axi_gmem_w_RVALID    |   in|    1|       m_axi|        gmem_w|       pointer|
|m_axi_gmem_w_RREADY    |  out|    1|       m_axi|        gmem_w|       pointer|
|m_axi_gmem_w_RDATA     |   in|   32|       m_axi|        gmem_w|       pointer|
|m_axi_gmem_w_RLAST     |   in|    1|       m_axi|        gmem_w|       pointer|
|m_axi_gmem_w_RID       |   in|    1|       m_axi|        gmem_w|       pointer|
|m_axi_gmem_w_RUSER     |   in|    1|       m_axi|        gmem_w|       pointer|
|m_axi_gmem_w_RRESP     |   in|    2|       m_axi|        gmem_w|       pointer|
|m_axi_gmem_w_BVALID    |   in|    1|       m_axi|        gmem_w|       pointer|
|m_axi_gmem_w_BREADY    |  out|    1|       m_axi|        gmem_w|       pointer|
|m_axi_gmem_w_BRESP     |   in|    2|       m_axi|        gmem_w|       pointer|
|m_axi_gmem_w_BID       |   in|    1|       m_axi|        gmem_w|       pointer|
|m_axi_gmem_w_BUSER     |   in|    1|       m_axi|        gmem_w|       pointer|
|m_axi_gmem_x_AWVALID   |  out|    1|       m_axi|        gmem_x|       pointer|
|m_axi_gmem_x_AWREADY   |   in|    1|       m_axi|        gmem_x|       pointer|
|m_axi_gmem_x_AWADDR    |  out|   64|       m_axi|        gmem_x|       pointer|
|m_axi_gmem_x_AWID      |  out|    1|       m_axi|        gmem_x|       pointer|
|m_axi_gmem_x_AWLEN     |  out|    8|       m_axi|        gmem_x|       pointer|
|m_axi_gmem_x_AWSIZE    |  out|    3|       m_axi|        gmem_x|       pointer|
|m_axi_gmem_x_AWBURST   |  out|    2|       m_axi|        gmem_x|       pointer|
|m_axi_gmem_x_AWLOCK    |  out|    2|       m_axi|        gmem_x|       pointer|
|m_axi_gmem_x_AWCACHE   |  out|    4|       m_axi|        gmem_x|       pointer|
|m_axi_gmem_x_AWPROT    |  out|    3|       m_axi|        gmem_x|       pointer|
|m_axi_gmem_x_AWQOS     |  out|    4|       m_axi|        gmem_x|       pointer|
|m_axi_gmem_x_AWREGION  |  out|    4|       m_axi|        gmem_x|       pointer|
|m_axi_gmem_x_AWUSER    |  out|    1|       m_axi|        gmem_x|       pointer|
|m_axi_gmem_x_WVALID    |  out|    1|       m_axi|        gmem_x|       pointer|
|m_axi_gmem_x_WREADY    |   in|    1|       m_axi|        gmem_x|       pointer|
|m_axi_gmem_x_WDATA     |  out|   32|       m_axi|        gmem_x|       pointer|
|m_axi_gmem_x_WSTRB     |  out|    4|       m_axi|        gmem_x|       pointer|
|m_axi_gmem_x_WLAST     |  out|    1|       m_axi|        gmem_x|       pointer|
|m_axi_gmem_x_WID       |  out|    1|       m_axi|        gmem_x|       pointer|
|m_axi_gmem_x_WUSER     |  out|    1|       m_axi|        gmem_x|       pointer|
|m_axi_gmem_x_ARVALID   |  out|    1|       m_axi|        gmem_x|       pointer|
|m_axi_gmem_x_ARREADY   |   in|    1|       m_axi|        gmem_x|       pointer|
|m_axi_gmem_x_ARADDR    |  out|   64|       m_axi|        gmem_x|       pointer|
|m_axi_gmem_x_ARID      |  out|    1|       m_axi|        gmem_x|       pointer|
|m_axi_gmem_x_ARLEN     |  out|    8|       m_axi|        gmem_x|       pointer|
|m_axi_gmem_x_ARSIZE    |  out|    3|       m_axi|        gmem_x|       pointer|
|m_axi_gmem_x_ARBURST   |  out|    2|       m_axi|        gmem_x|       pointer|
|m_axi_gmem_x_ARLOCK    |  out|    2|       m_axi|        gmem_x|       pointer|
|m_axi_gmem_x_ARCACHE   |  out|    4|       m_axi|        gmem_x|       pointer|
|m_axi_gmem_x_ARPROT    |  out|    3|       m_axi|        gmem_x|       pointer|
|m_axi_gmem_x_ARQOS     |  out|    4|       m_axi|        gmem_x|       pointer|
|m_axi_gmem_x_ARREGION  |  out|    4|       m_axi|        gmem_x|       pointer|
|m_axi_gmem_x_ARUSER    |  out|    1|       m_axi|        gmem_x|       pointer|
|m_axi_gmem_x_RVALID    |   in|    1|       m_axi|        gmem_x|       pointer|
|m_axi_gmem_x_RREADY    |  out|    1|       m_axi|        gmem_x|       pointer|
|m_axi_gmem_x_RDATA     |   in|   32|       m_axi|        gmem_x|       pointer|
|m_axi_gmem_x_RLAST     |   in|    1|       m_axi|        gmem_x|       pointer|
|m_axi_gmem_x_RID       |   in|    1|       m_axi|        gmem_x|       pointer|
|m_axi_gmem_x_RUSER     |   in|    1|       m_axi|        gmem_x|       pointer|
|m_axi_gmem_x_RRESP     |   in|    2|       m_axi|        gmem_x|       pointer|
|m_axi_gmem_x_BVALID    |   in|    1|       m_axi|        gmem_x|       pointer|
|m_axi_gmem_x_BREADY    |  out|    1|       m_axi|        gmem_x|       pointer|
|m_axi_gmem_x_BRESP     |   in|    2|       m_axi|        gmem_x|       pointer|
|m_axi_gmem_x_BID       |   in|    1|       m_axi|        gmem_x|       pointer|
|m_axi_gmem_x_BUSER     |   in|    1|       m_axi|        gmem_x|       pointer|
|m_axi_gmem_y_AWVALID   |  out|    1|       m_axi|        gmem_y|       pointer|
|m_axi_gmem_y_AWREADY   |   in|    1|       m_axi|        gmem_y|       pointer|
|m_axi_gmem_y_AWADDR    |  out|   64|       m_axi|        gmem_y|       pointer|
|m_axi_gmem_y_AWID      |  out|    1|       m_axi|        gmem_y|       pointer|
|m_axi_gmem_y_AWLEN     |  out|    8|       m_axi|        gmem_y|       pointer|
|m_axi_gmem_y_AWSIZE    |  out|    3|       m_axi|        gmem_y|       pointer|
|m_axi_gmem_y_AWBURST   |  out|    2|       m_axi|        gmem_y|       pointer|
|m_axi_gmem_y_AWLOCK    |  out|    2|       m_axi|        gmem_y|       pointer|
|m_axi_gmem_y_AWCACHE   |  out|    4|       m_axi|        gmem_y|       pointer|
|m_axi_gmem_y_AWPROT    |  out|    3|       m_axi|        gmem_y|       pointer|
|m_axi_gmem_y_AWQOS     |  out|    4|       m_axi|        gmem_y|       pointer|
|m_axi_gmem_y_AWREGION  |  out|    4|       m_axi|        gmem_y|       pointer|
|m_axi_gmem_y_AWUSER    |  out|    1|       m_axi|        gmem_y|       pointer|
|m_axi_gmem_y_WVALID    |  out|    1|       m_axi|        gmem_y|       pointer|
|m_axi_gmem_y_WREADY    |   in|    1|       m_axi|        gmem_y|       pointer|
|m_axi_gmem_y_WDATA     |  out|   32|       m_axi|        gmem_y|       pointer|
|m_axi_gmem_y_WSTRB     |  out|    4|       m_axi|        gmem_y|       pointer|
|m_axi_gmem_y_WLAST     |  out|    1|       m_axi|        gmem_y|       pointer|
|m_axi_gmem_y_WID       |  out|    1|       m_axi|        gmem_y|       pointer|
|m_axi_gmem_y_WUSER     |  out|    1|       m_axi|        gmem_y|       pointer|
|m_axi_gmem_y_ARVALID   |  out|    1|       m_axi|        gmem_y|       pointer|
|m_axi_gmem_y_ARREADY   |   in|    1|       m_axi|        gmem_y|       pointer|
|m_axi_gmem_y_ARADDR    |  out|   64|       m_axi|        gmem_y|       pointer|
|m_axi_gmem_y_ARID      |  out|    1|       m_axi|        gmem_y|       pointer|
|m_axi_gmem_y_ARLEN     |  out|    8|       m_axi|        gmem_y|       pointer|
|m_axi_gmem_y_ARSIZE    |  out|    3|       m_axi|        gmem_y|       pointer|
|m_axi_gmem_y_ARBURST   |  out|    2|       m_axi|        gmem_y|       pointer|
|m_axi_gmem_y_ARLOCK    |  out|    2|       m_axi|        gmem_y|       pointer|
|m_axi_gmem_y_ARCACHE   |  out|    4|       m_axi|        gmem_y|       pointer|
|m_axi_gmem_y_ARPROT    |  out|    3|       m_axi|        gmem_y|       pointer|
|m_axi_gmem_y_ARQOS     |  out|    4|       m_axi|        gmem_y|       pointer|
|m_axi_gmem_y_ARREGION  |  out|    4|       m_axi|        gmem_y|       pointer|
|m_axi_gmem_y_ARUSER    |  out|    1|       m_axi|        gmem_y|       pointer|
|m_axi_gmem_y_RVALID    |   in|    1|       m_axi|        gmem_y|       pointer|
|m_axi_gmem_y_RREADY    |  out|    1|       m_axi|        gmem_y|       pointer|
|m_axi_gmem_y_RDATA     |   in|   32|       m_axi|        gmem_y|       pointer|
|m_axi_gmem_y_RLAST     |   in|    1|       m_axi|        gmem_y|       pointer|
|m_axi_gmem_y_RID       |   in|    1|       m_axi|        gmem_y|       pointer|
|m_axi_gmem_y_RUSER     |   in|    1|       m_axi|        gmem_y|       pointer|
|m_axi_gmem_y_RRESP     |   in|    2|       m_axi|        gmem_y|       pointer|
|m_axi_gmem_y_BVALID    |   in|    1|       m_axi|        gmem_y|       pointer|
|m_axi_gmem_y_BREADY    |  out|    1|       m_axi|        gmem_y|       pointer|
|m_axi_gmem_y_BRESP     |   in|    2|       m_axi|        gmem_y|       pointer|
|m_axi_gmem_y_BID       |   in|    1|       m_axi|        gmem_y|       pointer|
|m_axi_gmem_y_BUSER     |   in|    1|       m_axi|        gmem_y|       pointer|
+-----------------------+-----+-----+------------+--------------+--------------+

