
****** Vitis HLS - High-Level Synthesis from C, C++ and OpenCL v2024.2 (64-bit)
  **** SW Build 5238294 on Nov  8 2024
  **** IP Build 5239520 on Sun Nov 10 16:12:51 MST 2024
  **** SharedData Build 5239561 on Fri Nov 08 14:39:27 MST 2024
  **** Start of session at: Thu Sep 24 13:51:54 2026
    ** Copyright 1986-2022 Xilinx, Inc. All Rights Reserved.
    ** Copyright 2022-2024 Advanced Micro Devices, Inc. All Rights Reserved.

source /home/zhiro/research/kv260-vlm/tools/Xilinx/Vitis/2024.2/scripts/vitis_hls/hls.tcl -notrace
INFO: [HLS 200-10] For user 'zhiro' on host 'zhiro-ThinkBook-16p-G5-IRX' (Linux_x86_64 version 7.0.0-31-generic) on Thu Sep 24 13:51:55 CST 2026
INFO: [HLS 200-10] On os Ubuntu 24.04.5 LTS
INFO: [HLS 200-10] In directory '/home/zhiro/research/kv260-vlm-workers/RM02-B-hls-baseline'
WARNING: [HLS 200-2053] The vitis_hls executable is deprecated. Consider using vitis-run --mode hls --tcl
Sourcing Tcl script 'experiments/rm02_b_vision_gemm/run_hls.tcl'
INFO: [HLS 200-1510] Running: open_project -reset /home/zhiro/research/kv260-vlm-workers/RM02-B-hls-baseline/experiments/rm02_b_vision_gemm/reports/baseline_static_v3_m16_n32/project 
INFO: [HLS 200-10] Opening and resetting project '/home/zhiro/research/kv260-vlm-workers/RM02-B-hls-baseline/experiments/rm02_b_vision_gemm/reports/baseline_static_v3_m16_n32/project'.
INFO: [HLS 200-1510] Running: set_top vision_gemm 
INFO: [HLS 200-1510] Running: add_files /home/zhiro/research/kv260-vlm-workers/RM02-B-hls-baseline/experiments/rm02_b_vision_gemm/vision_gemm.cpp -cflags -DTILE_M=16 -DTILE_N=32 
INFO: [HLS 200-10] Adding design file '/home/zhiro/research/kv260-vlm-workers/RM02-B-hls-baseline/experiments/rm02_b_vision_gemm/vision_gemm.cpp' to the project
INFO: [HLS 200-1510] Running: add_files -tb /home/zhiro/research/kv260-vlm-workers/RM02-B-hls-baseline/experiments/rm02_b_vision_gemm/tb.cpp -cflags -DTILE_M=16 -DTILE_N=32 
INFO: [HLS 200-10] Adding test bench file '/home/zhiro/research/kv260-vlm-workers/RM02-B-hls-baseline/experiments/rm02_b_vision_gemm/tb.cpp' to the project
INFO: [HLS 200-1510] Running: open_solution -reset solution1 
INFO: [HLS 200-10] Creating and opening solution '/home/zhiro/research/kv260-vlm-workers/RM02-B-hls-baseline/experiments/rm02_b_vision_gemm/reports/baseline_static_v3_m16_n32/project/solution1'.
INFO: [HLS 200-10] Cleaning up the solution database.
INFO: [HLS 200-1505] Using default flow_target 'vivado'
Resolution: For help on HLS 200-1505 see docs.xilinx.com/access/sources/dita/topic?Doc_Version=2024.2%20English&url=ug1448-hls-guidance&resourceid=200-1505.html
INFO: [HLS 200-1510] Running: set_part xck26-sfvc784-2LV-c 
INFO: [HLS 200-1611] Setting target device to 'xck26-sfvc784-2LV-c'
INFO: [HLS 200-1510] Running: create_clock -period 5.0 -name default 
INFO: [SYN 201-201] Setting up clock 'default' with a period of 5ns.
INFO: [HLS 200-1510] Running: config_interface -m_axi_max_widen_bitwidth 512 
INFO: [HLS 200-1510] Running: csim_design 
INFO: [SIM 211-2] *************** CSIM start ***************
INFO: [SIM 211-4] CSIM will launch CLANG as the compiler.
INFO: [HLS 200-2036] Building debug C Simulation binaries
   Compiling ../../../../../../tb.cpp in debug mode
   Compiling ../../../../../../vision_gemm.cpp in debug mode
   Generating csim.exe
C-SIM_TILE_PASS reduction=4304 tokens=1120 outputs=1152 tile=16x32 pe=4x4 outputs=512 max_abs_error=0 max_rel_error=0
INFO: [SIM 211-1] CSim done with 0 errors.
INFO: [SIM 211-3] *************** CSIM finish ***************
INFO: [HLS 200-2161] Finished Command csim_design Elapsed time: 00:00:02; Allocated memory: 0.211 MB.
INFO: [HLS 200-1510] Running: csynth_design 
INFO: [HLS 200-111] Finished File checks and directory preparation: CPU user time: 0.04 seconds. CPU system time: 0 seconds. Elapsed time: 0.03 seconds; current allocated memory: 310.543 MB.
INFO: [HLS 200-10] Analyzing design file '/home/zhiro/research/kv260-vlm-workers/RM02-B-hls-baseline/experiments/rm02_b_vision_gemm/vision_gemm.cpp' ... 
INFO: [HLS 200-111] Finished Source Code Analysis and Preprocessing: CPU user time: 1.28 seconds. CPU system time: 0.31 seconds. Elapsed time: 1.58 seconds; current allocated memory: 313.332 MB.
INFO: [HLS 200-777] Using interface defaults for 'Vivado' flow target.
INFO: [HLS 200-1995] There were 558 instructions in the design after the 'Compile/Link' phase of compilation. See the Design Size Report for more details: /home/zhiro/research/kv260-vlm-workers/RM02-B-hls-baseline/experiments/rm02_b_vision_gemm/reports/baseline_static_v3_m16_n32/project/solution1/syn/report/csynth_design_size.rpt
INFO: [HLS 200-1995] There were 1,560 instructions in the design after the 'Unroll/Inline (step 1)' phase of compilation. See the Design Size Report for more details: /home/zhiro/research/kv260-vlm-workers/RM02-B-hls-baseline/experiments/rm02_b_vision_gemm/reports/baseline_static_v3_m16_n32/project/solution1/syn/report/csynth_design_size.rpt
INFO: [HLS 200-1995] There were 1,183 instructions in the design after the 'Unroll/Inline (step 2)' phase of compilation. See the Design Size Report for more details: /home/zhiro/research/kv260-vlm-workers/RM02-B-hls-baseline/experiments/rm02_b_vision_gemm/reports/baseline_static_v3_m16_n32/project/solution1/syn/report/csynth_design_size.rpt
INFO: [HLS 200-1995] There were 1,154 instructions in the design after the 'Unroll/Inline (step 3)' phase of compilation. See the Design Size Report for more details: /home/zhiro/research/kv260-vlm-workers/RM02-B-hls-baseline/experiments/rm02_b_vision_gemm/reports/baseline_static_v3_m16_n32/project/solution1/syn/report/csynth_design_size.rpt
INFO: [HLS 200-1995] There were 1,155 instructions in the design after the 'Unroll/Inline (step 4)' phase of compilation. See the Design Size Report for more details: /home/zhiro/research/kv260-vlm-workers/RM02-B-hls-baseline/experiments/rm02_b_vision_gemm/reports/baseline_static_v3_m16_n32/project/solution1/syn/report/csynth_design_size.rpt
INFO: [HLS 200-1995] There were 2,235 instructions in the design after the 'Array/Struct (step 1)' phase of compilation. See the Design Size Report for more details: /home/zhiro/research/kv260-vlm-workers/RM02-B-hls-baseline/experiments/rm02_b_vision_gemm/reports/baseline_static_v3_m16_n32/project/solution1/syn/report/csynth_design_size.rpt
INFO: [HLS 200-1995] There were 2,040 instructions in the design after the 'Array/Struct (step 2)' phase of compilation. See the Design Size Report for more details: /home/zhiro/research/kv260-vlm-workers/RM02-B-hls-baseline/experiments/rm02_b_vision_gemm/reports/baseline_static_v3_m16_n32/project/solution1/syn/report/csynth_design_size.rpt
INFO: [HLS 200-1995] There were 2,040 instructions in the design after the 'Array/Struct (step 3)' phase of compilation. See the Design Size Report for more details: /home/zhiro/research/kv260-vlm-workers/RM02-B-hls-baseline/experiments/rm02_b_vision_gemm/reports/baseline_static_v3_m16_n32/project/solution1/syn/report/csynth_design_size.rpt
INFO: [HLS 200-1995] There were 2,037 instructions in the design after the 'Array/Struct (step 4)' phase of compilation. See the Design Size Report for more details: /home/zhiro/research/kv260-vlm-workers/RM02-B-hls-baseline/experiments/rm02_b_vision_gemm/reports/baseline_static_v3_m16_n32/project/solution1/syn/report/csynth_design_size.rpt
INFO: [HLS 200-1995] There were 2,049 instructions in the design after the 'Array/Struct (step 5)' phase of compilation. See the Design Size Report for more details: /home/zhiro/research/kv260-vlm-workers/RM02-B-hls-baseline/experiments/rm02_b_vision_gemm/reports/baseline_static_v3_m16_n32/project/solution1/syn/report/csynth_design_size.rpt
INFO: [HLS 200-1995] There were 2,044 instructions in the design after the 'Performance (step 1)' phase of compilation. See the Design Size Report for more details: /home/zhiro/research/kv260-vlm-workers/RM02-B-hls-baseline/experiments/rm02_b_vision_gemm/reports/baseline_static_v3_m16_n32/project/solution1/syn/report/csynth_design_size.rpt
INFO: [HLS 200-1995] There were 2,044 instructions in the design after the 'Performance (step 2)' phase of compilation. See the Design Size Report for more details: /home/zhiro/research/kv260-vlm-workers/RM02-B-hls-baseline/experiments/rm02_b_vision_gemm/reports/baseline_static_v3_m16_n32/project/solution1/syn/report/csynth_design_size.rpt
INFO: [HLS 200-1995] There were 4,773 instructions in the design after the 'Performance (step 3)' phase of compilation. See the Design Size Report for more details: /home/zhiro/research/kv260-vlm-workers/RM02-B-hls-baseline/experiments/rm02_b_vision_gemm/reports/baseline_static_v3_m16_n32/project/solution1/syn/report/csynth_design_size.rpt
INFO: [HLS 200-1995] There were 3,049 instructions in the design after the 'Performance (step 4)' phase of compilation. See the Design Size Report for more details: /home/zhiro/research/kv260-vlm-workers/RM02-B-hls-baseline/experiments/rm02_b_vision_gemm/reports/baseline_static_v3_m16_n32/project/solution1/syn/report/csynth_design_size.rpt
INFO: [HLS 200-1995] There were 3,060 instructions in the design after the 'HW Transforms (step 1)' phase of compilation. See the Design Size Report for more details: /home/zhiro/research/kv260-vlm-workers/RM02-B-hls-baseline/experiments/rm02_b_vision_gemm/reports/baseline_static_v3_m16_n32/project/solution1/syn/report/csynth_design_size.rpt
INFO: [HLS 200-1995] There were 2,490 instructions in the design after the 'HW Transforms (step 2)' phase of compilation. See the Design Size Report for more details: /home/zhiro/research/kv260-vlm-workers/RM02-B-hls-baseline/experiments/rm02_b_vision_gemm/reports/baseline_static_v3_m16_n32/project/solution1/syn/report/csynth_design_size.rpt
INFO: [HLS 214-131] Inlining function '(anonymous namespace)::half_to_float(unsigned short)' into 'vision_macro_tile(ap_uint<128> const*, ap_uint<256> const*, ap_uint<256>*, int, int)' (/home/zhiro/research/kv260-vlm-workers/RM02-B-hls-baseline/experiments/rm02_b_vision_gemm/vision_gemm.cpp:104:42)
INFO: [HLS 214-131] Inlining function 'vision_macro_tile(ap_uint<128> const*, ap_uint<256> const*, ap_uint<256>*, int, int)' into 'vision_gemm' (/home/zhiro/research/kv260-vlm-workers/RM02-B-hls-baseline/experiments/rm02_b_vision_gemm/vision_gemm.cpp:161:13)
INFO: [HLS 214-291] Loop 'VITIS_LOOP_99_11' is marked as complete unroll implied by the pipeline pragma (/home/zhiro/research/kv260-vlm-workers/RM02-B-hls-baseline/experiments/rm02_b_vision_gemm/vision_gemm.cpp:99:35)
INFO: [HLS 214-291] Loop 'VITIS_LOOP_18_1' is marked as complete unroll implied by the pipeline pragma (/home/zhiro/research/kv260-vlm-workers/RM02-B-hls-baseline/experiments/rm02_b_vision_gemm/vision_gemm.cpp:18:30)
INFO: [HLS 214-291] Loop 'VITIS_LOOP_105_12' is marked as complete unroll implied by the pipeline pragma (/home/zhiro/research/kv260-vlm-workers/RM02-B-hls-baseline/experiments/rm02_b_vision_gemm/vision_gemm.cpp:105:40)
INFO: [HLS 214-291] Loop 'VITIS_LOOP_136_18' is marked as complete unroll implied by the pipeline pragma (/home/zhiro/research/kv260-vlm-workers/RM02-B-hls-baseline/experiments/rm02_b_vision_gemm/vision_gemm.cpp:136:32)
INFO: [HLS 214-186] Unrolling loop 'VITIS_LOOP_84_7' (/home/zhiro/research/kv260-vlm-workers/RM02-B-hls-baseline/experiments/rm02_b_vision_gemm/vision_gemm.cpp:84:19) in function 'vision_gemm' completely with a factor of 4 (/home/zhiro/research/kv260-vlm-workers/RM02-B-hls-baseline/experiments/rm02_b_vision_gemm/vision_gemm.cpp:150:0)
INFO: [HLS 214-186] Unrolling loop 'VITIS_LOOP_86_8' (/home/zhiro/research/kv260-vlm-workers/RM02-B-hls-baseline/experiments/rm02_b_vision_gemm/vision_gemm.cpp:86:19) in function 'vision_gemm' completely with a factor of 4 (/home/zhiro/research/kv260-vlm-workers/RM02-B-hls-baseline/experiments/rm02_b_vision_gemm/vision_gemm.cpp:150:0)
INFO: [HLS 214-186] Unrolling loop 'VITIS_LOOP_88_9' (/home/zhiro/research/kv260-vlm-workers/RM02-B-hls-baseline/experiments/rm02_b_vision_gemm/vision_gemm.cpp:88:19) in function 'vision_gemm' completely with a factor of 8 (/home/zhiro/research/kv260-vlm-workers/RM02-B-hls-baseline/experiments/rm02_b_vision_gemm/vision_gemm.cpp:150:0)
INFO: [HLS 214-186] Unrolling loop 'VITIS_LOOP_99_11' (/home/zhiro/research/kv260-vlm-workers/RM02-B-hls-baseline/experiments/rm02_b_vision_gemm/vision_gemm.cpp:99:35) in function 'vision_gemm' completely with a factor of 4 (/home/zhiro/research/kv260-vlm-workers/RM02-B-hls-baseline/experiments/rm02_b_vision_gemm/vision_gemm.cpp:150:0)
INFO: [HLS 214-186] Unrolling loop 'VITIS_LOOP_105_12' (/home/zhiro/research/kv260-vlm-workers/RM02-B-hls-baseline/experiments/rm02_b_vision_gemm/vision_gemm.cpp:105:40) in function 'vision_gemm' completely with a factor of 4 (/home/zhiro/research/kv260-vlm-workers/RM02-B-hls-baseline/experiments/rm02_b_vision_gemm/vision_gemm.cpp:150:0)
INFO: [HLS 214-186] Unrolling loop 'VITIS_LOOP_18_1' (/home/zhiro/research/kv260-vlm-workers/RM02-B-hls-baseline/experiments/rm02_b_vision_gemm/vision_gemm.cpp:18:30) in function 'vision_gemm' completely with a factor of 10 (/home/zhiro/research/kv260-vlm-workers/RM02-B-hls-baseline/experiments/rm02_b_vision_gemm/vision_gemm.cpp:150:0)
INFO: [HLS 214-186] Unrolling loop 'VITIS_LOOP_115_13' (/home/zhiro/research/kv260-vlm-workers/RM02-B-hls-baseline/experiments/rm02_b_vision_gemm/vision_gemm.cpp:115:32) in function 'vision_gemm' completely with a factor of 4 (/home/zhiro/research/kv260-vlm-workers/RM02-B-hls-baseline/experiments/rm02_b_vision_gemm/vision_gemm.cpp:150:0)
INFO: [HLS 214-186] Unrolling loop 'VITIS_LOOP_117_14' (/home/zhiro/research/kv260-vlm-workers/RM02-B-hls-baseline/experiments/rm02_b_vision_gemm/vision_gemm.cpp:117:21) in function 'vision_gemm' completely with a factor of 4 (/home/zhiro/research/kv260-vlm-workers/RM02-B-hls-baseline/experiments/rm02_b_vision_gemm/vision_gemm.cpp:150:0)
INFO: [HLS 214-186] Unrolling loop 'VITIS_LOOP_120_15' (/home/zhiro/research/kv260-vlm-workers/RM02-B-hls-baseline/experiments/rm02_b_vision_gemm/vision_gemm.cpp:120:40) in function 'vision_gemm' completely with a factor of 8 (/home/zhiro/research/kv260-vlm-workers/RM02-B-hls-baseline/experiments/rm02_b_vision_gemm/vision_gemm.cpp:150:0)
INFO: [HLS 214-186] Unrolling loop 'VITIS_LOOP_136_18' (/home/zhiro/research/kv260-vlm-workers/RM02-B-hls-baseline/experiments/rm02_b_vision_gemm/vision_gemm.cpp:136:32) in function 'vision_gemm' completely with a factor of 8 (/home/zhiro/research/kv260-vlm-workers/RM02-B-hls-baseline/experiments/rm02_b_vision_gemm/vision_gemm.cpp:150:0)
INFO: [HLS 214-248] Applying array_partition to 'weight_tile.i': Complete partitioning on dimension 1. (/home/zhiro/research/kv260-vlm-workers/RM02-B-hls-baseline/experiments/rm02_b_vision_gemm/vision_gemm.cpp:52:15)
INFO: [HLS 214-248] Applying array_partition to 'activation_tile.i': Complete partitioning on dimension 1. (/home/zhiro/research/kv260-vlm-workers/RM02-B-hls-baseline/experiments/rm02_b_vision_gemm/vision_gemm.cpp:53:18)
INFO: [HLS 214-248] Applying array_partition to 'accum.i': Complete partitioning on dimension 1. Complete partitioning on dimension 2. Complete partitioning on dimension 3. (/home/zhiro/research/kv260-vlm-workers/RM02-B-hls-baseline/experiments/rm02_b_vision_gemm/vision_gemm.cpp:82:19)
INFO: [HLS 214-270] Inferring pragma 'array_partition type=cyclic factor=4 dim=1' for array 'result_tile.i' due to pipeline pragma (/home/zhiro/research/kv260-vlm-workers/RM02-B-hls-baseline/experiments/rm02_b_vision_gemm/vision_gemm.cpp:95:9)
INFO: [HLS 214-270] Inferring pragma 'array_partition type=complete dim=2' for array 'result_tile.i' due to pipeline pragma (/home/zhiro/research/kv260-vlm-workers/RM02-B-hls-baseline/experiments/rm02_b_vision_gemm/vision_gemm.cpp:95:9)
INFO: [HLS 214-248] Applying array_partition to 'result_tile.i': Cyclic partitioning with factor 4 on dimension 1. Complete partitioning on dimension 2. (/home/zhiro/research/kv260-vlm-workers/RM02-B-hls-baseline/experiments/rm02_b_vision_gemm/vision_gemm.cpp:54:11)
INFO: [HLS 214-115] Multiple burst reads of length 602560 and bit width 256 in loop 'VITIS_LOOP_160_2'(/home/zhiro/research/kv260-vlm-workers/RM02-B-hls-baseline/experiments/rm02_b_vision_gemm/vision_gemm.cpp:160:27) has been inferred on bundle 'gmem_x'. These burst requests might be further partitioned into multiple requests during RTL generation, based on max_read_burst_length or max_write_burst_length settings. (/home/zhiro/research/kv260-vlm-workers/RM02-B-hls-baseline/experiments/rm02_b_vision_gemm/vision_gemm.cpp:160:27)
INFO: [HLS 214-115] Multiple burst reads of length 8608 and bit width 128 in loop 'VITIS_LOOP_63_1'(/home/zhiro/research/kv260-vlm-workers/RM02-B-hls-baseline/experiments/rm02_b_vision_gemm/vision_gemm.cpp:63:19) has been inferred on bundle 'gmem_w'. These burst requests might be further partitioned into multiple requests during RTL generation, based on max_read_burst_length or max_write_burst_length settings. (/home/zhiro/research/kv260-vlm-workers/RM02-B-hls-baseline/experiments/rm02_b_vision_gemm/vision_gemm.cpp:63:19)
INFO: [HLS 214-115] Multiple burst writes of length 2 and bit width 256 in loop 'VITIS_LOOP_133_17'(/home/zhiro/research/kv260-vlm-workers/RM02-B-hls-baseline/experiments/rm02_b_vision_gemm/vision_gemm.cpp:133:28) has been inferred on bundle 'gmem_y'. These burst requests might be further partitioned into multiple requests during RTL generation, based on max_read_burst_length or max_write_burst_length settings. (/home/zhiro/research/kv260-vlm-workers/RM02-B-hls-baseline/experiments/rm02_b_vision_gemm/vision_gemm.cpp:133:28)
INFO: [HLS 200-111] Finished Compiling Optimization and Transform: CPU user time: 3.79 seconds. CPU system time: 0.24 seconds. Elapsed time: 6.51 seconds; current allocated memory: 323.957 MB.
INFO: [HLS 200-111] Finished Checking Pragmas: CPU user time: 0 seconds. CPU system time: 0 seconds. Elapsed time: 0 seconds; current allocated memory: 323.957 MB.
INFO: [HLS 200-10] Starting code transformations ...
INFO: [HLS 200-111] Finished Standard Transforms: CPU user time: 0.1 seconds. CPU system time: 0 seconds. Elapsed time: 0.11 seconds; current allocated memory: 329.836 MB.
INFO: [HLS 200-10] Checking synthesizability ...
WARNING: [SYNCHK 200-23] /home/zhiro/research/kv260-vlm-workers/RM02-B-hls-baseline/experiments/rm02_b_vision_gemm/vision_gemm.cpp:103: variable-indexed range selection may cause suboptimal QoR.
INFO: [SYNCHK 200-10] 0 error(s), 1 warning(s).
INFO: [HLS 200-111] Finished Checking Synthesizability: CPU user time: 0.07 seconds. CPU system time: 0 seconds. Elapsed time: 0.08 seconds; current allocated memory: 330.469 MB.
INFO: [XFORM 203-401] Performing if-conversion on hyperblock from (/home/zhiro/research/kv260-vlm-workers/RM02-B-hls-baseline/experiments/rm02_b_vision_gemm/vision_gemm.cpp:103:63) to (/home/zhiro/research/kv260-vlm-workers/RM02-B-hls-baseline/experiments/rm02_b_vision_gemm/vision_gemm.cpp:111:46) in function 'vision_gemm'... converting 6 basic blocks.
INFO: [XFORM 203-401] Performing if-conversion on hyperblock from (/home/zhiro/research/kv260-vlm-workers/RM02-B-hls-baseline/experiments/rm02_b_vision_gemm/vision_gemm.cpp:103:63) to (/home/zhiro/research/kv260-vlm-workers/RM02-B-hls-baseline/experiments/rm02_b_vision_gemm/vision_gemm.cpp:111:46) in function 'vision_gemm'... converting 6 basic blocks.
INFO: [XFORM 203-401] Performing if-conversion on hyperblock from (/home/zhiro/research/kv260-vlm-workers/RM02-B-hls-baseline/experiments/rm02_b_vision_gemm/vision_gemm.cpp:103:63) to (/home/zhiro/research/kv260-vlm-workers/RM02-B-hls-baseline/experiments/rm02_b_vision_gemm/vision_gemm.cpp:111:46) in function 'vision_gemm'... converting 6 basic blocks.
INFO: [HLS 200-111] Finished Loop, function and other optimizations: CPU user time: 0.38 seconds. CPU system time: 0.01 seconds. Elapsed time: 0.39 seconds; current allocated memory: 360.164 MB.
INFO: [HLS 200-2061] Successfully converted nested loops 'VITIS_LOOP_63_1'(/home/zhiro/research/kv260-vlm-workers/RM02-B-hls-baseline/experiments/rm02_b_vision_gemm/vision_gemm.cpp:63:19) and 'VITIS_LOOP_64_2'(/home/zhiro/research/kv260-vlm-workers/RM02-B-hls-baseline/experiments/rm02_b_vision_gemm/vision_gemm.cpp:64:26) in function 'vision_gemm' into perfectly nested loops.
INFO: [HLS 200-2061] Successfully converted nested loops 'VITIS_LOOP_70_3'(/home/zhiro/research/kv260-vlm-workers/RM02-B-hls-baseline/experiments/rm02_b_vision_gemm/vision_gemm.cpp:70:22) and 'VITIS_LOOP_71_4'(/home/zhiro/research/kv260-vlm-workers/RM02-B-hls-baseline/experiments/rm02_b_vision_gemm/vision_gemm.cpp:71:26) in function 'vision_gemm' into perfectly nested loops.
INFO: [HLS 200-2061] Successfully converted nested loops 'VITIS_LOOP_81_6'(/home/zhiro/research/kv260-vlm-workers/RM02-B-hls-baseline/experiments/rm02_b_vision_gemm/vision_gemm.cpp:81:26) and 'VITIS_LOOP_94_10'(/home/zhiro/research/kv260-vlm-workers/RM02-B-hls-baseline/experiments/rm02_b_vision_gemm/vision_gemm.cpp:94:31) in function 'vision_gemm' into perfectly nested loops.
INFO: [HLS 200-2061] Successfully converted nested loops 'VITIS_LOOP_80_5'(/home/zhiro/research/kv260-vlm-workers/RM02-B-hls-baseline/experiments/rm02_b_vision_gemm/vision_gemm.cpp:80:22) and 'VITIS_LOOP_81_6'(/home/zhiro/research/kv260-vlm-workers/RM02-B-hls-baseline/experiments/rm02_b_vision_gemm/vision_gemm.cpp:81:26) in function 'vision_gemm' into perfectly nested loops.
INFO: [HLS 200-2061] Successfully converted nested loops 'VITIS_LOOP_132_16'(/home/zhiro/research/kv260-vlm-workers/RM02-B-hls-baseline/experiments/rm02_b_vision_gemm/vision_gemm.cpp:132:24) and 'VITIS_LOOP_133_17'(/home/zhiro/research/kv260-vlm-workers/RM02-B-hls-baseline/experiments/rm02_b_vision_gemm/vision_gemm.cpp:133:28) in function 'vision_gemm' into perfectly nested loops.
INFO: [XFORM 203-541] Flattening a loop nest 'VITIS_LOOP_63_1' (/home/zhiro/research/kv260-vlm-workers/RM02-B-hls-baseline/experiments/rm02_b_vision_gemm/vision_gemm.cpp:63:19) in function 'vision_gemm'.
INFO: [XFORM 203-541] Flattening a loop nest 'VITIS_LOOP_70_3' (/home/zhiro/research/kv260-vlm-workers/RM02-B-hls-baseline/experiments/rm02_b_vision_gemm/vision_gemm.cpp:70:22) in function 'vision_gemm'.
INFO: [XFORM 203-541] Flattening a loop nest 'VITIS_LOOP_81_6' (/home/zhiro/research/kv260-vlm-workers/RM02-B-hls-baseline/experiments/rm02_b_vision_gemm/vision_gemm.cpp:81:26) in function 'vision_gemm'.
INFO: [XFORM 203-541] Flattening a loop nest 'VITIS_LOOP_80_5' (/home/zhiro/research/kv260-vlm-workers/RM02-B-hls-baseline/experiments/rm02_b_vision_gemm/vision_gemm.cpp:80:22) in function 'vision_gemm'.
INFO: [XFORM 203-541] Flattening a loop nest 'VITIS_LOOP_132_16' (/home/zhiro/research/kv260-vlm-workers/RM02-B-hls-baseline/experiments/rm02_b_vision_gemm/vision_gemm.cpp:132:24) in function 'vision_gemm'.
INFO: [HLS 200-111] Finished Architecture Synthesis: CPU user time: 0.41 seconds. CPU system time: 0 seconds. Elapsed time: 0.41 seconds; current allocated memory: 390.230 MB.
INFO: [HLS 200-10] Starting hardware synthesis ...
INFO: [HLS 200-10] Synthesizing 'vision_gemm' ...
INFO: [HLS 200-10] ----------------------------------------------------------------
INFO: [HLS 200-42] -- Implementing module 'vision_gemm_Pipeline_VITIS_LOOP_63_1_VITIS_LOOP_64_2' 
INFO: [HLS 200-10] ----------------------------------------------------------------
INFO: [SCHED 204-11] Starting scheduling ...
INFO: [HLS 200-486] Changing DSP latency (root=add_ln67) to 3 in order to utilize available DSP registers.
WARNING: [HLS 200-2042] Usage of URAM can potentially cause worse II as Vitis HLS does not exploit read-first mode for URAMs. Consider using BRAMs instead.
WARNING: [HLS 200-2042] Usage of URAM can potentially cause worse II as Vitis HLS does not exploit read-first mode for URAMs. Consider using BRAMs instead.
WARNING: [HLS 200-2042] Usage of URAM can potentially cause worse II as Vitis HLS does not exploit read-first mode for URAMs. Consider using BRAMs instead.
WARNING: [HLS 200-2042] Usage of URAM can potentially cause worse II as Vitis HLS does not exploit read-first mode for URAMs. Consider using BRAMs instead.
INFO: [SCHED 204-61] Pipelining loop 'VITIS_LOOP_63_1_VITIS_LOOP_64_2'.
INFO: [HLS 200-1470] Pipelining result : Target II = 1, Final II = 1, Depth = 4, loop 'VITIS_LOOP_63_1_VITIS_LOOP_64_2'
INFO: [SCHED 204-11] Finished scheduling.
INFO: [HLS 200-111] Finished Scheduling: CPU user time: 0.09 seconds. CPU system time: 0.02 seconds. Elapsed time: 0.12 seconds; current allocated memory: 390.559 MB.
INFO: [BIND 205-100] Starting micro-architecture generation ...
INFO: [BIND 205-101] Performing variable lifetime analysis.
INFO: [BIND 205-101] Exploring resource sharing.
INFO: [BIND 205-101] Binding ...
INFO: [BIND 205-100] Finished micro-architecture generation.
INFO: [HLS 200-111] Finished Binding: CPU user time: 0 seconds. CPU system time: 0 seconds. Elapsed time: 0.01 seconds; current allocated memory: 390.559 MB.
INFO: [HLS 200-10] ----------------------------------------------------------------
INFO: [HLS 200-42] -- Implementing module 'vision_gemm_Pipeline_VITIS_LOOP_70_3_VITIS_LOOP_71_4' 
INFO: [HLS 200-10] ----------------------------------------------------------------
INFO: [SCHED 204-11] Starting scheduling ...
INFO: [HLS 200-486] Changing DSP latency (root=add_ln74) to 3 in order to utilize available DSP registers.
WARNING: [HLS 200-2042] Usage of URAM can potentially cause worse II as Vitis HLS does not exploit read-first mode for URAMs. Consider using BRAMs instead.
WARNING: [HLS 200-2042] Usage of URAM can potentially cause worse II as Vitis HLS does not exploit read-first mode for URAMs. Consider using BRAMs instead.
WARNING: [HLS 200-2042] Usage of URAM can potentially cause worse II as Vitis HLS does not exploit read-first mode for URAMs. Consider using BRAMs instead.
WARNING: [HLS 200-2042] Usage of URAM can potentially cause worse II as Vitis HLS does not exploit read-first mode for URAMs. Consider using BRAMs instead.
INFO: [SCHED 204-61] Pipelining loop 'VITIS_LOOP_70_3_VITIS_LOOP_71_4'.
INFO: [HLS 200-1470] Pipelining result : Target II = 1, Final II = 1, Depth = 4, loop 'VITIS_LOOP_70_3_VITIS_LOOP_71_4'
INFO: [SCHED 204-11] Finished scheduling.
INFO: [HLS 200-111] Finished Scheduling: CPU user time: 0.03 seconds. CPU system time: 0.01 seconds. Elapsed time: 0.03 seconds; current allocated memory: 390.723 MB.
INFO: [BIND 205-100] Starting micro-architecture generation ...
INFO: [BIND 205-101] Performing variable lifetime analysis.
INFO: [BIND 205-101] Exploring resource sharing.
INFO: [BIND 205-101] Binding ...
INFO: [BIND 205-100] Finished micro-architecture generation.
INFO: [HLS 200-111] Finished Binding: CPU user time: 0.01 seconds. CPU system time: 0 seconds. Elapsed time: 0.01 seconds; current allocated memory: 390.723 MB.
INFO: [HLS 200-10] ----------------------------------------------------------------
INFO: [HLS 200-42] -- Implementing module 'vision_gemm_Pipeline_VITIS_LOOP_80_5_VITIS_LOOP_81_6_VITIS_LOOP_94_10' 
INFO: [HLS 200-10] ----------------------------------------------------------------
INFO: [SCHED 204-11] Starting scheduling ...
INFO: [HLS 200-486] Changing DSP latency (root=add_ln108) to 3 in order to utilize available DSP registers.
INFO: [HLS 200-486] Changing DSP latency (root=add_ln103) to 3 in order to utilize available DSP registers.
WARNING: [HLS 200-2042] Usage of URAM can potentially cause worse II as Vitis HLS does not exploit read-first mode for URAMs. Consider using BRAMs instead.
WARNING: [HLS 200-2042] Usage of URAM can potentially cause worse II as Vitis HLS does not exploit read-first mode for URAMs. Consider using BRAMs instead.
WARNING: [HLS 200-2042] Usage of URAM can potentially cause worse II as Vitis HLS does not exploit read-first mode for URAMs. Consider using BRAMs instead.
WARNING: [HLS 200-2042] Usage of URAM can potentially cause worse II as Vitis HLS does not exploit read-first mode for URAMs. Consider using BRAMs instead.
WARNING: [HLS 200-2042] Usage of URAM can potentially cause worse II as Vitis HLS does not exploit read-first mode for URAMs. Consider using BRAMs instead.
WARNING: [HLS 200-2042] Usage of URAM can potentially cause worse II as Vitis HLS does not exploit read-first mode for URAMs. Consider using BRAMs instead.
WARNING: [HLS 200-2042] Usage of URAM can potentially cause worse II as Vitis HLS does not exploit read-first mode for URAMs. Consider using BRAMs instead.
WARNING: [HLS 200-2042] Usage of URAM can potentially cause worse II as Vitis HLS does not exploit read-first mode for URAMs. Consider using BRAMs instead.
INFO: [SCHED 204-61] Pipelining loop 'VITIS_LOOP_80_5_VITIS_LOOP_81_6_VITIS_LOOP_94_10'.
WARNING: [HLS 200-880] The II Violation in module 'vision_gemm_Pipeline_VITIS_LOOP_80_5_VITIS_LOOP_81_6_VITIS_LOOP_94_10' (loop 'VITIS_LOOP_80_5_VITIS_LOOP_81_6_VITIS_LOOP_94_10'): Unable to enforce a carried dependence constraint (II = 1, distance = 1, offset = 0) between 'store' operation 0 bit ('accum_write_ln111', /home/zhiro/research/kv260-vlm-workers/RM02-B-hls-baseline/experiments/rm02_b_vision_gemm/vision_gemm.cpp:111->/home/zhiro/research/kv260-vlm-workers/RM02-B-hls-baseline/experiments/rm02_b_vision_gemm/vision_gemm.cpp:161) of variable 'accum', /home/zhiro/research/kv260-vlm-workers/RM02-B-hls-baseline/experiments/rm02_b_vision_gemm/vision_gemm.cpp:111->/home/zhiro/research/kv260-vlm-workers/RM02-B-hls-baseline/experiments/rm02_b_vision_gemm/vision_gemm.cpp:161 on local variable 'accum', /home/zhiro/research/kv260-vlm-workers/RM02-B-hls-baseline/experiments/rm02_b_vision_gemm/vision_gemm.cpp:82->/home/zhiro/research/kv260-vlm-workers/RM02-B-hls-baseline/experiments/rm02_b_vision_gemm/vision_gemm.cpp:161 and 'store' operation 0 bit ('accum_write_ln90', /home/zhiro/research/kv260-vlm-workers/RM02-B-hls-baseline/experiments/rm02_b_vision_gemm/vision_gemm.cpp:90->/home/zhiro/research/kv260-vlm-workers/RM02-B-hls-baseline/experiments/rm02_b_vision_gemm/vision_gemm.cpp:161) of constant 0 on local variable 'accum', /home/zhiro/research/kv260-vlm-workers/RM02-B-hls-baseline/experiments/rm02_b_vision_gemm/vision_gemm.cpp:82->/home/zhiro/research/kv260-vlm-workers/RM02-B-hls-baseline/experiments/rm02_b_vision_gemm/vision_gemm.cpp:161.
Resolution: For help on HLS 200-880 see docs.xilinx.com/access/sources/dita/topic?Doc_Version=2024.2%20English&url=ug1448-hls-guidance&resourceid=200-880.html
WARNING: [HLS 200-880] The II Violation in module 'vision_gemm_Pipeline_VITIS_LOOP_80_5_VITIS_LOOP_81_6_VITIS_LOOP_94_10' (loop 'VITIS_LOOP_80_5_VITIS_LOOP_81_6_VITIS_LOOP_94_10'): Unable to enforce a carried dependence constraint (II = 2, distance = 1, offset = 0) between 'store' operation 0 bit ('accum_write_ln111', /home/zhiro/research/kv260-vlm-workers/RM02-B-hls-baseline/experiments/rm02_b_vision_gemm/vision_gemm.cpp:111->/home/zhiro/research/kv260-vlm-workers/RM02-B-hls-baseline/experiments/rm02_b_vision_gemm/vision_gemm.cpp:161) of variable 'accum', /home/zhiro/research/kv260-vlm-workers/RM02-B-hls-baseline/experiments/rm02_b_vision_gemm/vision_gemm.cpp:111->/home/zhiro/research/kv260-vlm-workers/RM02-B-hls-baseline/experiments/rm02_b_vision_gemm/vision_gemm.cpp:161 on local variable 'accum', /home/zhiro/research/kv260-vlm-workers/RM02-B-hls-baseline/experiments/rm02_b_vision_gemm/vision_gemm.cpp:82->/home/zhiro/research/kv260-vlm-workers/RM02-B-hls-baseline/experiments/rm02_b_vision_gemm/vision_gemm.cpp:161 and 'store' operation 0 bit ('accum_write_ln90', /home/zhiro/research/kv260-vlm-workers/RM02-B-hls-baseline/experiments/rm02_b_vision_gemm/vision_gemm.cpp:90->/home/zhiro/research/kv260-vlm-workers/RM02-B-hls-baseline/experiments/rm02_b_vision_gemm/vision_gemm.cpp:161) of constant 0 on local variable 'accum', /home/zhiro/research/kv260-vlm-workers/RM02-B-hls-baseline/experiments/rm02_b_vision_gemm/vision_gemm.cpp:82->/home/zhiro/research/kv260-vlm-workers/RM02-B-hls-baseline/experiments/rm02_b_vision_gemm/vision_gemm.cpp:161.
Resolution: For help on HLS 200-880 see docs.xilinx.com/access/sources/dita/topic?Doc_Version=2024.2%20English&url=ug1448-hls-guidance&resourceid=200-880.html
WARNING: [HLS 200-880] The II Violation in module 'vision_gemm_Pipeline_VITIS_LOOP_80_5_VITIS_LOOP_81_6_VITIS_LOOP_94_10' (loop 'VITIS_LOOP_80_5_VITIS_LOOP_81_6_VITIS_LOOP_94_10'): Unable to enforce a carried dependence constraint (II = 3, distance = 1, offset = 0) between 'store' operation 0 bit ('accum_write_ln111', /home/zhiro/research/kv260-vlm-workers/RM02-B-hls-baseline/experiments/rm02_b_vision_gemm/vision_gemm.cpp:111->/home/zhiro/research/kv260-vlm-workers/RM02-B-hls-baseline/experiments/rm02_b_vision_gemm/vision_gemm.cpp:161) of variable 'accum', /home/zhiro/research/kv260-vlm-workers/RM02-B-hls-baseline/experiments/rm02_b_vision_gemm/vision_gemm.cpp:111->/home/zhiro/research/kv260-vlm-workers/RM02-B-hls-baseline/experiments/rm02_b_vision_gemm/vision_gemm.cpp:161 on local variable 'accum', /home/zhiro/research/kv260-vlm-workers/RM02-B-hls-baseline/experiments/rm02_b_vision_gemm/vision_gemm.cpp:82->/home/zhiro/research/kv260-vlm-workers/RM02-B-hls-baseline/experiments/rm02_b_vision_gemm/vision_gemm.cpp:161 and 'store' operation 0 bit ('accum_write_ln90', /home/zhiro/research/kv260-vlm-workers/RM02-B-hls-baseline/experiments/rm02_b_vision_gemm/vision_gemm.cpp:90->/home/zhiro/research/kv260-vlm-workers/RM02-B-hls-baseline/experiments/rm02_b_vision_gemm/vision_gemm.cpp:161) of constant 0 on local variable 'accum', /home/zhiro/research/kv260-vlm-workers/RM02-B-hls-baseline/experiments/rm02_b_vision_gemm/vision_gemm.cpp:82->/home/zhiro/research/kv260-vlm-workers/RM02-B-hls-baseline/experiments/rm02_b_vision_gemm/vision_gemm.cpp:161.
Resolution: For help on HLS 200-880 see docs.xilinx.com/access/sources/dita/topic?Doc_Version=2024.2%20English&url=ug1448-hls-guidance&resourceid=200-880.html
WARNING: [HLS 200-880] The II Violation in module 'vision_gemm_Pipeline_VITIS_LOOP_80_5_VITIS_LOOP_81_6_VITIS_LOOP_94_10' (loop 'VITIS_LOOP_80_5_VITIS_LOOP_81_6_VITIS_LOOP_94_10'): Unable to enforce a carried dependence constraint (II = 4, distance = 1, offset = 0) between 'store' operation 0 bit ('accum_write_ln111', /home/zhiro/research/kv260-vlm-workers/RM02-B-hls-baseline/experiments/rm02_b_vision_gemm/vision_gemm.cpp:111->/home/zhiro/research/kv260-vlm-workers/RM02-B-hls-baseline/experiments/rm02_b_vision_gemm/vision_gemm.cpp:161) of variable 'accum', /home/zhiro/research/kv260-vlm-workers/RM02-B-hls-baseline/experiments/rm02_b_vision_gemm/vision_gemm.cpp:111->/home/zhiro/research/kv260-vlm-workers/RM02-B-hls-baseline/experiments/rm02_b_vision_gemm/vision_gemm.cpp:161 on local variable 'accum', /home/zhiro/research/kv260-vlm-workers/RM02-B-hls-baseline/experiments/rm02_b_vision_gemm/vision_gemm.cpp:82->/home/zhiro/research/kv260-vlm-workers/RM02-B-hls-baseline/experiments/rm02_b_vision_gemm/vision_gemm.cpp:161 and 'store' operation 0 bit ('accum_write_ln90', /home/zhiro/research/kv260-vlm-workers/RM02-B-hls-baseline/experiments/rm02_b_vision_gemm/vision_gemm.cpp:90->/home/zhiro/research/kv260-vlm-workers/RM02-B-hls-baseline/experiments/rm02_b_vision_gemm/vision_gemm.cpp:161) of constant 0 on local variable 'accum', /home/zhiro/research/kv260-vlm-workers/RM02-B-hls-baseline/experiments/rm02_b_vision_gemm/vision_gemm.cpp:82->/home/zhiro/research/kv260-vlm-workers/RM02-B-hls-baseline/experiments/rm02_b_vision_gemm/vision_gemm.cpp:161.
Resolution: For help on HLS 200-880 see docs.xilinx.com/access/sources/dita/topic?Doc_Version=2024.2%20English&url=ug1448-hls-guidance&resourceid=200-880.html
INFO: [HLS 200-1470] Pipelining result : Target II = 1, Final II = 5, Depth = 87, loop 'VITIS_LOOP_80_5_VITIS_LOOP_81_6_VITIS_LOOP_94_10'
WARNING: [HLS 200-871] Estimated clock period (4.096 ns) exceeds the target (target clock period: 5.000 ns, clock uncertainty: 1.350 ns, effective delay budget: 3.650 ns).
Resolution: For help on HLS 200-871 see docs.xilinx.com/access/sources/dita/topic?Doc_Version=2024.2%20English&url=ug1448-hls-guidance&resourceid=200-871.html
WARNING: [HLS 200-1016] The critical path in module 'vision_gemm_Pipeline_VITIS_LOOP_80_5_VITIS_LOOP_81_6_VITIS_LOOP_94_10' consists of the following:
	'store' operation 0 bit ('accum_write_ln90', /home/zhiro/research/kv260-vlm-workers/RM02-B-hls-baseline/experiments/rm02_b_vision_gemm/vision_gemm.cpp:90->/home/zhiro/research/kv260-vlm-workers/RM02-B-hls-baseline/experiments/rm02_b_vision_gemm/vision_gemm.cpp:161) of constant 0 on local variable 'accum', /home/zhiro/research/kv260-vlm-workers/RM02-B-hls-baseline/experiments/rm02_b_vision_gemm/vision_gemm.cpp:82->/home/zhiro/research/kv260-vlm-workers/RM02-B-hls-baseline/experiments/rm02_b_vision_gemm/vision_gemm.cpp:161 [310]  (0.427 ns)
	'load' operation 32 bit ('accum_load_1', /home/zhiro/research/kv260-vlm-workers/RM02-B-hls-baseline/experiments/rm02_b_vision_gemm/vision_gemm.cpp:111->/home/zhiro/research/kv260-vlm-workers/RM02-B-hls-baseline/experiments/rm02_b_vision_gemm/vision_gemm.cpp:161) on local variable 'accum', /home/zhiro/research/kv260-vlm-workers/RM02-B-hls-baseline/experiments/rm02_b_vision_gemm/vision_gemm.cpp:82->/home/zhiro/research/kv260-vlm-workers/RM02-B-hls-baseline/experiments/rm02_b_vision_gemm/vision_gemm.cpp:161 [552]  (0.000 ns)
	'sparsemux' operation 32 bit ('tmp_s', /home/zhiro/research/kv260-vlm-workers/RM02-B-hls-baseline/experiments/rm02_b_vision_gemm/vision_gemm.cpp:111->/home/zhiro/research/kv260-vlm-workers/RM02-B-hls-baseline/experiments/rm02_b_vision_gemm/vision_gemm.cpp:161) [560]  (0.721 ns)
	'fadd' operation 32 bit ('accum', /home/zhiro/research/kv260-vlm-workers/RM02-B-hls-baseline/experiments/rm02_b_vision_gemm/vision_gemm.cpp:111->/home/zhiro/research/kv260-vlm-workers/RM02-B-hls-baseline/experiments/rm02_b_vision_gemm/vision_gemm.cpp:161) [561]  (2.948 ns)

Resolution: For help on HLS 200-1016 see docs.xilinx.com/access/sources/dita/topic?Doc_Version=2024.2%20English&url=ug1448-hls-guidance&resourceid=200-1016.html
INFO: [SCHED 204-11] Finished scheduling.
INFO: [HLS 200-111] Finished Scheduling: CPU user time: 1.16 seconds. CPU system time: 0 seconds. Elapsed time: 1.16 seconds; current allocated memory: 412.504 MB.
INFO: [BIND 205-100] Starting micro-architecture generation ...
INFO: [BIND 205-101] Performing variable lifetime analysis.
INFO: [BIND 205-101] Exploring resource sharing.
INFO: [BIND 205-101] Binding ...
INFO: [BIND 205-100] Finished micro-architecture generation.
INFO: [HLS 200-111] Finished Binding: CPU user time: 0.14 seconds. CPU system time: 0 seconds. Elapsed time: 0.14 seconds; current allocated memory: 412.504 MB.
INFO: [HLS 200-10] ----------------------------------------------------------------
INFO: [HLS 200-42] -- Implementing module 'vision_gemm_Pipeline_VITIS_LOOP_132_16_VITIS_LOOP_133_17' 
INFO: [HLS 200-10] ----------------------------------------------------------------
INFO: [SCHED 204-11] Starting scheduling ...
INFO: [SCHED 204-61] Pipelining loop 'VITIS_LOOP_132_16_VITIS_LOOP_133_17'.
INFO: [HLS 200-1470] Pipelining result : Target II = 1, Final II = 1, Depth = 9, loop 'VITIS_LOOP_132_16_VITIS_LOOP_133_17'
INFO: [SCHED 204-11] Finished scheduling.
INFO: [HLS 200-111] Finished Scheduling: CPU user time: 0.18 seconds. CPU system time: 0 seconds. Elapsed time: 0.18 seconds; current allocated memory: 412.504 MB.
INFO: [BIND 205-100] Starting micro-architecture generation ...
INFO: [BIND 205-101] Performing variable lifetime analysis.
INFO: [BIND 205-101] Exploring resource sharing.
INFO: [BIND 205-101] Binding ...
INFO: [BIND 205-100] Finished micro-architecture generation.
INFO: [HLS 200-111] Finished Binding: CPU user time: 0.03 seconds. CPU system time: 0 seconds. Elapsed time: 0.03 seconds; current allocated memory: 412.504 MB.
INFO: [HLS 200-10] ----------------------------------------------------------------
INFO: [HLS 200-42] -- Implementing module 'vision_gemm' 
INFO: [HLS 200-10] ----------------------------------------------------------------
INFO: [SCHED 204-11] Starting scheduling ...
INFO: [SCHED 204-11] Finished scheduling.
INFO: [HLS 200-111] Finished Scheduling: CPU user time: 0.06 seconds. CPU system time: 0.01 seconds. Elapsed time: 0.05 seconds; current allocated memory: 412.504 MB.
INFO: [BIND 205-100] Starting micro-architecture generation ...
INFO: [BIND 205-101] Performing variable lifetime analysis.
INFO: [BIND 205-101] Exploring resource sharing.
INFO: [BIND 205-101] Binding ...
INFO: [BIND 205-100] Finished micro-architecture generation.
INFO: [HLS 200-111] Finished Binding: CPU user time: 0.02 seconds. CPU system time: 0 seconds. Elapsed time: 0.03 seconds; current allocated memory: 412.504 MB.
INFO: [HLS 200-10] ----------------------------------------------------------------
INFO: [HLS 200-10] -- Generating RTL for module 'vision_gemm_Pipeline_VITIS_LOOP_63_1_VITIS_LOOP_64_2' 
INFO: [HLS 200-10] ----------------------------------------------------------------
INFO: [HLS 200-1030] Apply Unified Pipeline Control on module 'vision_gemm_Pipeline_VITIS_LOOP_63_1_VITIS_LOOP_64_2' pipeline 'VITIS_LOOP_63_1_VITIS_LOOP_64_2' pipeline type 'loop pipeline'
WARNING: [RTGEN 206-101] Setting dangling out port 'vision_gemm_Pipeline_VITIS_LOOP_63_1_VITIS_LOOP_64_2/m_axi_gmem_w_0_ARVALID' to 0.
WARNING: [RTGEN 206-101] Setting dangling out port 'vision_gemm_Pipeline_VITIS_LOOP_63_1_VITIS_LOOP_64_2/m_axi_gmem_w_0_ARADDR' to 0.
WARNING: [RTGEN 206-101] Setting dangling out port 'vision_gemm_Pipeline_VITIS_LOOP_63_1_VITIS_LOOP_64_2/m_axi_gmem_w_0_ARID' to 0.
WARNING: [RTGEN 206-101] Setting dangling out port 'vision_gemm_Pipeline_VITIS_LOOP_63_1_VITIS_LOOP_64_2/m_axi_gmem_w_0_ARLEN' to 0.
WARNING: [RTGEN 206-101] Setting dangling out port 'vision_gemm_Pipeline_VITIS_LOOP_63_1_VITIS_LOOP_64_2/m_axi_gmem_w_0_ARSIZE' to 0.
WARNING: [RTGEN 206-101] Setting dangling out port 'vision_gemm_Pipeline_VITIS_LOOP_63_1_VITIS_LOOP_64_2/m_axi_gmem_w_0_ARBURST' to 0.
WARNING: [RTGEN 206-101] Setting dangling out port 'vision_gemm_Pipeline_VITIS_LOOP_63_1_VITIS_LOOP_64_2/m_axi_gmem_w_0_ARLOCK' to 0.
WARNING: [RTGEN 206-101] Setting dangling out port 'vision_gemm_Pipeline_VITIS_LOOP_63_1_VITIS_LOOP_64_2/m_axi_gmem_w_0_ARCACHE' to 0.
WARNING: [RTGEN 206-101] Setting dangling out port 'vision_gemm_Pipeline_VITIS_LOOP_63_1_VITIS_LOOP_64_2/m_axi_gmem_w_0_ARPROT' to 0.
WARNING: [RTGEN 206-101] Setting dangling out port 'vision_gemm_Pipeline_VITIS_LOOP_63_1_VITIS_LOOP_64_2/m_axi_gmem_w_0_ARQOS' to 0.
WARNING: [RTGEN 206-101] Setting dangling out port 'vision_gemm_Pipeline_VITIS_LOOP_63_1_VITIS_LOOP_64_2/m_axi_gmem_w_0_ARREGION' to 0.
WARNING: [RTGEN 206-101] Setting dangling out port 'vision_gemm_Pipeline_VITIS_LOOP_63_1_VITIS_LOOP_64_2/m_axi_gmem_w_0_ARUSER' to 0.
INFO: [RTGEN 206-100] Generating core module 'mac_muladd_10ns_2ns_10ns_12_4_1': 1 instance(s).
INFO: [RTGEN 206-100] Finished creating RTL model for 'vision_gemm_Pipeline_VITIS_LOOP_63_1_VITIS_LOOP_64_2'.
INFO: [HLS 200-111] Finished Creating RTL model: CPU user time: 0.04 seconds. CPU system time: 0 seconds. Elapsed time: 0.04 seconds; current allocated memory: 412.504 MB.
INFO: [HLS 200-10] ----------------------------------------------------------------
INFO: [HLS 200-10] -- Generating RTL for module 'vision_gemm_Pipeline_VITIS_LOOP_70_3_VITIS_LOOP_71_4' 
INFO: [HLS 200-10] ----------------------------------------------------------------
INFO: [HLS 200-1030] Apply Unified Pipeline Control on module 'vision_gemm_Pipeline_VITIS_LOOP_70_3_VITIS_LOOP_71_4' pipeline 'VITIS_LOOP_70_3_VITIS_LOOP_71_4' pipeline type 'loop pipeline'
WARNING: [RTGEN 206-101] Setting dangling out port 'vision_gemm_Pipeline_VITIS_LOOP_70_3_VITIS_LOOP_71_4/m_axi_gmem_x_0_ARVALID' to 0.
WARNING: [RTGEN 206-101] Setting dangling out port 'vision_gemm_Pipeline_VITIS_LOOP_70_3_VITIS_LOOP_71_4/m_axi_gmem_x_0_ARADDR' to 0.
WARNING: [RTGEN 206-101] Setting dangling out port 'vision_gemm_Pipeline_VITIS_LOOP_70_3_VITIS_LOOP_71_4/m_axi_gmem_x_0_ARID' to 0.
WARNING: [RTGEN 206-101] Setting dangling out port 'vision_gemm_Pipeline_VITIS_LOOP_70_3_VITIS_LOOP_71_4/m_axi_gmem_x_0_ARLEN' to 0.
WARNING: [RTGEN 206-101] Setting dangling out port 'vision_gemm_Pipeline_VITIS_LOOP_70_3_VITIS_LOOP_71_4/m_axi_gmem_x_0_ARSIZE' to 0.
WARNING: [RTGEN 206-101] Setting dangling out port 'vision_gemm_Pipeline_VITIS_LOOP_70_3_VITIS_LOOP_71_4/m_axi_gmem_x_0_ARBURST' to 0.
WARNING: [RTGEN 206-101] Setting dangling out port 'vision_gemm_Pipeline_VITIS_LOOP_70_3_VITIS_LOOP_71_4/m_axi_gmem_x_0_ARLOCK' to 0.
WARNING: [RTGEN 206-101] Setting dangling out port 'vision_gemm_Pipeline_VITIS_LOOP_70_3_VITIS_LOOP_71_4/m_axi_gmem_x_0_ARCACHE' to 0.
WARNING: [RTGEN 206-101] Setting dangling out port 'vision_gemm_Pipeline_VITIS_LOOP_70_3_VITIS_LOOP_71_4/m_axi_gmem_x_0_ARPROT' to 0.
WARNING: [RTGEN 206-101] Setting dangling out port 'vision_gemm_Pipeline_VITIS_LOOP_70_3_VITIS_LOOP_71_4/m_axi_gmem_x_0_ARQOS' to 0.
WARNING: [RTGEN 206-101] Setting dangling out port 'vision_gemm_Pipeline_VITIS_LOOP_70_3_VITIS_LOOP_71_4/m_axi_gmem_x_0_ARREGION' to 0.
WARNING: [RTGEN 206-101] Setting dangling out port 'vision_gemm_Pipeline_VITIS_LOOP_70_3_VITIS_LOOP_71_4/m_axi_gmem_x_0_ARUSER' to 0.
INFO: [RTGEN 206-100] Generating core module 'mac_muladd_10ns_3ns_10ns_13_4_1': 1 instance(s).
INFO: [RTGEN 206-100] Finished creating RTL model for 'vision_gemm_Pipeline_VITIS_LOOP_70_3_VITIS_LOOP_71_4'.
INFO: [HLS 200-111] Finished Creating RTL model: CPU user time: 0.04 seconds. CPU system time: 0 seconds. Elapsed time: 0.04 seconds; current allocated memory: 412.777 MB.
INFO: [HLS 200-10] ----------------------------------------------------------------
INFO: [HLS 200-10] -- Generating RTL for module 'vision_gemm_Pipeline_VITIS_LOOP_80_5_VITIS_LOOP_81_6_VITIS_LOOP_94_10' 
INFO: [HLS 200-10] ----------------------------------------------------------------
INFO: [HLS 200-1030] Apply Unified Pipeline Control on module 'vision_gemm_Pipeline_VITIS_LOOP_80_5_VITIS_LOOP_81_6_VITIS_LOOP_94_10' pipeline 'VITIS_LOOP_80_5_VITIS_LOOP_81_6_VITIS_LOOP_94_10' pipeline type 'loop pipeline'
INFO: [RTGEN 206-104] Estimated max fanout for 'vision_gemm_Pipeline_VITIS_LOOP_80_5_VITIS_LOOP_81_6_VITIS_LOOP_94_10' is 7709 from HDL expression: ((1'b0 == ap_block_pp0_stage3_11001) & (1'b1 == ap_CS_fsm_pp0_stage3))
INFO: [RTGEN 206-100] Generating core module 'fadd_32ns_32ns_32_6_no_dsp_1': 4 instance(s).
INFO: [RTGEN 206-100] Generating core module 'fadd_32ns_32ns_32_8_full_dsp_1': 26 instance(s).
INFO: [RTGEN 206-100] Generating core module 'fmul_32ns_32ns_32_5_max_dsp_1': 4 instance(s).
INFO: [RTGEN 206-100] Generating core module 'mac_muladd_10ns_2ns_10ns_12_4_1': 1 instance(s).
INFO: [RTGEN 206-100] Generating core module 'mac_muladd_10ns_3ns_10ns_13_4_1': 1 instance(s).
INFO: [RTGEN 206-100] Generating core module 'partselect_16ns_128ns_32ns_16_1_1': 4 instance(s).
INFO: [RTGEN 206-100] Generating core module 'partselect_32ns_256ns_32ns_32_1_1': 4 instance(s).
INFO: [RTGEN 206-100] Generating core module 'sparsemux_17_3_32_1_1': 16 instance(s).
INFO: [RTGEN 206-100] Generating core module 'sparsemux_9_3_32_1_1': 3 instance(s).
INFO: [RTGEN 206-100] Finished creating RTL model for 'vision_gemm_Pipeline_VITIS_LOOP_80_5_VITIS_LOOP_81_6_VITIS_LOOP_94_10'.
INFO: [HLS 200-111] Finished Creating RTL model: CPU user time: 0.2 seconds. CPU system time: 0.01 seconds. Elapsed time: 0.21 seconds; current allocated memory: 428.215 MB.
INFO: [HLS 200-10] ----------------------------------------------------------------
INFO: [HLS 200-10] -- Generating RTL for module 'vision_gemm_Pipeline_VITIS_LOOP_132_16_VITIS_LOOP_133_17' 
INFO: [HLS 200-10] ----------------------------------------------------------------
INFO: [HLS 200-1030] Apply Unified Pipeline Control on module 'vision_gemm_Pipeline_VITIS_LOOP_132_16_VITIS_LOOP_133_17' pipeline 'VITIS_LOOP_132_16_VITIS_LOOP_133_17' pipeline type 'loop pipeline'
INFO: [RTGEN 206-100] Generating core module 'sparsemux_9_2_32_1_1': 8 instance(s).
INFO: [RTGEN 206-100] Finished creating RTL model for 'vision_gemm_Pipeline_VITIS_LOOP_132_16_VITIS_LOOP_133_17'.
INFO: [HLS 200-111] Finished Creating RTL model: CPU user time: 0.38 seconds. CPU system time: 0.02 seconds. Elapsed time: 0.41 seconds; current allocated memory: 460.621 MB.
INFO: [HLS 200-10] ----------------------------------------------------------------
INFO: [HLS 200-10] -- Generating RTL for module 'vision_gemm' 
INFO: [HLS 200-10] ----------------------------------------------------------------
WARNING: [RTGEN 206-101] Design contains AXI ports. Reset is fixed to synchronous and active low.
INFO: [RTGEN 206-500] Setting interface mode on port 'vision_gemm/gmem_w' to 'm_axi'.
INFO: [RTGEN 206-500] Setting interface mode on port 'vision_gemm/gmem_x' to 'm_axi'.
INFO: [RTGEN 206-500] Setting interface mode on port 'vision_gemm/gmem_y' to 'm_axi'.
INFO: [RTGEN 206-500] Setting interface mode on port 'vision_gemm/weights_f16_packed' to 's_axilite & ap_none'.
INFO: [RTGEN 206-500] Setting interface mode on port 'vision_gemm/activations_f32_packed' to 's_axilite & ap_none'.
INFO: [RTGEN 206-500] Setting interface mode on port 'vision_gemm/output_f32_packed' to 's_axilite & ap_none'.
INFO: [RTGEN 206-500] Setting interface mode on function 'vision_gemm' to 's_axilite & ap_ctrl_hs'.
INFO: [RTGEN 206-100] Bundling port 'weights_f16_packed', 'activations_f32_packed', 'output_f32_packed' to AXI-Lite port control.
INFO: [RTGEN 206-100] Finished creating RTL model for 'vision_gemm'.
INFO: [RTMG 210-278] Implementing memory 'vision_gemm_weight_tile_RAM_2P_URAM_1R1W' using ultra RAMs.
INFO: [RTMG 210-278] Implementing memory 'vision_gemm_activation_tile_RAM_2P_URAM_1R1W' using ultra RAMs.
INFO: [RTMG 210-278] Implementing memory 'vision_gemm_result_tile_RAM_2P_BRAM_1R1W' using block RAMs.
INFO: [HLS 200-111] Finished Creating RTL model: CPU user time: 0.13 seconds. CPU system time: 0.01 seconds. Elapsed time: 0.14 seconds; current allocated memory: 470.484 MB.
INFO: [HLS 200-111] Finished Generating all RTL models: CPU user time: 0.2 seconds. CPU system time: 0.01 seconds. Elapsed time: 0.21 seconds; current allocated memory: 475.934 MB.
INFO: [HLS 200-1603] Design has inferred MAXI bursts and missed bursts, see Vitis HLS GUI synthesis summary report for detailed information.
INFO: [HLS 200-111] Finished Updating report files: CPU user time: 0.46 seconds. CPU system time: 0.02 seconds. Elapsed time: 0.47 seconds; current allocated memory: 494.031 MB.
INFO: [VHDL 208-304] Generating VHDL RTL for vision_gemm.
INFO: [VLOG 209-307] Generating Verilog RTL for vision_gemm.
INFO: [HLS 200-790] **** Loop Constraint Status: All loop constraints were NOT satisfied.
INFO: [HLS 200-789] **** Estimated Fmax: 244.14 MHz
INFO: [HLS 200-2161] Finished Command csynth_design Elapsed time: 00:00:12; Allocated memory: 183.906 MB.
INFO: [HLS 200-112] Total CPU user time: 13.07 seconds. Total CPU system time: 1.1 seconds. Total elapsed time: 16.48 seconds; peak allocated memory: 494.031 MB.
