Copyright 1986-2022 Xilinx, Inc. All Rights Reserved. Copyright 2022-2024 Advanced Micro Devices, Inc. All Rights Reserved.
-----------------------------------------------------------------------------------------------------------------------------------------------------------------------------------------------------------------------------------------------
| Tool Version      : Vivado v.2024.2 (lin64) Build 5239630 Fri Nov 08 22:34:34 MST 2024
| Date              : Thu Sep 24 13:47:54 2026
| Host              : zhiro-ThinkBook-16p-G5-IRX running 64-bit Ubuntu 24.04.5 LTS
| Command           : report_timing_summary -delay_type max -report_unconstrained -file /home/zhiro/research/kv260-vlm-workers/RM02-B-hls-baseline/experiments/rm02_b_vision_gemm/reports/vivado_baseline_static_v3_m16_n32/timing_summary.rpt
| Design            : vision_gemm
| Device            : xck26-sfvc784
| Speed File        : -2LV  PRODUCTION 1.30 05-15-2022
| Design State      : Synthesized
| Temperature Grade : C
-----------------------------------------------------------------------------------------------------------------------------------------------------------------------------------------------------------------------------------------------

Timing Summary Report

------------------------------------------------------------------------------------------------
| Timer Settings
| --------------
------------------------------------------------------------------------------------------------

  Enable Multi Corner Analysis               :  Yes
  Enable Pessimism Removal                   :  Yes
  Pessimism Removal Resolution               :  Nearest Common Node
  Enable Input Delay Default Clock           :  No
  Enable Preset / Clear Arcs                 :  No
  Disable Flight Delays                      :  No
  Ignore I/O Paths                           :  No
  Timing Early Launch at Borrowing Latches   :  No
  Borrow Time for Max Delay Exceptions       :  Yes
  Merge Timing Exceptions                    :  Yes
  Inter-SLR Compensation                     :  Conservative

  Corner  Analyze    Analyze    
  Name    Max Paths  Min Paths  
  ------  ---------  ---------  
  Slow    Yes        Yes        
  Fast    Yes        Yes        


------------------------------------------------------------------------------------------------
| Report Methodology
| ------------------
------------------------------------------------------------------------------------------------

No report available as report_methodology has not been run prior. Run report_methodology on the current design for the summary of methodology violations.



check_timing report

Table of Contents
-----------------
1. checking no_clock (0)
2. checking constant_clock (0)
3. checking pulse_width_clock (0)
4. checking unconstrained_internal_endpoints (0)
5. checking no_input_delay (445)
6. checking no_output_delay (530)
7. checking multiple_clock (0)
8. checking generated_clocks (0)
9. checking loops (0)
10. checking partial_input_delay (0)
11. checking partial_output_delay (0)
12. checking latch_loops (0)

1. checking no_clock (0)
------------------------
 There are 0 register/latch pins with no clock.


2. checking constant_clock (0)
------------------------------
 There are 0 register/latch pins with constant_clock.


3. checking pulse_width_clock (0)
---------------------------------
 There are 0 register/latch pins which need pulse_width check


4. checking unconstrained_internal_endpoints (0)
------------------------------------------------
 There are 0 pins that are not constrained for maximum delay.

 There are 0 pins that are not constrained for maximum delay due to constant clock.


5. checking no_input_delay (445)
--------------------------------
 There are 445 input ports with no input delay specified. (HIGH)

 There are 0 input ports with no input delay but user has a false path constraint.


6. checking no_output_delay (530)
---------------------------------
 There are 530 ports with no output delay specified. (HIGH)

 There are 0 ports with no output delay but user has a false path constraint

 There are 0 ports with no output delay but with a timing clock defined on it or propagating through it


7. checking multiple_clock (0)
------------------------------
 There are 0 register/latch pins with multiple clocks.


8. checking generated_clocks (0)
--------------------------------
 There are 0 generated clocks that are not connected to a clock source.


9. checking loops (0)
---------------------
 There are 0 combinational loops in the design.


10. checking partial_input_delay (0)
------------------------------------
 There are 0 input ports with partial input delay specified.


11. checking partial_output_delay (0)
-------------------------------------
 There are 0 ports with partial output delay specified.


12. checking latch_loops (0)
----------------------------
 There are 0 combinational latch loops in the design through latch input



------------------------------------------------------------------------------------------------
| Design Timing Summary
| ---------------------
------------------------------------------------------------------------------------------------

    WNS(ns)      TNS(ns)  TNS Failing Endpoints  TNS Total Endpoints     WPWS(ns)     TPWS(ns)  TPWS Failing Endpoints  TPWS Total Endpoints  
    -------      -------  ---------------------  -------------------     --------     --------  ----------------------  --------------------  
      1.612        0.000                      0                78297        1.700        0.000                       0                 33927  


All user specified timing constraints are met.


------------------------------------------------------------------------------------------------
| Clock Summary
| -------------
------------------------------------------------------------------------------------------------

Clock   Waveform(ns)         Period(ns)      Frequency(MHz)
-----   ------------         ----------      --------------
ap_clk  {0.000 2.500}        5.000           200.000         


------------------------------------------------------------------------------------------------
| Intra Clock Table
| -----------------
------------------------------------------------------------------------------------------------

Clock             WNS(ns)      TNS(ns)  TNS Failing Endpoints  TNS Total Endpoints     WPWS(ns)     TPWS(ns)  TPWS Failing Endpoints  TPWS Total Endpoints  
-----             -------      -------  ---------------------  -------------------     --------     --------  ----------------------  --------------------  
ap_clk              1.612        0.000                      0                78297        1.700        0.000                       0                 33927  


------------------------------------------------------------------------------------------------
| Inter Clock Table
| -----------------
------------------------------------------------------------------------------------------------

From Clock    To Clock          WNS(ns)      TNS(ns)  TNS Failing Endpoints  TNS Total Endpoints  
----------    --------          -------      -------  ---------------------  -------------------  


------------------------------------------------------------------------------------------------
| Other Path Groups Table
| -----------------------
------------------------------------------------------------------------------------------------

Path Group    From Clock    To Clock          WNS(ns)      TNS(ns)  TNS Failing Endpoints  TNS Total Endpoints  
----------    ----------    --------          -------      -------  ---------------------  -------------------  


------------------------------------------------------------------------------------------------
| User Ignored Path Table
| -----------------------
------------------------------------------------------------------------------------------------

Path Group    From Clock    To Clock    
----------    ----------    --------    


------------------------------------------------------------------------------------------------
| Unconstrained Path Table
| ------------------------
------------------------------------------------------------------------------------------------

Path Group    From Clock    To Clock    
----------    ----------    --------    
(none)        ap_clk                      
(none)                      ap_clk        


------------------------------------------------------------------------------------------------
| Timing Details
| --------------
------------------------------------------------------------------------------------------------


---------------------------------------------------------------------------------------------------
From Clock:  ap_clk
  To Clock:  ap_clk

Setup :            0  Failing Endpoints,  Worst Slack        1.612ns,  Total Violation        0.000ns
Hold  :           NA  Failing Endpoints,  Worst Slack           NA  ,  Total Violation           NA
PW    :            0  Failing Endpoints,  Worst Slack        1.700ns,  Total Violation        0.000ns
---------------------------------------------------------------------------------------------------


Max Delay Paths
--------------------------------------------------------------------------------------
Slack (MET) :             1.612ns  (required time - arrival time)
  Source:                 weight_tile_U/ram_reg_uram_1/CLK
                            (rising edge-triggered cell URAM288 clocked by ap_clk  {rise@0.000ns fall@2.500ns period=5.000ns})
  Destination:            grp_vision_gemm_Pipeline_VITIS_LOOP_82_5_VITIS_LOOP_83_6_VITIS_LOOP_96_10_fu_506/icmp_ln13_reg_8761_reg[0]/D
                            (rising edge-triggered cell FDRE clocked by ap_clk  {rise@0.000ns fall@2.500ns period=5.000ns})
  Path Group:             ap_clk
  Path Type:              Setup (Max at Slow Process Corner)
  Requirement:            5.000ns  (ap_clk rise@5.000ns - ap_clk rise@0.000ns)
  Data Path Delay:        3.252ns  (logic 2.232ns (68.635%)  route 1.020ns (31.365%))
  Logic Levels:           5  (LUT4=1 LUT5=1 LUT6=2 MUXF7=1)
  Clock Path Skew:        -0.145ns (DCD - SCD + CPR)
    Destination Clock Delay (DCD):    3.202ns = ( 8.202 - 5.000 ) 
    Source Clock Delay      (SCD):    3.910ns
    Clock Pessimism Removal (CPR):    0.562ns
  Clock Uncertainty:      0.035ns  ((TSJ^2 + TIJ^2)^1/2 + DJ) / 2 + PE
    Total System Jitter     (TSJ):    0.071ns
    Total Input Jitter      (TIJ):    0.000ns
    Discrete Jitter          (DJ):    0.000ns
    Phase Error              (PE):    0.000ns

    Location             Delay type                Incr(ns)  Path(ns)    Netlist Resource(s)
  -------------------------------------------------------------------    -------------------
                         (clock ap_clk rise edge)     0.000     0.000 r  
                                                      0.000     0.000 r  ap_clk (IN)
                         net (fo=0)                   0.000     0.000    ap_clk_IBUF_inst/I
                         INBUF (Prop_INBUF_PAD_O)     1.026     1.026 r  ap_clk_IBUF_inst/INBUF_INST/O
                         net (fo=1, unplaced)         0.000     1.026    ap_clk_IBUF_inst/OUT
                         IBUFCTRL (Prop_IBUFCTRL_I_O)
                                                      0.000     1.026 r  ap_clk_IBUF_inst/IBUFCTRL_INST/O
                         net (fo=1, unplaced)         0.256     1.282    ap_clk_IBUF
                         BUFGCE (Prop_BUFGCE_I_O)     0.044     1.326 r  ap_clk_IBUF_BUFG_inst/O
                         net (fo=34326, unplaced)     2.584     3.910    weight_tile_U/clk
                         URAM288                                      r  weight_tile_U/ram_reg_uram_1/CLK
  -------------------------------------------------------------------    -------------------
                         URAM288 (Prop_URAM288_CLK_DOUT_A[26])
                                                      1.651     5.561 f  weight_tile_U/ram_reg_uram_1/DOUT_A[26]
                         net (fo=1, unplaced)         0.332     5.893    grp_vision_gemm_Pipeline_VITIS_LOOP_82_5_VITIS_LOOP_83_6_VITIS_LOOP_96_10_fu_506/partselect_16ns_128ns_32ns_16_1_1_U67/din[98]
                         LUT6 (Prop_LUT6_I0_O)        0.225     6.118 f  grp_vision_gemm_Pipeline_VITIS_LOOP_82_5_VITIS_LOOP_83_6_VITIS_LOOP_96_10_fu_506/partselect_16ns_128ns_32ns_16_1_1_U67/dout[2]_INST_0_i_1/O
                         net (fo=1, unplaced)         0.030     6.148    grp_vision_gemm_Pipeline_VITIS_LOOP_82_5_VITIS_LOOP_83_6_VITIS_LOOP_96_10_fu_506/partselect_16ns_128ns_32ns_16_1_1_U67/dout[2]_INST_0_i_1_n_0
                         MUXF7 (Prop_MUXF7_I0_O)      0.102     6.250 f  grp_vision_gemm_Pipeline_VITIS_LOOP_82_5_VITIS_LOOP_83_6_VITIS_LOOP_96_10_fu_506/partselect_16ns_128ns_32ns_16_1_1_U67/dout[2]_INST_0/O
                         net (fo=5, unplaced)         0.169     6.419    grp_vision_gemm_Pipeline_VITIS_LOOP_82_5_VITIS_LOOP_83_6_VITIS_LOOP_96_10_fu_506/wbits_fu_4213_p3[2]
                         LUT4 (Prop_LUT4_I0_O)        0.138     6.557 f  grp_vision_gemm_Pipeline_VITIS_LOOP_82_5_VITIS_LOOP_83_6_VITIS_LOOP_96_10_fu_506/icmp_ln13_reg_8761[0]_i_3/O
                         net (fo=1, unplaced)         0.211     6.768    grp_vision_gemm_Pipeline_VITIS_LOOP_82_5_VITIS_LOOP_83_6_VITIS_LOOP_96_10_fu_506/icmp_ln13_reg_8761[0]_i_3_n_0
                         LUT5 (Prop_LUT5_I4_O)        0.058     6.826 f  grp_vision_gemm_Pipeline_VITIS_LOOP_82_5_VITIS_LOOP_83_6_VITIS_LOOP_96_10_fu_506/icmp_ln13_reg_8761[0]_i_2/O
                         net (fo=1, unplaced)         0.211     7.037    grp_vision_gemm_Pipeline_VITIS_LOOP_82_5_VITIS_LOOP_83_6_VITIS_LOOP_96_10_fu_506/icmp_ln13_reg_8761[0]_i_2_n_0
                         LUT6 (Prop_LUT6_I2_O)        0.058     7.095 r  grp_vision_gemm_Pipeline_VITIS_LOOP_82_5_VITIS_LOOP_83_6_VITIS_LOOP_96_10_fu_506/icmp_ln13_reg_8761[0]_i_1/O
                         net (fo=1, unplaced)         0.067     7.162    grp_vision_gemm_Pipeline_VITIS_LOOP_82_5_VITIS_LOOP_83_6_VITIS_LOOP_96_10_fu_506/icmp_ln13_reg_8761[0]_i_1_n_0
                         FDRE                                         r  grp_vision_gemm_Pipeline_VITIS_LOOP_82_5_VITIS_LOOP_83_6_VITIS_LOOP_96_10_fu_506/icmp_ln13_reg_8761_reg[0]/D
  -------------------------------------------------------------------    -------------------

                         (clock ap_clk rise edge)     5.000     5.000 r  
                                                      0.000     5.000 r  ap_clk (IN)
                         net (fo=0)                   0.000     5.000    ap_clk_IBUF_inst/I
                         INBUF (Prop_INBUF_PAD_O)     0.518     5.518 r  ap_clk_IBUF_inst/INBUF_INST/O
                         net (fo=1, unplaced)         0.000     5.518    ap_clk_IBUF_inst/OUT
                         IBUFCTRL (Prop_IBUFCTRL_I_O)
                                                      0.000     5.518 r  ap_clk_IBUF_inst/IBUFCTRL_INST/O
                         net (fo=1, unplaced)         0.206     5.724    ap_clk_IBUF
                         BUFGCE (Prop_BUFGCE_I_O)     0.039     5.763 r  ap_clk_IBUF_BUFG_inst/O
                         net (fo=34326, unplaced)     2.439     8.202    grp_vision_gemm_Pipeline_VITIS_LOOP_82_5_VITIS_LOOP_83_6_VITIS_LOOP_96_10_fu_506/ap_clk
                         FDRE                                         r  grp_vision_gemm_Pipeline_VITIS_LOOP_82_5_VITIS_LOOP_83_6_VITIS_LOOP_96_10_fu_506/icmp_ln13_reg_8761_reg[0]/C
                         clock pessimism              0.562     8.765    
                         clock uncertainty           -0.035     8.729    
                         FDRE (Setup_FDRE_C_D)        0.044     8.773    grp_vision_gemm_Pipeline_VITIS_LOOP_82_5_VITIS_LOOP_83_6_VITIS_LOOP_96_10_fu_506/icmp_ln13_reg_8761_reg[0]
  -------------------------------------------------------------------
                         required time                          8.773    
                         arrival time                          -7.162    
  -------------------------------------------------------------------
                         slack                                  1.612    





Pulse Width Checks
--------------------------------------------------------------------------------------
Clock Name:         ap_clk
Waveform(ns):       { 0.000 2.500 }
Period(ns):         5.000
Sources:            { ap_clk }

Check Type        Corner  Lib Pin      Reference Pin  Required(ns)  Actual(ns)  Slack(ns)  Location  Pin
Min Period        n/a     URAM288/CLK  n/a            2.471         5.000       2.529                activation_tile_1_U/ram_reg_uram_1/CLK
Low Pulse Width   Slow    URAM288/CLK  n/a            0.800         2.500       1.700                activation_tile_1_U/ram_reg_uram_1/CLK
High Pulse Width  Slow    URAM288/CLK  n/a            0.800         2.500       1.700                activation_tile_1_U/ram_reg_uram_1/CLK



--------------------------------------------------------------------------------------
Path Group:  (none)
From Clock:  ap_clk
  To Clock:  

Max Delay           530 Endpoints
Min Delay             0 Endpoints
--------------------------------------------------------------------------------------


Max Delay Paths
--------------------------------------------------------------------------------------
Slack:                    inf
  Source:                 gmem_y_m_axi_U/bus_write/wreq_throttle/last_cnt_reg[5]/C
                            (rising edge-triggered cell FDRE clocked by ap_clk  {rise@0.000ns fall@2.500ns period=5.000ns})
  Destination:            m_axi_gmem_y_WVALID
                            (output port)
  Path Group:             (none)
  Path Type:              Max at Slow Process Corner
  Data Path Delay:        4.504ns  (logic 3.137ns (69.646%)  route 1.367ns (30.354%))
  Logic Levels:           3  (LUT4=1 LUT6=1 OBUF=1)
  Clock Uncertainty:      0.025ns  ((TSJ^2 + TIJ^2)^1/2 + DJ) / 2 + PE
    Total System Jitter     (TSJ):    0.050ns
    Total Input Jitter      (TIJ):    0.000ns
    Discrete Jitter          (DJ):    0.000ns
    Phase Error              (PE):    0.000ns

    Location             Delay type                Incr(ns)  Path(ns)    Netlist Resource(s)
  -------------------------------------------------------------------    -------------------
                         (clock ap_clk rise edge)     0.000     0.000 r  
                                                      0.000     0.000 r  ap_clk (IN)
                         net (fo=0)                   0.000     0.000    ap_clk_IBUF_inst/I
                         INBUF (Prop_INBUF_PAD_O)     1.026     1.026 r  ap_clk_IBUF_inst/INBUF_INST/O
                         net (fo=1, unplaced)         0.000     1.026    ap_clk_IBUF_inst/OUT
                         IBUFCTRL (Prop_IBUFCTRL_I_O)
                                                      0.000     1.026 r  ap_clk_IBUF_inst/IBUFCTRL_INST/O
                         net (fo=1, unplaced)         0.256     1.282    ap_clk_IBUF
                         BUFGCE (Prop_BUFGCE_I_O)     0.044     1.326 r  ap_clk_IBUF_BUFG_inst/O
                         net (fo=34326, unplaced)     2.584     3.910    gmem_y_m_axi_U/bus_write/wreq_throttle/clk
                         FDRE                                         r  gmem_y_m_axi_U/bus_write/wreq_throttle/last_cnt_reg[5]/C
  -------------------------------------------------------------------    -------------------
                         FDRE (Prop_FDRE_C_Q)         0.113     4.023 r  gmem_y_m_axi_U/bus_write/wreq_throttle/last_cnt_reg[5]/Q
                         net (fo=3, unplaced)         0.180     4.203    gmem_y_m_axi_U/bus_write/wreq_throttle/last_cnt_reg[5]
                         LUT6 (Prop_LUT6_I0_O)        0.225     4.428 r  gmem_y_m_axi_U/bus_write/wreq_throttle/out_BUS_WVALID_INST_0_i_1/O
                         net (fo=7, unplaced)         0.236     4.664    gmem_y_m_axi_U/bus_write/wreq_throttle/out_BUS_WVALID_INST_0_i_1_n_0
                         LUT4 (Prop_LUT4_I3_O)        0.095     4.759 r  gmem_y_m_axi_U/bus_write/wreq_throttle/out_BUS_WVALID_INST_0/O
                         net (fo=1, unplaced)         0.951     5.710    m_axi_gmem_y_WVALID_OBUF
                         OBUF (Prop_OBUF_I_O)         2.704     8.413 r  m_axi_gmem_y_WVALID_OBUF_inst/O
                         net (fo=0)                   0.000     8.413    m_axi_gmem_y_WVALID
                                                                      r  m_axi_gmem_y_WVALID (OUT)
  -------------------------------------------------------------------    -------------------





--------------------------------------------------------------------------------------
Path Group:  (none)
From Clock:  
  To Clock:  ap_clk

Max Delay          7189 Endpoints
Min Delay             0 Endpoints
--------------------------------------------------------------------------------------


Max Delay Paths
--------------------------------------------------------------------------------------
Slack:                    inf
  Source:                 m_axi_gmem_y_WREADY
                            (input port)
  Destination:            gmem_y_m_axi_U/bus_write/wreq_throttle/req_fifo/raddr_reg[0]/CE
                            (rising edge-triggered cell FDRE clocked by ap_clk  {rise@0.000ns fall@2.500ns period=5.000ns})
  Path Group:             (none)
  Path Type:              Setup (Max at Slow Process Corner)
  Data Path Delay:        2.886ns  (logic 1.332ns (46.145%)  route 1.554ns (53.855%))
  Logic Levels:           6  (IBUFCTRL=1 INBUF=1 LUT2=1 LUT5=1 LUT6=2)
  Clock Path Skew:        3.202ns (DCD - SCD + CPR)
    Destination Clock Delay (DCD):    3.202ns
    Source Clock Delay      (SCD):    0.000ns
    Clock Pessimism Removal (CPR):    0.000ns
  Clock Uncertainty:      0.025ns  ((TSJ^2 + TIJ^2)^1/2 + DJ) / 2 + PE
    Total System Jitter     (TSJ):    0.050ns
    Total Input Jitter      (TIJ):    0.000ns
    Discrete Jitter          (DJ):    0.000ns
    Phase Error              (PE):    0.000ns

    Location             Delay type                Incr(ns)  Path(ns)    Netlist Resource(s)
  -------------------------------------------------------------------    -------------------
                                                      0.000     0.000 f  m_axi_gmem_y_WREADY (IN)
                         net (fo=0)                   0.000     0.000    m_axi_gmem_y_WREADY_IBUF_inst/I
                         INBUF (Prop_INBUF_PAD_O)     1.026     1.026 f  m_axi_gmem_y_WREADY_IBUF_inst/INBUF_INST/O
                         net (fo=1, unplaced)         0.000     1.026    m_axi_gmem_y_WREADY_IBUF_inst/OUT
                         IBUFCTRL (Prop_IBUFCTRL_I_O)
                                                      0.000     1.026 f  m_axi_gmem_y_WREADY_IBUF_inst/IBUFCTRL_INST/O
                         net (fo=3, unplaced)         0.700     1.726    gmem_y_m_axi_U/bus_write/wreq_throttle/in_BUS_WREADY
                         LUT2 (Prop_LUT2_I1_O)        0.095     1.821 f  gmem_y_m_axi_U/bus_write/wreq_throttle/req_fifo_i_2/O
                         net (fo=3, unplaced)         0.217     2.038    gmem_y_m_axi_U/bus_write/wreq_throttle/req_fifo_i_2_n_0
                         LUT6 (Prop_LUT6_I3_O)        0.058     2.096 f  gmem_y_m_axi_U/bus_write/wreq_throttle/req_fifo_i_1/O
                         net (fo=6, unplaced)         0.233     2.329    gmem_y_m_axi_U/bus_write/wreq_throttle/req_fifo/if_read
                         LUT5 (Prop_LUT5_I4_O)        0.095     2.424 f  gmem_y_m_axi_U/bus_write/wreq_throttle/req_fifo/raddr[3]_i_3/O
                         net (fo=4, unplaced)         0.223     2.647    gmem_y_m_axi_U/bus_write/wreq_throttle/req_fifo/raddr[3]_i_3_n_0
                         LUT6 (Prop_LUT6_I5_O)        0.058     2.705 r  gmem_y_m_axi_U/bus_write/wreq_throttle/req_fifo/raddr[3]_i_1/O
                         net (fo=4, unplaced)         0.181     2.886    gmem_y_m_axi_U/bus_write/wreq_throttle/req_fifo/raddr[3]_i_1_n_0
                         FDRE                                         r  gmem_y_m_axi_U/bus_write/wreq_throttle/req_fifo/raddr_reg[0]/CE
  -------------------------------------------------------------------    -------------------

                         (clock ap_clk rise edge)     0.000     0.000 r  
                                                      0.000     0.000 r  ap_clk (IN)
                         net (fo=0)                   0.000     0.000    ap_clk_IBUF_inst/I
                         INBUF (Prop_INBUF_PAD_O)     0.518     0.518 r  ap_clk_IBUF_inst/INBUF_INST/O
                         net (fo=1, unplaced)         0.000     0.518    ap_clk_IBUF_inst/OUT
                         IBUFCTRL (Prop_IBUFCTRL_I_O)
                                                      0.000     0.518 r  ap_clk_IBUF_inst/IBUFCTRL_INST/O
                         net (fo=1, unplaced)         0.206     0.724    ap_clk_IBUF
                         BUFGCE (Prop_BUFGCE_I_O)     0.039     0.763 r  ap_clk_IBUF_BUFG_inst/O
                         net (fo=34326, unplaced)     2.439     3.202    gmem_y_m_axi_U/bus_write/wreq_throttle/req_fifo/clk
                         FDRE                                         r  gmem_y_m_axi_U/bus_write/wreq_throttle/req_fifo/raddr_reg[0]/C





