Copyright 1986-2022 Xilinx, Inc. All Rights Reserved. Copyright 2022-2024 Advanced Micro Devices, Inc. All Rights Reserved.
---------------------------------------------------------------------------------------------------------------------------------------------------------------------------------------------------------------------------------------
| Tool Version      : Vivado v.2024.2 (lin64) Build 5239630 Fri Nov 08 22:34:34 MST 2024
| Date              : Thu Sep 24 16:53:02 2026
| Host              : zhiro-ThinkBook-16p-G5-IRX running 64-bit Ubuntu 24.04.5 LTS
| Command           : report_timing_summary -delay_type max -report_unconstrained -file /home/zhiro/research/kv260-vlm-workers/RM02-B-hls-baseline/experiments/rm03_hls_mapping/reports/vivado_ooc_rm03_dynamic8/timing_post_route.rpt
| Design            : vision_gemm
| Device            : xck26-sfvc784
| Speed File        : -2LV  PRODUCTION 1.30 05-15-2022
| Design State      : Routed
| Temperature Grade : C
---------------------------------------------------------------------------------------------------------------------------------------------------------------------------------------------------------------------------------------

Timing Summary Report

------------------------------------------------------------------------------------------------
| Timer Settings
| --------------
------------------------------------------------------------------------------------------------

  Enable Multi Corner Analysis               :  Yes
  Enable Pessimism Removal                   :  Yes
  Pessimism Removal Resolution               :  Nearest Common Node
  Enable Input Delay Default Clock           :  No
  Enable Preset / Clear Arcs                 :  No
  Disable Flight Delays                      :  No
  Ignore I/O Paths                           :  No
  Timing Early Launch at Borrowing Latches   :  No
  Borrow Time for Max Delay Exceptions       :  Yes
  Merge Timing Exceptions                    :  Yes
  Inter-SLR Compensation                     :  Conservative

  Corner  Analyze    Analyze    
  Name    Max Paths  Min Paths  
  ------  ---------  ---------  
  Slow    Yes        Yes        
  Fast    Yes        Yes        


------------------------------------------------------------------------------------------------
| Report Methodology
| ------------------
------------------------------------------------------------------------------------------------

No report available as report_methodology has not been run prior. Run report_methodology on the current design for the summary of methodology violations.



check_timing report

Table of Contents
-----------------
1. checking no_clock (0)
2. checking constant_clock (0)
3. checking pulse_width_clock (0)
4. checking unconstrained_internal_endpoints (0)
5. checking no_input_delay (445)
6. checking no_output_delay (530)
7. checking multiple_clock (0)
8. checking generated_clocks (0)
9. checking loops (0)
10. checking partial_input_delay (0)
11. checking partial_output_delay (0)
12. checking latch_loops (0)

1. checking no_clock (0)
------------------------
 There are 0 register/latch pins with no clock.


2. checking constant_clock (0)
------------------------------
 There are 0 register/latch pins with constant_clock.


3. checking pulse_width_clock (0)
---------------------------------
 There are 0 register/latch pins which need pulse_width check


4. checking unconstrained_internal_endpoints (0)
------------------------------------------------
 There are 0 pins that are not constrained for maximum delay.

 There are 0 pins that are not constrained for maximum delay due to constant clock.


5. checking no_input_delay (445)
--------------------------------
 There are 445 input ports with no input delay specified. (HIGH)

 There are 0 input ports with no input delay but user has a false path constraint.


6. checking no_output_delay (530)
---------------------------------
 There are 530 ports with no output delay specified. (HIGH)

 There are 0 ports with no output delay but user has a false path constraint

 There are 0 ports with no output delay but with a timing clock defined on it or propagating through it


7. checking multiple_clock (0)
------------------------------
 There are 0 register/latch pins with multiple clocks.


8. checking generated_clocks (0)
--------------------------------
 There are 0 generated clocks that are not connected to a clock source.


9. checking loops (0)
---------------------
 There are 0 combinational loops in the design.


10. checking partial_input_delay (0)
------------------------------------
 There are 0 input ports with partial input delay specified.


11. checking partial_output_delay (0)
-------------------------------------
 There are 0 ports with partial output delay specified.


12. checking latch_loops (0)
----------------------------
 There are 0 combinational latch loops in the design through latch input



------------------------------------------------------------------------------------------------
| Design Timing Summary
| ---------------------
------------------------------------------------------------------------------------------------

    WNS(ns)      TNS(ns)  TNS Failing Endpoints  TNS Total Endpoints     WPWS(ns)     TPWS(ns)  TPWS Failing Endpoints  TPWS Total Endpoints  
    -------      -------  ---------------------  -------------------     --------     --------  ----------------------  --------------------  
      0.557        0.000                      0                46603        1.700        0.000                       0                 18636  


All user specified timing constraints are met.


------------------------------------------------------------------------------------------------
| Clock Summary
| -------------
------------------------------------------------------------------------------------------------

Clock   Waveform(ns)         Period(ns)      Frequency(MHz)
-----   ------------         ----------      --------------
ap_clk  {0.000 2.500}        5.000           200.000         


------------------------------------------------------------------------------------------------
| Intra Clock Table
| -----------------
------------------------------------------------------------------------------------------------

Clock             WNS(ns)      TNS(ns)  TNS Failing Endpoints  TNS Total Endpoints     WPWS(ns)     TPWS(ns)  TPWS Failing Endpoints  TPWS Total Endpoints  
-----             -------      -------  ---------------------  -------------------     --------     --------  ----------------------  --------------------  
ap_clk              0.557        0.000                      0                46603        1.700        0.000                       0                 18636  


------------------------------------------------------------------------------------------------
| Inter Clock Table
| -----------------
------------------------------------------------------------------------------------------------

From Clock    To Clock          WNS(ns)      TNS(ns)  TNS Failing Endpoints  TNS Total Endpoints  
----------    --------          -------      -------  ---------------------  -------------------  


------------------------------------------------------------------------------------------------
| Other Path Groups Table
| -----------------------
------------------------------------------------------------------------------------------------

Path Group    From Clock    To Clock          WNS(ns)      TNS(ns)  TNS Failing Endpoints  TNS Total Endpoints  
----------    ----------    --------          -------      -------  ---------------------  -------------------  


------------------------------------------------------------------------------------------------
| User Ignored Path Table
| -----------------------
------------------------------------------------------------------------------------------------

Path Group    From Clock    To Clock    
----------    ----------    --------    


------------------------------------------------------------------------------------------------
| Unconstrained Path Table
| ------------------------
------------------------------------------------------------------------------------------------

Path Group    From Clock    To Clock    
----------    ----------    --------    
(none)        ap_clk                      
(none)                      ap_clk        


------------------------------------------------------------------------------------------------
| Timing Details
| --------------
------------------------------------------------------------------------------------------------


---------------------------------------------------------------------------------------------------
From Clock:  ap_clk
  To Clock:  ap_clk

Setup :            0  Failing Endpoints,  Worst Slack        0.557ns,  Total Violation        0.000ns
Hold  :           NA  Failing Endpoints,  Worst Slack           NA  ,  Total Violation           NA
PW    :            0  Failing Endpoints,  Worst Slack        1.700ns,  Total Violation        0.000ns
---------------------------------------------------------------------------------------------------


Max Delay Paths
--------------------------------------------------------------------------------------
Slack (MET) :             0.557ns  (required time - arrival time)
  Source:                 grp_vision_gemm_Pipeline_VITIS_LOOP_70_3_VITIS_LOOP_71_4_fu_1435/mac_muladd_10ns_3ns_10ns_13_4_1_U9/vision_gemm_mac_muladd_10ns_3ns_10ns_13_4_1_DSP48_0_U/p_reg_reg/DSP_OUTPUT_INST/CLK
                            (rising edge-triggered cell DSP_OUTPUT clocked by ap_clk  {rise@0.000ns fall@2.500ns period=5.000ns})
  Destination:            activation_tile_2_U/ram_reg_uram_7/ADDR_B[9]
                            (rising edge-triggered cell URAM288 clocked by ap_clk  {rise@0.000ns fall@2.500ns period=5.000ns})
  Path Group:             ap_clk
  Path Type:              Setup (Max at Slow Process Corner)
  Requirement:            5.000ns  (ap_clk rise@5.000ns - ap_clk rise@0.000ns)
  Data Path Delay:        3.956ns  (logic 0.277ns (7.002%)  route 3.679ns (92.998%))
  Logic Levels:           0  
  Clock Path Skew:        0.008ns (DCD - SCD + CPR)
    Destination Clock Delay (DCD):    0.085ns = ( 5.085 - 5.000 ) 
    Source Clock Delay      (SCD):    0.077ns
    Clock Pessimism Removal (CPR):    0.000ns
  Clock Uncertainty:      0.035ns  ((TSJ^2 + TIJ^2)^1/2 + DJ) / 2 + PE
    Total System Jitter     (TSJ):    0.071ns
    Total Input Jitter      (TIJ):    0.000ns
    Discrete Jitter          (DJ):    0.000ns
    Phase Error              (PE):    0.000ns

    Location             Delay type                Incr(ns)  Path(ns)    Netlist Resource(s)
  -------------------------------------------------------------------    -------------------
                         (clock ap_clk rise edge)     0.000     0.000 r  
                                                      0.000     0.000 r  ap_clk (IN)
                         net (fo=19109, unset)        0.077     0.077    grp_vision_gemm_Pipeline_VITIS_LOOP_70_3_VITIS_LOOP_71_4_fu_1435/mac_muladd_10ns_3ns_10ns_13_4_1_U9/vision_gemm_mac_muladd_10ns_3ns_10ns_13_4_1_DSP48_0_U/p_reg_reg/CLK
    DSP48E2_X5Y48        DSP_OUTPUT                                   r  grp_vision_gemm_Pipeline_VITIS_LOOP_70_3_VITIS_LOOP_71_4_fu_1435/mac_muladd_10ns_3ns_10ns_13_4_1_U9/vision_gemm_mac_muladd_10ns_3ns_10ns_13_4_1_DSP48_0_U/p_reg_reg/DSP_OUTPUT_INST/CLK
  -------------------------------------------------------------------    -------------------
    DSP48E2_X5Y48        DSP_OUTPUT (Prop_DSP_OUTPUT_DSP48E2_CLK_P[9])
                                                      0.277     0.354 r  grp_vision_gemm_Pipeline_VITIS_LOOP_70_3_VITIS_LOOP_71_4_fu_1435/mac_muladd_10ns_3ns_10ns_13_4_1_U9/vision_gemm_mac_muladd_10ns_3ns_10ns_13_4_1_DSP48_0_U/p_reg_reg/DSP_OUTPUT_INST/P[9]
                         net (fo=32, routed)          3.679     4.033    activation_tile_2_U/address1[9]
    URAM288_X0Y6         URAM288                                      r  activation_tile_2_U/ram_reg_uram_7/ADDR_B[9]
  -------------------------------------------------------------------    -------------------

                         (clock ap_clk rise edge)     5.000     5.000 r  
                                                      0.000     5.000 r  ap_clk (IN)
                         net (fo=19109, unset)        0.085     5.085    activation_tile_2_U/clk
    URAM288_X0Y6         URAM288                                      r  activation_tile_2_U/ram_reg_uram_7/CLK
                         clock pessimism              0.000     5.085    
                         clock uncertainty           -0.035     5.050    
    URAM288_X0Y6         URAM288 (Setup_URAM_288K_INST_URAM288_CLK_ADDR_B[9])
                                                     -0.460     4.590    activation_tile_2_U/ram_reg_uram_7
  -------------------------------------------------------------------
                         required time                          4.590    
                         arrival time                          -4.033    
  -------------------------------------------------------------------
                         slack                                  0.557    





Pulse Width Checks
--------------------------------------------------------------------------------------
Clock Name:         ap_clk
Waveform(ns):       { 0.000 2.500 }
Period(ns):         5.000
Sources:            { ap_clk }

Check Type        Corner  Lib Pin      Reference Pin  Required(ns)  Actual(ns)  Slack(ns)  Location       Pin
Min Period        n/a     URAM288/CLK  n/a            2.471         5.000       2.529      URAM288_X0Y24  activation_tile_1_U/ram_reg_uram_1/CLK
Low Pulse Width   Slow    URAM288/CLK  n/a            0.800         2.500       1.700      URAM288_X0Y24  activation_tile_1_U/ram_reg_uram_1/CLK
High Pulse Width  Slow    URAM288/CLK  n/a            0.800         2.500       1.700      URAM288_X0Y24  activation_tile_1_U/ram_reg_uram_1/CLK



--------------------------------------------------------------------------------------
Path Group:  (none)
From Clock:  ap_clk
  To Clock:  

Max Delay           530 Endpoints
Min Delay             0 Endpoints
--------------------------------------------------------------------------------------


Max Delay Paths
--------------------------------------------------------------------------------------
Slack:                    inf
  Source:                 gmem_y_m_axi_U/bus_write/wreq_throttle/last_cnt_reg[4]/C
                            (rising edge-triggered cell FDRE clocked by ap_clk  {rise@0.000ns fall@2.500ns period=5.000ns})
  Destination:            m_axi_gmem_y_WVALID
                            (output port)
  Path Group:             (none)
  Path Type:              Max at Slow Process Corner
  Data Path Delay:        0.828ns  (logic 0.388ns (46.856%)  route 0.440ns (53.144%))
  Logic Levels:           2  (LUT4=1 LUT6=1)
  Clock Uncertainty:      0.025ns  ((TSJ^2 + TIJ^2)^1/2 + DJ) / 2 + PE
    Total System Jitter     (TSJ):    0.050ns
    Total Input Jitter      (TIJ):    0.000ns
    Discrete Jitter          (DJ):    0.000ns
    Phase Error              (PE):    0.000ns

    Location             Delay type                Incr(ns)  Path(ns)    Netlist Resource(s)
  -------------------------------------------------------------------    -------------------
                         (clock ap_clk rise edge)     0.000     0.000 r  
                                                      0.000     0.000 r  ap_clk (IN)
                         net (fo=19109, unset)        0.041     0.041    gmem_y_m_axi_U/bus_write/wreq_throttle/clk
    SLICE_X39Y215        FDRE                                         r  gmem_y_m_axi_U/bus_write/wreq_throttle/last_cnt_reg[4]/C
  -------------------------------------------------------------------    -------------------
    SLICE_X39Y215        FDRE (Prop_DFF_SLICEL_C_Q)
                                                      0.114     0.155 r  gmem_y_m_axi_U/bus_write/wreq_throttle/last_cnt_reg[4]/Q
                         net (fo=4, routed)           0.233     0.388    gmem_y_m_axi_U/bus_write/wreq_throttle/last_cnt_reg[4]
    SLICE_X39Y215        LUT6 (Prop_G6LUT_SLICEL_I3_O)
                                                      0.186     0.574 r  gmem_y_m_axi_U/bus_write/wreq_throttle/out_BUS_WVALID_INST_0_i_1/O
                         net (fo=7, routed)           0.175     0.749    gmem_y_m_axi_U/bus_write/wreq_throttle/out_BUS_WVALID_INST_0_i_1_n_0
    SLICE_X39Y216        LUT4 (Prop_D5LUT_SLICEL_I3_O)
                                                      0.088     0.837 r  gmem_y_m_axi_U/bus_write/wreq_throttle/out_BUS_WVALID_INST_0/O
                         net (fo=0)                   0.032     0.869    m_axi_gmem_y_WVALID
                                                                      r  m_axi_gmem_y_WVALID (OUT)
  -------------------------------------------------------------------    -------------------





--------------------------------------------------------------------------------------
Path Group:  (none)
From Clock:  
  To Clock:  ap_clk

Max Delay          7357 Endpoints
Min Delay             0 Endpoints
--------------------------------------------------------------------------------------


Max Delay Paths
--------------------------------------------------------------------------------------
Slack:                    inf
  Source:                 m_axi_gmem_y_WREADY
                            (input port)
  Destination:            gmem_y_m_axi_U/bus_write/wreq_throttle/data_fifo/U_fifo_srl/dout_reg[108]/CE
                            (rising edge-triggered cell FDRE clocked by ap_clk  {rise@0.000ns fall@2.500ns period=5.000ns})
  Path Group:             (none)
  Path Type:              Setup (Max at Slow Process Corner)
  Data Path Delay:        2.596ns  (logic 0.216ns (8.321%)  route 2.380ns (91.679%))
  Logic Levels:           2  (LUT3=1 LUT4=1)
  Clock Path Skew:        0.030ns (DCD - SCD + CPR)
    Destination Clock Delay (DCD):    0.030ns
    Source Clock Delay      (SCD):    0.000ns
    Clock Pessimism Removal (CPR):    0.000ns
  Clock Uncertainty:      0.025ns  ((TSJ^2 + TIJ^2)^1/2 + DJ) / 2 + PE
    Total System Jitter     (TSJ):    0.050ns
    Total Input Jitter      (TIJ):    0.000ns
    Discrete Jitter          (DJ):    0.000ns
    Phase Error              (PE):    0.000ns

    Location             Delay type                Incr(ns)  Path(ns)    Netlist Resource(s)
  -------------------------------------------------------------------    -------------------
                                                      0.000     0.000 r  m_axi_gmem_y_WREADY (IN)
                         net (fo=2, unset)            0.000     0.000    gmem_y_m_axi_U/bus_write/wreq_throttle/in_BUS_WREADY
    SLICE_X39Y216        LUT4 (Prop_D6LUT_SLICEL_I2_O)
                                                      0.136     0.136 r  gmem_y_m_axi_U/bus_write/wreq_throttle/data_fifo_i_1/O
                         net (fo=7, routed)           0.100     0.236    gmem_y_m_axi_U/bus_write/wreq_throttle/data_fifo/if_read
    SLICE_X38Y216        LUT3 (Prop_D6LUT_SLICEM_I1_O)
                                                      0.080     0.316 r  gmem_y_m_axi_U/bus_write/wreq_throttle/data_fifo/U_fifo_srl_i_2/O
                         net (fo=290, routed)         2.280     2.596    gmem_y_m_axi_U/bus_write/wreq_throttle/data_fifo/U_fifo_srl/re
    SLICE_X25Y184        FDRE                                         r  gmem_y_m_axi_U/bus_write/wreq_throttle/data_fifo/U_fifo_srl/dout_reg[108]/CE
  -------------------------------------------------------------------    -------------------

                         (clock ap_clk rise edge)     0.000     0.000 r  
                                                      0.000     0.000 r  ap_clk (IN)
                         net (fo=19109, unset)        0.030     0.030    gmem_y_m_axi_U/bus_write/wreq_throttle/data_fifo/U_fifo_srl/clk
    SLICE_X25Y184        FDRE                                         r  gmem_y_m_axi_U/bus_write/wreq_throttle/data_fifo/U_fifo_srl/dout_reg[108]/C





