                     Accelerator          Accel_type                            Base           Base_type      #slots(PL+AIE)         Active_slot

                k26-starter-kits            XRT_FLAT                k26-starter-kits            XRT_FLAT               (0+0)                  0,
          kv260-rm07-bounded-k16            XRT_FLAT          kv260-rm07-bounded-k16            XRT_FLAT               (0+0)                  -1
HLS UIO=/dev/uio6 uio_version=devicetree compatible=xlnx,vision-ffn-down-tile-1.0,generic-uio expected_control_base=0xa0010000
AP_CTRL_before=0x00000004 idle=1
AXI_LITE_ABI_PROBE=0xfffffffc (-4) expected=-4 PASS
APM UIO=/dev/uio5 compatible=generic-uio GClockCounterMSB=0x00000000 LSB=0x00000000
board_temp_mC=UNKNOWN
cpu_freq_kHz=1333333
CMA before benchmark:
MemAvailable:    3289964 kB
CmaTotal:        1024000 kB
CmaFree:          530728 kB
tensor_dir=/tmp/rm08-deploy/tensors runner_sha256=c687a693d20a95c81787754aa07b49f51e3cf868116f8652aa22f6d4f30ac914
BEGIN layer=0 N=1120 calls=1 utc=2026-09-25T02:39:37Z
RM08_RUN layer=ffn_down-0 K_M_N=4304_1152_1120 calls=1
CMA before_kB=514016 allocated_kB=515836 pages_before=7024 pages_after=7432 BO_bytes=1101824+552960+16384 rounded_total=1671168
BO paddr W=0x37900000 X=0x38600000 Y=0x375b0000 HLS=/dev/uio6 APM=/dev/uio5 APM_GCC_MSB=0x00000000 LSB=0x00000000
APM_CLOCK_CAL cycles=20011408 wall_ms=200.116 measured_MHz=99.999
CALL=1 N=1120 tiles=35 commands=35/315 pack_ms=182.925 xrt_sync_to_ms=1.671 xrt_sync_from_ms=1.172 control_submit_ms=0.700 hls_wait_ms=1439.654 apm_cycles=143980172 compute_cycles=142770792 stage_cycles=1209380 output_unpack_ms=26.289 wall_ms=1653.102 input_bytes=366356480 output_bytes=5160960 APM_W_read=347074560 APM_X_read=19281920 APM_Y_write=5160960 APM_GBps=0.2581 GMACps=3.857 CMA_current_kB=514100 CMA_min_kB=514100
TOTAL calls=1 N=1120 pack_ms=182.925 xrt_sync_to_ms=1.671 xrt_sync_from_ms=1.172 control_submit_ms=0.700 hls_wait_ms=1439.654 cycles=143980172 compute_cycles=142770792 stage_cycles=1209380 unpack_ms=26.289 wall_ms=1653.102 input_bytes=366356480 output_bytes=5160960 APM_W_read=347074560 APM_X_read=19281920 APM_Y_write=5160960 kernel_GMACps=3.857 system_GMACps=3.359 max_abs=1.14440918e-05 RMSE=1.80431792e-07 cosine=0.999999999999816
CMA after_release_kB=514100 pages_after_release=7432 allocated_total_bytes=1671168
END layer=0 N=1120 calls=1 utc=2026-09-25T02:39:39Z
BEGIN layer=13 N=280 calls=1 utc=2026-09-25T02:39:39Z
RM08_RUN layer=ffn_down-13 K_M_N=4304_1152_280 calls=1
CMA before_kB=525756 allocated_kB=524152 pages_before=7432 pages_after=7840 BO_bytes=1101824+552960+16384 rounded_total=1671168
BO paddr W=0x37900000 X=0x38600000 Y=0x375b0000 HLS=/dev/uio6 APM=/dev/uio5 APM_GCC_MSB=0x00000000 LSB=0x0ba0e9d4
APM_CLOCK_CAL cycles=20011501 wall_ms=200.117 measured_MHz=99.999
CALL=1 N=280 tiles=9 commands=9/81 pack_ms=45.847 xrt_sync_to_ms=0.419 xrt_sync_from_ms=0.300 control_submit_ms=0.183 hls_wait_ms=361.478 apm_cycles=36151594 compute_cycles=35849582 stage_cycles=302012 output_unpack_ms=6.556 wall_ms=414.962 input_bytes=94068224 output_bytes=1290240 APM_W_read=89247744 APM_X_read=4820480 APM_Y_write=1290240 APM_GBps=0.2638 GMACps=3.841 CMA_current_kB=524152 CMA_min_kB=524152
TOTAL calls=1 N=280 pack_ms=45.847 xrt_sync_to_ms=0.419 xrt_sync_from_ms=0.300 control_submit_ms=0.183 hls_wait_ms=361.478 cycles=36151594 compute_cycles=35849582 stage_cycles=302012 unpack_ms=6.556 wall_ms=414.962 input_bytes=94068224 output_bytes=1290240 APM_W_read=89247744 APM_X_read=4820480 APM_Y_write=1290240 kernel_GMACps=3.841 system_GMACps=3.346 max_abs=1.98930502e-06 RMSE=1.08140651e-07 cosine=0.999999999999797
CMA after_release_kB=524152 pages_after_release=7840 allocated_total_bytes=1671168
END layer=13 N=280 calls=1 utc=2026-09-25T02:39:40Z
BEGIN layer=26 N=280 calls=1 utc=2026-09-25T02:39:40Z
RM08_RUN layer=ffn_down-26 K_M_N=4304_1152_280 calls=1
CMA before_kB=523780 allocated_kB=524156 pages_before=7840 pages_after=8248 BO_bytes=1101824+552960+16384 rounded_total=1671168
BO paddr W=0x37900000 X=0x38600000 Y=0x375b0000 HLS=/dev/uio6 APM=/dev/uio5 APM_GCC_MSB=0x00000000 LSB=0x0416fefe
APM_CLOCK_CAL cycles=20212647 wall_ms=202.128 measured_MHz=99.999
CALL=1 N=280 tiles=9 commands=9/81 pack_ms=47.044 xrt_sync_to_ms=0.452 xrt_sync_from_ms=0.341 control_submit_ms=0.182 hls_wait_ms=361.472 apm_cycles=36151110 compute_cycles=35849120 stage_cycles=301990 output_unpack_ms=6.550 wall_ms=416.223 input_bytes=94068224 output_bytes=1290240 APM_W_read=89247744 APM_X_read=4820480 APM_Y_write=1290240 APM_GBps=0.2638 GMACps=3.841 CMA_current_kB=524296 CMA_min_kB=524156
TOTAL calls=1 N=280 pack_ms=47.044 xrt_sync_to_ms=0.452 xrt_sync_from_ms=0.341 control_submit_ms=0.182 hls_wait_ms=361.472 cycles=36151110 compute_cycles=35849120 stage_cycles=301990 unpack_ms=6.550 wall_ms=416.223 input_bytes=94068224 output_bytes=1290240 APM_W_read=89247744 APM_X_read=4820480 APM_Y_write=1290240 kernel_GMACps=3.841 system_GMACps=3.335 max_abs=0.000305175781 RMSE=5.31979913e-06 cosine=0.999999999999931
CMA after_release_kB=524296 pages_after_release=8248 allocated_total_bytes=1671168
END layer=26 N=280 calls=1 utc=2026-09-25T02:39:41Z
BEGIN layer=0 N=1120 calls=5 utc=2026-09-25T02:39:41Z
RM08_RUN layer=ffn_down-0 K_M_N=4304_1152_1120 calls=5
CMA before_kB=516980 allocated_kB=515348 pages_before=8248 pages_after=8656 BO_bytes=1101824+552960+16384 rounded_total=1671168
BO paddr W=0x37900000 X=0x38600000 Y=0x375b0000 HLS=/dev/uio6 APM=/dev/uio5 APM_GCC_MSB=0x00000000 LSB=0x0455c8c8
APM_CLOCK_CAL cycles=20006869 wall_ms=200.071 measured_MHz=99.999
CALL=1 N=1120 tiles=35 commands=35/315 pack_ms=177.201 xrt_sync_to_ms=1.626 xrt_sync_from_ms=1.364 control_submit_ms=0.675 hls_wait_ms=1439.776 apm_cycles=143992546 compute_cycles=142784527 stage_cycles=1208019 output_unpack_ms=26.734 wall_ms=1648.067 input_bytes=366356480 output_bytes=5160960 APM_W_read=347074560 APM_X_read=19281920 APM_Y_write=5160960 APM_GBps=0.2580 GMACps=3.857 CMA_current_kB=515520 CMA_min_kB=515348
CALL=2 N=1120 tiles=35 commands=35/315 pack_ms=176.842 xrt_sync_to_ms=1.554 xrt_sync_from_ms=1.382 control_submit_ms=0.669 hls_wait_ms=1440.523 apm_cycles=144067202 compute_cycles=142859205 stage_cycles=1207997 output_unpack_ms=19.860 wall_ms=1641.525 input_bytes=366356480 output_bytes=5160960 APM_W_read=347074560 APM_X_read=19281920 APM_Y_write=5160960 APM_GBps=0.2579 GMACps=3.855 CMA_current_kB=515520 CMA_min_kB=515348
CALL=3 N=1120 tiles=35 commands=35/315 pack_ms=179.947 xrt_sync_to_ms=1.541 xrt_sync_from_ms=1.460 control_submit_ms=0.678 hls_wait_ms=1440.483 apm_cycles=144063281 compute_cycles=142845069 stage_cycles=1218212 output_unpack_ms=20.103 wall_ms=1644.908 input_bytes=366356480 output_bytes=5160960 APM_W_read=347074560 APM_X_read=19281920 APM_Y_write=5160960 APM_GBps=0.2579 GMACps=3.855 CMA_current_kB=515520 CMA_min_kB=515348
CALL=4 N=1120 tiles=35 commands=35/315 pack_ms=181.780 xrt_sync_to_ms=1.560 xrt_sync_from_ms=1.373 control_submit_ms=0.683 hls_wait_ms=1439.946 apm_cycles=144009506 compute_cycles=142791698 stage_cycles=1217808 output_unpack_ms=19.937 wall_ms=1645.971 input_bytes=366356480 output_bytes=5160960 APM_W_read=347074560 APM_X_read=19281920 APM_Y_write=5160960 APM_GBps=0.2580 GMACps=3.857 CMA_current_kB=515520 CMA_min_kB=515348
CALL=5 N=1120 tiles=35 commands=35/315 pack_ms=178.471 xrt_sync_to_ms=1.435 xrt_sync_from_ms=1.214 control_submit_ms=0.668 hls_wait_ms=1439.632 apm_cycles=143977899 compute_cycles=142769840 stage_cycles=1208059 output_unpack_ms=20.802 wall_ms=1642.914 input_bytes=366356480 output_bytes=5160960 APM_W_read=347074560 APM_X_read=19281920 APM_Y_write=5160960 APM_GBps=0.2581 GMACps=3.857 CMA_current_kB=515520 CMA_min_kB=515348
TOTAL calls=5 N=1120 pack_ms=894.241 xrt_sync_to_ms=7.716 xrt_sync_from_ms=6.794 control_submit_ms=3.373 hls_wait_ms=7200.359 cycles=720110434 compute_cycles=714050339 stage_cycles=6060095 unpack_ms=107.435 wall_ms=8223.385 input_bytes=1831782400 output_bytes=25804800 APM_W_read=1735372800 APM_X_read=96409600 APM_Y_write=25804800 kernel_GMACps=3.856 system_GMACps=3.376 max_abs=1.14440918e-05 RMSE=1.80431792e-07 cosine=0.999999999999816
CMA after_release_kB=515520 pages_after_release=8656 allocated_total_bytes=1671168
END layer=0 N=1120 calls=5 utc=2026-09-25T02:39:49Z
BEGIN layer=13 N=280 calls=5 utc=2026-09-25T02:39:49Z
RM08_RUN layer=ffn_down-13 K_M_N=4304_1152_280 calls=5
CMA before_kB=527176 allocated_kB=525920 pages_before=8656 pages_after=9064 BO_bytes=1101824+552960+16384 rounded_total=1671168
BO paddr W=0x37900000 X=0x38600000 Y=0x375b0000 HLS=/dev/uio6 APM=/dev/uio5 APM_GCC_MSB=0x00000000 LSB=0x32ca9a69
APM_CLOCK_CAL cycles=20006888 wall_ms=200.071 measured_MHz=99.999
CALL=1 N=280 tiles=9 commands=9/81 pack_ms=48.849 xrt_sync_to_ms=0.432 xrt_sync_from_ms=0.307 control_submit_ms=0.183 hls_wait_ms=361.533 apm_cycles=36157097 compute_cycles=35855061 stage_cycles=302036 output_unpack_ms=6.563 wall_ms=418.045 input_bytes=94068224 output_bytes=1290240 APM_W_read=89247744 APM_X_read=4820480 APM_Y_write=1290240 APM_GBps=0.2638 GMACps=3.840 CMA_current_kB=526016 CMA_min_kB=525920
CALL=2 N=280 tiles=9 commands=9/81 pack_ms=48.183 xrt_sync_to_ms=0.420 xrt_sync_from_ms=0.329 control_submit_ms=0.172 hls_wait_ms=361.469 apm_cycles=36150641 compute_cycles=35848649 stage_cycles=301992 output_unpack_ms=4.943 wall_ms=415.698 input_bytes=94068224 output_bytes=1290240 APM_W_read=89247744 APM_X_read=4820480 APM_Y_write=1290240 APM_GBps=0.2638 GMACps=3.841 CMA_current_kB=526016 CMA_min_kB=525920
CALL=3 N=280 tiles=9 commands=9/81 pack_ms=47.751 xrt_sync_to_ms=0.393 xrt_sync_from_ms=0.300 control_submit_ms=0.171 hls_wait_ms=361.470 apm_cycles=36150754 compute_cycles=35848708 stage_cycles=302046 output_unpack_ms=4.909 wall_ms=415.166 input_bytes=94068224 output_bytes=1290240 APM_W_read=89247744 APM_X_read=4820480 APM_Y_write=1290240 APM_GBps=0.2638 GMACps=3.841 CMA_current_kB=526016 CMA_min_kB=525920
CALL=4 N=280 tiles=9 commands=9/81 pack_ms=49.523 xrt_sync_to_ms=0.408 xrt_sync_from_ms=0.296 control_submit_ms=0.172 hls_wait_ms=361.471 apm_cycles=36150845 compute_cycles=35848828 stage_cycles=302017 output_unpack_ms=4.922 wall_ms=416.967 input_bytes=94068224 output_bytes=1290240 APM_W_read=89247744 APM_X_read=4820480 APM_Y_write=1290240 APM_GBps=0.2638 GMACps=3.841 CMA_current_kB=526016 CMA_min_kB=525920
CALL=5 N=280 tiles=9 commands=9/81 pack_ms=48.248 xrt_sync_to_ms=0.382 xrt_sync_from_ms=0.307 control_submit_ms=0.173 hls_wait_ms=361.470 apm_cycles=36150803 compute_cycles=35848738 stage_cycles=302065 output_unpack_ms=4.918 wall_ms=415.674 input_bytes=94068224 output_bytes=1290240 APM_W_read=89247744 APM_X_read=4820480 APM_Y_write=1290240 APM_GBps=0.2638 GMACps=3.841 CMA_current_kB=526016 CMA_min_kB=525920
TOTAL calls=5 N=280 pack_ms=242.553 xrt_sync_to_ms=2.035 xrt_sync_from_ms=1.539 control_submit_ms=0.870 hls_wait_ms=1807.413 cycles=180760140 compute_cycles=179249984 stage_cycles=1510156 unpack_ms=26.255 wall_ms=2081.551 input_bytes=470341120 output_bytes=6451200 APM_W_read=446238720 APM_X_read=24102400 APM_Y_write=6451200 kernel_GMACps=3.841 system_GMACps=3.335 max_abs=1.98930502e-06 RMSE=1.08140651e-07 cosine=0.999999999999797
CMA after_release_kB=526016 pages_after_release=9064 allocated_total_bytes=1671168
END layer=13 N=280 calls=5 utc=2026-09-25T02:39:52Z
BEGIN layer=0 N=1120 calls=35 utc=2026-09-25T02:39:52Z
RM08_RUN layer=ffn_down-0 K_M_N=4304_1152_1120 calls=35
CMA before_kB=517056 allocated_kB=517532 pages_before=9064 pages_after=9472 BO_bytes=1101824+552960+16384 rounded_total=1671168
BO paddr W=0x37900000 X=0x38600000 Y=0x375b0000 HLS=/dev/uio6 APM=/dev/uio5 APM_GCC_MSB=0x00000000 LSB=0x0e3defde
APM_CLOCK_CAL cycles=20007509 wall_ms=200.077 measured_MHz=99.999
CALL=1 N=1120 tiles=35 commands=35/315 pack_ms=177.174 xrt_sync_to_ms=1.602 xrt_sync_from_ms=1.181 control_submit_ms=0.681 hls_wait_ms=1439.636 apm_cycles=143978353 compute_cycles=142770325 stage_cycles=1208028 output_unpack_ms=26.144 wall_ms=1647.121 input_bytes=366356480 output_bytes=5160960 APM_W_read=347074560 APM_X_read=19281920 APM_Y_write=5160960 APM_GBps=0.2581 GMACps=3.857 CMA_current_kB=516844 CMA_min_kB=516844
CALL=2 N=1120 tiles=35 commands=35/315 pack_ms=179.670 xrt_sync_to_ms=1.445 xrt_sync_from_ms=1.301 control_submit_ms=0.669 hls_wait_ms=1439.654 apm_cycles=143980199 compute_cycles=142772187 stage_cycles=1208012 output_unpack_ms=19.632 wall_ms=1643.076 input_bytes=366356480 output_bytes=5160960 APM_W_read=347074560 APM_X_read=19281920 APM_Y_write=5160960 APM_GBps=0.2581 GMACps=3.857 CMA_current_kB=516344 CMA_min_kB=516344
CALL=3 N=1120 tiles=35 commands=35/315 pack_ms=181.709 xrt_sync_to_ms=1.434 xrt_sync_from_ms=1.197 control_submit_ms=0.681 hls_wait_ms=1439.631 apm_cycles=143977871 compute_cycles=142769918 stage_cycles=1207953 output_unpack_ms=19.585 wall_ms=1644.929 input_bytes=366356480 output_bytes=5160960 APM_W_read=347074560 APM_X_read=19281920 APM_Y_write=5160960 APM_GBps=0.2581 GMACps=3.857 CMA_current_kB=516344 CMA_min_kB=516344
CALL=4 N=1120 tiles=35 commands=35/315 pack_ms=180.114 xrt_sync_to_ms=1.451 xrt_sync_from_ms=1.174 control_submit_ms=0.669 hls_wait_ms=1439.631 apm_cycles=143977853 compute_cycles=142769801 stage_cycles=1208052 output_unpack_ms=19.618 wall_ms=1643.354 input_bytes=366356480 output_bytes=5160960 APM_W_read=347074560 APM_X_read=19281920 APM_Y_write=5160960 APM_GBps=0.2581 GMACps=3.857 CMA_current_kB=516344 CMA_min_kB=516344
CALL=5 N=1120 tiles=35 commands=35/315 pack_ms=179.736 xrt_sync_to_ms=1.471 xrt_sync_from_ms=1.223 control_submit_ms=0.669 hls_wait_ms=1439.681 apm_cycles=143982887 compute_cycles=142774887 stage_cycles=1208000 output_unpack_ms=19.632 wall_ms=1643.118 input_bytes=366356480 output_bytes=5160960 APM_W_read=347074560 APM_X_read=19281920 APM_Y_write=5160960 APM_GBps=0.2581 GMACps=3.857 CMA_current_kB=516096 CMA_min_kB=516096
CALL=6 N=1120 tiles=35 commands=35/315 pack_ms=180.360 xrt_sync_to_ms=1.456 xrt_sync_from_ms=1.182 control_submit_ms=0.668 hls_wait_ms=1439.685 apm_cycles=143983125 compute_cycles=142775174 stage_cycles=1207951 output_unpack_ms=19.581 wall_ms=1643.625 input_bytes=366356480 output_bytes=5160960 APM_W_read=347074560 APM_X_read=19281920 APM_Y_write=5160960 APM_GBps=0.2581 GMACps=3.857 CMA_current_kB=516092 CMA_min_kB=516092
CALL=7 N=1120 tiles=35 commands=35/315 pack_ms=178.868 xrt_sync_to_ms=1.449 xrt_sync_from_ms=1.180 control_submit_ms=0.668 hls_wait_ms=1439.716 apm_cycles=143986274 compute_cycles=142778241 stage_cycles=1208033 output_unpack_ms=19.607 wall_ms=1642.176 input_bytes=366356480 output_bytes=5160960 APM_W_read=347074560 APM_X_read=19281920 APM_Y_write=5160960 APM_GBps=0.2580 GMACps=3.857 CMA_current_kB=516092 CMA_min_kB=516092
CALL=8 N=1120 tiles=35 commands=35/315 pack_ms=177.674 xrt_sync_to_ms=1.459 xrt_sync_from_ms=1.194 control_submit_ms=0.677 hls_wait_ms=1439.636 apm_cycles=143978332 compute_cycles=142771174 stage_cycles=1207158 output_unpack_ms=19.597 wall_ms=1640.933 input_bytes=366356480 output_bytes=5160960 APM_W_read=347074560 APM_X_read=19281920 APM_Y_write=5160960 APM_GBps=0.2581 GMACps=3.857 CMA_current_kB=516092 CMA_min_kB=516092
CALL=9 N=1120 tiles=35 commands=35/315 pack_ms=175.451 xrt_sync_to_ms=1.482 xrt_sync_from_ms=1.197 control_submit_ms=0.672 hls_wait_ms=1439.654 apm_cycles=143980093 compute_cycles=142772163 stage_cycles=1207930 output_unpack_ms=19.613 wall_ms=1638.763 input_bytes=366356480 output_bytes=5160960 APM_W_read=347074560 APM_X_read=19281920 APM_Y_write=5160960 APM_GBps=0.2581 GMACps=3.857 CMA_current_kB=516092 CMA_min_kB=516092
CALL=10 N=1120 tiles=35 commands=35/315 pack_ms=177.208 xrt_sync_to_ms=1.467 xrt_sync_from_ms=1.189 control_submit_ms=0.670 hls_wait_ms=1439.687 apm_cycles=143983508 compute_cycles=142775690 stage_cycles=1207818 output_unpack_ms=19.624 wall_ms=1640.534 input_bytes=366356480 output_bytes=5160960 APM_W_read=347074560 APM_X_read=19281920 APM_Y_write=5160960 APM_GBps=0.2581 GMACps=3.857 CMA_current_kB=516092 CMA_min_kB=516092
CALL=11 N=1120 tiles=35 commands=35/315 pack_ms=180.634 xrt_sync_to_ms=1.496 xrt_sync_from_ms=1.191 control_submit_ms=0.673 hls_wait_ms=1439.632 apm_cycles=143977943 compute_cycles=142770054 stage_cycles=1207889 output_unpack_ms=19.706 wall_ms=1644.033 input_bytes=366356480 output_bytes=5160960 APM_W_read=347074560 APM_X_read=19281920 APM_Y_write=5160960 APM_GBps=0.2581 GMACps=3.857 CMA_current_kB=516092 CMA_min_kB=516092
CALL=12 N=1120 tiles=35 commands=35/315 pack_ms=177.502 xrt_sync_to_ms=1.492 xrt_sync_from_ms=1.193 control_submit_ms=0.670 hls_wait_ms=1439.679 apm_cycles=143982667 compute_cycles=142774618 stage_cycles=1208049 output_unpack_ms=19.693 wall_ms=1640.922 input_bytes=366356480 output_bytes=5160960 APM_W_read=347074560 APM_X_read=19281920 APM_Y_write=5160960 APM_GBps=0.2581 GMACps=3.857 CMA_current_kB=516092 CMA_min_kB=516092
CALL=13 N=1120 tiles=35 commands=35/315 pack_ms=177.940 xrt_sync_to_ms=1.452 xrt_sync_from_ms=1.182 control_submit_ms=0.671 hls_wait_ms=1439.633 apm_cycles=143978092 compute_cycles=142770082 stage_cycles=1208010 output_unpack_ms=19.604 wall_ms=1641.178 input_bytes=366356480 output_bytes=5160960 APM_W_read=347074560 APM_X_read=19281920 APM_Y_write=5160960 APM_GBps=0.2581 GMACps=3.857 CMA_current_kB=516092 CMA_min_kB=516092
CALL=14 N=1120 tiles=35 commands=35/315 pack_ms=176.807 xrt_sync_to_ms=1.435 xrt_sync_from_ms=1.179 control_submit_ms=0.688 hls_wait_ms=1439.613 apm_cycles=143976092 compute_cycles=142768126 stage_cycles=1207966 output_unpack_ms=19.584 wall_ms=1639.998 input_bytes=366356480 output_bytes=5160960 APM_W_read=347074560 APM_X_read=19281920 APM_Y_write=5160960 APM_GBps=0.2581 GMACps=3.857 CMA_current_kB=516092 CMA_min_kB=516092
CALL=15 N=1120 tiles=35 commands=35/315 pack_ms=180.507 xrt_sync_to_ms=1.462 xrt_sync_from_ms=1.195 control_submit_ms=0.672 hls_wait_ms=1439.635 apm_cycles=143978349 compute_cycles=142770288 stage_cycles=1208061 output_unpack_ms=19.654 wall_ms=1643.821 input_bytes=366356480 output_bytes=5160960 APM_W_read=347074560 APM_X_read=19281920 APM_Y_write=5160960 APM_GBps=0.2581 GMACps=3.857 CMA_current_kB=515840 CMA_min_kB=515840
CALL=16 N=1120 tiles=35 commands=35/315 pack_ms=179.573 xrt_sync_to_ms=1.470 xrt_sync_from_ms=1.167 control_submit_ms=0.669 hls_wait_ms=1439.635 apm_cycles=143978134 compute_cycles=142769769 stage_cycles=1208365 output_unpack_ms=19.697 wall_ms=1642.897 input_bytes=366356480 output_bytes=5160960 APM_W_read=347074560 APM_X_read=19281920 APM_Y_write=5160960 APM_GBps=0.2581 GMACps=3.857 CMA_current_kB=515840 CMA_min_kB=515840
CALL=17 N=1120 tiles=35 commands=35/315 pack_ms=177.941 xrt_sync_to_ms=1.426 xrt_sync_from_ms=1.203 control_submit_ms=0.672 hls_wait_ms=1439.640 apm_cycles=143978693 compute_cycles=142770688 stage_cycles=1208005 output_unpack_ms=19.594 wall_ms=1641.179 input_bytes=366356480 output_bytes=5160960 APM_W_read=347074560 APM_X_read=19281920 APM_Y_write=5160960 APM_GBps=0.2581 GMACps=3.857 CMA_current_kB=515840 CMA_min_kB=515840
CALL=18 N=1120 tiles=35 commands=35/315 pack_ms=176.725 xrt_sync_to_ms=1.493 xrt_sync_from_ms=1.211 control_submit_ms=0.670 hls_wait_ms=1439.635 apm_cycles=143978326 compute_cycles=142770321 stage_cycles=1208005 output_unpack_ms=19.621 wall_ms=1640.053 input_bytes=366356480 output_bytes=5160960 APM_W_read=347074560 APM_X_read=19281920 APM_Y_write=5160960 APM_GBps=0.2581 GMACps=3.857 CMA_current_kB=515840 CMA_min_kB=515840
CALL=19 N=1120 tiles=35 commands=35/315 pack_ms=179.592 xrt_sync_to_ms=1.438 xrt_sync_from_ms=1.190 control_submit_ms=0.669 hls_wait_ms=1439.641 apm_cycles=143978884 compute_cycles=142770804 stage_cycles=1208080 output_unpack_ms=19.570 wall_ms=1642.791 input_bytes=366356480 output_bytes=5160960 APM_W_read=347074560 APM_X_read=19281920 APM_Y_write=5160960 APM_GBps=0.2581 GMACps=3.857 CMA_current_kB=515840 CMA_min_kB=515840
CALL=20 N=1120 tiles=35 commands=35/315 pack_ms=180.255 xrt_sync_to_ms=1.449 xrt_sync_from_ms=1.162 control_submit_ms=0.668 hls_wait_ms=1439.630 apm_cycles=143977726 compute_cycles=142769802 stage_cycles=1207924 output_unpack_ms=19.731 wall_ms=1643.595 input_bytes=366356480 output_bytes=5160960 APM_W_read=347074560 APM_X_read=19281920 APM_Y_write=5160960 APM_GBps=0.2581 GMACps=3.857 CMA_current_kB=515840 CMA_min_kB=515840
CALL=21 N=1120 tiles=35 commands=35/315 pack_ms=180.684 xrt_sync_to_ms=1.487 xrt_sync_from_ms=1.244 control_submit_ms=0.669 hls_wait_ms=1439.649 apm_cycles=143979573 compute_cycles=142771542 stage_cycles=1208031 output_unpack_ms=19.611 wall_ms=1644.037 input_bytes=366356480 output_bytes=5160960 APM_W_read=347074560 APM_X_read=19281920 APM_Y_write=5160960 APM_GBps=0.2581 GMACps=3.857 CMA_current_kB=515840 CMA_min_kB=515840
CALL=22 N=1120 tiles=35 commands=35/315 pack_ms=177.475 xrt_sync_to_ms=1.439 xrt_sync_from_ms=1.199 control_submit_ms=0.669 hls_wait_ms=1439.638 apm_cycles=143978460 compute_cycles=142770395 stage_cycles=1208065 output_unpack_ms=19.555 wall_ms=1640.667 input_bytes=366356480 output_bytes=5160960 APM_W_read=347074560 APM_X_read=19281920 APM_Y_write=5160960 APM_GBps=0.2581 GMACps=3.857 CMA_current_kB=515840 CMA_min_kB=515840
CALL=23 N=1120 tiles=35 commands=35/315 pack_ms=178.071 xrt_sync_to_ms=1.452 xrt_sync_from_ms=1.178 control_submit_ms=0.669 hls_wait_ms=1439.634 apm_cycles=143978172 compute_cycles=142770158 stage_cycles=1208014 output_unpack_ms=19.714 wall_ms=1641.410 input_bytes=366356480 output_bytes=5160960 APM_W_read=347074560 APM_X_read=19281920 APM_Y_write=5160960 APM_GBps=0.2581 GMACps=3.857 CMA_current_kB=515844 CMA_min_kB=515840
CALL=24 N=1120 tiles=35 commands=35/315 pack_ms=174.501 xrt_sync_to_ms=1.504 xrt_sync_from_ms=1.218 control_submit_ms=0.675 hls_wait_ms=1439.639 apm_cycles=143978754 compute_cycles=142769987 stage_cycles=1208767 output_unpack_ms=19.580 wall_ms=1637.815 input_bytes=366356480 output_bytes=5160960 APM_W_read=347074560 APM_X_read=19281920 APM_Y_write=5160960 APM_GBps=0.2581 GMACps=3.857 CMA_current_kB=515852 CMA_min_kB=515840
CALL=25 N=1120 tiles=35 commands=35/315 pack_ms=180.693 xrt_sync_to_ms=1.438 xrt_sync_from_ms=1.183 control_submit_ms=0.679 hls_wait_ms=1439.624 apm_cycles=143977067 compute_cycles=142768938 stage_cycles=1208129 output_unpack_ms=19.595 wall_ms=1643.896 input_bytes=366356480 output_bytes=5160960 APM_W_read=347074560 APM_X_read=19281920 APM_Y_write=5160960 APM_GBps=0.2581 GMACps=3.857 CMA_current_kB=515860 CMA_min_kB=515840
CALL=26 N=1120 tiles=35 commands=35/315 pack_ms=177.222 xrt_sync_to_ms=1.438 xrt_sync_from_ms=1.175 control_submit_ms=0.671 hls_wait_ms=1439.634 apm_cycles=143978156 compute_cycles=142770089 stage_cycles=1208067 output_unpack_ms=19.575 wall_ms=1640.406 input_bytes=366356480 output_bytes=5160960 APM_W_read=347074560 APM_X_read=19281920 APM_Y_write=5160960 APM_GBps=0.2581 GMACps=3.857 CMA_current_kB=515864 CMA_min_kB=515840
CALL=27 N=1120 tiles=35 commands=35/315 pack_ms=178.464 xrt_sync_to_ms=1.466 xrt_sync_from_ms=1.202 control_submit_ms=0.671 hls_wait_ms=1439.645 apm_cycles=143979258 compute_cycles=142770930 stage_cycles=1208328 output_unpack_ms=19.613 wall_ms=1641.760 input_bytes=366356480 output_bytes=5160960 APM_W_read=347074560 APM_X_read=19281920 APM_Y_write=5160960 APM_GBps=0.2581 GMACps=3.857 CMA_current_kB=515376 CMA_min_kB=515376
CALL=28 N=1120 tiles=35 commands=35/315 pack_ms=181.711 xrt_sync_to_ms=1.431 xrt_sync_from_ms=1.185 control_submit_ms=0.671 hls_wait_ms=1439.635 apm_cycles=143978233 compute_cycles=142770251 stage_cycles=1207982 output_unpack_ms=19.568 wall_ms=1644.899 input_bytes=366356480 output_bytes=5160960 APM_W_read=347074560 APM_X_read=19281920 APM_Y_write=5160960 APM_GBps=0.2581 GMACps=3.857 CMA_current_kB=515384 CMA_min_kB=515376
CALL=29 N=1120 tiles=35 commands=35/315 pack_ms=177.050 xrt_sync_to_ms=1.423 xrt_sync_from_ms=1.211 control_submit_ms=0.670 hls_wait_ms=1439.642 apm_cycles=143978940 compute_cycles=142770316 stage_cycles=1208624 output_unpack_ms=19.584 wall_ms=1640.283 input_bytes=366356480 output_bytes=5160960 APM_W_read=347074560 APM_X_read=19281920 APM_Y_write=5160960 APM_GBps=0.2581 GMACps=3.857 CMA_current_kB=515396 CMA_min_kB=515376
CALL=30 N=1120 tiles=35 commands=35/315 pack_ms=181.173 xrt_sync_to_ms=1.502 xrt_sync_from_ms=1.233 control_submit_ms=0.673 hls_wait_ms=1439.638 apm_cycles=143978628 compute_cycles=142770670 stage_cycles=1207958 output_unpack_ms=19.617 wall_ms=1644.541 input_bytes=366356480 output_bytes=5160960 APM_W_read=347074560 APM_X_read=19281920 APM_Y_write=5160960 APM_GBps=0.2581 GMACps=3.857 CMA_current_kB=515408 CMA_min_kB=515376
CALL=31 N=1120 tiles=35 commands=35/315 pack_ms=178.245 xrt_sync_to_ms=1.442 xrt_sync_from_ms=1.183 control_submit_ms=0.671 hls_wait_ms=1439.635 apm_cycles=143978215 compute_cycles=142770312 stage_cycles=1207903 output_unpack_ms=19.603 wall_ms=1641.468 input_bytes=366356480 output_bytes=5160960 APM_W_read=347074560 APM_X_read=19281920 APM_Y_write=5160960 APM_GBps=0.2581 GMACps=3.857 CMA_current_kB=515420 CMA_min_kB=515376
CALL=32 N=1120 tiles=35 commands=35/315 pack_ms=177.051 xrt_sync_to_ms=1.435 xrt_sync_from_ms=1.210 control_submit_ms=0.671 hls_wait_ms=1439.637 apm_cycles=143978497 compute_cycles=142770393 stage_cycles=1208104 output_unpack_ms=19.609 wall_ms=1640.299 input_bytes=366356480 output_bytes=5160960 APM_W_read=347074560 APM_X_read=19281920 APM_Y_write=5160960 APM_GBps=0.2581 GMACps=3.857 CMA_current_kB=515420 CMA_min_kB=515376
CALL=33 N=1120 tiles=35 commands=35/315 pack_ms=182.129 xrt_sync_to_ms=1.465 xrt_sync_from_ms=1.215 control_submit_ms=0.670 hls_wait_ms=1439.634 apm_cycles=143978209 compute_cycles=142770199 stage_cycles=1208010 output_unpack_ms=19.681 wall_ms=1645.488 input_bytes=366356480 output_bytes=5160960 APM_W_read=347074560 APM_X_read=19281920 APM_Y_write=5160960 APM_GBps=0.2581 GMACps=3.857 CMA_current_kB=515432 CMA_min_kB=515376
CALL=34 N=1120 tiles=35 commands=35/315 pack_ms=178.058 xrt_sync_to_ms=1.491 xrt_sync_from_ms=1.192 control_submit_ms=0.674 hls_wait_ms=1439.695 apm_cycles=143984250 compute_cycles=142776282 stage_cycles=1207968 output_unpack_ms=19.588 wall_ms=1641.385 input_bytes=366356480 output_bytes=5160960 APM_W_read=347074560 APM_X_read=19281920 APM_Y_write=5160960 APM_GBps=0.2581 GMACps=3.857 CMA_current_kB=515436 CMA_min_kB=515376
CALL=35 N=1120 tiles=35 commands=35/315 pack_ms=176.233 xrt_sync_to_ms=1.441 xrt_sync_from_ms=1.168 control_submit_ms=0.680 hls_wait_ms=1439.625 apm_cycles=143977227 compute_cycles=142769174 stage_cycles=1208053 output_unpack_ms=19.593 wall_ms=1639.426 input_bytes=366356480 output_bytes=5160960 APM_W_read=347074560 APM_X_read=19281920 APM_Y_write=5160960 APM_GBps=0.2581 GMACps=3.857 CMA_current_kB=515444 CMA_min_kB=515376
TOTAL calls=35 N=1120 pack_ms=6254.200 xrt_sync_to_ms=51.181 xrt_sync_from_ms=41.888 control_submit_ms=23.530 hls_wait_ms=50387.591 cycles=5039275040 compute_cycles=4996993748 stage_cycles=42281292 unpack_ms=693.171 wall_ms=57475.876 input_bytes=12822476800 output_bytes=180633600 APM_W_read=12147609600 APM_X_read=674867200 APM_Y_write=180633600 kernel_GMACps=3.857 system_GMACps=3.382 max_abs=1.14440918e-05 RMSE=1.80431792e-07 cosine=0.999999999999816
CMA after_release_kB=515444 pages_after_release=9472 allocated_total_bytes=1671168
END layer=0 N=1120 calls=35 utc=2026-09-25T02:40:50Z
BEGIN layer=13 N=280 calls=100 utc=2026-09-25T02:40:50Z
RM08_RUN layer=ffn_down-13 K_M_N=4304_1152_280 calls=100
CMA before_kB=522636 allocated_kB=521748 pages_before=9472 pages_after=9880 BO_bytes=1101824+552960+16384 rounded_total=1671168
BO paddr W=0x37900000 X=0x38600000 Y=0x375b0000 HLS=/dev/uio6 APM=/dev/uio5 APM_GCC_MSB=0x00000000 LSB=0x586c9b2a
APM_CLOCK_CAL cycles=20007398 wall_ms=200.076 measured_MHz=99.999
CALL=1 N=280 tiles=9 commands=9/81 pack_ms=46.944 xrt_sync_to_ms=0.430 xrt_sync_from_ms=0.306 control_submit_ms=0.183 hls_wait_ms=361.469 apm_cycles=36150722 compute_cycles=35848635 stage_cycles=302087 output_unpack_ms=6.579 wall_ms=416.088 input_bytes=94068224 output_bytes=1290240 APM_W_read=89247744 APM_X_read=4820480 APM_Y_write=1290240 APM_GBps=0.2638 GMACps=3.841 CMA_current_kB=521984 CMA_min_kB=521748
CALL=2 N=280 tiles=9 commands=9/81 pack_ms=48.180 xrt_sync_to_ms=0.398 xrt_sync_from_ms=0.323 control_submit_ms=0.171 hls_wait_ms=361.470 apm_cycles=36150875 compute_cycles=35848853 stage_cycles=302022 output_unpack_ms=4.926 wall_ms=415.644 input_bytes=94068224 output_bytes=1290240 APM_W_read=89247744 APM_X_read=4820480 APM_Y_write=1290240 APM_GBps=0.2638 GMACps=3.841 CMA_current_kB=521984 CMA_min_kB=521748
CALL=3 N=280 tiles=9 commands=9/81 pack_ms=47.033 xrt_sync_to_ms=0.381 xrt_sync_from_ms=0.312 control_submit_ms=0.171 hls_wait_ms=361.470 apm_cycles=36150749 compute_cycles=35848706 stage_cycles=302043 output_unpack_ms=4.897 wall_ms=414.437 input_bytes=94068224 output_bytes=1290240 APM_W_read=89247744 APM_X_read=4820480 APM_Y_write=1290240 APM_GBps=0.2638 GMACps=3.841 CMA_current_kB=521984 CMA_min_kB=521748
CALL=4 N=280 tiles=9 commands=9/81 pack_ms=47.029 xrt_sync_to_ms=0.373 xrt_sync_from_ms=0.321 control_submit_ms=0.170 hls_wait_ms=361.470 apm_cycles=36150758 compute_cycles=35848698 stage_cycles=302060 output_unpack_ms=4.901 wall_ms=414.438 input_bytes=94068224 output_bytes=1290240 APM_W_read=89247744 APM_X_read=4820480 APM_Y_write=1290240 APM_GBps=0.2638 GMACps=3.841 CMA_current_kB=521984 CMA_min_kB=521748
CALL=5 N=280 tiles=9 commands=9/81 pack_ms=45.408 xrt_sync_to_ms=0.386 xrt_sync_from_ms=0.301 control_submit_ms=0.170 hls_wait_ms=361.471 apm_cycles=36150862 compute_cycles=35848818 stage_cycles=302044 output_unpack_ms=4.905 wall_ms=412.815 input_bytes=94068224 output_bytes=1290240 APM_W_read=89247744 APM_X_read=4820480 APM_Y_write=1290240 APM_GBps=0.2638 GMACps=3.841 CMA_current_kB=521984 CMA_min_kB=521748
CALL=6 N=280 tiles=9 commands=9/81 pack_ms=47.353 xrt_sync_to_ms=0.373 xrt_sync_from_ms=0.303 control_submit_ms=0.170 hls_wait_ms=361.477 apm_cycles=36151501 compute_cycles=35848736 stage_cycles=302765 output_unpack_ms=4.905 wall_ms=414.755 input_bytes=94068224 output_bytes=1290240 APM_W_read=89247744 APM_X_read=4820480 APM_Y_write=1290240 APM_GBps=0.2638 GMACps=3.841 CMA_current_kB=521984 CMA_min_kB=521748
CALL=7 N=280 tiles=9 commands=9/81 pack_ms=49.746 xrt_sync_to_ms=0.384 xrt_sync_from_ms=0.328 control_submit_ms=0.171 hls_wait_ms=361.470 apm_cycles=36150747 compute_cycles=35848751 stage_cycles=301996 output_unpack_ms=4.917 wall_ms=417.191 input_bytes=94068224 output_bytes=1290240 APM_W_read=89247744 APM_X_read=4820480 APM_Y_write=1290240 APM_GBps=0.2638 GMACps=3.841 CMA_current_kB=521984 CMA_min_kB=521748
CALL=8 N=280 tiles=9 commands=9/81 pack_ms=46.993 xrt_sync_to_ms=0.380 xrt_sync_from_ms=0.304 control_submit_ms=0.171 hls_wait_ms=361.471 apm_cycles=36150851 compute_cycles=35848800 stage_cycles=302051 output_unpack_ms=4.912 wall_ms=414.404 input_bytes=94068224 output_bytes=1290240 APM_W_read=89247744 APM_X_read=4820480 APM_Y_write=1290240 APM_GBps=0.2638 GMACps=3.841 CMA_current_kB=521984 CMA_min_kB=521748
CALL=9 N=280 tiles=9 commands=9/81 pack_ms=47.934 xrt_sync_to_ms=0.386 xrt_sync_from_ms=0.311 control_submit_ms=0.171 hls_wait_ms=361.469 apm_cycles=36150655 compute_cycles=35848657 stage_cycles=301998 output_unpack_ms=4.903 wall_ms=415.346 input_bytes=94068224 output_bytes=1290240 APM_W_read=89247744 APM_X_read=4820480 APM_Y_write=1290240 APM_GBps=0.2638 GMACps=3.841 CMA_current_kB=521984 CMA_min_kB=521748
CALL=10 N=280 tiles=9 commands=9/81 pack_ms=47.722 xrt_sync_to_ms=0.384 xrt_sync_from_ms=0.310 control_submit_ms=0.171 hls_wait_ms=361.471 apm_cycles=36150897 compute_cycles=35848924 stage_cycles=301973 output_unpack_ms=4.906 wall_ms=415.138 input_bytes=94068224 output_bytes=1290240 APM_W_read=89247744 APM_X_read=4820480 APM_Y_write=1290240 APM_GBps=0.2638 GMACps=3.841 CMA_current_kB=521984 CMA_min_kB=521748
CALL=11 N=280 tiles=9 commands=9/81 pack_ms=49.063 xrt_sync_to_ms=0.397 xrt_sync_from_ms=0.301 control_submit_ms=0.170 hls_wait_ms=361.471 apm_cycles=36150924 compute_cycles=35848846 stage_cycles=302078 output_unpack_ms=4.900 wall_ms=416.478 input_bytes=94068224 output_bytes=1290240 APM_W_read=89247744 APM_X_read=4820480 APM_Y_write=1290240 APM_GBps=0.2638 GMACps=3.841 CMA_current_kB=521984 CMA_min_kB=521748
CALL=12 N=280 tiles=9 commands=9/81 pack_ms=47.412 xrt_sync_to_ms=0.390 xrt_sync_from_ms=0.304 control_submit_ms=0.171 hls_wait_ms=361.469 apm_cycles=36150733 compute_cycles=35848685 stage_cycles=302048 output_unpack_ms=4.901 wall_ms=414.820 input_bytes=94068224 output_bytes=1290240 APM_W_read=89247744 APM_X_read=4820480 APM_Y_write=1290240 APM_GBps=0.2638 GMACps=3.841 CMA_current_kB=521984 CMA_min_kB=521748
CALL=13 N=280 tiles=9 commands=9/81 pack_ms=49.451 xrt_sync_to_ms=0.386 xrt_sync_from_ms=0.295 control_submit_ms=0.170 hls_wait_ms=361.470 apm_cycles=36150859 compute_cycles=35848837 stage_cycles=302022 output_unpack_ms=4.918 wall_ms=416.866 input_bytes=94068224 output_bytes=1290240 APM_W_read=89247744 APM_X_read=4820480 APM_Y_write=1290240 APM_GBps=0.2638 GMACps=3.841 CMA_current_kB=521984 CMA_min_kB=521748
CALL=14 N=280 tiles=9 commands=9/81 pack_ms=48.311 xrt_sync_to_ms=0.409 xrt_sync_from_ms=0.314 control_submit_ms=0.170 hls_wait_ms=361.474 apm_cycles=36151200 compute_cycles=35849161 stage_cycles=302039 output_unpack_ms=4.942 wall_ms=415.797 input_bytes=94068224 output_bytes=1290240 APM_W_read=89247744 APM_X_read=4820480 APM_Y_write=1290240 APM_GBps=0.2638 GMACps=3.841 CMA_current_kB=521984 CMA_min_kB=521748
CALL=15 N=280 tiles=9 commands=9/81 pack_ms=47.159 xrt_sync_to_ms=0.380 xrt_sync_from_ms=0.297 control_submit_ms=0.171 hls_wait_ms=361.473 apm_cycles=36151146 compute_cycles=35849113 stage_cycles=302033 output_unpack_ms=4.916 wall_ms=414.570 input_bytes=94068224 output_bytes=1290240 APM_W_read=89247744 APM_X_read=4820480 APM_Y_write=1290240 APM_GBps=0.2638 GMACps=3.841 CMA_current_kB=521984 CMA_min_kB=521748
CALL=16 N=280 tiles=9 commands=9/81 pack_ms=49.359 xrt_sync_to_ms=0.384 xrt_sync_from_ms=0.308 control_submit_ms=0.171 hls_wait_ms=361.470 apm_cycles=36150756 compute_cycles=35848752 stage_cycles=302004 output_unpack_ms=4.915 wall_ms=416.778 input_bytes=94068224 output_bytes=1290240 APM_W_read=89247744 APM_X_read=4820480 APM_Y_write=1290240 APM_GBps=0.2638 GMACps=3.841 CMA_current_kB=521984 CMA_min_kB=521748
CALL=17 N=280 tiles=9 commands=9/81 pack_ms=49.131 xrt_sync_to_ms=0.369 xrt_sync_from_ms=0.299 control_submit_ms=0.187 hls_wait_ms=361.470 apm_cycles=36150857 compute_cycles=35848839 stage_cycles=302018 output_unpack_ms=4.893 wall_ms=416.522 input_bytes=94068224 output_bytes=1290240 APM_W_read=89247744 APM_X_read=4820480 APM_Y_write=1290240 APM_GBps=0.2638 GMACps=3.841 CMA_current_kB=521984 CMA_min_kB=521748
CALL=18 N=280 tiles=9 commands=9/81 pack_ms=47.865 xrt_sync_to_ms=0.375 xrt_sync_from_ms=0.315 control_submit_ms=0.170 hls_wait_ms=361.472 apm_cycles=36150952 compute_cycles=35848928 stage_cycles=302024 output_unpack_ms=4.897 wall_ms=415.264 input_bytes=94068224 output_bytes=1290240 APM_W_read=89247744 APM_X_read=4820480 APM_Y_write=1290240 APM_GBps=0.2638 GMACps=3.841 CMA_current_kB=521984 CMA_min_kB=521748
CALL=19 N=280 tiles=9 commands=9/81 pack_ms=48.251 xrt_sync_to_ms=0.378 xrt_sync_from_ms=0.317 control_submit_ms=0.170 hls_wait_ms=361.549 apm_cycles=36158683 compute_cycles=35856675 stage_cycles=302008 output_unpack_ms=4.898 wall_ms=415.734 input_bytes=94068224 output_bytes=1290240 APM_W_read=89247744 APM_X_read=4820480 APM_Y_write=1290240 APM_GBps=0.2637 GMACps=3.840 CMA_current_kB=521984 CMA_min_kB=521748
CALL=20 N=280 tiles=9 commands=9/81 pack_ms=46.695 xrt_sync_to_ms=0.379 xrt_sync_from_ms=0.300 control_submit_ms=0.170 hls_wait_ms=361.479 apm_cycles=36151710 compute_cycles=35849711 stage_cycles=301999 output_unpack_ms=4.931 wall_ms=414.128 input_bytes=94068224 output_bytes=1290240 APM_W_read=89247744 APM_X_read=4820480 APM_Y_write=1290240 APM_GBps=0.2638 GMACps=3.841 CMA_current_kB=521984 CMA_min_kB=521748
CALL=21 N=280 tiles=9 commands=9/81 pack_ms=47.091 xrt_sync_to_ms=0.392 xrt_sync_from_ms=0.302 control_submit_ms=0.172 hls_wait_ms=361.470 apm_cycles=36150773 compute_cycles=35848744 stage_cycles=302029 output_unpack_ms=4.941 wall_ms=414.539 input_bytes=94068224 output_bytes=1290240 APM_W_read=89247744 APM_X_read=4820480 APM_Y_write=1290240 APM_GBps=0.2638 GMACps=3.841 CMA_current_kB=521984 CMA_min_kB=521748
CALL=22 N=280 tiles=9 commands=9/81 pack_ms=47.686 xrt_sync_to_ms=0.381 xrt_sync_from_ms=0.300 control_submit_ms=0.172 hls_wait_ms=361.470 apm_cycles=36150805 compute_cycles=35848757 stage_cycles=302048 output_unpack_ms=4.902 wall_ms=415.085 input_bytes=94068224 output_bytes=1290240 APM_W_read=89247744 APM_X_read=4820480 APM_Y_write=1290240 APM_GBps=0.2638 GMACps=3.841 CMA_current_kB=521984 CMA_min_kB=521748
CALL=23 N=280 tiles=9 commands=9/81 pack_ms=48.713 xrt_sync_to_ms=0.378 xrt_sync_from_ms=0.304 control_submit_ms=0.170 hls_wait_ms=361.469 apm_cycles=36150705 compute_cycles=35848684 stage_cycles=302021 output_unpack_ms=4.910 wall_ms=416.119 input_bytes=94068224 output_bytes=1290240 APM_W_read=89247744 APM_X_read=4820480 APM_Y_write=1290240 APM_GBps=0.2638 GMACps=3.841 CMA_current_kB=521984 CMA_min_kB=521748
CALL=24 N=280 tiles=9 commands=9/81 pack_ms=47.429 xrt_sync_to_ms=0.391 xrt_sync_from_ms=0.317 control_submit_ms=0.172 hls_wait_ms=361.468 apm_cycles=36150615 compute_cycles=35848619 stage_cycles=301996 output_unpack_ms=4.922 wall_ms=414.882 input_bytes=94068224 output_bytes=1290240 APM_W_read=89247744 APM_X_read=4820480 APM_Y_write=1290240 APM_GBps=0.2638 GMACps=3.841 CMA_current_kB=521984 CMA_min_kB=521748
CALL=25 N=280 tiles=9 commands=9/81 pack_ms=45.487 xrt_sync_to_ms=0.395 xrt_sync_from_ms=0.304 control_submit_ms=0.170 hls_wait_ms=361.471 apm_cycles=36150832 compute_cycles=35848799 stage_cycles=302033 output_unpack_ms=4.895 wall_ms=412.895 input_bytes=94068224 output_bytes=1290240 APM_W_read=89247744 APM_X_read=4820480 APM_Y_write=1290240 APM_GBps=0.2638 GMACps=3.841 CMA_current_kB=521984 CMA_min_kB=521748
CALL=26 N=280 tiles=9 commands=9/81 pack_ms=47.644 xrt_sync_to_ms=0.407 xrt_sync_from_ms=0.322 control_submit_ms=0.171 hls_wait_ms=361.468 apm_cycles=36150716 compute_cycles=35848700 stage_cycles=302016 output_unpack_ms=4.954 wall_ms=415.142 input_bytes=94068224 output_bytes=1290240 APM_W_read=89247744 APM_X_read=4820480 APM_Y_write=1290240 APM_GBps=0.2638 GMACps=3.841 CMA_current_kB=521984 CMA_min_kB=521748
CALL=27 N=280 tiles=9 commands=9/81 pack_ms=47.880 xrt_sync_to_ms=0.381 xrt_sync_from_ms=0.294 control_submit_ms=0.170 hls_wait_ms=361.470 apm_cycles=36150801 compute_cycles=35848780 stage_cycles=302021 output_unpack_ms=4.899 wall_ms=415.271 input_bytes=94068224 output_bytes=1290240 APM_W_read=89247744 APM_X_read=4820480 APM_Y_write=1290240 APM_GBps=0.2638 GMACps=3.841 CMA_current_kB=521984 CMA_min_kB=521748
CALL=28 N=280 tiles=9 commands=9/81 pack_ms=47.821 xrt_sync_to_ms=0.393 xrt_sync_from_ms=0.300 control_submit_ms=0.171 hls_wait_ms=361.470 apm_cycles=36150831 compute_cycles=35848752 stage_cycles=302079 output_unpack_ms=4.920 wall_ms=415.247 input_bytes=94068224 output_bytes=1290240 APM_W_read=89247744 APM_X_read=4820480 APM_Y_write=1290240 APM_GBps=0.2638 GMACps=3.841 CMA_current_kB=521984 CMA_min_kB=521748
CALL=29 N=280 tiles=9 commands=9/81 pack_ms=47.899 xrt_sync_to_ms=0.375 xrt_sync_from_ms=0.312 control_submit_ms=0.170 hls_wait_ms=361.471 apm_cycles=36150880 compute_cycles=35848797 stage_cycles=302083 output_unpack_ms=4.902 wall_ms=415.302 input_bytes=94068224 output_bytes=1290240 APM_W_read=89247744 APM_X_read=4820480 APM_Y_write=1290240 APM_GBps=0.2638 GMACps=3.841 CMA_current_kB=521984 CMA_min_kB=521748
CALL=30 N=280 tiles=9 commands=9/81 pack_ms=48.417 xrt_sync_to_ms=0.388 xrt_sync_from_ms=0.307 control_submit_ms=0.172 hls_wait_ms=361.470 apm_cycles=36150826 compute_cycles=35848803 stage_cycles=302023 output_unpack_ms=4.919 wall_ms=415.845 input_bytes=94068224 output_bytes=1290240 APM_W_read=89247744 APM_X_read=4820480 APM_Y_write=1290240 APM_GBps=0.2638 GMACps=3.841 CMA_current_kB=521984 CMA_min_kB=521748
CALL=31 N=280 tiles=9 commands=9/81 pack_ms=47.399 xrt_sync_to_ms=0.379 xrt_sync_from_ms=0.311 control_submit_ms=0.170 hls_wait_ms=361.478 apm_cycles=36151573 compute_cycles=35849529 stage_cycles=302044 output_unpack_ms=4.907 wall_ms=414.819 input_bytes=94068224 output_bytes=1290240 APM_W_read=89247744 APM_X_read=4820480 APM_Y_write=1290240 APM_GBps=0.2638 GMACps=3.841 CMA_current_kB=521984 CMA_min_kB=521748
CALL=32 N=280 tiles=9 commands=9/81 pack_ms=46.853 xrt_sync_to_ms=0.380 xrt_sync_from_ms=0.309 control_submit_ms=0.170 hls_wait_ms=361.469 apm_cycles=36150726 compute_cycles=35848720 stage_cycles=302006 output_unpack_ms=4.924 wall_ms=414.280 input_bytes=94068224 output_bytes=1290240 APM_W_read=89247744 APM_X_read=4820480 APM_Y_write=1290240 APM_GBps=0.2638 GMACps=3.841 CMA_current_kB=521984 CMA_min_kB=521748
CALL=33 N=280 tiles=9 commands=9/81 pack_ms=48.686 xrt_sync_to_ms=0.376 xrt_sync_from_ms=0.313 control_submit_ms=0.170 hls_wait_ms=361.469 apm_cycles=36150693 compute_cycles=35848655 stage_cycles=302038 output_unpack_ms=4.906 wall_ms=416.093 input_bytes=94068224 output_bytes=1290240 APM_W_read=89247744 APM_X_read=4820480 APM_Y_write=1290240 APM_GBps=0.2638 GMACps=3.841 CMA_current_kB=521984 CMA_min_kB=521748
CALL=34 N=280 tiles=9 commands=9/81 pack_ms=47.821 xrt_sync_to_ms=0.382 xrt_sync_from_ms=0.305 control_submit_ms=0.170 hls_wait_ms=361.469 apm_cycles=36150723 compute_cycles=35848643 stage_cycles=302080 output_unpack_ms=4.971 wall_ms=415.292 input_bytes=94068224 output_bytes=1290240 APM_W_read=89247744 APM_X_read=4820480 APM_Y_write=1290240 APM_GBps=0.2638 GMACps=3.841 CMA_current_kB=521984 CMA_min_kB=521748
CALL=35 N=280 tiles=9 commands=9/81 pack_ms=50.325 xrt_sync_to_ms=0.382 xrt_sync_from_ms=0.301 control_submit_ms=0.170 hls_wait_ms=361.468 apm_cycles=36150538 compute_cycles=35848496 stage_cycles=302042 output_unpack_ms=4.911 wall_ms=417.730 input_bytes=94068224 output_bytes=1290240 APM_W_read=89247744 APM_X_read=4820480 APM_Y_write=1290240 APM_GBps=0.2638 GMACps=3.841 CMA_current_kB=521984 CMA_min_kB=521748
CALL=36 N=280 tiles=9 commands=9/81 pack_ms=50.114 xrt_sync_to_ms=0.396 xrt_sync_from_ms=0.292 control_submit_ms=0.170 hls_wait_ms=361.469 apm_cycles=36150642 compute_cycles=35848599 stage_cycles=302043 output_unpack_ms=4.974 wall_ms=417.587 input_bytes=94068224 output_bytes=1290240 APM_W_read=89247744 APM_X_read=4820480 APM_Y_write=1290240 APM_GBps=0.2638 GMACps=3.841 CMA_current_kB=521984 CMA_min_kB=521748
CALL=37 N=280 tiles=9 commands=9/81 pack_ms=47.685 xrt_sync_to_ms=0.378 xrt_sync_from_ms=0.300 control_submit_ms=0.170 hls_wait_ms=361.471 apm_cycles=36150859 compute_cycles=35848833 stage_cycles=302026 output_unpack_ms=4.900 wall_ms=415.077 input_bytes=94068224 output_bytes=1290240 APM_W_read=89247744 APM_X_read=4820480 APM_Y_write=1290240 APM_GBps=0.2638 GMACps=3.841 CMA_current_kB=521984 CMA_min_kB=521748
CALL=38 N=280 tiles=9 commands=9/81 pack_ms=49.207 xrt_sync_to_ms=0.400 xrt_sync_from_ms=0.333 control_submit_ms=0.171 hls_wait_ms=361.471 apm_cycles=36150860 compute_cycles=35848817 stage_cycles=302043 output_unpack_ms=4.940 wall_ms=416.701 input_bytes=94068224 output_bytes=1290240 APM_W_read=89247744 APM_X_read=4820480 APM_Y_write=1290240 APM_GBps=0.2638 GMACps=3.841 CMA_current_kB=521984 CMA_min_kB=521748
CALL=39 N=280 tiles=9 commands=9/81 pack_ms=46.557 xrt_sync_to_ms=0.389 xrt_sync_from_ms=0.302 control_submit_ms=0.171 hls_wait_ms=361.470 apm_cycles=36150750 compute_cycles=35848667 stage_cycles=302083 output_unpack_ms=4.972 wall_ms=414.035 input_bytes=94068224 output_bytes=1290240 APM_W_read=89247744 APM_X_read=4820480 APM_Y_write=1290240 APM_GBps=0.2638 GMACps=3.841 CMA_current_kB=521984 CMA_min_kB=521748
CALL=40 N=280 tiles=9 commands=9/81 pack_ms=48.885 xrt_sync_to_ms=0.388 xrt_sync_from_ms=0.301 control_submit_ms=0.171 hls_wait_ms=361.471 apm_cycles=36150881 compute_cycles=35848857 stage_cycles=302024 output_unpack_ms=4.895 wall_ms=416.287 input_bytes=94068224 output_bytes=1290240 APM_W_read=89247744 APM_X_read=4820480 APM_Y_write=1290240 APM_GBps=0.2638 GMACps=3.841 CMA_current_kB=521984 CMA_min_kB=521748
CALL=41 N=280 tiles=9 commands=9/81 pack_ms=49.421 xrt_sync_to_ms=0.379 xrt_sync_from_ms=0.301 control_submit_ms=0.171 hls_wait_ms=361.470 apm_cycles=36150793 compute_cycles=35848744 stage_cycles=302049 output_unpack_ms=4.912 wall_ms=416.829 input_bytes=94068224 output_bytes=1290240 APM_W_read=89247744 APM_X_read=4820480 APM_Y_write=1290240 APM_GBps=0.2638 GMACps=3.841 CMA_current_kB=521984 CMA_min_kB=521748
CALL=42 N=280 tiles=9 commands=9/81 pack_ms=47.442 xrt_sync_to_ms=0.390 xrt_sync_from_ms=0.302 control_submit_ms=0.170 hls_wait_ms=361.472 apm_cycles=36150939 compute_cycles=35848907 stage_cycles=302032 output_unpack_ms=4.923 wall_ms=414.872 input_bytes=94068224 output_bytes=1290240 APM_W_read=89247744 APM_X_read=4820480 APM_Y_write=1290240 APM_GBps=0.2638 GMACps=3.841 CMA_current_kB=521984 CMA_min_kB=521748
CALL=43 N=280 tiles=9 commands=9/81 pack_ms=48.460 xrt_sync_to_ms=0.371 xrt_sync_from_ms=0.310 control_submit_ms=0.169 hls_wait_ms=361.475 apm_cycles=36151288 compute_cycles=35849278 stage_cycles=302010 output_unpack_ms=4.899 wall_ms=415.855 input_bytes=94068224 output_bytes=1290240 APM_W_read=89247744 APM_X_read=4820480 APM_Y_write=1290240 APM_GBps=0.2638 GMACps=3.841 CMA_current_kB=521984 CMA_min_kB=521748
CALL=44 N=280 tiles=9 commands=9/81 pack_ms=47.491 xrt_sync_to_ms=0.388 xrt_sync_from_ms=0.302 control_submit_ms=0.170 hls_wait_ms=361.511 apm_cycles=36154923 compute_cycles=35852867 stage_cycles=302056 output_unpack_ms=4.899 wall_ms=414.934 input_bytes=94068224 output_bytes=1290240 APM_W_read=89247744 APM_X_read=4820480 APM_Y_write=1290240 APM_GBps=0.2638 GMACps=3.840 CMA_current_kB=521984 CMA_min_kB=521748
CALL=45 N=280 tiles=9 commands=9/81 pack_ms=47.751 xrt_sync_to_ms=0.384 xrt_sync_from_ms=0.299 control_submit_ms=0.171 hls_wait_ms=361.469 apm_cycles=36150743 compute_cycles=35848701 stage_cycles=302042 output_unpack_ms=4.899 wall_ms=415.148 input_bytes=94068224 output_bytes=1290240 APM_W_read=89247744 APM_X_read=4820480 APM_Y_write=1290240 APM_GBps=0.2638 GMACps=3.841 CMA_current_kB=521984 CMA_min_kB=521748
CALL=46 N=280 tiles=9 commands=9/81 pack_ms=49.056 xrt_sync_to_ms=0.382 xrt_sync_from_ms=0.292 control_submit_ms=0.171 hls_wait_ms=361.470 apm_cycles=36150773 compute_cycles=35848766 stage_cycles=302007 output_unpack_ms=4.898 wall_ms=416.442 input_bytes=94068224 output_bytes=1290240 APM_W_read=89247744 APM_X_read=4820480 APM_Y_write=1290240 APM_GBps=0.2638 GMACps=3.841 CMA_current_kB=521984 CMA_min_kB=521748
CALL=47 N=280 tiles=9 commands=9/81 pack_ms=48.356 xrt_sync_to_ms=0.392 xrt_sync_from_ms=0.299 control_submit_ms=0.170 hls_wait_ms=361.469 apm_cycles=36150739 compute_cycles=35848744 stage_cycles=301995 output_unpack_ms=4.913 wall_ms=415.773 input_bytes=94068224 output_bytes=1290240 APM_W_read=89247744 APM_X_read=4820480 APM_Y_write=1290240 APM_GBps=0.2638 GMACps=3.841 CMA_current_kB=521984 CMA_min_kB=521748
CALL=48 N=280 tiles=9 commands=9/81 pack_ms=46.401 xrt_sync_to_ms=0.418 xrt_sync_from_ms=0.323 control_submit_ms=0.183 hls_wait_ms=361.458 apm_cycles=36149635 compute_cycles=35847631 stage_cycles=302004 output_unpack_ms=4.990 wall_ms=413.952 input_bytes=94068224 output_bytes=1290240 APM_W_read=89247744 APM_X_read=4820480 APM_Y_write=1290240 APM_GBps=0.2638 GMACps=3.841 CMA_current_kB=521984 CMA_min_kB=521748
CALL=49 N=280 tiles=9 commands=9/81 pack_ms=48.427 xrt_sync_to_ms=0.370 xrt_sync_from_ms=0.305 control_submit_ms=0.171 hls_wait_ms=361.469 apm_cycles=36150678 compute_cycles=35848663 stage_cycles=302015 output_unpack_ms=4.901 wall_ms=415.816 input_bytes=94068224 output_bytes=1290240 APM_W_read=89247744 APM_X_read=4820480 APM_Y_write=1290240 APM_GBps=0.2638 GMACps=3.841 CMA_current_kB=521984 CMA_min_kB=521748
CALL=50 N=280 tiles=9 commands=9/81 pack_ms=47.289 xrt_sync_to_ms=0.412 xrt_sync_from_ms=0.320 control_submit_ms=0.171 hls_wait_ms=361.468 apm_cycles=36150670 compute_cycles=35848638 stage_cycles=302032 output_unpack_ms=4.918 wall_ms=414.756 input_bytes=94068224 output_bytes=1290240 APM_W_read=89247744 APM_X_read=4820480 APM_Y_write=1290240 APM_GBps=0.2638 GMACps=3.841 CMA_current_kB=521984 CMA_min_kB=521748
CALL=51 N=280 tiles=9 commands=9/81 pack_ms=48.371 xrt_sync_to_ms=0.392 xrt_sync_from_ms=0.300 control_submit_ms=0.170 hls_wait_ms=361.471 apm_cycles=36150895 compute_cycles=35848902 stage_cycles=301993 output_unpack_ms=4.925 wall_ms=415.801 input_bytes=94068224 output_bytes=1290240 APM_W_read=89247744 APM_X_read=4820480 APM_Y_write=1290240 APM_GBps=0.2638 GMACps=3.841 CMA_current_kB=521984 CMA_min_kB=521748
CALL=52 N=280 tiles=9 commands=9/81 pack_ms=48.870 xrt_sync_to_ms=0.380 xrt_sync_from_ms=0.301 control_submit_ms=0.171 hls_wait_ms=361.469 apm_cycles=36150678 compute_cycles=35848684 stage_cycles=301994 output_unpack_ms=4.925 wall_ms=416.289 input_bytes=94068224 output_bytes=1290240 APM_W_read=89247744 APM_X_read=4820480 APM_Y_write=1290240 APM_GBps=0.2638 GMACps=3.841 CMA_current_kB=521984 CMA_min_kB=521748
CALL=53 N=280 tiles=9 commands=9/81 pack_ms=48.004 xrt_sync_to_ms=0.377 xrt_sync_from_ms=0.306 control_submit_ms=0.171 hls_wait_ms=361.469 apm_cycles=36150648 compute_cycles=35848651 stage_cycles=301997 output_unpack_ms=4.914 wall_ms=415.413 input_bytes=94068224 output_bytes=1290240 APM_W_read=89247744 APM_X_read=4820480 APM_Y_write=1290240 APM_GBps=0.2638 GMACps=3.841 CMA_current_kB=521984 CMA_min_kB=521748
CALL=54 N=280 tiles=9 commands=9/81 pack_ms=47.345 xrt_sync_to_ms=0.386 xrt_sync_from_ms=0.313 control_submit_ms=0.171 hls_wait_ms=361.470 apm_cycles=36150781 compute_cycles=35848759 stage_cycles=302022 output_unpack_ms=4.901 wall_ms=414.761 input_bytes=94068224 output_bytes=1290240 APM_W_read=89247744 APM_X_read=4820480 APM_Y_write=1290240 APM_GBps=0.2638 GMACps=3.841 CMA_current_kB=521984 CMA_min_kB=521748
CALL=55 N=280 tiles=9 commands=9/81 pack_ms=48.069 xrt_sync_to_ms=0.384 xrt_sync_from_ms=0.304 control_submit_ms=0.171 hls_wait_ms=361.470 apm_cycles=36150760 compute_cycles=35848762 stage_cycles=301998 output_unpack_ms=4.906 wall_ms=415.475 input_bytes=94068224 output_bytes=1290240 APM_W_read=89247744 APM_X_read=4820480 APM_Y_write=1290240 APM_GBps=0.2638 GMACps=3.841 CMA_current_kB=521984 CMA_min_kB=521748
CALL=56 N=280 tiles=9 commands=9/81 pack_ms=47.084 xrt_sync_to_ms=0.373 xrt_sync_from_ms=0.308 control_submit_ms=0.170 hls_wait_ms=361.470 apm_cycles=36150793 compute_cycles=35848749 stage_cycles=302044 output_unpack_ms=4.913 wall_ms=414.494 input_bytes=94068224 output_bytes=1290240 APM_W_read=89247744 APM_X_read=4820480 APM_Y_write=1290240 APM_GBps=0.2638 GMACps=3.841 CMA_current_kB=521984 CMA_min_kB=521748
CALL=57 N=280 tiles=9 commands=9/81 pack_ms=47.983 xrt_sync_to_ms=0.381 xrt_sync_from_ms=0.314 control_submit_ms=0.170 hls_wait_ms=361.475 apm_cycles=36151286 compute_cycles=35849242 stage_cycles=302044 output_unpack_ms=4.895 wall_ms=415.391 input_bytes=94068224 output_bytes=1290240 APM_W_read=89247744 APM_X_read=4820480 APM_Y_write=1290240 APM_GBps=0.2638 GMACps=3.841 CMA_current_kB=521984 CMA_min_kB=521748
CALL=58 N=280 tiles=9 commands=9/81 pack_ms=46.566 xrt_sync_to_ms=0.377 xrt_sync_from_ms=0.310 control_submit_ms=0.170 hls_wait_ms=361.471 apm_cycles=36150867 compute_cycles=35848794 stage_cycles=302073 output_unpack_ms=4.917 wall_ms=413.982 input_bytes=94068224 output_bytes=1290240 APM_W_read=89247744 APM_X_read=4820480 APM_Y_write=1290240 APM_GBps=0.2638 GMACps=3.841 CMA_current_kB=521984 CMA_min_kB=521748
CALL=59 N=280 tiles=9 commands=9/81 pack_ms=48.312 xrt_sync_to_ms=0.383 xrt_sync_from_ms=0.288 control_submit_ms=0.170 hls_wait_ms=361.471 apm_cycles=36150960 compute_cycles=35848899 stage_cycles=302061 output_unpack_ms=4.901 wall_ms=415.699 input_bytes=94068224 output_bytes=1290240 APM_W_read=89247744 APM_X_read=4820480 APM_Y_write=1290240 APM_GBps=0.2638 GMACps=3.841 CMA_current_kB=521984 CMA_min_kB=521748
CALL=60 N=280 tiles=9 commands=9/81 pack_ms=47.156 xrt_sync_to_ms=0.396 xrt_sync_from_ms=0.311 control_submit_ms=0.170 hls_wait_ms=361.470 apm_cycles=36150758 compute_cycles=35848742 stage_cycles=302016 output_unpack_ms=4.901 wall_ms=414.578 input_bytes=94068224 output_bytes=1290240 APM_W_read=89247744 APM_X_read=4820480 APM_Y_write=1290240 APM_GBps=0.2638 GMACps=3.841 CMA_current_kB=521984 CMA_min_kB=521748
CALL=61 N=280 tiles=9 commands=9/81 pack_ms=47.450 xrt_sync_to_ms=0.399 xrt_sync_from_ms=0.303 control_submit_ms=0.171 hls_wait_ms=361.470 apm_cycles=36150805 compute_cycles=35848795 stage_cycles=302010 output_unpack_ms=4.900 wall_ms=414.868 input_bytes=94068224 output_bytes=1290240 APM_W_read=89247744 APM_X_read=4820480 APM_Y_write=1290240 APM_GBps=0.2638 GMACps=3.841 CMA_current_kB=521984 CMA_min_kB=521748
CALL=62 N=280 tiles=9 commands=9/81 pack_ms=47.312 xrt_sync_to_ms=0.411 xrt_sync_from_ms=0.319 control_submit_ms=0.170 hls_wait_ms=361.476 apm_cycles=36151377 compute_cycles=35849334 stage_cycles=302043 output_unpack_ms=4.936 wall_ms=414.803 input_bytes=94068224 output_bytes=1290240 APM_W_read=89247744 APM_X_read=4820480 APM_Y_write=1290240 APM_GBps=0.2638 GMACps=3.841 CMA_current_kB=521984 CMA_min_kB=521748
CALL=63 N=280 tiles=9 commands=9/81 pack_ms=49.532 xrt_sync_to_ms=0.377 xrt_sync_from_ms=0.313 control_submit_ms=0.170 hls_wait_ms=361.470 apm_cycles=36150838 compute_cycles=35848730 stage_cycles=302108 output_unpack_ms=4.895 wall_ms=416.931 input_bytes=94068224 output_bytes=1290240 APM_W_read=89247744 APM_X_read=4820480 APM_Y_write=1290240 APM_GBps=0.2638 GMACps=3.841 CMA_current_kB=521984 CMA_min_kB=521748
CALL=64 N=280 tiles=9 commands=9/81 pack_ms=46.168 xrt_sync_to_ms=0.377 xrt_sync_from_ms=0.306 control_submit_ms=0.170 hls_wait_ms=361.467 apm_cycles=36150529 compute_cycles=35848507 stage_cycles=302022 output_unpack_ms=4.948 wall_ms=413.612 input_bytes=94068224 output_bytes=1290240 APM_W_read=89247744 APM_X_read=4820480 APM_Y_write=1290240 APM_GBps=0.2638 GMACps=3.841 CMA_current_kB=521984 CMA_min_kB=521748
CALL=65 N=280 tiles=9 commands=9/81 pack_ms=48.325 xrt_sync_to_ms=0.376 xrt_sync_from_ms=0.301 control_submit_ms=0.170 hls_wait_ms=361.478 apm_cycles=36151586 compute_cycles=35849574 stage_cycles=302012 output_unpack_ms=4.908 wall_ms=415.730 input_bytes=94068224 output_bytes=1290240 APM_W_read=89247744 APM_X_read=4820480 APM_Y_write=1290240 APM_GBps=0.2638 GMACps=3.841 CMA_current_kB=521984 CMA_min_kB=521748
CALL=66 N=280 tiles=9 commands=9/81 pack_ms=49.854 xrt_sync_to_ms=0.383 xrt_sync_from_ms=0.306 control_submit_ms=0.171 hls_wait_ms=361.470 apm_cycles=36150816 compute_cycles=35848772 stage_cycles=302044 output_unpack_ms=4.937 wall_ms=417.295 input_bytes=94068224 output_bytes=1290240 APM_W_read=89247744 APM_X_read=4820480 APM_Y_write=1290240 APM_GBps=0.2638 GMACps=3.841 CMA_current_kB=521984 CMA_min_kB=521748
CALL=67 N=280 tiles=9 commands=9/81 pack_ms=46.361 xrt_sync_to_ms=0.383 xrt_sync_from_ms=0.304 control_submit_ms=0.171 hls_wait_ms=361.470 apm_cycles=36150777 compute_cycles=35848734 stage_cycles=302043 output_unpack_ms=4.894 wall_ms=413.754 input_bytes=94068224 output_bytes=1290240 APM_W_read=89247744 APM_X_read=4820480 APM_Y_write=1290240 APM_GBps=0.2638 GMACps=3.841 CMA_current_kB=521984 CMA_min_kB=521748
CALL=68 N=280 tiles=9 commands=9/81 pack_ms=48.480 xrt_sync_to_ms=0.378 xrt_sync_from_ms=0.307 control_submit_ms=0.171 hls_wait_ms=361.472 apm_cycles=36150982 compute_cycles=35848867 stage_cycles=302115 output_unpack_ms=4.896 wall_ms=415.877 input_bytes=94068224 output_bytes=1290240 APM_W_read=89247744 APM_X_read=4820480 APM_Y_write=1290240 APM_GBps=0.2638 GMACps=3.841 CMA_current_kB=521984 CMA_min_kB=521748
CALL=69 N=280 tiles=9 commands=9/81 pack_ms=49.524 xrt_sync_to_ms=0.381 xrt_sync_from_ms=0.307 control_submit_ms=0.170 hls_wait_ms=361.469 apm_cycles=36150668 compute_cycles=35848639 stage_cycles=302029 output_unpack_ms=4.906 wall_ms=416.928 input_bytes=94068224 output_bytes=1290240 APM_W_read=89247744 APM_X_read=4820480 APM_Y_write=1290240 APM_GBps=0.2638 GMACps=3.841 CMA_current_kB=521984 CMA_min_kB=521748
CALL=70 N=280 tiles=9 commands=9/81 pack_ms=48.212 xrt_sync_to_ms=0.403 xrt_sync_from_ms=0.308 control_submit_ms=0.170 hls_wait_ms=361.471 apm_cycles=36150880 compute_cycles=35848843 stage_cycles=302037 output_unpack_ms=4.904 wall_ms=415.645 input_bytes=94068224 output_bytes=1290240 APM_W_read=89247744 APM_X_read=4820480 APM_Y_write=1290240 APM_GBps=0.2638 GMACps=3.841 CMA_current_kB=521984 CMA_min_kB=521748
CALL=71 N=280 tiles=9 commands=9/81 pack_ms=47.797 xrt_sync_to_ms=0.379 xrt_sync_from_ms=0.307 control_submit_ms=0.171 hls_wait_ms=361.470 apm_cycles=36150744 compute_cycles=35848717 stage_cycles=302027 output_unpack_ms=4.911 wall_ms=415.205 input_bytes=94068224 output_bytes=1290240 APM_W_read=89247744 APM_X_read=4820480 APM_Y_write=1290240 APM_GBps=0.2638 GMACps=3.841 CMA_current_kB=521984 CMA_min_kB=521748
CALL=72 N=280 tiles=9 commands=9/81 pack_ms=48.660 xrt_sync_to_ms=0.379 xrt_sync_from_ms=0.301 control_submit_ms=0.171 hls_wait_ms=361.472 apm_cycles=36150982 compute_cycles=35848966 stage_cycles=302016 output_unpack_ms=4.894 wall_ms=416.051 input_bytes=94068224 output_bytes=1290240 APM_W_read=89247744 APM_X_read=4820480 APM_Y_write=1290240 APM_GBps=0.2638 GMACps=3.841 CMA_current_kB=521984 CMA_min_kB=521748
CALL=73 N=280 tiles=9 commands=9/81 pack_ms=48.060 xrt_sync_to_ms=0.380 xrt_sync_from_ms=0.316 control_submit_ms=0.170 hls_wait_ms=361.471 apm_cycles=36150892 compute_cycles=35848879 stage_cycles=302013 output_unpack_ms=4.911 wall_ms=415.481 input_bytes=94068224 output_bytes=1290240 APM_W_read=89247744 APM_X_read=4820480 APM_Y_write=1290240 APM_GBps=0.2638 GMACps=3.841 CMA_current_kB=521984 CMA_min_kB=521748
CALL=74 N=280 tiles=9 commands=9/81 pack_ms=49.938 xrt_sync_to_ms=0.407 xrt_sync_from_ms=0.318 control_submit_ms=0.171 hls_wait_ms=361.469 apm_cycles=36150695 compute_cycles=35848669 stage_cycles=302026 output_unpack_ms=4.932 wall_ms=417.411 input_bytes=94068224 output_bytes=1290240 APM_W_read=89247744 APM_X_read=4820480 APM_Y_write=1290240 APM_GBps=0.2638 GMACps=3.841 CMA_current_kB=521984 CMA_min_kB=521748
CALL=75 N=280 tiles=9 commands=9/81 pack_ms=47.001 xrt_sync_to_ms=0.383 xrt_sync_from_ms=0.311 control_submit_ms=0.179 hls_wait_ms=361.514 apm_cycles=36155216 compute_cycles=35853174 stage_cycles=302042 output_unpack_ms=4.900 wall_ms=414.461 input_bytes=94068224 output_bytes=1290240 APM_W_read=89247744 APM_X_read=4820480 APM_Y_write=1290240 APM_GBps=0.2638 GMACps=3.840 CMA_current_kB=521984 CMA_min_kB=521748
CALL=76 N=280 tiles=9 commands=9/81 pack_ms=50.801 xrt_sync_to_ms=0.388 xrt_sync_from_ms=0.293 control_submit_ms=0.171 hls_wait_ms=361.470 apm_cycles=36150803 compute_cycles=35848831 stage_cycles=301972 output_unpack_ms=4.911 wall_ms=418.206 input_bytes=94068224 output_bytes=1290240 APM_W_read=89247744 APM_X_read=4820480 APM_Y_write=1290240 APM_GBps=0.2638 GMACps=3.841 CMA_current_kB=521984 CMA_min_kB=521748
CALL=77 N=280 tiles=9 commands=9/81 pack_ms=48.494 xrt_sync_to_ms=0.375 xrt_sync_from_ms=0.320 control_submit_ms=0.170 hls_wait_ms=361.472 apm_cycles=36152474 compute_cycles=35850439 stage_cycles=302035 output_unpack_ms=4.913 wall_ms=415.930 input_bytes=94068224 output_bytes=1290240 APM_W_read=89247744 APM_X_read=4820480 APM_Y_write=1290240 APM_GBps=0.2638 GMACps=3.841 CMA_current_kB=521984 CMA_min_kB=521748
CALL=78 N=280 tiles=9 commands=9/81 pack_ms=46.337 xrt_sync_to_ms=0.382 xrt_sync_from_ms=0.297 control_submit_ms=0.171 hls_wait_ms=361.496 apm_cycles=36153377 compute_cycles=35848820 stage_cycles=304557 output_unpack_ms=4.909 wall_ms=413.765 input_bytes=94068224 output_bytes=1290240 APM_W_read=89247744 APM_X_read=4820480 APM_Y_write=1290240 APM_GBps=0.2638 GMACps=3.840 CMA_current_kB=521984 CMA_min_kB=521748
CALL=79 N=280 tiles=9 commands=9/81 pack_ms=48.419 xrt_sync_to_ms=0.401 xrt_sync_from_ms=0.292 control_submit_ms=0.171 hls_wait_ms=361.469 apm_cycles=36150729 compute_cycles=35848717 stage_cycles=302012 output_unpack_ms=4.972 wall_ms=415.899 input_bytes=94068224 output_bytes=1290240 APM_W_read=89247744 APM_X_read=4820480 APM_Y_write=1290240 APM_GBps=0.2638 GMACps=3.841 CMA_current_kB=521984 CMA_min_kB=521748
CALL=80 N=280 tiles=9 commands=9/81 pack_ms=49.211 xrt_sync_to_ms=0.400 xrt_sync_from_ms=0.305 control_submit_ms=0.170 hls_wait_ms=361.469 apm_cycles=36150721 compute_cycles=35848716 stage_cycles=302005 output_unpack_ms=4.919 wall_ms=416.649 input_bytes=94068224 output_bytes=1290240 APM_W_read=89247744 APM_X_read=4820480 APM_Y_write=1290240 APM_GBps=0.2638 GMACps=3.841 CMA_current_kB=521984 CMA_min_kB=521748
CALL=81 N=280 tiles=9 commands=9/81 pack_ms=47.985 xrt_sync_to_ms=0.378 xrt_sync_from_ms=0.308 control_submit_ms=0.170 hls_wait_ms=361.474 apm_cycles=36151212 compute_cycles=35849195 stage_cycles=302017 output_unpack_ms=4.910 wall_ms=415.396 input_bytes=94068224 output_bytes=1290240 APM_W_read=89247744 APM_X_read=4820480 APM_Y_write=1290240 APM_GBps=0.2638 GMACps=3.841 CMA_current_kB=521984 CMA_min_kB=521748
CALL=82 N=280 tiles=9 commands=9/81 pack_ms=48.781 xrt_sync_to_ms=0.375 xrt_sync_from_ms=0.308 control_submit_ms=0.171 hls_wait_ms=361.470 apm_cycles=36150783 compute_cycles=35848739 stage_cycles=302044 output_unpack_ms=4.891 wall_ms=416.169 input_bytes=94068224 output_bytes=1290240 APM_W_read=89247744 APM_X_read=4820480 APM_Y_write=1290240 APM_GBps=0.2638 GMACps=3.841 CMA_current_kB=521984 CMA_min_kB=521748
CALL=83 N=280 tiles=9 commands=9/81 pack_ms=47.700 xrt_sync_to_ms=0.376 xrt_sync_from_ms=0.306 control_submit_ms=0.170 hls_wait_ms=361.470 apm_cycles=36150739 compute_cycles=35848686 stage_cycles=302053 output_unpack_ms=4.914 wall_ms=415.106 input_bytes=94068224 output_bytes=1290240 APM_W_read=89247744 APM_X_read=4820480 APM_Y_write=1290240 APM_GBps=0.2638 GMACps=3.841 CMA_current_kB=521984 CMA_min_kB=521748
CALL=84 N=280 tiles=9 commands=9/81 pack_ms=48.684 xrt_sync_to_ms=0.374 xrt_sync_from_ms=0.316 control_submit_ms=0.172 hls_wait_ms=361.468 apm_cycles=36150624 compute_cycles=35848604 stage_cycles=302020 output_unpack_ms=4.907 wall_ms=416.095 input_bytes=94068224 output_bytes=1290240 APM_W_read=89247744 APM_X_read=4820480 APM_Y_write=1290240 APM_GBps=0.2638 GMACps=3.841 CMA_current_kB=521984 CMA_min_kB=521748
CALL=85 N=280 tiles=9 commands=9/81 pack_ms=48.699 xrt_sync_to_ms=0.376 xrt_sync_from_ms=0.313 control_submit_ms=0.171 hls_wait_ms=361.469 apm_cycles=36150728 compute_cycles=35848694 stage_cycles=302034 output_unpack_ms=4.899 wall_ms=416.101 input_bytes=94068224 output_bytes=1290240 APM_W_read=89247744 APM_X_read=4820480 APM_Y_write=1290240 APM_GBps=0.2638 GMACps=3.841 CMA_current_kB=521984 CMA_min_kB=521748
CALL=86 N=280 tiles=9 commands=9/81 pack_ms=47.403 xrt_sync_to_ms=0.393 xrt_sync_from_ms=0.330 control_submit_ms=0.172 hls_wait_ms=361.487 apm_cycles=36152647 compute_cycles=35850605 stage_cycles=302042 output_unpack_ms=4.924 wall_ms=414.887 input_bytes=94068224 output_bytes=1290240 APM_W_read=89247744 APM_X_read=4820480 APM_Y_write=1290240 APM_GBps=0.2638 GMACps=3.841 CMA_current_kB=521984 CMA_min_kB=521748
CALL=87 N=280 tiles=9 commands=9/81 pack_ms=48.105 xrt_sync_to_ms=0.382 xrt_sync_from_ms=0.304 control_submit_ms=0.170 hls_wait_ms=361.470 apm_cycles=36150801 compute_cycles=35848763 stage_cycles=302038 output_unpack_ms=4.899 wall_ms=415.503 input_bytes=94068224 output_bytes=1290240 APM_W_read=89247744 APM_X_read=4820480 APM_Y_write=1290240 APM_GBps=0.2638 GMACps=3.841 CMA_current_kB=521984 CMA_min_kB=521748
CALL=88 N=280 tiles=9 commands=9/81 pack_ms=46.198 xrt_sync_to_ms=0.372 xrt_sync_from_ms=0.298 control_submit_ms=0.170 hls_wait_ms=361.483 apm_cycles=36152048 compute_cycles=35850032 stage_cycles=302016 output_unpack_ms=4.898 wall_ms=413.592 input_bytes=94068224 output_bytes=1290240 APM_W_read=89247744 APM_X_read=4820480 APM_Y_write=1290240 APM_GBps=0.2638 GMACps=3.841 CMA_current_kB=521984 CMA_min_kB=521748
CALL=89 N=280 tiles=9 commands=9/81 pack_ms=46.762 xrt_sync_to_ms=0.379 xrt_sync_from_ms=0.295 control_submit_ms=0.170 hls_wait_ms=361.470 apm_cycles=36150750 compute_cycles=35848720 stage_cycles=302030 output_unpack_ms=4.916 wall_ms=414.162 input_bytes=94068224 output_bytes=1290240 APM_W_read=89247744 APM_X_read=4820480 APM_Y_write=1290240 APM_GBps=0.2638 GMACps=3.841 CMA_current_kB=521984 CMA_min_kB=521748
CALL=90 N=280 tiles=9 commands=9/81 pack_ms=48.307 xrt_sync_to_ms=0.402 xrt_sync_from_ms=0.295 control_submit_ms=0.170 hls_wait_ms=361.470 apm_cycles=36150777 compute_cycles=35848756 stage_cycles=302021 output_unpack_ms=4.905 wall_ms=415.724 input_bytes=94068224 output_bytes=1290240 APM_W_read=89247744 APM_X_read=4820480 APM_Y_write=1290240 APM_GBps=0.2638 GMACps=3.841 CMA_current_kB=521984 CMA_min_kB=521748
CALL=91 N=280 tiles=9 commands=9/81 pack_ms=47.909 xrt_sync_to_ms=0.379 xrt_sync_from_ms=0.309 control_submit_ms=0.179 hls_wait_ms=361.460 apm_cycles=36149781 compute_cycles=35847758 stage_cycles=302023 output_unpack_ms=4.890 wall_ms=415.300 input_bytes=94068224 output_bytes=1290240 APM_W_read=89247744 APM_X_read=4820480 APM_Y_write=1290240 APM_GBps=0.2638 GMACps=3.841 CMA_current_kB=521984 CMA_min_kB=521748
CALL=92 N=280 tiles=9 commands=9/81 pack_ms=47.208 xrt_sync_to_ms=0.399 xrt_sync_from_ms=0.312 control_submit_ms=0.171 hls_wait_ms=361.469 apm_cycles=36150687 compute_cycles=35848681 stage_cycles=302006 output_unpack_ms=4.904 wall_ms=414.639 input_bytes=94068224 output_bytes=1290240 APM_W_read=89247744 APM_X_read=4820480 APM_Y_write=1290240 APM_GBps=0.2638 GMACps=3.841 CMA_current_kB=521984 CMA_min_kB=521748
CALL=93 N=280 tiles=9 commands=9/81 pack_ms=46.369 xrt_sync_to_ms=0.374 xrt_sync_from_ms=0.300 control_submit_ms=0.171 hls_wait_ms=361.468 apm_cycles=36150625 compute_cycles=35848621 stage_cycles=302004 output_unpack_ms=4.893 wall_ms=413.747 input_bytes=94068224 output_bytes=1290240 APM_W_read=89247744 APM_X_read=4820480 APM_Y_write=1290240 APM_GBps=0.2638 GMACps=3.841 CMA_current_kB=521984 CMA_min_kB=521748
CALL=94 N=280 tiles=9 commands=9/81 pack_ms=46.288 xrt_sync_to_ms=0.377 xrt_sync_from_ms=0.302 control_submit_ms=0.171 hls_wait_ms=361.577 apm_cycles=36161480 compute_cycles=35859435 stage_cycles=302045 output_unpack_ms=4.904 wall_ms=413.791 input_bytes=94068224 output_bytes=1290240 APM_W_read=89247744 APM_X_read=4820480 APM_Y_write=1290240 APM_GBps=0.2637 GMACps=3.840 CMA_current_kB=521984 CMA_min_kB=521748
CALL=95 N=280 tiles=9 commands=9/81 pack_ms=47.056 xrt_sync_to_ms=0.470 xrt_sync_from_ms=0.311 control_submit_ms=0.170 hls_wait_ms=361.535 apm_cycles=36157275 compute_cycles=35855226 stage_cycles=302049 output_unpack_ms=4.891 wall_ms=414.609 input_bytes=94068224 output_bytes=1290240 APM_W_read=89247744 APM_X_read=4820480 APM_Y_write=1290240 APM_GBps=0.2638 GMACps=3.840 CMA_current_kB=521984 CMA_min_kB=521748
CALL=96 N=280 tiles=9 commands=9/81 pack_ms=46.908 xrt_sync_to_ms=0.377 xrt_sync_from_ms=0.310 control_submit_ms=0.173 hls_wait_ms=361.470 apm_cycles=36150762 compute_cycles=35848717 stage_cycles=302045 output_unpack_ms=4.907 wall_ms=414.319 input_bytes=94068224 output_bytes=1290240 APM_W_read=89247744 APM_X_read=4820480 APM_Y_write=1290240 APM_GBps=0.2638 GMACps=3.841 CMA_current_kB=521984 CMA_min_kB=521748
CALL=97 N=280 tiles=9 commands=9/81 pack_ms=47.883 xrt_sync_to_ms=0.380 xrt_sync_from_ms=0.308 control_submit_ms=0.171 hls_wait_ms=361.470 apm_cycles=36150743 compute_cycles=35848703 stage_cycles=302040 output_unpack_ms=4.907 wall_ms=415.293 input_bytes=94068224 output_bytes=1290240 APM_W_read=89247744 APM_X_read=4820480 APM_Y_write=1290240 APM_GBps=0.2638 GMACps=3.841 CMA_current_kB=521984 CMA_min_kB=521748
CALL=98 N=280 tiles=9 commands=9/81 pack_ms=47.085 xrt_sync_to_ms=0.412 xrt_sync_from_ms=0.330 control_submit_ms=0.171 hls_wait_ms=361.473 apm_cycles=36151200 compute_cycles=35849152 stage_cycles=302048 output_unpack_ms=4.925 wall_ms=414.573 input_bytes=94068224 output_bytes=1290240 APM_W_read=89247744 APM_X_read=4820480 APM_Y_write=1290240 APM_GBps=0.2638 GMACps=3.841 CMA_current_kB=521984 CMA_min_kB=521748
CALL=99 N=280 tiles=9 commands=9/81 pack_ms=48.937 xrt_sync_to_ms=0.374 xrt_sync_from_ms=0.307 control_submit_ms=0.171 hls_wait_ms=361.456 apm_cycles=36150979 compute_cycles=35848959 stage_cycles=302020 output_unpack_ms=4.897 wall_ms=416.330 input_bytes=94068224 output_bytes=1290240 APM_W_read=89247744 APM_X_read=4820480 APM_Y_write=1290240 APM_GBps=0.2638 GMACps=3.841 CMA_current_kB=521984 CMA_min_kB=521748
CALL=100 N=280 tiles=9 commands=9/81 pack_ms=48.382 xrt_sync_to_ms=0.395 xrt_sync_from_ms=0.314 control_submit_ms=0.170 hls_wait_ms=361.469 apm_cycles=36150730 compute_cycles=35848734 stage_cycles=301996 output_unpack_ms=4.912 wall_ms=415.819 input_bytes=94068224 output_bytes=1290240 APM_W_read=89247744 APM_X_read=4820480 APM_Y_write=1290240 APM_GBps=0.2638 GMACps=3.841 CMA_current_kB=521984 CMA_min_kB=521748
TOTAL calls=100 N=280 pack_ms=4793.078 xrt_sync_to_ms=38.653 xrt_sync_from_ms=30.718 control_submit_ms=17.118 hls_wait_ms=36147.407 cycles=3615123335 compute_cycles=3584917002 stage_cycles=30206333 unpack_ms=492.968 wall_ms=41537.358 input_bytes=9406822400 output_bytes=129024000 APM_W_read=8924774400 APM_X_read=482048000 APM_Y_write=129024000 kernel_GMACps=3.841 system_GMACps=3.342 max_abs=1.98930502e-06 RMSE=1.08140651e-07 cosine=0.999999999999797
CMA after_release_kB=521984 pages_after_release=9880 allocated_total_bytes=1671168
END layer=13 N=280 calls=100 utc=2026-09-25T02:41:31Z
board_benchmark_log=/tmp/rm08-board-bench-20260925T023936Z.log
benchmark_complete=PASS
starter_kit_restore=PASS
restore_fpga_manager=operating
MemAvailable:    3291228 kB
CmaTotal:        1024000 kB
CmaFree:          531184 kB
