
****** Vitis HLS - High-Level Synthesis from C, C++ and OpenCL v2024.2 (64-bit)
  **** SW Build 5238294 on Nov  8 2024
  **** IP Build 5239520 on Sun Nov 10 16:12:51 MST 2024
  **** SharedData Build 5239561 on Fri Nov 08 14:39:27 MST 2024
  **** Start of session at: Thu Sep 24 16:25:02 2026
    ** Copyright 1986-2022 Xilinx, Inc. All Rights Reserved.
    ** Copyright 2022-2024 Advanced Micro Devices, Inc. All Rights Reserved.

source /home/zhiro/research/kv260-vlm/tools/Xilinx/Vitis/2024.2/scripts/vitis_hls/hls.tcl -notrace
INFO: [HLS 200-10] For user 'zhiro' on host 'zhiro-ThinkBook-16p-G5-IRX' (Linux_x86_64 version 7.0.0-31-generic) on Thu Sep 24 16:25:03 CST 2026
INFO: [HLS 200-10] On os Ubuntu 24.04.5 LTS
INFO: [HLS 200-10] In directory '/home/zhiro/research/kv260-vlm-workers/RM02-B-hls-baseline'
WARNING: [HLS 200-2053] The vitis_hls executable is deprecated. Consider using vitis-run --mode hls --tcl
Sourcing Tcl script 'experiments/rm03_hls_mapping/source/run_hls.tcl'
INFO: [HLS 200-1510] Running: open_project -reset /home/zhiro/research/kv260-vlm-workers/RM02-B-hls-baseline/experiments/rm03_hls_mapping/reports/rm03_pe4x4_k4/project 
INFO: [HLS 200-10] Creating and opening project '/home/zhiro/research/kv260-vlm-workers/RM02-B-hls-baseline/experiments/rm03_hls_mapping/reports/rm03_pe4x4_k4/project'.
INFO: [HLS 200-1510] Running: set_top vision_gemm 
INFO: [HLS 200-1510] Running: add_files /home/zhiro/research/kv260-vlm-workers/RM02-B-hls-baseline/experiments/rm03_hls_mapping/source/vision_gemm.cpp -cflags -DTILE_M=16 -DTILE_N=32 -DHLS_PE_M=4 -DHLS_PE_N=4 -DHLS_K_LANES=4 
INFO: [HLS 200-10] Adding design file '/home/zhiro/research/kv260-vlm-workers/RM02-B-hls-baseline/experiments/rm03_hls_mapping/source/vision_gemm.cpp' to the project
INFO: [HLS 200-1510] Running: add_files -tb /home/zhiro/research/kv260-vlm-workers/RM02-B-hls-baseline/experiments/rm03_hls_mapping/source/tb.cpp -cflags -DTILE_M=16 -DTILE_N=32 -DHLS_PE_M=4 -DHLS_PE_N=4 -DHLS_K_LANES=4 
INFO: [HLS 200-10] Adding test bench file '/home/zhiro/research/kv260-vlm-workers/RM02-B-hls-baseline/experiments/rm03_hls_mapping/source/tb.cpp' to the project
INFO: [HLS 200-1510] Running: open_solution -reset solution1 
INFO: [HLS 200-10] Creating and opening solution '/home/zhiro/research/kv260-vlm-workers/RM02-B-hls-baseline/experiments/rm03_hls_mapping/reports/rm03_pe4x4_k4/project/solution1'.
INFO: [HLS 200-10] Cleaning up the solution database.
INFO: [HLS 200-1505] Using default flow_target 'vivado'
Resolution: For help on HLS 200-1505 see docs.xilinx.com/access/sources/dita/topic?Doc_Version=2024.2%20English&url=ug1448-hls-guidance&resourceid=200-1505.html
INFO: [HLS 200-1510] Running: set_part xck26-sfvc784-2LV-c 
INFO: [HLS 200-1611] Setting target device to 'xck26-sfvc784-2LV-c'
INFO: [HLS 200-1510] Running: create_clock -period 5.0 -name default 
INFO: [SYN 201-201] Setting up clock 'default' with a period of 5ns.
INFO: [HLS 200-1510] Running: config_interface -m_axi_max_widen_bitwidth 512 
INFO: [HLS 200-1510] Running: csim_design 
INFO: [SIM 211-2] *************** CSIM start ***************
INFO: [SIM 211-4] CSIM will launch CLANG as the compiler.
INFO: [HLS 200-2036] Building debug C Simulation binaries
   Compiling ../../../../../../source/tb.cpp in debug mode
   Compiling ../../../../../../source/vision_gemm.cpp in debug mode
   Generating csim.exe
C-SIM_TILE_PASS reduction=4304 tokens=1120 outputs=1152 tile=16x32 pe=4x4 outputs=512 k_lanes=4 max_abs_error=0 max_rel_error=0 max_delta_vs_serial_f32=0
INFO: [SIM 211-1] CSim done with 0 errors.
INFO: [SIM 211-3] *************** CSIM finish ***************
INFO: [HLS 200-2161] Finished Command csim_design Elapsed time: 00:00:02; Allocated memory: 0.234 MB.
INFO: [HLS 200-1510] Running: csynth_design 
INFO: [HLS 200-111] Finished File checks and directory preparation: CPU user time: 0.02 seconds. CPU system time: 0.01 seconds. Elapsed time: 0.03 seconds; current allocated memory: 310.566 MB.
INFO: [HLS 200-10] Analyzing design file '/home/zhiro/research/kv260-vlm-workers/RM02-B-hls-baseline/experiments/rm03_hls_mapping/source/vision_gemm.cpp' ... 
INFO: [HLS 200-111] Finished Source Code Analysis and Preprocessing: CPU user time: 1.26 seconds. CPU system time: 0.27 seconds. Elapsed time: 1.54 seconds; current allocated memory: 313.355 MB.
INFO: [HLS 200-777] Using interface defaults for 'Vivado' flow target.
INFO: [HLS 200-1995] There were 567 instructions in the design after the 'Compile/Link' phase of compilation. See the Design Size Report for more details: /home/zhiro/research/kv260-vlm-workers/RM02-B-hls-baseline/experiments/rm03_hls_mapping/reports/rm03_pe4x4_k4/project/solution1/syn/report/csynth_design_size.rpt
INFO: [HLS 200-1995] There were 9,252 instructions in the design after the 'Unroll/Inline (step 1)' phase of compilation. See the Design Size Report for more details: /home/zhiro/research/kv260-vlm-workers/RM02-B-hls-baseline/experiments/rm03_hls_mapping/reports/rm03_pe4x4_k4/project/solution1/syn/report/csynth_design_size.rpt
INFO: [HLS 200-1995] There were 5,802 instructions in the design after the 'Unroll/Inline (step 2)' phase of compilation. See the Design Size Report for more details: /home/zhiro/research/kv260-vlm-workers/RM02-B-hls-baseline/experiments/rm03_hls_mapping/reports/rm03_pe4x4_k4/project/solution1/syn/report/csynth_design_size.rpt
INFO: [HLS 200-1995] There were 5,661 instructions in the design after the 'Unroll/Inline (step 3)' phase of compilation. See the Design Size Report for more details: /home/zhiro/research/kv260-vlm-workers/RM02-B-hls-baseline/experiments/rm03_hls_mapping/reports/rm03_pe4x4_k4/project/solution1/syn/report/csynth_design_size.rpt
INFO: [HLS 200-1995] There were 5,662 instructions in the design after the 'Unroll/Inline (step 4)' phase of compilation. See the Design Size Report for more details: /home/zhiro/research/kv260-vlm-workers/RM02-B-hls-baseline/experiments/rm03_hls_mapping/reports/rm03_pe4x4_k4/project/solution1/syn/report/csynth_design_size.rpt
INFO: [HLS 200-1995] There were 5,670 instructions in the design after the 'Array/Struct (step 1)' phase of compilation. See the Design Size Report for more details: /home/zhiro/research/kv260-vlm-workers/RM02-B-hls-baseline/experiments/rm03_hls_mapping/reports/rm03_pe4x4_k4/project/solution1/syn/report/csynth_design_size.rpt
INFO: [HLS 200-1995] There were 5,642 instructions in the design after the 'Array/Struct (step 2)' phase of compilation. See the Design Size Report for more details: /home/zhiro/research/kv260-vlm-workers/RM02-B-hls-baseline/experiments/rm03_hls_mapping/reports/rm03_pe4x4_k4/project/solution1/syn/report/csynth_design_size.rpt
INFO: [HLS 200-1995] There were 5,642 instructions in the design after the 'Array/Struct (step 3)' phase of compilation. See the Design Size Report for more details: /home/zhiro/research/kv260-vlm-workers/RM02-B-hls-baseline/experiments/rm03_hls_mapping/reports/rm03_pe4x4_k4/project/solution1/syn/report/csynth_design_size.rpt
INFO: [HLS 200-1995] There were 5,642 instructions in the design after the 'Array/Struct (step 4)' phase of compilation. See the Design Size Report for more details: /home/zhiro/research/kv260-vlm-workers/RM02-B-hls-baseline/experiments/rm03_hls_mapping/reports/rm03_pe4x4_k4/project/solution1/syn/report/csynth_design_size.rpt
INFO: [HLS 200-1995] There were 5,718 instructions in the design after the 'Array/Struct (step 5)' phase of compilation. See the Design Size Report for more details: /home/zhiro/research/kv260-vlm-workers/RM02-B-hls-baseline/experiments/rm03_hls_mapping/reports/rm03_pe4x4_k4/project/solution1/syn/report/csynth_design_size.rpt
INFO: [HLS 200-1995] There were 5,713 instructions in the design after the 'Performance (step 1)' phase of compilation. See the Design Size Report for more details: /home/zhiro/research/kv260-vlm-workers/RM02-B-hls-baseline/experiments/rm03_hls_mapping/reports/rm03_pe4x4_k4/project/solution1/syn/report/csynth_design_size.rpt
INFO: [HLS 200-1995] There were 5,649 instructions in the design after the 'Performance (step 2)' phase of compilation. See the Design Size Report for more details: /home/zhiro/research/kv260-vlm-workers/RM02-B-hls-baseline/experiments/rm03_hls_mapping/reports/rm03_pe4x4_k4/project/solution1/syn/report/csynth_design_size.rpt
INFO: [HLS 200-1995] There were 8,378 instructions in the design after the 'Performance (step 3)' phase of compilation. See the Design Size Report for more details: /home/zhiro/research/kv260-vlm-workers/RM02-B-hls-baseline/experiments/rm03_hls_mapping/reports/rm03_pe4x4_k4/project/solution1/syn/report/csynth_design_size.rpt
INFO: [HLS 200-1995] There were 6,654 instructions in the design after the 'Performance (step 4)' phase of compilation. See the Design Size Report for more details: /home/zhiro/research/kv260-vlm-workers/RM02-B-hls-baseline/experiments/rm03_hls_mapping/reports/rm03_pe4x4_k4/project/solution1/syn/report/csynth_design_size.rpt
INFO: [HLS 200-1995] There were 6,665 instructions in the design after the 'HW Transforms (step 1)' phase of compilation. See the Design Size Report for more details: /home/zhiro/research/kv260-vlm-workers/RM02-B-hls-baseline/experiments/rm03_hls_mapping/reports/rm03_pe4x4_k4/project/solution1/syn/report/csynth_design_size.rpt
INFO: [HLS 200-1995] There were 6,479 instructions in the design after the 'HW Transforms (step 2)' phase of compilation. See the Design Size Report for more details: /home/zhiro/research/kv260-vlm-workers/RM02-B-hls-baseline/experiments/rm03_hls_mapping/reports/rm03_pe4x4_k4/project/solution1/syn/report/csynth_design_size.rpt
INFO: [HLS 214-131] Inlining function '(anonymous namespace)::half_to_float(unsigned short)' into 'vision_macro_tile(ap_uint<128> const*, ap_uint<256> const*, ap_uint<256>*, int, int)' (/home/zhiro/research/kv260-vlm-workers/RM02-B-hls-baseline/experiments/rm03_hls_mapping/source/vision_gemm.cpp:108:50)
INFO: [HLS 214-131] Inlining function 'vision_macro_tile(ap_uint<128> const*, ap_uint<256> const*, ap_uint<256>*, int, int)' into 'vision_gemm' (/home/zhiro/research/kv260-vlm-workers/RM02-B-hls-baseline/experiments/rm03_hls_mapping/source/vision_gemm.cpp:164:13)
INFO: [HLS 214-291] Loop 'VITIS_LOOP_96_11' is marked as complete unroll implied by the pipeline pragma (/home/zhiro/research/kv260-vlm-workers/RM02-B-hls-baseline/experiments/rm03_hls_mapping/source/vision_gemm.cpp:96:20)
INFO: [HLS 214-291] Loop 'VITIS_LOOP_98_12' is marked as complete unroll implied by the pipeline pragma (/home/zhiro/research/kv260-vlm-workers/RM02-B-hls-baseline/experiments/rm03_hls_mapping/source/vision_gemm.cpp:98:20)
INFO: [HLS 214-291] Loop 'VITIS_LOOP_100_13' is marked as complete unroll implied by the pipeline pragma (/home/zhiro/research/kv260-vlm-workers/RM02-B-hls-baseline/experiments/rm03_hls_mapping/source/vision_gemm.cpp:100:21)
INFO: [HLS 214-291] Loop 'VITIS_LOOP_18_1' is marked as complete unroll implied by the pipeline pragma (/home/zhiro/research/kv260-vlm-workers/RM02-B-hls-baseline/experiments/rm03_hls_mapping/source/vision_gemm.cpp:18:30)
INFO: [HLS 214-291] Loop 'VITIS_LOOP_139_19' is marked as complete unroll implied by the pipeline pragma (/home/zhiro/research/kv260-vlm-workers/RM02-B-hls-baseline/experiments/rm03_hls_mapping/source/vision_gemm.cpp:139:32)
INFO: [HLS 214-186] Unrolling loop 'VITIS_LOOP_84_7' (/home/zhiro/research/kv260-vlm-workers/RM02-B-hls-baseline/experiments/rm03_hls_mapping/source/vision_gemm.cpp:84:19) in function 'vision_gemm' completely with a factor of 4 (/home/zhiro/research/kv260-vlm-workers/RM02-B-hls-baseline/experiments/rm03_hls_mapping/source/vision_gemm.cpp:153:0)
INFO: [HLS 214-186] Unrolling loop 'VITIS_LOOP_86_8' (/home/zhiro/research/kv260-vlm-workers/RM02-B-hls-baseline/experiments/rm03_hls_mapping/source/vision_gemm.cpp:86:19) in function 'vision_gemm' completely with a factor of 4 (/home/zhiro/research/kv260-vlm-workers/RM02-B-hls-baseline/experiments/rm03_hls_mapping/source/vision_gemm.cpp:153:0)
INFO: [HLS 214-186] Unrolling loop 'VITIS_LOOP_88_9' (/home/zhiro/research/kv260-vlm-workers/RM02-B-hls-baseline/experiments/rm03_hls_mapping/source/vision_gemm.cpp:88:19) in function 'vision_gemm' completely with a factor of 4 (/home/zhiro/research/kv260-vlm-workers/RM02-B-hls-baseline/experiments/rm03_hls_mapping/source/vision_gemm.cpp:153:0)
INFO: [HLS 214-186] Unrolling loop 'VITIS_LOOP_96_11' (/home/zhiro/research/kv260-vlm-workers/RM02-B-hls-baseline/experiments/rm03_hls_mapping/source/vision_gemm.cpp:96:20) in function 'vision_gemm' completely with a factor of 4 (/home/zhiro/research/kv260-vlm-workers/RM02-B-hls-baseline/experiments/rm03_hls_mapping/source/vision_gemm.cpp:153:0)
INFO: [HLS 214-186] Unrolling loop 'VITIS_LOOP_98_12' (/home/zhiro/research/kv260-vlm-workers/RM02-B-hls-baseline/experiments/rm03_hls_mapping/source/vision_gemm.cpp:98:20) in function 'vision_gemm' completely with a factor of 4 (/home/zhiro/research/kv260-vlm-workers/RM02-B-hls-baseline/experiments/rm03_hls_mapping/source/vision_gemm.cpp:153:0)
INFO: [HLS 214-186] Unrolling loop 'VITIS_LOOP_100_13' (/home/zhiro/research/kv260-vlm-workers/RM02-B-hls-baseline/experiments/rm03_hls_mapping/source/vision_gemm.cpp:100:21) in function 'vision_gemm' completely with a factor of 4 (/home/zhiro/research/kv260-vlm-workers/RM02-B-hls-baseline/experiments/rm03_hls_mapping/source/vision_gemm.cpp:153:0)
INFO: [HLS 214-186] Unrolling loop 'VITIS_LOOP_18_1' (/home/zhiro/research/kv260-vlm-workers/RM02-B-hls-baseline/experiments/rm03_hls_mapping/source/vision_gemm.cpp:18:30) in function 'vision_gemm' completely with a factor of 10 (/home/zhiro/research/kv260-vlm-workers/RM02-B-hls-baseline/experiments/rm03_hls_mapping/source/vision_gemm.cpp:153:0)
INFO: [HLS 214-186] Unrolling loop 'VITIS_LOOP_118_14' (/home/zhiro/research/kv260-vlm-workers/RM02-B-hls-baseline/experiments/rm03_hls_mapping/source/vision_gemm.cpp:118:32) in function 'vision_gemm' completely with a factor of 4 (/home/zhiro/research/kv260-vlm-workers/RM02-B-hls-baseline/experiments/rm03_hls_mapping/source/vision_gemm.cpp:153:0)
INFO: [HLS 214-186] Unrolling loop 'VITIS_LOOP_120_15' (/home/zhiro/research/kv260-vlm-workers/RM02-B-hls-baseline/experiments/rm03_hls_mapping/source/vision_gemm.cpp:120:21) in function 'vision_gemm' completely with a factor of 4 (/home/zhiro/research/kv260-vlm-workers/RM02-B-hls-baseline/experiments/rm03_hls_mapping/source/vision_gemm.cpp:153:0)
INFO: [HLS 214-186] Unrolling loop 'VITIS_LOOP_123_16' (/home/zhiro/research/kv260-vlm-workers/RM02-B-hls-baseline/experiments/rm03_hls_mapping/source/vision_gemm.cpp:123:40) in function 'vision_gemm' completely with a factor of 4 (/home/zhiro/research/kv260-vlm-workers/RM02-B-hls-baseline/experiments/rm03_hls_mapping/source/vision_gemm.cpp:153:0)
INFO: [HLS 214-186] Unrolling loop 'VITIS_LOOP_139_19' (/home/zhiro/research/kv260-vlm-workers/RM02-B-hls-baseline/experiments/rm03_hls_mapping/source/vision_gemm.cpp:139:32) in function 'vision_gemm' completely with a factor of 8 (/home/zhiro/research/kv260-vlm-workers/RM02-B-hls-baseline/experiments/rm03_hls_mapping/source/vision_gemm.cpp:153:0)
INFO: [HLS 214-248] Applying array_partition to 'weight_tile.i': Complete partitioning on dimension 1. (/home/zhiro/research/kv260-vlm-workers/RM02-B-hls-baseline/experiments/rm03_hls_mapping/source/vision_gemm.cpp:52:15)
INFO: [HLS 214-248] Applying array_partition to 'activation_tile.i': Complete partitioning on dimension 1. (/home/zhiro/research/kv260-vlm-workers/RM02-B-hls-baseline/experiments/rm03_hls_mapping/source/vision_gemm.cpp:53:18)
INFO: [HLS 214-270] Inferring pragma 'array_partition type=cyclic factor=4 dim=1' for array 'result_tile.i' due to pipeline pragma (/home/zhiro/research/kv260-vlm-workers/RM02-B-hls-baseline/experiments/rm03_hls_mapping/source/vision_gemm.cpp:137:9)
INFO: [HLS 214-270] Inferring pragma 'array_partition type=complete dim=2' for array 'result_tile.i' due to pipeline pragma (/home/zhiro/research/kv260-vlm-workers/RM02-B-hls-baseline/experiments/rm03_hls_mapping/source/vision_gemm.cpp:137:9)
INFO: [HLS 214-248] Applying array_partition to 'result_tile.i': Cyclic partitioning with factor 4 on dimension 1. Complete partitioning on dimension 2. (/home/zhiro/research/kv260-vlm-workers/RM02-B-hls-baseline/experiments/rm03_hls_mapping/source/vision_gemm.cpp:54:11)
INFO: [HLS 214-115] Multiple burst reads of length 602560 and bit width 256 in loop 'VITIS_LOOP_163_2'(/home/zhiro/research/kv260-vlm-workers/RM02-B-hls-baseline/experiments/rm03_hls_mapping/source/vision_gemm.cpp:163:27) has been inferred on bundle 'gmem_x'. These burst requests might be further partitioned into multiple requests during RTL generation, based on max_read_burst_length or max_write_burst_length settings. (/home/zhiro/research/kv260-vlm-workers/RM02-B-hls-baseline/experiments/rm03_hls_mapping/source/vision_gemm.cpp:163:27)
INFO: [HLS 214-115] Multiple burst reads of length 8608 and bit width 128 in loop 'VITIS_LOOP_63_1'(/home/zhiro/research/kv260-vlm-workers/RM02-B-hls-baseline/experiments/rm03_hls_mapping/source/vision_gemm.cpp:63:19) has been inferred on bundle 'gmem_w'. These burst requests might be further partitioned into multiple requests during RTL generation, based on max_read_burst_length or max_write_burst_length settings. (/home/zhiro/research/kv260-vlm-workers/RM02-B-hls-baseline/experiments/rm03_hls_mapping/source/vision_gemm.cpp:63:19)
INFO: [HLS 214-115] Multiple burst writes of length 2 and bit width 256 in loop 'VITIS_LOOP_136_18'(/home/zhiro/research/kv260-vlm-workers/RM02-B-hls-baseline/experiments/rm03_hls_mapping/source/vision_gemm.cpp:136:28) has been inferred on bundle 'gmem_y'. These burst requests might be further partitioned into multiple requests during RTL generation, based on max_read_burst_length or max_write_burst_length settings. (/home/zhiro/research/kv260-vlm-workers/RM02-B-hls-baseline/experiments/rm03_hls_mapping/source/vision_gemm.cpp:136:28)
INFO: [HLS 200-111] Finished Compiling Optimization and Transform: CPU user time: 3.04 seconds. CPU system time: 0.24 seconds. Elapsed time: 6.69 seconds; current allocated memory: 325.031 MB.
INFO: [HLS 200-111] Finished Checking Pragmas: CPU user time: 0 seconds. CPU system time: 0 seconds. Elapsed time: 0 seconds; current allocated memory: 325.031 MB.
INFO: [HLS 200-10] Starting code transformations ...
INFO: [HLS 200-111] Finished Standard Transforms: CPU user time: 0.15 seconds. CPU system time: 0 seconds. Elapsed time: 0.16 seconds; current allocated memory: 336.344 MB.
INFO: [HLS 200-10] Checking synthesizability ...
WARNING: [SYNCHK 200-23] /home/zhiro/research/kv260-vlm-workers/RM02-B-hls-baseline/experiments/rm03_hls_mapping/source/vision_gemm.cpp:107: variable-indexed range selection may cause suboptimal QoR.
INFO: [SYNCHK 200-10] 0 error(s), 1 warning(s).
INFO: [HLS 200-111] Finished Checking Synthesizability: CPU user time: 0.18 seconds. CPU system time: 0 seconds. Elapsed time: 0.18 seconds; current allocated memory: 337.934 MB.
INFO: [XFORM 203-401] Performing if-conversion on hyperblock from (/home/zhiro/research/kv260-vlm-workers/RM02-B-hls-baseline/experiments/rm03_hls_mapping/source/vision_gemm.cpp:11:19) to (/home/zhiro/research/kv260-vlm-workers/RM02-B-hls-baseline/experiments/rm03_hls_mapping/source/vision_gemm.cpp:94:31) in function 'vision_gemm'... converting 316 basic blocks.
INFO: [HLS 200-111] Finished Loop, function and other optimizations: CPU user time: 0.78 seconds. CPU system time: 0.01 seconds. Elapsed time: 0.79 seconds; current allocated memory: 375.508 MB.
INFO: [HLS 200-2061] Successfully converted nested loops 'VITIS_LOOP_63_1'(/home/zhiro/research/kv260-vlm-workers/RM02-B-hls-baseline/experiments/rm03_hls_mapping/source/vision_gemm.cpp:63:19) and 'VITIS_LOOP_64_2'(/home/zhiro/research/kv260-vlm-workers/RM02-B-hls-baseline/experiments/rm03_hls_mapping/source/vision_gemm.cpp:64:26) in function 'vision_gemm' into perfectly nested loops.
INFO: [HLS 200-2061] Successfully converted nested loops 'VITIS_LOOP_70_3'(/home/zhiro/research/kv260-vlm-workers/RM02-B-hls-baseline/experiments/rm03_hls_mapping/source/vision_gemm.cpp:70:22) and 'VITIS_LOOP_71_4'(/home/zhiro/research/kv260-vlm-workers/RM02-B-hls-baseline/experiments/rm03_hls_mapping/source/vision_gemm.cpp:71:26) in function 'vision_gemm' into perfectly nested loops.
INFO: [HLS 200-2061] Successfully converted nested loops 'VITIS_LOOP_81_6'(/home/zhiro/research/kv260-vlm-workers/RM02-B-hls-baseline/experiments/rm03_hls_mapping/source/vision_gemm.cpp:81:26) and 'VITIS_LOOP_94_10'(/home/zhiro/research/kv260-vlm-workers/RM02-B-hls-baseline/experiments/rm03_hls_mapping/source/vision_gemm.cpp:94:31) in function 'vision_gemm' into perfectly nested loops.
INFO: [HLS 200-2061] Successfully converted nested loops 'VITIS_LOOP_80_5'(/home/zhiro/research/kv260-vlm-workers/RM02-B-hls-baseline/experiments/rm03_hls_mapping/source/vision_gemm.cpp:80:22) and 'VITIS_LOOP_81_6'(/home/zhiro/research/kv260-vlm-workers/RM02-B-hls-baseline/experiments/rm03_hls_mapping/source/vision_gemm.cpp:81:26) in function 'vision_gemm' into perfectly nested loops.
INFO: [HLS 200-2061] Successfully converted nested loops 'VITIS_LOOP_135_17'(/home/zhiro/research/kv260-vlm-workers/RM02-B-hls-baseline/experiments/rm03_hls_mapping/source/vision_gemm.cpp:135:24) and 'VITIS_LOOP_136_18'(/home/zhiro/research/kv260-vlm-workers/RM02-B-hls-baseline/experiments/rm03_hls_mapping/source/vision_gemm.cpp:136:28) in function 'vision_gemm' into perfectly nested loops.
INFO: [XFORM 203-541] Flattening a loop nest 'VITIS_LOOP_63_1' (/home/zhiro/research/kv260-vlm-workers/RM02-B-hls-baseline/experiments/rm03_hls_mapping/source/vision_gemm.cpp:63:19) in function 'vision_gemm'.
INFO: [XFORM 203-541] Flattening a loop nest 'VITIS_LOOP_70_3' (/home/zhiro/research/kv260-vlm-workers/RM02-B-hls-baseline/experiments/rm03_hls_mapping/source/vision_gemm.cpp:70:22) in function 'vision_gemm'.
INFO: [XFORM 203-541] Flattening a loop nest 'VITIS_LOOP_81_6' (/home/zhiro/research/kv260-vlm-workers/RM02-B-hls-baseline/experiments/rm03_hls_mapping/source/vision_gemm.cpp:81:26) in function 'vision_gemm'.
INFO: [XFORM 203-541] Flattening a loop nest 'VITIS_LOOP_80_5' (/home/zhiro/research/kv260-vlm-workers/RM02-B-hls-baseline/experiments/rm03_hls_mapping/source/vision_gemm.cpp:80:22) in function 'vision_gemm'.
INFO: [XFORM 203-541] Flattening a loop nest 'VITIS_LOOP_135_17' (/home/zhiro/research/kv260-vlm-workers/RM02-B-hls-baseline/experiments/rm03_hls_mapping/source/vision_gemm.cpp:135:24) in function 'vision_gemm'.
INFO: [HLS 200-111] Finished Architecture Synthesis: CPU user time: 0.62 seconds. CPU system time: 0 seconds. Elapsed time: 0.62 seconds; current allocated memory: 402.402 MB.
INFO: [HLS 200-10] Starting hardware synthesis ...
INFO: [HLS 200-10] Synthesizing 'vision_gemm' ...
INFO: [HLS 200-10] ----------------------------------------------------------------
INFO: [HLS 200-42] -- Implementing module 'vision_gemm_Pipeline_VITIS_LOOP_63_1_VITIS_LOOP_64_2' 
INFO: [HLS 200-10] ----------------------------------------------------------------
INFO: [SCHED 204-11] Starting scheduling ...
INFO: [HLS 200-486] Changing DSP latency (root=add_ln67) to 3 in order to utilize available DSP registers.
WARNING: [HLS 200-2042] Usage of URAM can potentially cause worse II as Vitis HLS does not exploit read-first mode for URAMs. Consider using BRAMs instead.
WARNING: [HLS 200-2042] Usage of URAM can potentially cause worse II as Vitis HLS does not exploit read-first mode for URAMs. Consider using BRAMs instead.
WARNING: [HLS 200-2042] Usage of URAM can potentially cause worse II as Vitis HLS does not exploit read-first mode for URAMs. Consider using BRAMs instead.
WARNING: [HLS 200-2042] Usage of URAM can potentially cause worse II as Vitis HLS does not exploit read-first mode for URAMs. Consider using BRAMs instead.
INFO: [SCHED 204-61] Pipelining loop 'VITIS_LOOP_63_1_VITIS_LOOP_64_2'.
INFO: [HLS 200-1470] Pipelining result : Target II = 1, Final II = 1, Depth = 4, loop 'VITIS_LOOP_63_1_VITIS_LOOP_64_2'
INFO: [SCHED 204-11] Finished scheduling.
INFO: [HLS 200-111] Finished Scheduling: CPU user time: 0.05 seconds. CPU system time: 0.01 seconds. Elapsed time: 0.07 seconds; current allocated memory: 402.402 MB.
INFO: [BIND 205-100] Starting micro-architecture generation ...
INFO: [BIND 205-101] Performing variable lifetime analysis.
INFO: [BIND 205-101] Exploring resource sharing.
INFO: [BIND 205-101] Binding ...
INFO: [BIND 205-100] Finished micro-architecture generation.
INFO: [HLS 200-111] Finished Binding: CPU user time: 0.01 seconds. CPU system time: 0 seconds. Elapsed time: 0.01 seconds; current allocated memory: 402.402 MB.
INFO: [HLS 200-10] ----------------------------------------------------------------
INFO: [HLS 200-42] -- Implementing module 'vision_gemm_Pipeline_VITIS_LOOP_70_3_VITIS_LOOP_71_4' 
INFO: [HLS 200-10] ----------------------------------------------------------------
INFO: [SCHED 204-11] Starting scheduling ...
INFO: [HLS 200-486] Changing DSP latency (root=add_ln74) to 3 in order to utilize available DSP registers.
WARNING: [HLS 200-2042] Usage of URAM can potentially cause worse II as Vitis HLS does not exploit read-first mode for URAMs. Consider using BRAMs instead.
WARNING: [HLS 200-2042] Usage of URAM can potentially cause worse II as Vitis HLS does not exploit read-first mode for URAMs. Consider using BRAMs instead.
WARNING: [HLS 200-2042] Usage of URAM can potentially cause worse II as Vitis HLS does not exploit read-first mode for URAMs. Consider using BRAMs instead.
WARNING: [HLS 200-2042] Usage of URAM can potentially cause worse II as Vitis HLS does not exploit read-first mode for URAMs. Consider using BRAMs instead.
INFO: [SCHED 204-61] Pipelining loop 'VITIS_LOOP_70_3_VITIS_LOOP_71_4'.
INFO: [HLS 200-1470] Pipelining result : Target II = 1, Final II = 1, Depth = 4, loop 'VITIS_LOOP_70_3_VITIS_LOOP_71_4'
INFO: [SCHED 204-11] Finished scheduling.
INFO: [HLS 200-111] Finished Scheduling: CPU user time: 0.03 seconds. CPU system time: 0 seconds. Elapsed time: 0.03 seconds; current allocated memory: 402.402 MB.
INFO: [BIND 205-100] Starting micro-architecture generation ...
INFO: [BIND 205-101] Performing variable lifetime analysis.
INFO: [BIND 205-101] Exploring resource sharing.
INFO: [BIND 205-101] Binding ...
INFO: [BIND 205-100] Finished micro-architecture generation.
INFO: [HLS 200-111] Finished Binding: CPU user time: 0.01 seconds. CPU system time: 0 seconds. Elapsed time: 0.01 seconds; current allocated memory: 402.402 MB.
INFO: [HLS 200-10] ----------------------------------------------------------------
INFO: [HLS 200-42] -- Implementing module 'vision_gemm_Pipeline_VITIS_LOOP_80_5_VITIS_LOOP_81_6_VITIS_LOOP_94_10' 
INFO: [HLS 200-10] ----------------------------------------------------------------
INFO: [SCHED 204-11] Starting scheduling ...
INFO: [HLS 200-486] Changing DSP latency (root=add_ln110) to 3 in order to utilize available DSP registers.
INFO: [HLS 200-486] Changing DSP latency (root=add_ln107) to 3 in order to utilize available DSP registers.
WARNING: [HLS 200-2042] Usage of URAM can potentially cause worse II as Vitis HLS does not exploit read-first mode for URAMs. Consider using BRAMs instead.
WARNING: [HLS 200-2042] Usage of URAM can potentially cause worse II as Vitis HLS does not exploit read-first mode for URAMs. Consider using BRAMs instead.
WARNING: [HLS 200-2042] Usage of URAM can potentially cause worse II as Vitis HLS does not exploit read-first mode for URAMs. Consider using BRAMs instead.
WARNING: [HLS 200-2042] Usage of URAM can potentially cause worse II as Vitis HLS does not exploit read-first mode for URAMs. Consider using BRAMs instead.
WARNING: [HLS 200-2042] Usage of URAM can potentially cause worse II as Vitis HLS does not exploit read-first mode for URAMs. Consider using BRAMs instead.
WARNING: [HLS 200-2042] Usage of URAM can potentially cause worse II as Vitis HLS does not exploit read-first mode for URAMs. Consider using BRAMs instead.
WARNING: [HLS 200-2042] Usage of URAM can potentially cause worse II as Vitis HLS does not exploit read-first mode for URAMs. Consider using BRAMs instead.
WARNING: [HLS 200-2042] Usage of URAM can potentially cause worse II as Vitis HLS does not exploit read-first mode for URAMs. Consider using BRAMs instead.
INFO: [SCHED 204-61] Pipelining loop 'VITIS_LOOP_80_5_VITIS_LOOP_81_6_VITIS_LOOP_94_10'.
WARNING: [HLS 200-880] The II Violation in module 'vision_gemm_Pipeline_VITIS_LOOP_80_5_VITIS_LOOP_81_6_VITIS_LOOP_94_10' (loop 'VITIS_LOOP_80_5_VITIS_LOOP_81_6_VITIS_LOOP_94_10'): Unable to enforce a carried dependence constraint (II = 1, distance = 1, offset = 0) between 'store' operation 0 bit ('empty_write_ln113', /home/zhiro/research/kv260-vlm-workers/RM02-B-hls-baseline/experiments/rm03_hls_mapping/source/vision_gemm.cpp:113->/home/zhiro/research/kv260-vlm-workers/RM02-B-hls-baseline/experiments/rm03_hls_mapping/source/vision_gemm.cpp:164) of variable 'add129_i', /home/zhiro/research/kv260-vlm-workers/RM02-B-hls-baseline/experiments/rm03_hls_mapping/source/vision_gemm.cpp:113->/home/zhiro/research/kv260-vlm-workers/RM02-B-hls-baseline/experiments/rm03_hls_mapping/source/vision_gemm.cpp:164 on local variable 'empty' and 'load' operation 32 bit ('p_load209', /home/zhiro/research/kv260-vlm-workers/RM02-B-hls-baseline/experiments/rm03_hls_mapping/source/vision_gemm.cpp:80->/home/zhiro/research/kv260-vlm-workers/RM02-B-hls-baseline/experiments/rm03_hls_mapping/source/vision_gemm.cpp:164) on local variable 'empty'.
Resolution: For help on HLS 200-880 see docs.xilinx.com/access/sources/dita/topic?Doc_Version=2024.2%20English&url=ug1448-hls-guidance&resourceid=200-880.html
WARNING: [HLS 200-880] The II Violation in module 'vision_gemm_Pipeline_VITIS_LOOP_80_5_VITIS_LOOP_81_6_VITIS_LOOP_94_10' (loop 'VITIS_LOOP_80_5_VITIS_LOOP_81_6_VITIS_LOOP_94_10'): Unable to enforce a carried dependence constraint (II = 2, distance = 1, offset = 0) between 'store' operation 0 bit ('empty_write_ln113', /home/zhiro/research/kv260-vlm-workers/RM02-B-hls-baseline/experiments/rm03_hls_mapping/source/vision_gemm.cpp:113->/home/zhiro/research/kv260-vlm-workers/RM02-B-hls-baseline/experiments/rm03_hls_mapping/source/vision_gemm.cpp:164) of variable 'add129_i', /home/zhiro/research/kv260-vlm-workers/RM02-B-hls-baseline/experiments/rm03_hls_mapping/source/vision_gemm.cpp:113->/home/zhiro/research/kv260-vlm-workers/RM02-B-hls-baseline/experiments/rm03_hls_mapping/source/vision_gemm.cpp:164 on local variable 'empty' and 'load' operation 32 bit ('p_load209', /home/zhiro/research/kv260-vlm-workers/RM02-B-hls-baseline/experiments/rm03_hls_mapping/source/vision_gemm.cpp:80->/home/zhiro/research/kv260-vlm-workers/RM02-B-hls-baseline/experiments/rm03_hls_mapping/source/vision_gemm.cpp:164) on local variable 'empty'.
Resolution: For help on HLS 200-880 see docs.xilinx.com/access/sources/dita/topic?Doc_Version=2024.2%20English&url=ug1448-hls-guidance&resourceid=200-880.html
WARNING: [HLS 200-880] The II Violation in module 'vision_gemm_Pipeline_VITIS_LOOP_80_5_VITIS_LOOP_81_6_VITIS_LOOP_94_10' (loop 'VITIS_LOOP_80_5_VITIS_LOOP_81_6_VITIS_LOOP_94_10'): Unable to enforce a carried dependence constraint (II = 3, distance = 1, offset = 0) between 'store' operation 0 bit ('empty_write_ln113', /home/zhiro/research/kv260-vlm-workers/RM02-B-hls-baseline/experiments/rm03_hls_mapping/source/vision_gemm.cpp:113->/home/zhiro/research/kv260-vlm-workers/RM02-B-hls-baseline/experiments/rm03_hls_mapping/source/vision_gemm.cpp:164) of variable 'add129_i', /home/zhiro/research/kv260-vlm-workers/RM02-B-hls-baseline/experiments/rm03_hls_mapping/source/vision_gemm.cpp:113->/home/zhiro/research/kv260-vlm-workers/RM02-B-hls-baseline/experiments/rm03_hls_mapping/source/vision_gemm.cpp:164 on local variable 'empty' and 'load' operation 32 bit ('p_load209', /home/zhiro/research/kv260-vlm-workers/RM02-B-hls-baseline/experiments/rm03_hls_mapping/source/vision_gemm.cpp:80->/home/zhiro/research/kv260-vlm-workers/RM02-B-hls-baseline/experiments/rm03_hls_mapping/source/vision_gemm.cpp:164) on local variable 'empty'.
Resolution: For help on HLS 200-880 see docs.xilinx.com/access/sources/dita/topic?Doc_Version=2024.2%20English&url=ug1448-hls-guidance&resourceid=200-880.html
WARNING: [HLS 200-880] The II Violation in module 'vision_gemm_Pipeline_VITIS_LOOP_80_5_VITIS_LOOP_81_6_VITIS_LOOP_94_10' (loop 'VITIS_LOOP_80_5_VITIS_LOOP_81_6_VITIS_LOOP_94_10'): Unable to enforce a carried dependence constraint (II = 4, distance = 1, offset = 0) between 'store' operation 0 bit ('empty_write_ln113', /home/zhiro/research/kv260-vlm-workers/RM02-B-hls-baseline/experiments/rm03_hls_mapping/source/vision_gemm.cpp:113->/home/zhiro/research/kv260-vlm-workers/RM02-B-hls-baseline/experiments/rm03_hls_mapping/source/vision_gemm.cpp:164) of variable 'add129_i', /home/zhiro/research/kv260-vlm-workers/RM02-B-hls-baseline/experiments/rm03_hls_mapping/source/vision_gemm.cpp:113->/home/zhiro/research/kv260-vlm-workers/RM02-B-hls-baseline/experiments/rm03_hls_mapping/source/vision_gemm.cpp:164 on local variable 'empty' and 'load' operation 32 bit ('p_load209', /home/zhiro/research/kv260-vlm-workers/RM02-B-hls-baseline/experiments/rm03_hls_mapping/source/vision_gemm.cpp:80->/home/zhiro/research/kv260-vlm-workers/RM02-B-hls-baseline/experiments/rm03_hls_mapping/source/vision_gemm.cpp:164) on local variable 'empty'.
Resolution: For help on HLS 200-880 see docs.xilinx.com/access/sources/dita/topic?Doc_Version=2024.2%20English&url=ug1448-hls-guidance&resourceid=200-880.html
INFO: [HLS 200-1470] Pipelining result : Target II = 1, Final II = 5, Depth = 55, loop 'VITIS_LOOP_80_5_VITIS_LOOP_81_6_VITIS_LOOP_94_10'
WARNING: [HLS 200-871] Estimated clock period (3.701 ns) exceeds the target (target clock period: 5.000 ns, clock uncertainty: 1.350 ns, effective delay budget: 3.650 ns).
Resolution: For help on HLS 200-871 see docs.xilinx.com/access/sources/dita/topic?Doc_Version=2024.2%20English&url=ug1448-hls-guidance&resourceid=200-871.html
WARNING: [HLS 200-1016] The critical path in module 'vision_gemm_Pipeline_VITIS_LOOP_80_5_VITIS_LOOP_81_6_VITIS_LOOP_94_10' consists of the following:
	multiplexor before 'phi' operation 32 bit ('bits') with incoming values : ('sign', /home/zhiro/research/kv260-vlm-workers/RM02-B-hls-baseline/experiments/rm03_hls_mapping/source/vision_gemm.cpp:8->/home/zhiro/research/kv260-vlm-workers/RM02-B-hls-baseline/experiments/rm03_hls_mapping/source/vision_gemm.cpp:108->/home/zhiro/research/kv260-vlm-workers/RM02-B-hls-baseline/experiments/rm03_hls_mapping/source/vision_gemm.cpp:164) ('bits', /home/zhiro/research/kv260-vlm-workers/RM02-B-hls-baseline/experiments/rm03_hls_mapping/source/vision_gemm.cpp:30->/home/zhiro/research/kv260-vlm-workers/RM02-B-hls-baseline/experiments/rm03_hls_mapping/source/vision_gemm.cpp:108->/home/zhiro/research/kv260-vlm-workers/RM02-B-hls-baseline/experiments/rm03_hls_mapping/source/vision_gemm.cpp:164) ('bits', /home/zhiro/research/kv260-vlm-workers/RM02-B-hls-baseline/experiments/rm03_hls_mapping/source/vision_gemm.cpp:26->/home/zhiro/research/kv260-vlm-workers/RM02-B-hls-baseline/experiments/rm03_hls_mapping/source/vision_gemm.cpp:108->/home/zhiro/research/kv260-vlm-workers/RM02-B-hls-baseline/experiments/rm03_hls_mapping/source/vision_gemm.cpp:164) ('bits', /home/zhiro/research/kv260-vlm-workers/RM02-B-hls-baseline/experiments/rm03_hls_mapping/source/vision_gemm.cpp:32->/home/zhiro/research/kv260-vlm-workers/RM02-B-hls-baseline/experiments/rm03_hls_mapping/source/vision_gemm.cpp:108->/home/zhiro/research/kv260-vlm-workers/RM02-B-hls-baseline/experiments/rm03_hls_mapping/source/vision_gemm.cpp:164) [602]  (0.525 ns)
	'phi' operation 32 bit ('bits') with incoming values : ('sign', /home/zhiro/research/kv260-vlm-workers/RM02-B-hls-baseline/experiments/rm03_hls_mapping/source/vision_gemm.cpp:8->/home/zhiro/research/kv260-vlm-workers/RM02-B-hls-baseline/experiments/rm03_hls_mapping/source/vision_gemm.cpp:108->/home/zhiro/research/kv260-vlm-workers/RM02-B-hls-baseline/experiments/rm03_hls_mapping/source/vision_gemm.cpp:164) ('bits', /home/zhiro/research/kv260-vlm-workers/RM02-B-hls-baseline/experiments/rm03_hls_mapping/source/vision_gemm.cpp:30->/home/zhiro/research/kv260-vlm-workers/RM02-B-hls-baseline/experiments/rm03_hls_mapping/source/vision_gemm.cpp:108->/home/zhiro/research/kv260-vlm-workers/RM02-B-hls-baseline/experiments/rm03_hls_mapping/source/vision_gemm.cpp:164) ('bits', /home/zhiro/research/kv260-vlm-workers/RM02-B-hls-baseline/experiments/rm03_hls_mapping/source/vision_gemm.cpp:26->/home/zhiro/research/kv260-vlm-workers/RM02-B-hls-baseline/experiments/rm03_hls_mapping/source/vision_gemm.cpp:108->/home/zhiro/research/kv260-vlm-workers/RM02-B-hls-baseline/experiments/rm03_hls_mapping/source/vision_gemm.cpp:164) ('bits', /home/zhiro/research/kv260-vlm-workers/RM02-B-hls-baseline/experiments/rm03_hls_mapping/source/vision_gemm.cpp:32->/home/zhiro/research/kv260-vlm-workers/RM02-B-hls-baseline/experiments/rm03_hls_mapping/source/vision_gemm.cpp:108->/home/zhiro/research/kv260-vlm-workers/RM02-B-hls-baseline/experiments/rm03_hls_mapping/source/vision_gemm.cpp:164) [602]  (0.000 ns)
	'fmul' operation 32 bit ('mul122_i', /home/zhiro/research/kv260-vlm-workers/RM02-B-hls-baseline/experiments/rm03_hls_mapping/source/vision_gemm.cpp:113->/home/zhiro/research/kv260-vlm-workers/RM02-B-hls-baseline/experiments/rm03_hls_mapping/source/vision_gemm.cpp:164) [609]  (3.176 ns)

Resolution: For help on HLS 200-1016 see docs.xilinx.com/access/sources/dita/topic?Doc_Version=2024.2%20English&url=ug1448-hls-guidance&resourceid=200-1016.html
INFO: [SCHED 204-11] Finished scheduling.
INFO: [HLS 200-111] Finished Scheduling: CPU user time: 1.6 seconds. CPU system time: 0.01 seconds. Elapsed time: 1.61 seconds; current allocated memory: 426.793 MB.
INFO: [BIND 205-100] Starting micro-architecture generation ...
INFO: [BIND 205-101] Performing variable lifetime analysis.
INFO: [BIND 205-101] Exploring resource sharing.
INFO: [BIND 205-101] Binding ...
INFO: [BIND 205-100] Finished micro-architecture generation.
INFO: [HLS 200-111] Finished Binding: CPU user time: 0.24 seconds. CPU system time: 0 seconds. Elapsed time: 0.25 seconds; current allocated memory: 426.793 MB.
INFO: [HLS 200-10] ----------------------------------------------------------------
INFO: [HLS 200-42] -- Implementing module 'vision_gemm_Pipeline_VITIS_LOOP_135_17_VITIS_LOOP_136_18' 
INFO: [HLS 200-10] ----------------------------------------------------------------
INFO: [SCHED 204-11] Starting scheduling ...
INFO: [SCHED 204-61] Pipelining loop 'VITIS_LOOP_135_17_VITIS_LOOP_136_18'.
INFO: [HLS 200-1470] Pipelining result : Target II = 1, Final II = 1, Depth = 9, loop 'VITIS_LOOP_135_17_VITIS_LOOP_136_18'
INFO: [SCHED 204-11] Finished scheduling.
INFO: [HLS 200-111] Finished Scheduling: CPU user time: 0.23 seconds. CPU system time: 0 seconds. Elapsed time: 0.22 seconds; current allocated memory: 426.793 MB.
INFO: [BIND 205-100] Starting micro-architecture generation ...
INFO: [BIND 205-101] Performing variable lifetime analysis.
INFO: [BIND 205-101] Exploring resource sharing.
INFO: [BIND 205-101] Binding ...
INFO: [BIND 205-100] Finished micro-architecture generation.
INFO: [HLS 200-111] Finished Binding: CPU user time: 0.03 seconds. CPU system time: 0 seconds. Elapsed time: 0.03 seconds; current allocated memory: 426.793 MB.
INFO: [HLS 200-10] ----------------------------------------------------------------
INFO: [HLS 200-42] -- Implementing module 'vision_gemm' 
INFO: [HLS 200-10] ----------------------------------------------------------------
INFO: [SCHED 204-11] Starting scheduling ...
INFO: [SCHED 204-11] Finished scheduling.
INFO: [HLS 200-111] Finished Scheduling: CPU user time: 0.05 seconds. CPU system time: 0 seconds. Elapsed time: 0.05 seconds; current allocated memory: 426.793 MB.
INFO: [BIND 205-100] Starting micro-architecture generation ...
INFO: [BIND 205-101] Performing variable lifetime analysis.
INFO: [BIND 205-101] Exploring resource sharing.
INFO: [BIND 205-101] Binding ...
INFO: [BIND 205-100] Finished micro-architecture generation.
INFO: [HLS 200-111] Finished Binding: CPU user time: 0.03 seconds. CPU system time: 0 seconds. Elapsed time: 0.02 seconds; current allocated memory: 426.793 MB.
INFO: [HLS 200-10] ----------------------------------------------------------------
INFO: [HLS 200-10] -- Generating RTL for module 'vision_gemm_Pipeline_VITIS_LOOP_63_1_VITIS_LOOP_64_2' 
INFO: [HLS 200-10] ----------------------------------------------------------------
INFO: [HLS 200-1030] Apply Unified Pipeline Control on module 'vision_gemm_Pipeline_VITIS_LOOP_63_1_VITIS_LOOP_64_2' pipeline 'VITIS_LOOP_63_1_VITIS_LOOP_64_2' pipeline type 'loop pipeline'
WARNING: [RTGEN 206-101] Setting dangling out port 'vision_gemm_Pipeline_VITIS_LOOP_63_1_VITIS_LOOP_64_2/m_axi_gmem_w_0_ARVALID' to 0.
WARNING: [RTGEN 206-101] Setting dangling out port 'vision_gemm_Pipeline_VITIS_LOOP_63_1_VITIS_LOOP_64_2/m_axi_gmem_w_0_ARADDR' to 0.
WARNING: [RTGEN 206-101] Setting dangling out port 'vision_gemm_Pipeline_VITIS_LOOP_63_1_VITIS_LOOP_64_2/m_axi_gmem_w_0_ARID' to 0.
WARNING: [RTGEN 206-101] Setting dangling out port 'vision_gemm_Pipeline_VITIS_LOOP_63_1_VITIS_LOOP_64_2/m_axi_gmem_w_0_ARLEN' to 0.
WARNING: [RTGEN 206-101] Setting dangling out port 'vision_gemm_Pipeline_VITIS_LOOP_63_1_VITIS_LOOP_64_2/m_axi_gmem_w_0_ARSIZE' to 0.
WARNING: [RTGEN 206-101] Setting dangling out port 'vision_gemm_Pipeline_VITIS_LOOP_63_1_VITIS_LOOP_64_2/m_axi_gmem_w_0_ARBURST' to 0.
WARNING: [RTGEN 206-101] Setting dangling out port 'vision_gemm_Pipeline_VITIS_LOOP_63_1_VITIS_LOOP_64_2/m_axi_gmem_w_0_ARLOCK' to 0.
WARNING: [RTGEN 206-101] Setting dangling out port 'vision_gemm_Pipeline_VITIS_LOOP_63_1_VITIS_LOOP_64_2/m_axi_gmem_w_0_ARCACHE' to 0.
WARNING: [RTGEN 206-101] Setting dangling out port 'vision_gemm_Pipeline_VITIS_LOOP_63_1_VITIS_LOOP_64_2/m_axi_gmem_w_0_ARPROT' to 0.
WARNING: [RTGEN 206-101] Setting dangling out port 'vision_gemm_Pipeline_VITIS_LOOP_63_1_VITIS_LOOP_64_2/m_axi_gmem_w_0_ARQOS' to 0.
WARNING: [RTGEN 206-101] Setting dangling out port 'vision_gemm_Pipeline_VITIS_LOOP_63_1_VITIS_LOOP_64_2/m_axi_gmem_w_0_ARREGION' to 0.
WARNING: [RTGEN 206-101] Setting dangling out port 'vision_gemm_Pipeline_VITIS_LOOP_63_1_VITIS_LOOP_64_2/m_axi_gmem_w_0_ARUSER' to 0.
INFO: [RTGEN 206-100] Generating core module 'mac_muladd_10ns_2ns_10ns_12_4_1': 1 instance(s).
INFO: [RTGEN 206-100] Finished creating RTL model for 'vision_gemm_Pipeline_VITIS_LOOP_63_1_VITIS_LOOP_64_2'.
INFO: [HLS 200-111] Finished Creating RTL model: CPU user time: 0.05 seconds. CPU system time: 0.01 seconds. Elapsed time: 0.05 seconds; current allocated memory: 426.793 MB.
INFO: [HLS 200-10] ----------------------------------------------------------------
INFO: [HLS 200-10] -- Generating RTL for module 'vision_gemm_Pipeline_VITIS_LOOP_70_3_VITIS_LOOP_71_4' 
INFO: [HLS 200-10] ----------------------------------------------------------------
INFO: [HLS 200-1030] Apply Unified Pipeline Control on module 'vision_gemm_Pipeline_VITIS_LOOP_70_3_VITIS_LOOP_71_4' pipeline 'VITIS_LOOP_70_3_VITIS_LOOP_71_4' pipeline type 'loop pipeline'
WARNING: [RTGEN 206-101] Setting dangling out port 'vision_gemm_Pipeline_VITIS_LOOP_70_3_VITIS_LOOP_71_4/m_axi_gmem_x_0_ARVALID' to 0.
WARNING: [RTGEN 206-101] Setting dangling out port 'vision_gemm_Pipeline_VITIS_LOOP_70_3_VITIS_LOOP_71_4/m_axi_gmem_x_0_ARADDR' to 0.
WARNING: [RTGEN 206-101] Setting dangling out port 'vision_gemm_Pipeline_VITIS_LOOP_70_3_VITIS_LOOP_71_4/m_axi_gmem_x_0_ARID' to 0.
WARNING: [RTGEN 206-101] Setting dangling out port 'vision_gemm_Pipeline_VITIS_LOOP_70_3_VITIS_LOOP_71_4/m_axi_gmem_x_0_ARLEN' to 0.
WARNING: [RTGEN 206-101] Setting dangling out port 'vision_gemm_Pipeline_VITIS_LOOP_70_3_VITIS_LOOP_71_4/m_axi_gmem_x_0_ARSIZE' to 0.
WARNING: [RTGEN 206-101] Setting dangling out port 'vision_gemm_Pipeline_VITIS_LOOP_70_3_VITIS_LOOP_71_4/m_axi_gmem_x_0_ARBURST' to 0.
WARNING: [RTGEN 206-101] Setting dangling out port 'vision_gemm_Pipeline_VITIS_LOOP_70_3_VITIS_LOOP_71_4/m_axi_gmem_x_0_ARLOCK' to 0.
WARNING: [RTGEN 206-101] Setting dangling out port 'vision_gemm_Pipeline_VITIS_LOOP_70_3_VITIS_LOOP_71_4/m_axi_gmem_x_0_ARCACHE' to 0.
WARNING: [RTGEN 206-101] Setting dangling out port 'vision_gemm_Pipeline_VITIS_LOOP_70_3_VITIS_LOOP_71_4/m_axi_gmem_x_0_ARPROT' to 0.
WARNING: [RTGEN 206-101] Setting dangling out port 'vision_gemm_Pipeline_VITIS_LOOP_70_3_VITIS_LOOP_71_4/m_axi_gmem_x_0_ARQOS' to 0.
WARNING: [RTGEN 206-101] Setting dangling out port 'vision_gemm_Pipeline_VITIS_LOOP_70_3_VITIS_LOOP_71_4/m_axi_gmem_x_0_ARREGION' to 0.
WARNING: [RTGEN 206-101] Setting dangling out port 'vision_gemm_Pipeline_VITIS_LOOP_70_3_VITIS_LOOP_71_4/m_axi_gmem_x_0_ARUSER' to 0.
INFO: [RTGEN 206-100] Generating core module 'mac_muladd_10ns_3ns_10ns_13_4_1': 1 instance(s).
INFO: [RTGEN 206-100] Finished creating RTL model for 'vision_gemm_Pipeline_VITIS_LOOP_70_3_VITIS_LOOP_71_4'.
INFO: [HLS 200-111] Finished Creating RTL model: CPU user time: 0.04 seconds. CPU system time: 0 seconds. Elapsed time: 0.04 seconds; current allocated memory: 428.133 MB.
INFO: [HLS 200-10] ----------------------------------------------------------------
INFO: [HLS 200-10] -- Generating RTL for module 'vision_gemm_Pipeline_VITIS_LOOP_80_5_VITIS_LOOP_81_6_VITIS_LOOP_94_10' 
INFO: [HLS 200-10] ----------------------------------------------------------------
INFO: [HLS 200-1030] Apply Unified Pipeline Control on module 'vision_gemm_Pipeline_VITIS_LOOP_80_5_VITIS_LOOP_81_6_VITIS_LOOP_94_10' pipeline 'VITIS_LOOP_80_5_VITIS_LOOP_81_6_VITIS_LOOP_94_10' pipeline type 'loop pipeline'
INFO: [RTGEN 206-100] Generating core module 'fadd_32ns_32ns_32_6_no_dsp_1': 13 instance(s).
INFO: [RTGEN 206-100] Generating core module 'fadd_32ns_32ns_32_8_full_dsp_1': 13 instance(s).
INFO: [RTGEN 206-100] Generating core module 'fmul_32ns_32ns_32_5_max_dsp_1': 13 instance(s).
INFO: [RTGEN 206-100] Generating core module 'mac_muladd_10ns_2ns_10ns_12_4_1': 1 instance(s).
INFO: [RTGEN 206-100] Generating core module 'mac_muladd_10ns_3ns_10ns_13_4_1': 1 instance(s).
INFO: [RTGEN 206-100] Generating core module 'partselect_16ns_128ns_32ns_16_1_1': 16 instance(s).
INFO: [RTGEN 206-100] Generating core module 'partselect_32ns_256ns_32ns_32_1_1': 16 instance(s).
INFO: [RTGEN 206-100] Generating core module 'sparsemux_9_3_32_1_1': 16 instance(s).
INFO: [RTGEN 206-100] Finished creating RTL model for 'vision_gemm_Pipeline_VITIS_LOOP_80_5_VITIS_LOOP_81_6_VITIS_LOOP_94_10'.
INFO: [HLS 200-111] Finished Creating RTL model: CPU user time: 0.26 seconds. CPU system time: 0.01 seconds. Elapsed time: 0.27 seconds; current allocated memory: 450.617 MB.
INFO: [HLS 200-10] ----------------------------------------------------------------
INFO: [HLS 200-10] -- Generating RTL for module 'vision_gemm_Pipeline_VITIS_LOOP_135_17_VITIS_LOOP_136_18' 
INFO: [HLS 200-10] ----------------------------------------------------------------
INFO: [HLS 200-1030] Apply Unified Pipeline Control on module 'vision_gemm_Pipeline_VITIS_LOOP_135_17_VITIS_LOOP_136_18' pipeline 'VITIS_LOOP_135_17_VITIS_LOOP_136_18' pipeline type 'loop pipeline'
INFO: [RTGEN 206-100] Generating core module 'sparsemux_9_2_32_1_1': 8 instance(s).
INFO: [RTGEN 206-100] Finished creating RTL model for 'vision_gemm_Pipeline_VITIS_LOOP_135_17_VITIS_LOOP_136_18'.
INFO: [HLS 200-111] Finished Creating RTL model: CPU user time: 0.55 seconds. CPU system time: 0.04 seconds. Elapsed time: 0.59 seconds; current allocated memory: 501.934 MB.
INFO: [HLS 200-10] ----------------------------------------------------------------
INFO: [HLS 200-10] -- Generating RTL for module 'vision_gemm' 
INFO: [HLS 200-10] ----------------------------------------------------------------
WARNING: [RTGEN 206-101] Design contains AXI ports. Reset is fixed to synchronous and active low.
INFO: [RTGEN 206-500] Setting interface mode on port 'vision_gemm/gmem_w' to 'm_axi'.
INFO: [RTGEN 206-500] Setting interface mode on port 'vision_gemm/gmem_x' to 'm_axi'.
INFO: [RTGEN 206-500] Setting interface mode on port 'vision_gemm/gmem_y' to 'm_axi'.
INFO: [RTGEN 206-500] Setting interface mode on port 'vision_gemm/weights_f16_packed' to 's_axilite & ap_none'.
INFO: [RTGEN 206-500] Setting interface mode on port 'vision_gemm/activations_f32_packed' to 's_axilite & ap_none'.
INFO: [RTGEN 206-500] Setting interface mode on port 'vision_gemm/output_f32_packed' to 's_axilite & ap_none'.
INFO: [RTGEN 206-500] Setting interface mode on function 'vision_gemm' to 's_axilite & ap_ctrl_hs'.
INFO: [RTGEN 206-100] Bundling port 'weights_f16_packed', 'activations_f32_packed', 'output_f32_packed' to AXI-Lite port control.
INFO: [RTGEN 206-100] Finished creating RTL model for 'vision_gemm'.
INFO: [RTMG 210-278] Implementing memory 'vision_gemm_weight_tile_RAM_2P_URAM_1R1W' using ultra RAMs.
INFO: [RTMG 210-278] Implementing memory 'vision_gemm_activation_tile_RAM_2P_URAM_1R1W' using ultra RAMs.
INFO: [RTMG 210-278] Implementing memory 'vision_gemm_result_tile_RAM_2P_BRAM_1R1W' using block RAMs.
INFO: [HLS 200-111] Finished Creating RTL model: CPU user time: 0.13 seconds. CPU system time: 0 seconds. Elapsed time: 0.14 seconds; current allocated memory: 503.566 MB.
INFO: [HLS 200-111] Finished Generating all RTL models: CPU user time: 0.22 seconds. CPU system time: 0.01 seconds. Elapsed time: 0.24 seconds; current allocated memory: 511.953 MB.
INFO: [HLS 200-1603] Design has inferred MAXI bursts and missed bursts, see Vitis HLS GUI synthesis summary report for detailed information.
INFO: [HLS 200-111] Finished Updating report files: CPU user time: 0.55 seconds. CPU system time: 0.02 seconds. Elapsed time: 0.55 seconds; current allocated memory: 539.676 MB.
INFO: [VHDL 208-304] Generating VHDL RTL for vision_gemm.
INFO: [VLOG 209-307] Generating Verilog RTL for vision_gemm.
INFO: [HLS 200-790] **** Loop Constraint Status: All loop constraints were NOT satisfied.
INFO: [HLS 200-789] **** Estimated Fmax: 247.19 MHz
INFO: [HLS 200-2161] Finished Command csynth_design Elapsed time: 00:00:14; Allocated memory: 229.527 MB.
INFO: [HLS 200-112] Total CPU user time: 14.13 seconds. Total CPU system time: 1.02 seconds. Total elapsed time: 18.4 seconds; peak allocated memory: 539.676 MB.
