run_dir=/home/ubuntu/kv260-vlm-p2-cpu/runs/rm10-a-ra-q37804-20260926T083001Z
host=kria utc=2026-09-26T08:30:01Z boot_id=2a931c48-99ad-4a3f-b3e1-f42634597098
rm10_source_commit=3602eafa7de5cee187b79f8e28c186a19f6f6133 source_sha256=31a7b26f9bf28c0ad57892184ed30b42126162111fe4c4bda82aa7847754319a ip_component_sha256=fae7fde4af5b3f5a1237d5e7717ea97622a9a8c6107ba96c97bfe6bb19feda56 ip_zip_sha256=b54c4ac0a15dc4501c3d1d470eeb2664fe9e2e60cf0d9ba7a0cfd9fdcca82e6b xsa_sha256=a85ff605c6e5dbe52a4e413ce38499b70d6c1bc857509ff5433d1f03f5934e0b
rm10_bit_sha256=18ba853551f85ce1814332eacd370264696a93423fbf5a408e028b307c18ac23 bit_bin_sha256=722387cc80b345f0b7b29bdffe61911707cf12c5c25e42867d339b4a0c6fb5d7 dtbo_sha256=8d689efec80db0cb800fd71848bbfde2277b0e492333a01ddba6b606414d3b2b shell_json_sha256=802dbc8b3f118313a5a74df46f56dc550a61b687dfd484fc6a8fd5ac7895c344
runtime=RM09 CLI_sha256=6a45ea3647b1db19d06408441729681d19966af569040e4577b1410b803d7254 CPU_library_sha256=b44c771488d7fa63e73d1ddf0f15427f1943000fc969d4fe4cd42102e1c777b7 runtime_manifest_sha256=e35e0b1ff5ae5c3630af49c20f5494dd5ce82753f33374b216c36ac1b1cb95a9
model_sha256=8795741e15ae9ebb1244806da59bcc791453a00c21e9b8075c98fb0827829773 mmproj_sha256=ede8c22756385623c0ddd84512183bc71490f98fa2eda2983a8b7de557e5c293 image_sha256=3b62a66c20953428d08575fd4ab6caf98c80d942aaae0311a73d2b6c4cdf861f
standalone_bench_sha256=c687a693d20a95c81787754aa07b49f51e3cf868116f8652aa22f6d4f30ac914 request_timeout_s=1200 rollback_s=4200
snapshot=before_clock_diagnostics utc=2026-09-26T08:30:01Z
MemAvailable:    3216952 kB
SwapFree:              0 kB
CmaTotal:        1024000 kB
CmaFree:          388816 kB
loadavg=1.69 1.38 1.24 1/392 353014
cpu0_scaling_cur_freq_kHz=1333333
fclk0=99999999
fpga_manager=operating
diagnostics_begin_utc=2026-09-26T08:30:02Z
hostname=kria
boot_id=2a931c48-99ad-4a3f-b3e1-f42634597098
kernel=Linux kria 5.15.0-1027-xilinx-zynqmp #31-Ubuntu SMP Wed Feb 21 04:33:09 UTC 2024 aarch64 aarch64 aarch64 GNU/Linux
fclk0_driver=/sys/bus/platform/drivers/xilinx_fclk
fclk0_of_node=/sys/firmware/devicetree/base/fclk0
fclk0_rate_hz=99999999
fpga_manager=operating
starter_and_rm07_app_state_begin
                     Accelerator          Accel_type                            Base           Base_type      #slots(PL+AIE)         Active_slot

          kv260-rm07-bounded-k16            XRT_FLAT          kv260-rm07-bounded-k16            XRT_FLAT               (0+0)                  -1
                k26-starter-kits            XRT_FLAT                k26-starter-kits            XRT_FLAT               (0+0)                  0,
kv260-rm07-bounded-k16-pl0-187m5            XRT_FLATkv260-rm07-bounded-k16-pl0-187m5            XRT_FLAT               (0+0)                  -1
starter_and_rm07_app_state_end
debugfs_mount=/sys/kernel/debug debugfs rw,nosuid,nodev,noexec,relatime
clk_summary_status=READABLE
                                 enable  prepare  protect                                duty  hardware
   clock                          count    count    count        rate   accuracy phase  cycle    enable
-------------------------------------------------------------------------------------------------------
 aux_ref_clk                          0        0        0    27000000          0     0  50000         Y
 gt_crx_ref_clk                       0        0        0   108000000          0     0  50000         Y
 pss_alt_ref_clk                      0        0        0           0          0     0  50000         Y
 video_clk                            0        0        0    27000000          0     0  50000         Y
 pss_ref_clk                          3        3        3    33333333          0     0  50000         Y
    vpll_post_src                     0        0        0    33333333          0     0  50000         Y
    vpll_pre_src                      0        0        0    33333333          0     0  50000         Y
       vpll_int                       0        0        0  1559999577          0     0  50000         N
          vpll_half                   0        0        0   779999788          0     0  50000         Y
             vpll_int_mux             0        0        0   779999788          0     0  50000         Y
                vpll                  0        0        0   779999788          0     0  50000         Y
                   dp_video_ref_mux       0        0        0   779999788          0     0  50000         Y
                      dp_video_ref_div1       0        0        0    64999983          0     0  50000         Y
                         dp_video_ref_div2       0        0        0    64999983          0     0  50000         Y
                            dp_video_ref       0        0        0    64999983          0     0  50000         N
                   vpll_to_lpd        0        0        0   259999930          0     0  50000         Y
    dpll_post_src                     0        0        0    33333333          0     0  50000         Y
    dpll_pre_src                      0        0        0    33333333          0     0  50000         Y
       dpll_int                       0        0        0  2133333312          0     0  50000         Y
          dpll_half                   0        0        0  1066666656          0     0  50000         Y
             dpll_int_mux             0        0        0  1066666656          0     0  50000         Y
                dpll                  0        0        0  1066666656          0     0  50000         Y
                   pcie_ref_mux       0        0        0  1066666656          0     0  50000         Y
                      pcie_ref_div1       0        0        0    88888888          0     0  50000         Y
                         pcie_ref       0        0        0    88888888          0     0  50000         Y
                   sata_ref_mux       0        0        0  1066666656          0     0  50000         Y
                      sata_ref_div1       0        0        0    88888888          0     0  50000         Y
                         sata_ref       0        0        0    88888888          0     0  50000         Y
                   gdma_ref_mux       0        0        0  1066666656          0     0  50000         Y
                      gdma_ref_div1       0        0        0   533333328          0     0  50000         Y
                         gdma_ref       0        0        0   533333328          0     0  50000         N
                   dpll_to_lpd        0        0        0   533333328          0     0  50000         Y
    apll_post_src                     0        0        0    33333333          0     0  50000         Y
    apll_pre_src                      1        1        1    33333333          0     0  50000         Y
       apll_int                       1        1        1  2666666640          0     0  50000         Y
          apll_half                   1        1        1  1333333320          0     0  50000         Y
             apll_int_mux             1        1        1  1333333320          0     0  50000         Y
                apll                  1        1        1  1333333320          0     0  50000         Y
                   dpdma_ref_mux       1        1        1  1333333320          0     0  50000         Y
                      dpdma_ref_div1       1        1        1   444444440          0     0  50000         Y
                         dpdma_ref       1        1        1   444444440          0     0  50000         Y
                   acpu_mux           0        0        0  1333333320          0     0  50000         Y
                      acpu            0        0        0  1333333320          0     0  50000         Y
    rpll_post_src                     0        0        0    33333333          0     0  50000         Y
    rpll_pre_src                      1        1        1    33333333          0     0  50000         Y
       rpll_int                       1        1        1  2167603026          0     0  50000         Y
          rpll_half                   1        1        1  1083801513          0     0  50000         Y
             rpll_int_mux             1        1        1  1083801513          0     0  50000         Y
                rpll                  1        1        1  1083801513          0     0  50000         Y
                   rpll_to_fpd        1        1        1    22579199          0     0  50000         Y
                      dp_stc_ref_mux       0        0        0    22579199          0     0  50000         Y
                         dp_stc_ref_div1       0        0        0    22579199          0     0  50000         Y
                            dp_stc_ref_div2       0        0        0     1128960          0     0  50000         Y
                               dp_stc_ref       0        0        0     1128960          0     0  50000         Y
                      dp_audio_ref_mux       1        1        1    22579199          0     0  50000         Y
                         dp_audio_ref_div1       1        1        1    22579199          0     0  50000         Y
                            dp_audio_ref_div2       1        1        1    22579199          0     0  50000         Y
                               dp_audio_ref       1        1        1    22579199          0     0  50000         Y
    iopll_post_src                    0        0        0    33333333          0     0  50000         Y
    iopll_pre_src                     1        1        1    33333333          0     0  50000         Y
       iopll_int                      1        1        1  2999999970          0     0  50000         Y
          iopll_half                  1        1        1  1499999985          0     0  50000         Y
             iopll_int_mux            1        1        1  1499999985          0     0  50000         Y
                iopll                14       15        9  1499999985          0     0  50000         Y
                   gem3_ref_ung_mux       1        1        0  1499999985          0     0  50000         Y
                      gem3_ref_ung_div1       1        1        0   124999999          0     0  50000         Y
                         gem3_ref_ung       1        1        0   124999999          0     0  50000         Y
                            gem3_ref       2        2        0   124999999          0     0  50000         Y
                               gem3_tx       1        1        0   124999999          0     0  50000         Y
                   gem2_ref_ung_mux       0        0        0  1499999985          0     0  50000         Y
                      gem2_ref_ung_div1       0        0        0    62500000          0     0  50000         Y
                         gem2_ref_ung       0        0        0    62500000          0     0  50000         Y
                            gem2_ref       0        0        0    62500000          0     0  50000         Y
                               gem2_tx       0        0        0    62500000          0     0  50000         Y
                   gem1_ref_ung_mux       0        0        0  1499999985          0     0  50000         Y
                      gem1_ref_ung_div1       0        0        0    62500000          0     0  50000         Y
                         gem1_ref_ung       0        0        0    62500000          0     0  50000         Y
                            gem1_ref       0        0        0    62500000          0     0  50000         Y
                               gem1_tx       0        0        0    62500000          0     0  50000         Y
                   gem0_ref_ung_mux       0        0        0  1499999985          0     0  50000         Y
                      gem0_ref_ung_div1       0        0        0    62500000          0     0  50000         Y
                         gem0_ref_ung       0        0        0    62500000          0     0  50000         Y
                            gem0_ref       0        0        0    62500000          0     0  50000         Y
                               gem0_tx       0        0        0    62500000          0     0  50000         Y
                   pl3_ref_mux        1        1        0  1499999985          0     0  50000         Y
                      pl3_ref_div1       1        1        0    46875000          0     0  50000         Y
                         pl3_ref_div2       1        1        0     9375000          0     0  50000         Y
                            pl3_ref       1        1        0     9375000          0     0  50000         N
                   pl2_ref_mux        1        1        0  1499999985          0     0  50000         Y
                      pl2_ref_div1       1        1        0    46875000          0     0  50000         Y
                         pl2_ref_div2       1        1        0     9375000          0     0  50000         Y
                            pl2_ref       1        1        0     9375000          0     0  50000         N
                   pl1_ref_mux        1        1        0  1499999985          0     0  50000         Y
                      pl1_ref_div1       1        1        0    99999999          0     0  50000         Y
                         pl1_ref_div2       1        1        0    99999999          0     0  50000         Y
                            pl1_ref       1        1        0    99999999          0     0  50000         Y
                   pl0_ref_mux        1        1        0  1499999985          0     0  50000         Y
                      pl0_ref_div1       1        1        0    99999999          0     0  50000         Y
                         pl0_ref_div2       1        1        0    99999999          0     0  50000         Y
                            pl0_ref       1        1        0    99999999          0     0  50000         Y
                   ams_ref_mux        1        1        1  1499999985          0     0  50000         Y
                      ams_ref_div1       1        1        1    50000000          0     0  50000         Y
                         ams_ref_div2       1        1        1    50000000          0     0  50000         Y
                            ams_ref       1        1        1    50000000          0     0  50000         Y
                   adma_ref_mux       0        0        0  1499999985          0     0  50000         Y
                      adma_ref_div1       0        0        0   499999995          0     0  50000         Y
                         adma_ref       0        0        0   499999995          0     0  50000         Y
                   can1_ref_mux       0        0        0  1499999985          0     0  50000         Y
                      can1_ref_div1       0        0        0    46875000          0     0  50000         Y
                         can1_ref_div2       0        0        0    46875000          0     0  50000         Y
                            can1_ref       0        0        0    46875000          0     0  50000         Y
                               can1       0        0        0    46875000          0     0  50000         Y
                   can0_ref_mux       0        0        0  1499999985          0     0  50000         Y
                      can0_ref_div1       0        0        0    46875000          0     0  50000         Y
                         can0_ref_div2       0        0        0    46875000          0     0  50000         Y
                            can0_ref       0        0        0    46875000          0     0  50000         Y
                               can0       0        0        0    46875000          0     0  50000         Y
                   i2c1_ref_mux       0        1        1  1499999985          0     0  50000         Y
                      i2c1_ref_div1       0        1        1    99999999          0     0  50000         Y
                         i2c1_ref_div2       0        1        1    99999999          0     0  50000         Y
                            i2c1_ref       0        1        1    99999999          0     0  50000         N
                   i2c0_ref_mux       0        0        0  1499999985          0     0  50000         Y
                      i2c0_ref_div1       0        0        0   299999997          0     0  50000         Y
                         i2c0_ref_div2       0        0        0   299999997          0     0  50000         Y
                            i2c0_ref       0        0        0   299999997          0     0  50000         Y
                   nand_ref_mux       0        0        0  1499999985          0     0  50000         Y
                      nand_ref_div1       0        0        0    46875000          0     0  50000         Y
                         nand_ref_div2       0        0        0     9375000          0     0  50000         Y
                            nand_ref       0        0        0     9375000          0     0  50000         N
                   spi1_ref_mux       0        0        0  1499999985          0     0  50000         Y
                      spi1_ref_div1       0        0        0   187499999          0     0  50000         Y
                         spi1_ref_div2       0        0        0   187499999          0     0  50000         Y
                            spi1_ref       0        0        0   187499999          0     0  50000         N
                   spi0_ref_mux       0        0        0  1499999985          0     0  50000         Y
                      spi0_ref_div1       0        0        0    62500000          0     0  50000         Y
                         spi0_ref_div2       0        0        0    62500000          0     0  50000         Y
                            spi0_ref       0        0        0    62500000          0     0  50000         Y
                   uart1_ref_mux       1        1        1  1499999985          0     0  50000         Y
                      uart1_ref_div1       1        1        1    99999999          0     0  50000         Y
                         uart1_ref_div2       1        1        1    99999999          0     0  50000         Y
                            uart1_ref       1        1        1    99999999          0     0  50000         Y
                   uart0_ref_mux       0        0        0  1499999985          0     0  50000         Y
                      uart0_ref_div1       0        0        0    62500000          0     0  50000         Y
                         uart0_ref_div2       0        0        0    62500000          0     0  50000         Y
                            uart0_ref       0        0        0    62500000          0     0  50000         Y
                   sdio1_ref_mux       1        1        1  1499999985          0     0  50000         Y
                      sdio1_ref_div1       1        1        1  1499999985          0     0  50000         Y
                         sdio1_ref_div2       1        1        1   187499999          0     0  50000         Y
                            sdio1_ref       1        1        1   187499999          0     0  50000         Y
                               clk_in_sd1       0        0        0    50000000          0     0  50000         Y
                               clk_out_sd1       0        0        0    50000000          0     0  50000         Y
                   sdio0_ref_mux       0        0        0  1499999985          0     0  50000         Y
                      sdio0_ref_div1       0        0        0    99999999          0     0  50000         Y
                         sdio0_ref_div2       0        0        0    99999999          0     0  50000         Y
                            sdio0_ref       0        0        0    99999999          0     0  50000         Y
                   qspi_ref_mux       1        1        1  1499999985          0     0  50000         Y
                      qspi_ref_div1       1        1        1   124999999          0     0  50000         Y
                         qspi_ref_div2       1        1        1   124999999          0     0  50000         Y
                            qspi_ref       2        1        1   124999999          0     0  50000         Y
                   gem_tsu_ref_mux       1        1        1  1499999985          0     0  50000         Y
                      gem_tsu_ref_div1       1        1        1   249999998          0     0  50000         Y
                         gem_tsu_ref_div2       1        1        1   249999998          0     0  50000         Y
                            gem_tsu_ref       1        1        1   249999998          0     0  50000         Y
                               gem_tsu       1        1        0   249999998          0     0  50000         Y
                   usb3_dual_ref_mux       1        1        1  1499999985          0     0  50000         Y
                      usb3_dual_ref_div1       1        1        1    60000000          0     0  50000         Y
                         usb3_dual_ref_div2       1        1        1    20000000          0     0  50000         Y
                            usb3_dual_ref       2        2        2    20000000          0     0  50000         Y
                   usb1_bus_ref_mux       0        0        0  1499999985          0     0  50000         Y
                      usb1_bus_ref_div1       0        0        0   124999999          0     0  50000         Y
                         usb1_bus_ref_div2       0        0        0   124999999          0     0  50000         Y
                            usb1_bus_ref       0        0        0   124999999          0     0  50000         N
                   usb0_bus_ref_mux       1        1        1  1499999985          0     0  50000         Y
                      usb0_bus_ref_div1       1        1        1   249999998          0     0  50000         Y
                         usb0_bus_ref_div2       1        1        1   249999998          0     0  50000         Y
                            usb0_bus_ref       1        1        1   249999998          0     0  50000         Y
                   lpd_lsbus_mux       1        1        1  1499999985          0     0  50000         Y
                      lpd_lsbus_div1       1        1        1    99999999          0     0  50000         Y
                         lpd_lsbus      10        9        1    99999999          0     0  50000         Y
                            lpd_wdt       1        1        0    99999999          0     0  50000         Y
                   iopll_to_fpd       1        1        0   499999995          0     0  50000         Y
                      topsw_lsbus_mux       1        1        0   499999995          0     0  50000         Y
                         topsw_lsbus_div1       1        1        0    99999999          0     0  50000         Y
                            topsw_lsbus       4        4        0    99999999          0     0  50000         Y
                               fpd_wdt       1        1        0    99999999          0     0  50000         Y
                      gpu_ref_mux       0        0        0   499999995          0     0  50000         Y
                         gpu_ref_div1       0        0        0   499999995          0     0  50000         Y
                            gpu_ref       0        0        0   499999995          0     0  50000         N
                               gpu_pp1_ref       0        0        0   499999995          0     0  50000         N
                               gpu_pp0_ref       0        0        0   499999995          0     0  50000         N
 si5332_0                             1        1        0   125000000          0     0  50000         Y
 si5332_1                             0        0        0    25000000          0     0  50000         Y
 si5332_2                             0        0        0    48000000          0     0  50000         Y
 si5332_3                             0        0        0    24000000          0     0  50000         Y
 si5332_4                             1        1        0    26000000          0     0  50000         Y
 si5332_5                             1        1        0    27000000          0     0  50000         Y
 can1_mio                             0        0        0           0          0     0  50000         Y
 can0_mio                             0        0        0           0          0     0  50000         Y
 gem3_rx                              1        1        0           0          0     0  50000         Y
 gem2_rx                              0        0        0           0          0     0  50000         N
 gem1_rx                              0        0        0           0          0     0  50000         N
 gem0_rx                              0        0        0           0          0     0  50000         N
device_tree_clock_properties_begin
/sys/firmware/devicetree/base/fclk3/clocks=0x00000004 0x0000004a
/sys/firmware/devicetree/base/fclk3/compatible=xlnx,fclk
/sys/firmware/devicetree/base/fclk3/status=okay
/sys/firmware/devicetree/base/fclk1/clocks=0x00000004 0x00000048
/sys/firmware/devicetree/base/fclk1/compatible=xlnx,fclk
/sys/firmware/devicetree/base/fclk1/status=okay
/sys/firmware/devicetree/base/fclk2/clocks=0x00000004 0x00000049
/sys/firmware/devicetree/base/fclk2/compatible=xlnx,fclk
/sys/firmware/devicetree/base/fclk2/status=okay
/sys/firmware/devicetree/base/fclk0/clocks=0x00000004 0x00000047
/sys/firmware/devicetree/base/fclk0/compatible=xlnx,fclk
/sys/firmware/devicetree/base/fclk0/status=okay
/sys/firmware/devicetree/base/axi/ethernet@ff0e0000/assigned-clocks=0x00000004 0x0000002c
/sys/firmware/devicetree/base/axi/ethernet@ff0e0000/assigned-clock-rates=0x0ee6b280
/sys/firmware/devicetree/base/axi/mmc@ff170000/assigned-clocks=0x00000004 0x00000037
/sys/firmware/devicetree/base/axi/mmc@ff170000/assigned-clock-rates=0x0b2cfe8b
/sys/firmware/devicetree/base/axi/ethernet@ff0b0000/assigned-clocks=0x00000004 0x0000002c
/sys/firmware/devicetree/base/axi/usb@ff9d0000/assigned-clocks=0x00000004 0x00000020 0x00000004 0x00000022
/sys/firmware/devicetree/base/axi/usb@ff9d0000/assigned-clock-rates=0x0ee6b280 0x01312d00
/sys/firmware/devicetree/base/axi/dma-controller@fd4c0000/assigned-clocks=0x00000004 0x00000014
/sys/firmware/devicetree/base/axi/dma-controller@fd4c0000/assigned-clock-rates=0x23c34600
/sys/firmware/devicetree/base/axi/display@fd4a0000/assigned-clocks=0x00000004 0x00000012 0x00000004 0x00000011 0x00000004 0x00000010
/sys/firmware/devicetree/base/axi/display@fd4a0000/assigned-clock-rates=0x019bfcc0 0x017d7840 0x11e1a300
/sys/firmware/devicetree/base/axi/ethernet@ff0c0000/assigned-clocks=0x00000004 0x0000002c
/sys/firmware/devicetree/base/axi/usb@ff9e0000/assigned-clocks=0x00000004 0x00000021 0x00000004 0x00000022
/sys/firmware/devicetree/base/axi/ethernet@ff0d0000/assigned-clocks=0x00000004 0x0000002c
/sys/firmware/devicetree/base/axi/mmc@ff160000/assigned-clocks=0x00000004 0x00000036
/sys/firmware/devicetree/base/axi/mmc@ff160000/assigned-clock-rates=0x0b2cfe8b
device_tree_clock_properties_end
dtc_status=PASS path=/home/ubuntu/kv260-vlm-p2-cpu/runs/rm10-a-ra-q37804-20260926T083001Z/clock-diagnostics-before-load/live-device-tree.dts
/tmp/rm10-boardprep/boardprep/collect_clock_diagnostics.sh: line 74: rg: command not found
dmesg_status=PASS path=/home/ubuntu/kv260-vlm-p2-cpu/runs/rm10-a-ra-q37804-20260926T083001Z/clock-diagnostics-before-load/dmesg.txt
[Fri Sep 25 23:46:58 2026] zocl-drm axi:zyxclmm_drm: zocl_create_client: created KDS client for pid(303049), ret: 0
[Fri Sep 25 23:46:58 2026] zocl-drm axi:zyxclmm_drm: zocl_destroy_client: client exits pid(303049)
[Sat Sep 26 00:00:03 2026] audit: type=1400 audit(1790380804.156:81): apparmor="DENIED" operation="capable" profile="/usr/sbin/cupsd" pid=303769 comm="cupsd" capability=12  capname="net_admin"
[Sat Sep 26 00:02:33 2026] zocl-drm axi:zyxclmm_drm: zocl_create_client: created KDS client for pid(304178), ret: 0
[Sat Sep 26 00:02:33 2026] zocl-drm axi:zyxclmm_drm: zocl_destroy_client: client exits pid(304178)
[Sat Sep 26 00:02:33 2026] zocl-drm axi:zyxclmm_drm: zocl_create_client: created KDS client for pid(304178), ret: 0
[Sat Sep 26 00:02:33 2026] zocl-drm axi:zyxclmm_drm: zocl_destroy_client: client exits pid(304178)
[Sat Sep 26 00:02:33 2026] zocl-drm axi:zyxclmm_drm: zocl_create_client: created KDS client for pid(304178), ret: 0
[Sat Sep 26 00:02:33 2026] zocl-drm axi:zyxclmm_drm: zocl_destroy_client: client exits pid(304178)
[Sat Sep 26 00:18:04 2026] zocl-drm axi:zyxclmm_drm: zocl_create_client: created KDS client for pid(306117), ret: 0
[Sat Sep 26 00:18:04 2026] zocl-drm axi:zyxclmm_drm: zocl_destroy_client: client exits pid(306117)
[Sat Sep 26 00:18:04 2026] zocl-drm axi:zyxclmm_drm: zocl_create_client: created KDS client for pid(306117), ret: 0
[Sat Sep 26 00:18:04 2026] zocl-drm axi:zyxclmm_drm: zocl_destroy_client: client exits pid(306117)
[Sat Sep 26 00:18:04 2026] zocl-drm axi:zyxclmm_drm: zocl_create_client: created KDS client for pid(306117), ret: 0
[Sat Sep 26 00:18:04 2026] zocl-drm axi:zyxclmm_drm: zocl_destroy_client: client exits pid(306117)
[Sat Sep 26 00:33:33 2026] zocl-drm axi:zyxclmm_drm: zocl_create_client: created KDS client for pid(307216), ret: 0
[Sat Sep 26 00:33:33 2026] zocl-drm axi:zyxclmm_drm: zocl_destroy_client: client exits pid(307216)
[Sat Sep 26 00:33:33 2026] zocl-drm axi:zyxclmm_drm: zocl_create_client: created KDS client for pid(307216), ret: 0
[Sat Sep 26 00:33:33 2026] zocl-drm axi:zyxclmm_drm: zocl_destroy_client: client exits pid(307216)
[Sat Sep 26 00:33:33 2026] zocl-drm axi:zyxclmm_drm: zocl_create_client: created KDS client for pid(307216), ret: 0
[Sat Sep 26 00:33:33 2026] zocl-drm axi:zyxclmm_drm: zocl_destroy_client: client exits pid(307216)
[Sat Sep 26 00:49:04 2026] zocl-drm axi:zyxclmm_drm: zocl_create_client: created KDS client for pid(308344), ret: 0
[Sat Sep 26 00:49:04 2026] zocl-drm axi:zyxclmm_drm: zocl_destroy_client: client exits pid(308344)
[Sat Sep 26 00:49:04 2026] zocl-drm axi:zyxclmm_drm: zocl_create_client: created KDS client for pid(308344), ret: 0
[Sat Sep 26 00:49:04 2026] zocl-drm axi:zyxclmm_drm: zocl_destroy_client: client exits pid(308344)
[Sat Sep 26 00:49:04 2026] zocl-drm axi:zyxclmm_drm: zocl_create_client: created KDS client for pid(308344), ret: 0
[Sat Sep 26 00:49:04 2026] zocl-drm axi:zyxclmm_drm: zocl_destroy_client: client exits pid(308344)
[Sat Sep 26 01:04:34 2026] zocl-drm axi:zyxclmm_drm: zocl_create_client: created KDS client for pid(309445), ret: 0
[Sat Sep 26 01:04:34 2026] zocl-drm axi:zyxclmm_drm: zocl_destroy_client: client exits pid(309445)
[Sat Sep 26 01:04:34 2026] zocl-drm axi:zyxclmm_drm: zocl_create_client: created KDS client for pid(309445), ret: 0
[Sat Sep 26 01:04:34 2026] zocl-drm axi:zyxclmm_drm: zocl_destroy_client: client exits pid(309445)
[Sat Sep 26 01:04:34 2026] zocl-drm axi:zyxclmm_drm: zocl_create_client: created KDS client for pid(309445), ret: 0
[Sat Sep 26 01:04:34 2026] zocl-drm axi:zyxclmm_drm: zocl_destroy_client: client exits pid(309445)
[Sat Sep 26 01:20:03 2026] zocl-drm axi:zyxclmm_drm: zocl_create_client: created KDS client for pid(310544), ret: 0
[Sat Sep 26 01:20:03 2026] zocl-drm axi:zyxclmm_drm: zocl_destroy_client: client exits pid(310544)
[Sat Sep 26 01:20:03 2026] zocl-drm axi:zyxclmm_drm: zocl_create_client: created KDS client for pid(310544), ret: 0
[Sat Sep 26 01:20:03 2026] zocl-drm axi:zyxclmm_drm: zocl_destroy_client: client exits pid(310544)
[Sat Sep 26 01:20:03 2026] zocl-drm axi:zyxclmm_drm: zocl_create_client: created KDS client for pid(310544), ret: 0
[Sat Sep 26 01:20:03 2026] zocl-drm axi:zyxclmm_drm: zocl_destroy_client: client exits pid(310544)
[Sat Sep 26 01:35:51 2026] zocl-drm axi:zyxclmm_drm: zocl_create_client: created KDS client for pid(311660), ret: 0
[Sat Sep 26 01:35:51 2026] zocl-drm axi:zyxclmm_drm: zocl_destroy_client: client exits pid(311660)
[Sat Sep 26 01:35:51 2026] zocl-drm axi:zyxclmm_drm: zocl_create_client: created KDS client for pid(311660), ret: 0
[Sat Sep 26 01:35:51 2026] zocl-drm axi:zyxclmm_drm: zocl_destroy_client: client exits pid(311660)
[Sat Sep 26 01:35:51 2026] zocl-drm axi:zyxclmm_drm: zocl_create_client: created KDS client for pid(311660), ret: 0
[Sat Sep 26 01:35:51 2026] zocl-drm axi:zyxclmm_drm: zocl_destroy_client: client exits pid(311660)
[Sat Sep 26 01:51:44 2026] zocl-drm axi:zyxclmm_drm: zocl_create_client: created KDS client for pid(312816), ret: 0
[Sat Sep 26 01:51:44 2026] zocl-drm axi:zyxclmm_drm: zocl_destroy_client: client exits pid(312816)
[Sat Sep 26 01:51:44 2026] zocl-drm axi:zyxclmm_drm: zocl_create_client: created KDS client for pid(312816), ret: 0
[Sat Sep 26 01:51:44 2026] zocl-drm axi:zyxclmm_drm: zocl_destroy_client: client exits pid(312816)
[Sat Sep 26 01:51:44 2026] zocl-drm axi:zyxclmm_drm: zocl_create_client: created KDS client for pid(312816), ret: 0
[Sat Sep 26 01:51:44 2026] zocl-drm axi:zyxclmm_drm: zocl_destroy_client: client exits pid(312816)
[Sat Sep 26 02:07:47 2026] zocl-drm axi:zyxclmm_drm: zocl_create_client: created KDS client for pid(313942), ret: 0
[Sat Sep 26 02:07:47 2026] zocl-drm axi:zyxclmm_drm: zocl_destroy_client: client exits pid(313942)
[Sat Sep 26 02:07:47 2026] zocl-drm axi:zyxclmm_drm: zocl_create_client: created KDS client for pid(313942), ret: 0
[Sat Sep 26 02:07:47 2026] zocl-drm axi:zyxclmm_drm: zocl_destroy_client: client exits pid(313942)
[Sat Sep 26 02:07:47 2026] zocl-drm axi:zyxclmm_drm: zocl_create_client: created KDS client for pid(313942), ret: 0
[Sat Sep 26 02:07:47 2026] zocl-drm axi:zyxclmm_drm: zocl_destroy_client: client exits pid(313942)
[Sat Sep 26 02:22:39 2026] OF: overlay: WARNING: memory leak will occur if overlay removed, property: /fpga-full/firmware-name
[Sat Sep 26 02:22:39 2026] OF: overlay: WARNING: memory leak will occur if overlay removed, property: /fpga-full/resets
[Sat Sep 26 02:22:39 2026] OF: overlay: WARNING: memory leak will occur if overlay removed, property: /__symbols__/afi0
[Sat Sep 26 02:22:39 2026] OF: overlay: WARNING: memory leak will occur if overlay removed, property: /__symbols__/rm10_apm
[Sat Sep 26 02:22:39 2026] OF: overlay: WARNING: memory leak will occur if overlay removed, property: /__symbols__/rm10_ffn
[Sat Sep 26 02:22:41 2026] zocl-drm axi:zyxclmm_drm: zocl_create_client: created KDS client for pid(315130), ret: 0
[Sat Sep 26 02:22:41 2026] zocl-drm axi:zyxclmm_drm: zocl_destroy_client: client exits pid(315130)
[Sat Sep 26 02:22:41 2026] zocl-drm axi:zyxclmm_drm: zocl_create_client: created KDS client for pid(315130), ret: 0
[Sat Sep 26 02:22:41 2026] zocl-drm axi:zyxclmm_drm: zocl_destroy_client: client exits pid(315130)
[Sat Sep 26 02:22:41 2026] zocl-drm axi:zyxclmm_drm: zocl_create_client: created KDS client for pid(315130), ret: 0
[Sat Sep 26 02:22:41 2026] [drm] Allocating BO from CMA for invalid or unused memory index[0]
[Sat Sep 26 02:22:41 2026] [drm] Allocating BO from CMA for invalid or unused memory index[0]
[Sat Sep 26 02:22:41 2026] [drm] Allocating BO from CMA for invalid or unused memory index[0]
[Sat Sep 26 02:22:42 2026] zocl-drm axi:zyxclmm_drm: zocl_destroy_client: client exits pid(315130)
[Sat Sep 26 02:22:42 2026] zocl-drm axi:zyxclmm_drm: zocl_create_client: created KDS client for pid(315162), ret: 0
[Sat Sep 26 02:22:42 2026] zocl-drm axi:zyxclmm_drm: zocl_destroy_client: client exits pid(315162)
[Sat Sep 26 02:22:42 2026] zocl-drm axi:zyxclmm_drm: zocl_create_client: created KDS client for pid(315162), ret: 0
[Sat Sep 26 02:22:42 2026] zocl-drm axi:zyxclmm_drm: zocl_destroy_client: client exits pid(315162)
[Sat Sep 26 02:22:42 2026] zocl-drm axi:zyxclmm_drm: zocl_create_client: created KDS client for pid(315162), ret: 0
[Sat Sep 26 02:22:42 2026] [drm] Allocating BO from CMA for invalid or unused memory index[0]
[Sat Sep 26 02:22:42 2026] [drm] Allocating BO from CMA for invalid or unused memory index[0]
[Sat Sep 26 02:22:42 2026] [drm] Allocating BO from CMA for invalid or unused memory index[0]
[Sat Sep 26 02:22:43 2026] zocl-drm axi:zyxclmm_drm: zocl_destroy_client: client exits pid(315162)
[Sat Sep 26 02:22:43 2026] zocl-drm axi:zyxclmm_drm: zocl_create_client: created KDS client for pid(315190), ret: 0
[Sat Sep 26 02:22:43 2026] zocl-drm axi:zyxclmm_drm: zocl_destroy_client: client exits pid(315190)
[Sat Sep 26 02:22:43 2026] zocl-drm axi:zyxclmm_drm: zocl_create_client: created KDS client for pid(315190), ret: 0
[Sat Sep 26 02:22:43 2026] zocl-drm axi:zyxclmm_drm: zocl_destroy_client: client exits pid(315190)
[Sat Sep 26 02:22:43 2026] zocl-drm axi:zyxclmm_drm: zocl_create_client: created KDS client for pid(315190), ret: 0
[Sat Sep 26 02:22:43 2026] [drm] Allocating BO from CMA for invalid or unused memory index[0]
[Sat Sep 26 02:22:43 2026] [drm] Allocating BO from CMA for invalid or unused memory index[0]
[Sat Sep 26 02:22:43 2026] [drm] Allocating BO from CMA for invalid or unused memory index[0]
[Sat Sep 26 02:22:44 2026] zocl-drm axi:zyxclmm_drm: zocl_destroy_client: client exits pid(315190)
[Sat Sep 26 02:23:18 2026] zocl-drm axi:zyxclmm_drm: zocl_create_client: created KDS client for pid(315220), ret: 0
[Sat Sep 26 02:23:18 2026] zocl-drm axi:zyxclmm_drm: zocl_destroy_client: client exits pid(315220)
[Sat Sep 26 02:23:18 2026] zocl-drm axi:zyxclmm_drm: zocl_create_client: created KDS client for pid(315220), ret: 0
[Sat Sep 26 02:23:18 2026] zocl-drm axi:zyxclmm_drm: zocl_destroy_client: client exits pid(315220)
[Sat Sep 26 02:23:18 2026] zocl-drm axi:zyxclmm_drm: zocl_create_client: created KDS client for pid(315220), ret: 0
[Sat Sep 26 02:23:18 2026] [drm] Allocating BO from CMA for invalid or unused memory index[0]
[Sat Sep 26 02:23:18 2026] [drm] Allocating BO from CMA for invalid or unused memory index[0]
[Sat Sep 26 02:23:18 2026] [drm] Allocating BO from CMA for invalid or unused memory index[0]
[Sat Sep 26 02:23:48 2026] zocl-drm axi:zyxclmm_drm: zocl_create_client: created KDS client for pid(315692), ret: 0
[Sat Sep 26 02:23:48 2026] zocl-drm axi:zyxclmm_drm: zocl_destroy_client: client exits pid(315692)
[Sat Sep 26 02:23:48 2026] zocl-drm axi:zyxclmm_drm: zocl_create_client: created KDS client for pid(315692), ret: 0
[Sat Sep 26 02:23:48 2026] zocl-drm axi:zyxclmm_drm: zocl_destroy_client: client exits pid(315692)
[Sat Sep 26 02:23:48 2026] zocl-drm axi:zyxclmm_drm: zocl_create_client: created KDS client for pid(315692), ret: 0
[Sat Sep 26 02:23:48 2026] zocl-drm axi:zyxclmm_drm: zocl_destroy_client: client exits pid(315692)
[Sat Sep 26 02:31:28 2026] zocl-drm axi:zyxclmm_drm: zocl_destroy_client: client exits pid(315220)
[Sat Sep 26 02:31:30 2026] OF: overlay: WARNING: memory leak will occur if overlay removed, property: /fpga-full/firmware-name
[Sat Sep 26 02:31:30 2026] OF: overlay: WARNING: memory leak will occur if overlay removed, property: /fpga-full/resets
[Sat Sep 26 02:39:31 2026] zocl-drm axi:zyxclmm_drm: zocl_create_client: created KDS client for pid(319011), ret: 0
[Sat Sep 26 02:39:31 2026] zocl-drm axi:zyxclmm_drm: zocl_destroy_client: client exits pid(319011)
[Sat Sep 26 02:39:31 2026] zocl-drm axi:zyxclmm_drm: zocl_create_client: created KDS client for pid(319011), ret: 0
[Sat Sep 26 02:39:31 2026] zocl-drm axi:zyxclmm_drm: zocl_destroy_client: client exits pid(319011)
[Sat Sep 26 02:39:31 2026] zocl-drm axi:zyxclmm_drm: zocl_create_client: created KDS client for pid(319011), ret: 0
[Sat Sep 26 02:39:31 2026] zocl-drm axi:zyxclmm_drm: zocl_destroy_client: client exits pid(319011)
[Sat Sep 26 02:42:29 2026] OF: overlay: WARNING: memory leak will occur if overlay removed, property: /fpga-full/firmware-name
[Sat Sep 26 02:42:29 2026] OF: overlay: WARNING: memory leak will occur if overlay removed, property: /fpga-full/resets
[Sat Sep 26 02:42:29 2026] OF: overlay: WARNING: memory leak will occur if overlay removed, property: /__symbols__/afi0
[Sat Sep 26 02:42:29 2026] OF: overlay: WARNING: memory leak will occur if overlay removed, property: /__symbols__/rm09_apm
[Sat Sep 26 02:42:29 2026] OF: overlay: WARNING: memory leak will occur if overlay removed, property: /__symbols__/rm09_ffn
[Sat Sep 26 02:42:49 2026] zocl-drm axi:zyxclmm_drm: zocl_create_client: created KDS client for pid(320367), ret: 0
[Sat Sep 26 02:42:49 2026] zocl-drm axi:zyxclmm_drm: zocl_destroy_client: client exits pid(320367)
[Sat Sep 26 02:42:49 2026] zocl-drm axi:zyxclmm_drm: zocl_create_client: created KDS client for pid(320367), ret: 0
[Sat Sep 26 02:42:49 2026] zocl-drm axi:zyxclmm_drm: zocl_destroy_client: client exits pid(320367)
[Sat Sep 26 02:42:49 2026] zocl-drm axi:zyxclmm_drm: zocl_create_client: created KDS client for pid(320367), ret: 0
[Sat Sep 26 02:42:49 2026] [drm] Allocating BO from CMA for invalid or unused memory index[0]
[Sat Sep 26 02:42:49 2026] [drm] Allocating BO from CMA for invalid or unused memory index[0]
[Sat Sep 26 02:42:49 2026] [drm] Allocating BO from CMA for invalid or unused memory index[0]
[Sat Sep 26 02:51:09 2026] zocl-drm axi:zyxclmm_drm: zocl_destroy_client: client exits pid(320367)
[Sat Sep 26 02:51:10 2026] OF: overlay: WARNING: memory leak will occur if overlay removed, property: /fpga-full/firmware-name
[Sat Sep 26 02:51:10 2026] OF: overlay: WARNING: memory leak will occur if overlay removed, property: /fpga-full/resets
[Sat Sep 26 02:55:12 2026] zocl-drm axi:zyxclmm_drm: zocl_create_client: created KDS client for pid(323234), ret: 0
[Sat Sep 26 02:55:12 2026] zocl-drm axi:zyxclmm_drm: zocl_destroy_client: client exits pid(323234)
[Sat Sep 26 02:55:12 2026] zocl-drm axi:zyxclmm_drm: zocl_create_client: created KDS client for pid(323234), ret: 0
[Sat Sep 26 02:55:12 2026] zocl-drm axi:zyxclmm_drm: zocl_destroy_client: client exits pid(323234)
[Sat Sep 26 02:55:12 2026] zocl-drm axi:zyxclmm_drm: zocl_create_client: created KDS client for pid(323234), ret: 0
[Sat Sep 26 02:55:12 2026] zocl-drm axi:zyxclmm_drm: zocl_destroy_client: client exits pid(323234)
[Sat Sep 26 04:22:57 2026] zocl-drm axi:zyxclmm_drm: zocl_create_client: created KDS client for pid(329299), ret: 0
[Sat Sep 26 04:22:57 2026] zocl-drm axi:zyxclmm_drm: zocl_destroy_client: client exits pid(329299)
[Sat Sep 26 04:22:57 2026] zocl-drm axi:zyxclmm_drm: zocl_create_client: created KDS client for pid(329299), ret: 0
[Sat Sep 26 04:22:57 2026] zocl-drm axi:zyxclmm_drm: zocl_destroy_client: client exits pid(329299)
[Sat Sep 26 04:22:57 2026] zocl-drm axi:zyxclmm_drm: zocl_create_client: created KDS client for pid(329299), ret: 0
[Sat Sep 26 04:22:57 2026] zocl-drm axi:zyxclmm_drm: zocl_destroy_client: client exits pid(329299)
[Sat Sep 26 04:38:21 2026] zocl-drm axi:zyxclmm_drm: zocl_create_client: created KDS client for pid(330396), ret: 0
[Sat Sep 26 04:38:21 2026] zocl-drm axi:zyxclmm_drm: zocl_destroy_client: client exits pid(330396)
[Sat Sep 26 04:38:21 2026] zocl-drm axi:zyxclmm_drm: zocl_create_client: created KDS client for pid(330396), ret: 0
[Sat Sep 26 04:38:21 2026] zocl-drm axi:zyxclmm_drm: zocl_destroy_client: client exits pid(330396)
[Sat Sep 26 04:38:21 2026] zocl-drm axi:zyxclmm_drm: zocl_create_client: created KDS client for pid(330396), ret: 0
[Sat Sep 26 04:38:21 2026] zocl-drm axi:zyxclmm_drm: zocl_destroy_client: client exits pid(330396)
[Sat Sep 26 04:53:57 2026] zocl-drm axi:zyxclmm_drm: zocl_create_client: created KDS client for pid(331502), ret: 0
[Sat Sep 26 04:53:57 2026] zocl-drm axi:zyxclmm_drm: zocl_destroy_client: client exits pid(331502)
[Sat Sep 26 04:53:57 2026] zocl-drm axi:zyxclmm_drm: zocl_create_client: created KDS client for pid(331502), ret: 0
[Sat Sep 26 04:53:57 2026] zocl-drm axi:zyxclmm_drm: zocl_destroy_client: client exits pid(331502)
[Sat Sep 26 04:53:57 2026] zocl-drm axi:zyxclmm_drm: zocl_create_client: created KDS client for pid(331502), ret: 0
[Sat Sep 26 04:53:57 2026] zocl-drm axi:zyxclmm_drm: zocl_destroy_client: client exits pid(331502)
[Sat Sep 26 05:09:33 2026] zocl-drm axi:zyxclmm_drm: zocl_create_client: created KDS client for pid(332688), ret: 0
[Sat Sep 26 05:09:33 2026] zocl-drm axi:zyxclmm_drm: zocl_destroy_client: client exits pid(332688)
[Sat Sep 26 05:09:33 2026] zocl-drm axi:zyxclmm_drm: zocl_create_client: created KDS client for pid(332688), ret: 0
[Sat Sep 26 05:09:33 2026] zocl-drm axi:zyxclmm_drm: zocl_destroy_client: client exits pid(332688)
[Sat Sep 26 05:09:33 2026] zocl-drm axi:zyxclmm_drm: zocl_create_client: created KDS client for pid(332688), ret: 0
[Sat Sep 26 05:09:33 2026] zocl-drm axi:zyxclmm_drm: zocl_destroy_client: client exits pid(332688)
[Sat Sep 26 05:25:20 2026] zocl-drm axi:zyxclmm_drm: zocl_create_client: created KDS client for pid(333807), ret: 0
[Sat Sep 26 05:25:20 2026] zocl-drm axi:zyxclmm_drm: zocl_destroy_client: client exits pid(333807)
[Sat Sep 26 05:25:20 2026] zocl-drm axi:zyxclmm_drm: zocl_create_client: created KDS client for pid(333807), ret: 0
[Sat Sep 26 05:25:20 2026] zocl-drm axi:zyxclmm_drm: zocl_destroy_client: client exits pid(333807)
[Sat Sep 26 05:25:20 2026] zocl-drm axi:zyxclmm_drm: zocl_create_client: created KDS client for pid(333807), ret: 0
[Sat Sep 26 05:25:20 2026] zocl-drm axi:zyxclmm_drm: zocl_destroy_client: client exits pid(333807)
[Sat Sep 26 05:41:03 2026] zocl-drm axi:zyxclmm_drm: zocl_create_client: created KDS client for pid(334922), ret: 0
[Sat Sep 26 05:41:03 2026] zocl-drm axi:zyxclmm_drm: zocl_destroy_client: client exits pid(334922)
[Sat Sep 26 05:41:03 2026] zocl-drm axi:zyxclmm_drm: zocl_create_client: created KDS client for pid(334922), ret: 0
[Sat Sep 26 05:41:03 2026] zocl-drm axi:zyxclmm_drm: zocl_destroy_client: client exits pid(334922)
[Sat Sep 26 05:41:03 2026] zocl-drm axi:zyxclmm_drm: zocl_create_client: created KDS client for pid(334922), ret: 0
[Sat Sep 26 05:41:03 2026] zocl-drm axi:zyxclmm_drm: zocl_destroy_client: client exits pid(334922)
[Sat Sep 26 05:56:24 2026] zocl-drm axi:zyxclmm_drm: zocl_create_client: created KDS client for pid(336005), ret: 0
[Sat Sep 26 05:56:24 2026] zocl-drm axi:zyxclmm_drm: zocl_destroy_client: client exits pid(336005)
[Sat Sep 26 05:56:24 2026] zocl-drm axi:zyxclmm_drm: zocl_create_client: created KDS client for pid(336005), ret: 0
[Sat Sep 26 05:56:24 2026] zocl-drm axi:zyxclmm_drm: zocl_destroy_client: client exits pid(336005)
[Sat Sep 26 05:56:24 2026] zocl-drm axi:zyxclmm_drm: zocl_create_client: created KDS client for pid(336005), ret: 0
[Sat Sep 26 05:56:24 2026] zocl-drm axi:zyxclmm_drm: zocl_destroy_client: client exits pid(336005)
[Sat Sep 26 06:12:12 2026] zocl-drm axi:zyxclmm_drm: zocl_create_client: created KDS client for pid(337197), ret: 0
[Sat Sep 26 06:12:12 2026] zocl-drm axi:zyxclmm_drm: zocl_destroy_client: client exits pid(337197)
[Sat Sep 26 06:12:12 2026] zocl-drm axi:zyxclmm_drm: zocl_create_client: created KDS client for pid(337197), ret: 0
[Sat Sep 26 06:12:12 2026] zocl-drm axi:zyxclmm_drm: zocl_destroy_client: client exits pid(337197)
[Sat Sep 26 06:12:12 2026] zocl-drm axi:zyxclmm_drm: zocl_create_client: created KDS client for pid(337197), ret: 0
[Sat Sep 26 06:12:12 2026] zocl-drm axi:zyxclmm_drm: zocl_destroy_client: client exits pid(337197)
[Sat Sep 26 06:27:52 2026] zocl-drm axi:zyxclmm_drm: zocl_create_client: created KDS client for pid(338310), ret: 0
[Sat Sep 26 06:27:52 2026] zocl-drm axi:zyxclmm_drm: zocl_destroy_client: client exits pid(338310)
[Sat Sep 26 06:27:52 2026] zocl-drm axi:zyxclmm_drm: zocl_create_client: created KDS client for pid(338310), ret: 0
[Sat Sep 26 06:27:52 2026] zocl-drm axi:zyxclmm_drm: zocl_destroy_client: client exits pid(338310)
[Sat Sep 26 06:27:52 2026] zocl-drm axi:zyxclmm_drm: zocl_create_client: created KDS client for pid(338310), ret: 0
[Sat Sep 26 06:27:52 2026] zocl-drm axi:zyxclmm_drm: zocl_destroy_client: client exits pid(338310)
[Sat Sep 26 06:43:25 2026] zocl-drm axi:zyxclmm_drm: zocl_create_client: created KDS client for pid(340769), ret: 0
[Sat Sep 26 06:43:25 2026] zocl-drm axi:zyxclmm_drm: zocl_destroy_client: client exits pid(340769)
[Sat Sep 26 06:43:25 2026] zocl-drm axi:zyxclmm_drm: zocl_create_client: created KDS client for pid(340769), ret: 0
[Sat Sep 26 06:43:25 2026] zocl-drm axi:zyxclmm_drm: zocl_destroy_client: client exits pid(340769)
[Sat Sep 26 06:43:25 2026] zocl-drm axi:zyxclmm_drm: zocl_create_client: created KDS client for pid(340769), ret: 0
[Sat Sep 26 06:43:25 2026] zocl-drm axi:zyxclmm_drm: zocl_destroy_client: client exits pid(340769)
[Sat Sep 26 06:58:56 2026] zocl-drm axi:zyxclmm_drm: zocl_create_client: created KDS client for pid(341865), ret: 0
[Sat Sep 26 06:58:56 2026] zocl-drm axi:zyxclmm_drm: zocl_destroy_client: client exits pid(341865)
[Sat Sep 26 06:58:56 2026] zocl-drm axi:zyxclmm_drm: zocl_create_client: created KDS client for pid(341865), ret: 0
[Sat Sep 26 06:58:56 2026] zocl-drm axi:zyxclmm_drm: zocl_destroy_client: client exits pid(341865)
[Sat Sep 26 06:58:56 2026] zocl-drm axi:zyxclmm_drm: zocl_create_client: created KDS client for pid(341865), ret: 0
[Sat Sep 26 06:58:56 2026] zocl-drm axi:zyxclmm_drm: zocl_destroy_client: client exits pid(341865)
[Sat Sep 26 07:14:22 2026] zocl-drm axi:zyxclmm_drm: zocl_create_client: created KDS client for pid(343000), ret: 0
[Sat Sep 26 07:14:22 2026] zocl-drm axi:zyxclmm_drm: zocl_destroy_client: client exits pid(343000)
[Sat Sep 26 07:14:22 2026] zocl-drm axi:zyxclmm_drm: zocl_create_client: created KDS client for pid(343000), ret: 0
[Sat Sep 26 07:14:22 2026] zocl-drm axi:zyxclmm_drm: zocl_destroy_client: client exits pid(343000)
[Sat Sep 26 07:14:22 2026] zocl-drm axi:zyxclmm_drm: zocl_create_client: created KDS client for pid(343000), ret: 0
[Sat Sep 26 07:14:22 2026] zocl-drm axi:zyxclmm_drm: zocl_destroy_client: client exits pid(343000)
[Sat Sep 26 07:29:07 2026] wlx90de80defd0b: authenticate with 7c:1e:06:87:21:80
[Sat Sep 26 07:29:09 2026] wlx90de80defd0b: send auth to 7c:1e:06:87:21:80 (try 1/3)
[Sat Sep 26 07:29:09 2026] wlx90de80defd0b: authenticated
[Sat Sep 26 07:29:09 2026] wlx90de80defd0b: associate with 7c:1e:06:87:21:80 (try 1/3)
[Sat Sep 26 07:29:09 2026] wlx90de80defd0b: RX AssocResp from 7c:1e:06:87:21:80 (capab=0x8001 status=0 aid=9)
[Sat Sep 26 07:29:09 2026] wlx90de80defd0b: associated
[Sat Sep 26 07:29:51 2026] zocl-drm axi:zyxclmm_drm: zocl_create_client: created KDS client for pid(344113), ret: 0
[Sat Sep 26 07:29:51 2026] zocl-drm axi:zyxclmm_drm: zocl_destroy_client: client exits pid(344113)
[Sat Sep 26 07:29:51 2026] zocl-drm axi:zyxclmm_drm: zocl_create_client: created KDS client for pid(344113), ret: 0
[Sat Sep 26 07:29:51 2026] zocl-drm axi:zyxclmm_drm: zocl_destroy_client: client exits pid(344113)
[Sat Sep 26 07:29:51 2026] zocl-drm axi:zyxclmm_drm: zocl_create_client: created KDS client for pid(344113), ret: 0
[Sat Sep 26 07:29:51 2026] zocl-drm axi:zyxclmm_drm: zocl_destroy_client: client exits pid(344113)
[Sat Sep 26 07:46:05 2026] zocl-drm axi:zyxclmm_drm: zocl_create_client: created KDS client for pid(345287), ret: 0
[Sat Sep 26 07:46:05 2026] zocl-drm axi:zyxclmm_drm: zocl_destroy_client: client exits pid(345287)
[Sat Sep 26 07:46:05 2026] zocl-drm axi:zyxclmm_drm: zocl_create_client: created KDS client for pid(345287), ret: 0
[Sat Sep 26 07:46:05 2026] zocl-drm axi:zyxclmm_drm: zocl_destroy_client: client exits pid(345287)
[Sat Sep 26 07:46:05 2026] zocl-drm axi:zyxclmm_drm: zocl_create_client: created KDS client for pid(345287), ret: 0
[Sat Sep 26 07:46:05 2026] zocl-drm axi:zyxclmm_drm: zocl_destroy_client: client exits pid(345287)
[Sat Sep 26 08:01:40 2026] zocl-drm axi:zyxclmm_drm: zocl_create_client: created KDS client for pid(346387), ret: 0
[Sat Sep 26 08:01:40 2026] zocl-drm axi:zyxclmm_drm: zocl_destroy_client: client exits pid(346387)
[Sat Sep 26 08:01:40 2026] zocl-drm axi:zyxclmm_drm: zocl_create_client: created KDS client for pid(346387), ret: 0
[Sat Sep 26 08:01:40 2026] zocl-drm axi:zyxclmm_drm: zocl_destroy_client: client exits pid(346387)
[Sat Sep 26 08:01:40 2026] zocl-drm axi:zyxclmm_drm: zocl_create_client: created KDS client for pid(346387), ret: 0
[Sat Sep 26 08:01:40 2026] zocl-drm axi:zyxclmm_drm: zocl_destroy_client: client exits pid(346387)
[Sat Sep 26 08:16:01 2026] OF: overlay: WARNING: memory leak will occur if overlay removed, property: /fpga-full/firmware-name
[Sat Sep 26 08:16:01 2026] OF: overlay: WARNING: memory leak will occur if overlay removed, property: /fpga-full/resets
[Sat Sep 26 08:17:20 2026] zocl-drm axi:zyxclmm_drm: zocl_create_client: created KDS client for pid(349439), ret: 0
[Sat Sep 26 08:17:20 2026] zocl-drm axi:zyxclmm_drm: zocl_destroy_client: client exits pid(349439)
[Sat Sep 26 08:17:20 2026] zocl-drm axi:zyxclmm_drm: zocl_create_client: created KDS client for pid(349439), ret: 0
[Sat Sep 26 08:17:20 2026] zocl-drm axi:zyxclmm_drm: zocl_destroy_client: client exits pid(349439)
[Sat Sep 26 08:17:20 2026] zocl-drm axi:zyxclmm_drm: zocl_create_client: created KDS client for pid(349439), ret: 0
[Sat Sep 26 08:17:20 2026] zocl-drm axi:zyxclmm_drm: zocl_destroy_client: client exits pid(349439)
[Sat Sep 26 08:29:15 2026] OF: overlay: WARNING: memory leak will occur if overlay removed, property: /fpga-full/firmware-name
[Sat Sep 26 08:29:15 2026] OF: overlay: WARNING: memory leak will occur if overlay removed, property: /fpga-full/resets
kernel_journal_path=/home/ubuntu/kv260-vlm-p2-cpu/runs/rm10-a-ra-q37804-20260926T083001Z/clock-diagnostics-before-load/kernel-journal.txt
diagnostics_end_utc=2026-09-26T08:30:03Z
This collector only reads clock, device-tree, active-app, and kernel-log state.
snapshot=after_clock_diagnostics utc=2026-09-26T08:30:03Z
MemAvailable:    3215812 kB
SwapFree:              0 kB
CmaTotal:        1024000 kB
CmaFree:          386296 kB
loadavg=1.72 1.39 1.24 1/393 353056
cpu0_scaling_cur_freq_kHz=1333333
fclk0=99999999
fpga_manager=operating
rollback_timer=rm10-a-ra-20260926T083001Z-rollback.timer timer_state=active restore_after_seconds=4200
snapshot=before_app_unload utc=2026-09-26T08:30:03Z
MemAvailable:    3222020 kB
SwapFree:              0 kB
CmaTotal:        1024000 kB
CmaFree:          386296 kB
loadavg=1.72 1.39 1.24 1/393 353075
cpu0_scaling_cur_freq_kHz=1333333
fclk0=99999999
fpga_manager=operating
remove from slot 0 returns: 0 (Ok)
kv260-rm10-a-ra: loaded to slot 0
snapshot=rm10_loaded utc=2026-09-26T08:30:04Z
MemAvailable:    3195972 kB
SwapFree:              0 kB
CmaTotal:        1024000 kB
CmaFree:          372852 kB
loadavg=1.72 1.39 1.24 2/403 353140
cpu0_scaling_cur_freq_kHz=1333333
fclk0=99999999
fpga_manager=operating
active_fclk0_hz=99999999
stage=after_RM10_load CmaFree_kB=372604 bounded_XRT_pool_bytes=1671168 cma_margin_kB=8192 required_kB=9824
RM09_HLS_IDENTITY uio=/dev/uio6 compatible=xlnx,vision-ffn-down-tile-1.0,generic-uio addr=0xa0010000 size=0x10000 PASS
RM09_APM_IDENTITY uio=/dev/uio5 compatible=generic-uio addr=0xa0000000 size=0x10000 PASS
AP_CTRL_before=0x00000004
AXI_LITE_ABI_PROBE=0xfffffffc (-4) expected=-4 PASS dma_pointer_used=0
stage=tensor-0-before-DMA CmaFree_kB=369256 bounded_XRT_pool_bytes=1671168 cma_margin_kB=8192 required_kB=9824
standalone_begin layer=ffn_down-0 N=1120 expected_stage_commands=35 expected_compute_commands=315 utc=2026-09-26T08:30:06Z
RM08_RUN layer=ffn_down-0 K_M_N=4304_1152_1120 calls=1
CMA before_kB=354376 allocated_kB=358672 pages_before=39375 pages_after=39783 BO_bytes=1101824+552960+16384 rounded_total=1671168
BO paddr W=0x37900000 X=0x38500000 Y=0x375b0000 HLS=/dev/uio6 APM=/dev/uio5 APM_GCC_MSB=0x00000000 LSB=0x00000000
APM_CLOCK_CAL cycles=20007738 wall_ms=200.079 measured_MHz=99.999
CALL=1 N=1120 tiles=35 commands=35/315 pack_ms=185.232 xrt_sync_to_ms=1.617 xrt_sync_from_ms=1.200 control_submit_ms=0.688 hls_wait_ms=1161.435 apm_cycles=116158704 compute_cycles=114950678 stage_cycles=1208026 output_unpack_ms=26.217 wall_ms=1377.076 input_bytes=366356480 output_bytes=5160960 APM_W_read=347074560 APM_X_read=19281920 APM_Y_write=5160960 APM_GBps=0.3199 GMACps=4.781 CMA_current_kB=358356 CMA_min_kB=358356
TOTAL calls=1 N=1120 pack_ms=185.232 xrt_sync_to_ms=1.617 xrt_sync_from_ms=1.200 control_submit_ms=0.688 hls_wait_ms=1161.435 cycles=116158704 compute_cycles=114950678 stage_cycles=1208026 unpack_ms=26.217 wall_ms=1377.076 input_bytes=366356480 output_bytes=5160960 APM_W_read=347074560 APM_X_read=19281920 APM_Y_write=5160960 kernel_GMACps=4.781 system_GMACps=4.033 max_abs=9.53674316e-06 RMSE=1.75370962e-07 cosine=0.999999999999850
CMA after_release_kB=358356 pages_after_release=39783 allocated_total_bytes=1671168
standalone_numeric_gate=PASS layer=ffn_down-0 max_abs=9.53674316e-06 RMSE=1.75370962e-07 cosine=0.999999999999850 time_log=/home/ubuntu/kv260-vlm-p2-cpu/runs/rm10-a-ra-q37804-20260926T083001Z/tensor-0-time-v.txt
snapshot=tensor-0-after-DMA utc=2026-09-26T08:30:08Z
MemAvailable:    3220000 kB
SwapFree:              0 kB
CmaTotal:        1024000 kB
CmaFree:          374352 kB
loadavg=1.74 1.40 1.25 1/394 353235
cpu0_scaling_cur_freq_kHz=1333333
fclk0=99999999
fpga_manager=operating
stage=tensor-13-before-DMA CmaFree_kB=374504 bounded_XRT_pool_bytes=1671168 cma_margin_kB=8192 required_kB=9824
standalone_begin layer=ffn_down-13 N=280 expected_stage_commands=9 expected_compute_commands=81 utc=2026-09-26T08:30:08Z
RM08_RUN layer=ffn_down-13 K_M_N=4304_1152_280 calls=1
CMA before_kB=368676 allocated_kB=370300 pages_before=39783 pages_after=40191 BO_bytes=1101824+552960+16384 rounded_total=1671168
BO paddr W=0x37900000 X=0x38500000 Y=0x375b0000 HLS=/dev/uio6 APM=/dev/uio5 APM_GCC_MSB=0x00000000 LSB=0x0a790e2c
APM_CLOCK_CAL cycles=20007732 wall_ms=200.079 measured_MHz=99.999
CALL=1 N=280 tiles=9 commands=9/81 pack_ms=46.008 xrt_sync_to_ms=0.507 xrt_sync_from_ms=0.341 control_submit_ms=0.234 hls_wait_ms=291.879 apm_cycles=29191766 compute_cycles=28889708 stage_cycles=302058 output_unpack_ms=6.684 wall_ms=345.834 input_bytes=94068224 output_bytes=1290240 APM_W_read=89247744 APM_X_read=4820480 APM_Y_write=1290240 APM_GBps=0.3267 GMACps=4.756 CMA_current_kB=370536 CMA_min_kB=370300
TOTAL calls=1 N=280 pack_ms=46.008 xrt_sync_to_ms=0.507 xrt_sync_from_ms=0.341 control_submit_ms=0.234 hls_wait_ms=291.879 cycles=29191766 compute_cycles=28889708 stage_cycles=302058 unpack_ms=6.684 wall_ms=345.834 input_bytes=94068224 output_bytes=1290240 APM_W_read=89247744 APM_X_read=4820480 APM_Y_write=1290240 kernel_GMACps=4.756 system_GMACps=4.014 max_abs=2.1904707e-06 RMSE=1.07185809e-07 cosine=0.999999999999801
CMA after_release_kB=370536 pages_after_release=40191 allocated_total_bytes=1671168
standalone_numeric_gate=PASS layer=ffn_down-13 max_abs=2.1904707e-06 RMSE=1.07185809e-07 cosine=0.999999999999801 time_log=/home/ubuntu/kv260-vlm-p2-cpu/runs/rm10-a-ra-q37804-20260926T083001Z/tensor-13-time-v.txt
snapshot=tensor-13-after-DMA utc=2026-09-26T08:30:08Z
MemAvailable:    3227556 kB
SwapFree:              0 kB
CmaTotal:        1024000 kB
CmaFree:          375620 kB
loadavg=1.74 1.40 1.25 1/394 353263
cpu0_scaling_cur_freq_kHz=1333333
fclk0=99999999
fpga_manager=operating
stage=tensor-26-before-DMA CmaFree_kB=375620 bounded_XRT_pool_bytes=1671168 cma_margin_kB=8192 required_kB=9824
standalone_begin layer=ffn_down-26 N=280 expected_stage_commands=9 expected_compute_commands=81 utc=2026-09-26T08:30:08Z
RM08_RUN layer=ffn_down-26 K_M_N=4304_1152_280 calls=1
CMA before_kB=371404 allocated_kB=371768 pages_before=40191 pages_after=40599 BO_bytes=1101824+552960+16384 rounded_total=1671168
BO paddr W=0x37900000 X=0x38500000 Y=0x375b0000 HLS=/dev/uio6 APM=/dev/uio5 APM_GCC_MSB=0x00000000 LSB=0x043113c3
APM_CLOCK_CAL cycles=20007244 wall_ms=200.075 measured_MHz=99.999
CALL=1 N=280 tiles=9 commands=9/81 pack_ms=46.160 xrt_sync_to_ms=0.438 xrt_sync_from_ms=0.341 control_submit_ms=0.182 hls_wait_ms=291.912 apm_cycles=29195049 compute_cycles=28893155 stage_cycles=301894 output_unpack_ms=6.647 wall_ms=345.920 input_bytes=94068224 output_bytes=1290240 APM_W_read=89247744 APM_X_read=4820480 APM_Y_write=1290240 APM_GBps=0.3267 GMACps=4.756 CMA_current_kB=371952 CMA_min_kB=371768
TOTAL calls=1 N=280 pack_ms=46.160 xrt_sync_to_ms=0.438 xrt_sync_from_ms=0.341 control_submit_ms=0.182 hls_wait_ms=291.912 cycles=29195049 compute_cycles=28893155 stage_cycles=301894 unpack_ms=6.647 wall_ms=345.920 input_bytes=94068224 output_bytes=1290240 APM_W_read=89247744 APM_X_read=4820480 APM_Y_write=1290240 kernel_GMACps=4.756 system_GMACps=4.013 max_abs=0.000305175781 RMSE=5.29015367e-06 cosine=0.999999999999963
CMA after_release_kB=371952 pages_after_release=40599 allocated_total_bytes=1671168
standalone_numeric_gate=PASS layer=ffn_down-26 max_abs=0.000305175781 RMSE=5.29015367e-06 cosine=0.999999999999963 time_log=/home/ubuntu/kv260-vlm-p2-cpu/runs/rm10-a-ra-q37804-20260926T083001Z/tensor-26-time-v.txt
snapshot=tensor-26-after-DMA utc=2026-09-26T08:30:09Z
MemAvailable:    3227272 kB
SwapFree:              0 kB
CmaTotal:        1024000 kB
CmaFree:          376540 kB
loadavg=1.74 1.40 1.25 1/394 353291
cpu0_scaling_cur_freq_kHz=1333333
fclk0=99999999
fpga_manager=operating
stage=q37804-before-VLM-DMA CmaFree_kB=376540 bounded_XRT_pool_bytes=1671168 cma_margin_kB=8192 required_kB=9824
q37804_prompt=$'Answer the following question based only on the image. Give a short, direct answer.\nQuestion: what letter does these athlete\'s school likely begin with?\nAnswer:'
q37804_args=-m /home/ubuntu/kv260-vlm-p2-cpu/input/MiniCPM-V-4.6-Q4_K_M-no-nextn.gguf --mmproj /home/ubuntu/kv260-vlm-p2-cpu/input/mmproj-MiniCPM-V-4.6-f16.gguf --image /home/ubuntu/kv260-vlm-p2-cpu/input/textvqa-dev50/58d543df7eab2bfc.jpg -p <frozen-prompt> -t 4 -tb 4 -c 4096 -n 48 --seed 42 --temp 0 --top-p 1 --top-k 0 --device none -ngl 0 --no-mmproj-offload --no-warmup --perf -lv 4
snapshot=q37804-after-request utc=2026-09-26T08:38:46Z
MemAvailable:    3232268 kB
SwapFree:              0 kB
CmaTotal:        1024000 kB
CmaFree:          529504 kB
loadavg=5.18 4.00 2.63 1/391 355057
cpu0_scaling_cur_freq_kHz=1333333
fclk0=99999999
fpga_manager=operating
q37804_answer=G
q37804_trace_check=expected_calls actual=135 expected=135
q37804_trace_check=expected_total_calls actual=145 expected=145
q37804_trace_check=actual_calls actual=145 expected=145
q37804_trace_check=expected_PL actual=135 expected=135
q37804_trace_check=actual_PL actual=135 expected=135
q37804_trace_check=cpu_fallbacks actual=10 expected=10
q37804_trace_check=expected_N1120 actual=35 expected=35
q37804_trace_check=actual_N1120 actual=35 expected=35
q37804_trace_check=expected_N280 actual=100 expected=100
q37804_trace_check=actual_N280 actual=100 expected=100
q37804_trace_check=expected_merger_cpu actual=10 expected=10
q37804_trace_check=merger_cpu actual=10 expected=10
q37804_trace_check=expected_vit_merger_cpu actual=5 expected=5
q37804_trace_check=vit_merger_cpu actual=5 expected=5
q37804_trace_check=expected_mm_down_cpu actual=5 expected=5
q37804_trace_check=mm_down_cpu actual=5 expected=5
q37804_trace_check=matches_expected actual=1 expected=1
q37804_trace_check=media_groups actual=5 expected=5
trace_lines=145 PL=135 N1120=35 N280=100 CPU_FALLBACK=10 ViT_merger=5 MM_down=5 bad=0
layer_summary_lines=27 bad=0
integrated_q37804_checks=PASS time_log=/home/ubuntu/kv260-vlm-p2-cpu/runs/rm10-a-ra-q37804-20260926T083001Z/q37804-time-v.txt trace=/home/ubuntu/kv260-vlm-p2-cpu/runs/rm10-a-ra-q37804-20260926T083001Z/q37804-pl-trace.txt stdout=/home/ubuntu/kv260-vlm-p2-cpu/runs/rm10-a-ra-q37804-20260926T083001Z/q37804-stdout.log stderr=/home/ubuntu/kv260-vlm-p2-cpu/runs/rm10-a-ra-q37804-20260926T083001Z/q37804-stderr.log
snapshot=before_restore utc=2026-09-26T08:38:47Z
MemAvailable:    3232756 kB
SwapFree:              0 kB
CmaTotal:        1024000 kB
CmaFree:          520280 kB
loadavg=5.18 4.00 2.63 2/391 355183
cpu0_scaling_cur_freq_kHz=1333333
fclk0=99999999
fpga_manager=operating
rm10_candidate_board_run=PASS evidence_dir=/home/ubuntu/kv260-vlm-p2-cpu/runs/rm10-a-ra-q37804-20260926T083001Z
explicit_restore_begin utc=2026-09-26T08:38:47Z
rm10_package_cleanup=PASS
starter_kit_restore=PASS
snapshot=after_restore utc=2026-09-26T08:38:49Z
MemAvailable:    3235904 kB
SwapFree:              0 kB
CmaTotal:        1024000 kB
CmaFree:          526200 kB
loadavg=5.01 3.98 2.63 1/396 355247
cpu0_scaling_cur_freq_kHz=1333333
fclk0=99999999
fpga_manager=operating
explicit_restore_end utc=2026-09-26T08:38:49Z
run_exit_status=0 starter_kit_restore=PASS
