
****** Vitis HLS - High-Level Synthesis from C, C++ and OpenCL v2024.2 (64-bit)
  **** SW Build 5238294 on Nov  8 2024
  **** IP Build 5239520 on Sun Nov 10 16:12:51 MST 2024
  **** SharedData Build 5239561 on Fri Nov 08 14:39:27 MST 2024
  **** Start of session at: Sat Sep 26 01:19:17 2026
    ** Copyright 1986-2022 Xilinx, Inc. All Rights Reserved.
    ** Copyright 2022-2024 Advanced Micro Devices, Inc. All Rights Reserved.

source /home/zhiro/research/kv260-vlm/tools/Xilinx/Vitis/2024.2/scripts/vitis_hls/hls.tcl -notrace
INFO: [HLS 200-10] For user 'zhiro' on host 'zhiro-ThinkBook-16p-G5-IRX' (Linux_x86_64 version 7.0.0-31-generic) on Sat Sep 26 01:19:18 CST 2026
INFO: [HLS 200-10] On os Ubuntu 24.04.5 LTS
INFO: [HLS 200-10] In directory '/home/zhiro/research/kv260-vlm-workers/RM10-A-resource-aware'
WARNING: [HLS 200-2053] The vitis_hls executable is deprecated. Consider using vitis-run --mode hls --tcl
Sourcing Tcl script '/home/zhiro/research/kv260-vlm-workers/RM10-A-resource-aware/scripts/run_rm10_a_ra.tcl'
INFO: [HLS 200-1510] Running: open_project -reset /tmp/rm10-a-ra-fixed4-20260926T000000Z/project 
INFO: [HLS 200-10] Creating and opening project '/tmp/rm10-a-ra-fixed4-20260926T000000Z/project'.
INFO: [HLS 200-1510] Running: set_top vision_ffn_down_tile 
INFO: [HLS 200-1510] Running: add_files /home/zhiro/research/kv260-vlm-workers/RM10-A-resource-aware/experiments/rm10_hls/source/vision_ffn_down.cpp -cflags -I/home/zhiro/research/kv260-vlm-workers/RM10-A-resource-aware/experiments/rm10_hls/source -DRM10_ARCH=4 -ffp-contract=off 
INFO: [HLS 200-10] Adding design file '/home/zhiro/research/kv260-vlm-workers/RM10-A-resource-aware/experiments/rm10_hls/source/vision_ffn_down.cpp' to the project
INFO: [HLS 200-1510] Running: add_files -tb /home/zhiro/research/kv260-vlm-workers/RM10-A-resource-aware/experiments/rm10_hls/source/tb_rm10.cpp -cflags -I/home/zhiro/research/kv260-vlm-workers/RM10-A-resource-aware/experiments/rm10_hls/source -DRM10_ARCH=4 -ffp-contract=off 
INFO: [HLS 200-10] Adding test bench file '/home/zhiro/research/kv260-vlm-workers/RM10-A-resource-aware/experiments/rm10_hls/source/tb_rm10.cpp' to the project
INFO: [HLS 200-1510] Running: open_solution -reset solution1 
INFO: [HLS 200-10] Creating and opening solution '/tmp/rm10-a-ra-fixed4-20260926T000000Z/project/solution1'.
INFO: [HLS 200-10] Cleaning up the solution database.
INFO: [HLS 200-1505] Using default flow_target 'vivado'
Resolution: For help on HLS 200-1505 see docs.xilinx.com/access/sources/dita/topic?Doc_Version=2024.2%20English&url=ug1448-hls-guidance&resourceid=200-1505.html
INFO: [HLS 200-1510] Running: set_part xck26-sfvc784-2LV-c 
INFO: [HLS 200-1611] Setting target device to 'xck26-sfvc784-2LV-c'
INFO: [HLS 200-1510] Running: create_clock -period 5.0 -name default 
INFO: [SYN 201-201] Setting up clock 'default' with a period of 5ns.
INFO: [HLS 200-1510] Running: config_interface -m_axi_max_widen_bitwidth 512 
INFO: [HLS 200-1510] Running: csim_design 
INFO: [SIM 211-2] *************** CSIM start ***************
INFO: [SIM 211-4] CSIM will launch CLANG as the compiler.
INFO: [HLS 200-2036] Building debug C Simulation binaries
   Compiling ../../../../../../home/zhiro/research/kv260-vlm-workers/RM10-A-resource-aware/experiments/rm10_hls/source/tb_rm10.cpp in debug mode
   Compiling ../../../../../../home/zhiro/research/kv260-vlm-workers/RM10-A-resource-aware/experiments/rm10_hls/source/vision_ffn_down.cpp in debug mode
   Generating csim.exe
RM10 C-sim PASS: all 4096 outputs are 4304
INFO: [SIM 211-1] CSim done with 0 errors.
INFO: [SIM 211-3] *************** CSIM finish ***************
INFO: [HLS 200-2161] Finished Command csim_design Elapsed time: 00:00:02; Allocated memory: 0.266 MB.
INFO: [HLS 200-1510] Running: csynth_design 
INFO: [HLS 200-111] Finished File checks and directory preparation: CPU user time: 0.03 seconds. CPU system time: 0.01 seconds. Elapsed time: 0.04 seconds; current allocated memory: 310.527 MB.
INFO: [HLS 200-10] Analyzing design file '/home/zhiro/research/kv260-vlm-workers/RM10-A-resource-aware/experiments/rm10_hls/source/vision_ffn_down.cpp' ... 
WARNING: [HLS 207-5581] Assuming false dependence as a "true/false" selection was not specified (/home/zhiro/research/kv260-vlm-workers/RM10-A-resource-aware/experiments/rm10_hls/source/vision_ffn_down.cpp:166:9)
INFO: [HLS 200-111] Finished Source Code Analysis and Preprocessing: CPU user time: 1.29 seconds. CPU system time: 0.22 seconds. Elapsed time: 1.51 seconds; current allocated memory: 313.562 MB.
INFO: [HLS 200-777] Using interface defaults for 'Vivado' flow target.
INFO: [HLS 200-1995] There were 651 instructions in the design after the 'Compile/Link' phase of compilation. See the Design Size Report for more details: /tmp/rm10-a-ra-fixed4-20260926T000000Z/project/solution1/syn/report/csynth_design_size.rpt
INFO: [HLS 200-1995] There were 9,493 instructions in the design after the 'Unroll/Inline (step 1)' phase of compilation. See the Design Size Report for more details: /tmp/rm10-a-ra-fixed4-20260926T000000Z/project/solution1/syn/report/csynth_design_size.rpt
INFO: [HLS 200-1995] There were 5,967 instructions in the design after the 'Unroll/Inline (step 2)' phase of compilation. See the Design Size Report for more details: /tmp/rm10-a-ra-fixed4-20260926T000000Z/project/solution1/syn/report/csynth_design_size.rpt
INFO: [HLS 200-1995] There were 5,893 instructions in the design after the 'Unroll/Inline (step 3)' phase of compilation. See the Design Size Report for more details: /tmp/rm10-a-ra-fixed4-20260926T000000Z/project/solution1/syn/report/csynth_design_size.rpt
INFO: [HLS 200-1995] There were 5,893 instructions in the design after the 'Unroll/Inline (step 4)' phase of compilation. See the Design Size Report for more details: /tmp/rm10-a-ra-fixed4-20260926T000000Z/project/solution1/syn/report/csynth_design_size.rpt
INFO: [HLS 200-1995] There were 7,241 instructions in the design after the 'Array/Struct (step 1)' phase of compilation. See the Design Size Report for more details: /tmp/rm10-a-ra-fixed4-20260926T000000Z/project/solution1/syn/report/csynth_design_size.rpt
INFO: [HLS 200-1995] There were 6,686 instructions in the design after the 'Array/Struct (step 2)' phase of compilation. See the Design Size Report for more details: /tmp/rm10-a-ra-fixed4-20260926T000000Z/project/solution1/syn/report/csynth_design_size.rpt
INFO: [HLS 200-1995] There were 6,686 instructions in the design after the 'Array/Struct (step 3)' phase of compilation. See the Design Size Report for more details: /tmp/rm10-a-ra-fixed4-20260926T000000Z/project/solution1/syn/report/csynth_design_size.rpt
INFO: [HLS 200-1995] There were 6,671 instructions in the design after the 'Array/Struct (step 4)' phase of compilation. See the Design Size Report for more details: /tmp/rm10-a-ra-fixed4-20260926T000000Z/project/solution1/syn/report/csynth_design_size.rpt
INFO: [HLS 200-1995] There were 6,685 instructions in the design after the 'Array/Struct (step 5)' phase of compilation. See the Design Size Report for more details: /tmp/rm10-a-ra-fixed4-20260926T000000Z/project/solution1/syn/report/csynth_design_size.rpt
INFO: [HLS 200-1995] There were 6,684 instructions in the design after the 'Performance (step 1)' phase of compilation. See the Design Size Report for more details: /tmp/rm10-a-ra-fixed4-20260926T000000Z/project/solution1/syn/report/csynth_design_size.rpt
INFO: [HLS 200-1995] There were 6,683 instructions in the design after the 'Performance (step 2)' phase of compilation. See the Design Size Report for more details: /tmp/rm10-a-ra-fixed4-20260926T000000Z/project/solution1/syn/report/csynth_design_size.rpt
INFO: [HLS 200-1995] There were 6,683 instructions in the design after the 'Performance (step 3)' phase of compilation. See the Design Size Report for more details: /tmp/rm10-a-ra-fixed4-20260926T000000Z/project/solution1/syn/report/csynth_design_size.rpt
INFO: [HLS 200-1995] There were 6,683 instructions in the design after the 'Performance (step 4)' phase of compilation. See the Design Size Report for more details: /tmp/rm10-a-ra-fixed4-20260926T000000Z/project/solution1/syn/report/csynth_design_size.rpt
INFO: [HLS 200-1995] There were 6,701 instructions in the design after the 'HW Transforms (step 1)' phase of compilation. See the Design Size Report for more details: /tmp/rm10-a-ra-fixed4-20260926T000000Z/project/solution1/syn/report/csynth_design_size.rpt
INFO: [HLS 200-1995] There were 6,434 instructions in the design after the 'HW Transforms (step 2)' phase of compilation. See the Design Size Report for more details: /tmp/rm10-a-ra-fixed4-20260926T000000Z/project/solution1/syn/report/csynth_design_size.rpt
INFO: [HLS 214-131] Inlining function '(anonymous namespace)::half_to_float(unsigned short)' into '(anonymous namespace)::compute_weight_batch(ap_uint<128> const*, ap_uint<256>*, int)' (/home/zhiro/research/kv260-vlm-workers/RM10-A-resource-aware/experiments/rm10_hls/source/vision_ffn_down.cpp:183:54)
INFO: [HLS 214-291] Loop 'VITIS_LOOP_169_10' is marked as complete unroll implied by the pipeline pragma (/home/zhiro/research/kv260-vlm-workers/RM10-A-resource-aware/experiments/rm10_hls/source/vision_ffn_down.cpp:169:40)
INFO: [HLS 214-291] Loop 'VITIS_LOOP_171_11' is marked as complete unroll implied by the pipeline pragma (/home/zhiro/research/kv260-vlm-workers/RM10-A-resource-aware/experiments/rm10_hls/source/vision_ffn_down.cpp:171:21)
INFO: [HLS 214-291] Loop 'VITIS_LOOP_175_12' is marked as complete unroll implied by the pipeline pragma (/home/zhiro/research/kv260-vlm-workers/RM10-A-resource-aware/experiments/rm10_hls/source/vision_ffn_down.cpp:175:21)
INFO: [HLS 214-291] Loop 'VITIS_LOOP_32_1' is marked as complete unroll implied by the pipeline pragma (/home/zhiro/research/kv260-vlm-workers/RM10-A-resource-aware/experiments/rm10_hls/source/vision_ffn_down.cpp:32:30)
INFO: [HLS 214-291] Loop 'VITIS_LOOP_363_17' is marked as complete unroll implied by the pipeline pragma (/home/zhiro/research/kv260-vlm-workers/RM10-A-resource-aware/experiments/rm10_hls/source/vision_ffn_down.cpp:363:36)
INFO: [HLS 214-186] Unrolling loop 'VITIS_LOOP_152_6' (/home/zhiro/research/kv260-vlm-workers/RM10-A-resource-aware/experiments/rm10_hls/source/vision_ffn_down.cpp:152:20) in function '(anonymous namespace)::compute_weight_batch' completely with a factor of 4 (/home/zhiro/research/kv260-vlm-workers/RM10-A-resource-aware/experiments/rm10_hls/source/vision_ffn_down.cpp:68:0)
INFO: [HLS 214-186] Unrolling loop 'VITIS_LOOP_154_7' (/home/zhiro/research/kv260-vlm-workers/RM10-A-resource-aware/experiments/rm10_hls/source/vision_ffn_down.cpp:154:20) in function '(anonymous namespace)::compute_weight_batch' completely with a factor of 4 (/home/zhiro/research/kv260-vlm-workers/RM10-A-resource-aware/experiments/rm10_hls/source/vision_ffn_down.cpp:68:0)
INFO: [HLS 214-186] Unrolling loop 'VITIS_LOOP_156_8' (/home/zhiro/research/kv260-vlm-workers/RM10-A-resource-aware/experiments/rm10_hls/source/vision_ffn_down.cpp:156:20) in function '(anonymous namespace)::compute_weight_batch' completely with a factor of 5 (/home/zhiro/research/kv260-vlm-workers/RM10-A-resource-aware/experiments/rm10_hls/source/vision_ffn_down.cpp:68:0)
INFO: [HLS 214-186] Unrolling loop 'VITIS_LOOP_169_10' (/home/zhiro/research/kv260-vlm-workers/RM10-A-resource-aware/experiments/rm10_hls/source/vision_ffn_down.cpp:169:40) in function '(anonymous namespace)::compute_weight_batch' completely with a factor of 4 (/home/zhiro/research/kv260-vlm-workers/RM10-A-resource-aware/experiments/rm10_hls/source/vision_ffn_down.cpp:68:0)
INFO: [HLS 214-186] Unrolling loop 'VITIS_LOOP_171_11' (/home/zhiro/research/kv260-vlm-workers/RM10-A-resource-aware/experiments/rm10_hls/source/vision_ffn_down.cpp:171:21) in function '(anonymous namespace)::compute_weight_batch' completely with a factor of 4 (/home/zhiro/research/kv260-vlm-workers/RM10-A-resource-aware/experiments/rm10_hls/source/vision_ffn_down.cpp:68:0)
INFO: [HLS 214-186] Unrolling loop 'VITIS_LOOP_175_12' (/home/zhiro/research/kv260-vlm-workers/RM10-A-resource-aware/experiments/rm10_hls/source/vision_ffn_down.cpp:175:21) in function '(anonymous namespace)::compute_weight_batch' completely with a factor of 4 (/home/zhiro/research/kv260-vlm-workers/RM10-A-resource-aware/experiments/rm10_hls/source/vision_ffn_down.cpp:68:0)
INFO: [HLS 214-186] Unrolling loop 'VITIS_LOOP_32_1' (/home/zhiro/research/kv260-vlm-workers/RM10-A-resource-aware/experiments/rm10_hls/source/vision_ffn_down.cpp:32:30) in function '(anonymous namespace)::compute_weight_batch' completely with a factor of 10 (/home/zhiro/research/kv260-vlm-workers/RM10-A-resource-aware/experiments/rm10_hls/source/vision_ffn_down.cpp:68:0)
INFO: [HLS 214-186] Unrolling loop 'VITIS_LOOP_198_13' (/home/zhiro/research/kv260-vlm-workers/RM10-A-resource-aware/experiments/rm10_hls/source/vision_ffn_down.cpp:198:36) in function '(anonymous namespace)::compute_weight_batch' completely with a factor of 4 (/home/zhiro/research/kv260-vlm-workers/RM10-A-resource-aware/experiments/rm10_hls/source/vision_ffn_down.cpp:68:0)
INFO: [HLS 214-186] Unrolling loop 'VITIS_LOOP_200_14' (/home/zhiro/research/kv260-vlm-workers/RM10-A-resource-aware/experiments/rm10_hls/source/vision_ffn_down.cpp:200:21) in function '(anonymous namespace)::compute_weight_batch' completely with a factor of 4 (/home/zhiro/research/kv260-vlm-workers/RM10-A-resource-aware/experiments/rm10_hls/source/vision_ffn_down.cpp:68:0)
INFO: [HLS 214-186] Unrolling loop 'VITIS_LOOP_363_17' (/home/zhiro/research/kv260-vlm-workers/RM10-A-resource-aware/experiments/rm10_hls/source/vision_ffn_down.cpp:363:36) in function '(anonymous namespace)::compute_weight_batch' completely with a factor of 8 (/home/zhiro/research/kv260-vlm-workers/RM10-A-resource-aware/experiments/rm10_hls/source/vision_ffn_down.cpp:68:0)
INFO: [HLS 214-248] Applying array_partition to '_ZN12_GLOBAL__N_116activation_cacheE': Cyclic partitioning with factor 4 on dimension 1. (/home/zhiro/research/kv260-vlm-workers/RM10-A-resource-aware/experiments/rm10_hls/source/vision_ffn_down.cpp:18:0)
INFO: [HLS 214-248] Applying array_partition to 'weight_cache': Cyclic partitioning with factor 4 on dimension 1. (/home/zhiro/research/kv260-vlm-workers/RM10-A-resource-aware/experiments/rm10_hls/source/vision_ffn_down.cpp:70:15)
INFO: [HLS 214-248] Applying array_partition to 'result_tile': Complete partitioning on dimension 2. (/home/zhiro/research/kv260-vlm-workers/RM10-A-resource-aware/experiments/rm10_hls/source/vision_ffn_down.cpp:83:15)
INFO: [HLS 214-248] Applying array_partition to 'accum': Complete partitioning on dimension 1. Complete partitioning on dimension 2. Complete partitioning on dimension 3. (/home/zhiro/research/kv260-vlm-workers/RM10-A-resource-aware/experiments/rm10_hls/source/vision_ffn_down.cpp:150:23)
INFO: [HLS 214-115] Multiple burst reads of variable length and bit width 256 has been inferred on bundle 'gmem_x'. These burst requests might be further partitioned into multiple requests during RTL generation, based on max_read_burst_length or max_write_burst_length settings. (/home/zhiro/research/kv260-vlm-workers/RM10-A-resource-aware/experiments/rm10_hls/source/vision_ffn_down.cpp:58:19)
INFO: [HLS 214-115] Multiple burst reads of length 68864 and bit width 128 in loop 'VITIS_LOOP_74_1'(/home/zhiro/research/kv260-vlm-workers/RM10-A-resource-aware/experiments/rm10_hls/source/vision_ffn_down.cpp:74:19) has been inferred on bundle 'gmem_w'. These burst requests might be further partitioned into multiple requests during RTL generation, based on max_read_burst_length or max_write_burst_length settings. (/home/zhiro/research/kv260-vlm-workers/RM10-A-resource-aware/experiments/rm10_hls/source/vision_ffn_down.cpp:74:19)
INFO: [HLS 214-115] Multiple burst writes of variable length and bit width 256 has been inferred on bundle 'gmem_y'. These burst requests might be further partitioned into multiple requests during RTL generation, based on max_read_burst_length or max_write_burst_length settings. (/home/zhiro/research/kv260-vlm-workers/RM10-A-resource-aware/experiments/rm10_hls/source/vision_ffn_down.cpp:359:28)
INFO: [HLS 200-111] Finished Compiling Optimization and Transform: CPU user time: 4.44 seconds. CPU system time: 0.21 seconds. Elapsed time: 6.61 seconds; current allocated memory: 325.004 MB.
INFO: [HLS 200-111] Finished Checking Pragmas: CPU user time: 0 seconds. CPU system time: 0 seconds. Elapsed time: 0 seconds; current allocated memory: 325.004 MB.
INFO: [HLS 200-10] Starting code transformations ...
INFO: [HLS 200-111] Finished Standard Transforms: CPU user time: 0.22 seconds. CPU system time: 0 seconds. Elapsed time: 0.22 seconds; current allocated memory: 332.941 MB.
INFO: [HLS 200-10] Checking synthesizability ...
WARNING: [SYNCHK 200-23] /home/zhiro/research/kv260-vlm-workers/RM10-A-resource-aware/experiments/rm10_hls/source/vision_ffn_down.cpp:182: variable-indexed range selection may cause suboptimal QoR.
INFO: [SYNCHK 200-10] 0 error(s), 1 warning(s).
INFO: [HLS 200-111] Finished Checking Synthesizability: CPU user time: 0.21 seconds. CPU system time: 0.01 seconds. Elapsed time: 0.21 seconds; current allocated memory: 339.176 MB.
INFO: [XFORM 203-401] Performing if-conversion on hyperblock from (/home/zhiro/research/kv260-vlm-workers/RM10-A-resource-aware/experiments/rm10_hls/source/vision_ffn_down.cpp:25:19) to (/home/zhiro/research/kv260-vlm-workers/RM10-A-resource-aware/experiments/rm10_hls/source/vision_ffn_down.cpp:193:47) in function '(anonymous namespace)::compute_weight_batch'... converting 16 basic blocks.
INFO: [XFORM 203-401] Performing if-conversion on hyperblock from (/home/zhiro/research/kv260-vlm-workers/RM10-A-resource-aware/experiments/rm10_hls/source/vision_ffn_down.cpp:177:12) to (/home/zhiro/research/kv260-vlm-workers/RM10-A-resource-aware/experiments/rm10_hls/source/vision_ffn_down.cpp:193:47) in function '(anonymous namespace)::compute_weight_batch'... converting 21 basic blocks.
INFO: [XFORM 203-401] Performing if-conversion on hyperblock from (/home/zhiro/research/kv260-vlm-workers/RM10-A-resource-aware/experiments/rm10_hls/source/vision_ffn_down.cpp:177:12) to (/home/zhiro/research/kv260-vlm-workers/RM10-A-resource-aware/experiments/rm10_hls/source/vision_ffn_down.cpp:193:47) in function '(anonymous namespace)::compute_weight_batch'... converting 21 basic blocks.
INFO: [XFORM 203-401] Performing if-conversion on hyperblock from (/home/zhiro/research/kv260-vlm-workers/RM10-A-resource-aware/experiments/rm10_hls/source/vision_ffn_down.cpp:177:12) to (/home/zhiro/research/kv260-vlm-workers/RM10-A-resource-aware/experiments/rm10_hls/source/vision_ffn_down.cpp:193:47) in function '(anonymous namespace)::compute_weight_batch'... converting 21 basic blocks.
INFO: [XFORM 203-401] Performing if-conversion on hyperblock from (/home/zhiro/research/kv260-vlm-workers/RM10-A-resource-aware/experiments/rm10_hls/source/vision_ffn_down.cpp:177:12) to (/home/zhiro/research/kv260-vlm-workers/RM10-A-resource-aware/experiments/rm10_hls/source/vision_ffn_down.cpp:193:47) in function '(anonymous namespace)::compute_weight_batch'... converting 21 basic blocks.
INFO: [XFORM 203-401] Performing if-conversion on hyperblock from (/home/zhiro/research/kv260-vlm-workers/RM10-A-resource-aware/experiments/rm10_hls/source/vision_ffn_down.cpp:177:12) to (/home/zhiro/research/kv260-vlm-workers/RM10-A-resource-aware/experiments/rm10_hls/source/vision_ffn_down.cpp:193:47) in function '(anonymous namespace)::compute_weight_batch'... converting 21 basic blocks.
INFO: [XFORM 203-401] Performing if-conversion on hyperblock from (/home/zhiro/research/kv260-vlm-workers/RM10-A-resource-aware/experiments/rm10_hls/source/vision_ffn_down.cpp:177:12) to (/home/zhiro/research/kv260-vlm-workers/RM10-A-resource-aware/experiments/rm10_hls/source/vision_ffn_down.cpp:193:47) in function '(anonymous namespace)::compute_weight_batch'... converting 21 basic blocks.
INFO: [XFORM 203-401] Performing if-conversion on hyperblock from (/home/zhiro/research/kv260-vlm-workers/RM10-A-resource-aware/experiments/rm10_hls/source/vision_ffn_down.cpp:177:12) to (/home/zhiro/research/kv260-vlm-workers/RM10-A-resource-aware/experiments/rm10_hls/source/vision_ffn_down.cpp:193:47) in function '(anonymous namespace)::compute_weight_batch'... converting 21 basic blocks.
INFO: [XFORM 203-401] Performing if-conversion on hyperblock from (/home/zhiro/research/kv260-vlm-workers/RM10-A-resource-aware/experiments/rm10_hls/source/vision_ffn_down.cpp:177:12) to (/home/zhiro/research/kv260-vlm-workers/RM10-A-resource-aware/experiments/rm10_hls/source/vision_ffn_down.cpp:193:47) in function '(anonymous namespace)::compute_weight_batch'... converting 21 basic blocks.
INFO: [XFORM 203-401] Performing if-conversion on hyperblock from (/home/zhiro/research/kv260-vlm-workers/RM10-A-resource-aware/experiments/rm10_hls/source/vision_ffn_down.cpp:177:12) to (/home/zhiro/research/kv260-vlm-workers/RM10-A-resource-aware/experiments/rm10_hls/source/vision_ffn_down.cpp:193:47) in function '(anonymous namespace)::compute_weight_batch'... converting 21 basic blocks.
INFO: [XFORM 203-401] Performing if-conversion on hyperblock from (/home/zhiro/research/kv260-vlm-workers/RM10-A-resource-aware/experiments/rm10_hls/source/vision_ffn_down.cpp:177:12) to (/home/zhiro/research/kv260-vlm-workers/RM10-A-resource-aware/experiments/rm10_hls/source/vision_ffn_down.cpp:193:47) in function '(anonymous namespace)::compute_weight_batch'... converting 21 basic blocks.
INFO: [XFORM 203-401] Performing if-conversion on hyperblock from (/home/zhiro/research/kv260-vlm-workers/RM10-A-resource-aware/experiments/rm10_hls/source/vision_ffn_down.cpp:177:12) to (/home/zhiro/research/kv260-vlm-workers/RM10-A-resource-aware/experiments/rm10_hls/source/vision_ffn_down.cpp:193:47) in function '(anonymous namespace)::compute_weight_batch'... converting 21 basic blocks.
INFO: [XFORM 203-401] Performing if-conversion on hyperblock from (/home/zhiro/research/kv260-vlm-workers/RM10-A-resource-aware/experiments/rm10_hls/source/vision_ffn_down.cpp:177:12) to (/home/zhiro/research/kv260-vlm-workers/RM10-A-resource-aware/experiments/rm10_hls/source/vision_ffn_down.cpp:193:47) in function '(anonymous namespace)::compute_weight_batch'... converting 21 basic blocks.
INFO: [XFORM 203-401] Performing if-conversion on hyperblock from (/home/zhiro/research/kv260-vlm-workers/RM10-A-resource-aware/experiments/rm10_hls/source/vision_ffn_down.cpp:177:12) to (/home/zhiro/research/kv260-vlm-workers/RM10-A-resource-aware/experiments/rm10_hls/source/vision_ffn_down.cpp:193:47) in function '(anonymous namespace)::compute_weight_batch'... converting 21 basic blocks.
INFO: [XFORM 203-401] Performing if-conversion on hyperblock from (/home/zhiro/research/kv260-vlm-workers/RM10-A-resource-aware/experiments/rm10_hls/source/vision_ffn_down.cpp:177:12) to (/home/zhiro/research/kv260-vlm-workers/RM10-A-resource-aware/experiments/rm10_hls/source/vision_ffn_down.cpp:193:47) in function '(anonymous namespace)::compute_weight_batch'... converting 21 basic blocks.
INFO: [XFORM 203-401] Performing if-conversion on hyperblock from (/home/zhiro/research/kv260-vlm-workers/RM10-A-resource-aware/experiments/rm10_hls/source/vision_ffn_down.cpp:177:12) to (/home/zhiro/research/kv260-vlm-workers/RM10-A-resource-aware/experiments/rm10_hls/source/vision_ffn_down.cpp:193:47) in function '(anonymous namespace)::compute_weight_batch'... converting 21 basic blocks.
INFO: [XFORM 203-11] Balancing expressions in function 'vision_ffn_down_tile' (/home/zhiro/research/kv260-vlm-workers/RM10-A-resource-aware/experiments/rm10_hls/source/vision_ffn_down.cpp:378:5)...3 expression(s) balanced.
INFO: [HLS 200-111] Finished Loop, function and other optimizations: CPU user time: 1.05 seconds. CPU system time: 0.01 seconds. Elapsed time: 1.07 seconds; current allocated memory: 379.820 MB.
INFO: [HLS 200-2061] Successfully converted nested loops 'VITIS_LOOP_58_1'(/home/zhiro/research/kv260-vlm-workers/RM10-A-resource-aware/experiments/rm10_hls/source/vision_ffn_down.cpp:58:19) and 'VITIS_LOOP_59_2'(/home/zhiro/research/kv260-vlm-workers/RM10-A-resource-aware/experiments/rm10_hls/source/vision_ffn_down.cpp:59:26) in function '(anonymous namespace)::stage_activation' into perfectly nested loops.
INFO: [HLS 200-2061] Successfully converted nested loops 'VITIS_LOOP_75_2'(/home/zhiro/research/kv260-vlm-workers/RM10-A-resource-aware/experiments/rm10_hls/source/vision_ffn_down.cpp:75:26) and 'VITIS_LOOP_76_3'(/home/zhiro/research/kv260-vlm-workers/RM10-A-resource-aware/experiments/rm10_hls/source/vision_ffn_down.cpp:76:30) in function '(anonymous namespace)::compute_weight_batch' into perfectly nested loops.
INFO: [HLS 200-2061] Successfully converted nested loops 'VITIS_LOOP_359_15'(/home/zhiro/research/kv260-vlm-workers/RM10-A-resource-aware/experiments/rm10_hls/source/vision_ffn_down.cpp:359:28) and 'VITIS_LOOP_360_16'(/home/zhiro/research/kv260-vlm-workers/RM10-A-resource-aware/experiments/rm10_hls/source/vision_ffn_down.cpp:360:32) in function '(anonymous namespace)::compute_weight_batch' into perfectly nested loops.
INFO: [XFORM 203-541] Flattening a loop nest 'VITIS_LOOP_58_1' (/home/zhiro/research/kv260-vlm-workers/RM10-A-resource-aware/experiments/rm10_hls/source/vision_ffn_down.cpp:58:19) in function '(anonymous namespace)::stage_activation'.
INFO: [XFORM 203-541] Flattening a loop nest 'VITIS_LOOP_75_2' (/home/zhiro/research/kv260-vlm-workers/RM10-A-resource-aware/experiments/rm10_hls/source/vision_ffn_down.cpp:75:26) in function '(anonymous namespace)::compute_weight_batch'.
INFO: [XFORM 203-541] Flattening a loop nest 'VITIS_LOOP_359_15' (/home/zhiro/research/kv260-vlm-workers/RM10-A-resource-aware/experiments/rm10_hls/source/vision_ffn_down.cpp:359:28) in function '(anonymous namespace)::compute_weight_batch'.
WARNING: [ANALYSIS 214-52] Found false inter dependency for variable 'accum.79' (/home/zhiro/research/kv260-vlm-workers/RM10-A-resource-aware/experiments/rm10_hls/source/vision_ffn_down.cpp:150).
WARNING: [ANALYSIS 214-52] Found false inter dependency for variable 'accum.78' (/home/zhiro/research/kv260-vlm-workers/RM10-A-resource-aware/experiments/rm10_hls/source/vision_ffn_down.cpp:150).
WARNING: [ANALYSIS 214-52] Found false inter dependency for variable 'accum.77' (/home/zhiro/research/kv260-vlm-workers/RM10-A-resource-aware/experiments/rm10_hls/source/vision_ffn_down.cpp:150).
WARNING: [ANALYSIS 214-52] Found false inter dependency for variable 'accum.76' (/home/zhiro/research/kv260-vlm-workers/RM10-A-resource-aware/experiments/rm10_hls/source/vision_ffn_down.cpp:150).
WARNING: [ANALYSIS 214-52] Found false inter dependency for variable 'accum.75' (/home/zhiro/research/kv260-vlm-workers/RM10-A-resource-aware/experiments/rm10_hls/source/vision_ffn_down.cpp:150).
WARNING: [ANALYSIS 214-52] Found false inter dependency for variable 'accum.74' (/home/zhiro/research/kv260-vlm-workers/RM10-A-resource-aware/experiments/rm10_hls/source/vision_ffn_down.cpp:150).
WARNING: [ANALYSIS 214-52] Found false inter dependency for variable 'accum.73' (/home/zhiro/research/kv260-vlm-workers/RM10-A-resource-aware/experiments/rm10_hls/source/vision_ffn_down.cpp:150).
WARNING: [ANALYSIS 214-52] Found false inter dependency for variable 'accum.72' (/home/zhiro/research/kv260-vlm-workers/RM10-A-resource-aware/experiments/rm10_hls/source/vision_ffn_down.cpp:150).
WARNING: [ANALYSIS 214-52] Found false inter dependency for variable 'accum.71' (/home/zhiro/research/kv260-vlm-workers/RM10-A-resource-aware/experiments/rm10_hls/source/vision_ffn_down.cpp:150).
WARNING: [ANALYSIS 214-52] Found false inter dependency for variable 'accum.70' (/home/zhiro/research/kv260-vlm-workers/RM10-A-resource-aware/experiments/rm10_hls/source/vision_ffn_down.cpp:150).
WARNING: [ANALYSIS 214-52] Found false inter dependency for variable 'accum.69' (/home/zhiro/research/kv260-vlm-workers/RM10-A-resource-aware/experiments/rm10_hls/source/vision_ffn_down.cpp:150).
WARNING: [ANALYSIS 214-52] Found false inter dependency for variable 'accum.68' (/home/zhiro/research/kv260-vlm-workers/RM10-A-resource-aware/experiments/rm10_hls/source/vision_ffn_down.cpp:150).
WARNING: [ANALYSIS 214-52] Found false inter dependency for variable 'accum.67' (/home/zhiro/research/kv260-vlm-workers/RM10-A-resource-aware/experiments/rm10_hls/source/vision_ffn_down.cpp:150).
WARNING: [ANALYSIS 214-52] Found false inter dependency for variable 'accum.66' (/home/zhiro/research/kv260-vlm-workers/RM10-A-resource-aware/experiments/rm10_hls/source/vision_ffn_down.cpp:150).
WARNING: [ANALYSIS 214-52] Found false inter dependency for variable 'accum.65' (/home/zhiro/research/kv260-vlm-workers/RM10-A-resource-aware/experiments/rm10_hls/source/vision_ffn_down.cpp:150).
WARNING: [ANALYSIS 214-52] Found false inter dependency for variable 'accum.64' (/home/zhiro/research/kv260-vlm-workers/RM10-A-resource-aware/experiments/rm10_hls/source/vision_ffn_down.cpp:150).
WARNING: [ANALYSIS 214-52] Found false inter dependency for variable 'accum.63' (/home/zhiro/research/kv260-vlm-workers/RM10-A-resource-aware/experiments/rm10_hls/source/vision_ffn_down.cpp:150).
WARNING: [ANALYSIS 214-52] Found false inter dependency for variable 'accum.62' (/home/zhiro/research/kv260-vlm-workers/RM10-A-resource-aware/experiments/rm10_hls/source/vision_ffn_down.cpp:150).
WARNING: [ANALYSIS 214-52] Found false inter dependency for variable 'accum.61' (/home/zhiro/research/kv260-vlm-workers/RM10-A-resource-aware/experiments/rm10_hls/source/vision_ffn_down.cpp:150).
WARNING: [ANALYSIS 214-52] Found false inter dependency for variable 'accum.60' (/home/zhiro/research/kv260-vlm-workers/RM10-A-resource-aware/experiments/rm10_hls/source/vision_ffn_down.cpp:150).
WARNING: [ANALYSIS 214-52] Found false inter dependency for variable 'accum.59' (/home/zhiro/research/kv260-vlm-workers/RM10-A-resource-aware/experiments/rm10_hls/source/vision_ffn_down.cpp:150).
WARNING: [ANALYSIS 214-52] Found false inter dependency for variable 'accum.58' (/home/zhiro/research/kv260-vlm-workers/RM10-A-resource-aware/experiments/rm10_hls/source/vision_ffn_down.cpp:150).
WARNING: [ANALYSIS 214-52] Found false inter dependency for variable 'accum.57' (/home/zhiro/research/kv260-vlm-workers/RM10-A-resource-aware/experiments/rm10_hls/source/vision_ffn_down.cpp:150).
WARNING: [ANALYSIS 214-52] Found false inter dependency for variable 'accum.56' (/home/zhiro/research/kv260-vlm-workers/RM10-A-resource-aware/experiments/rm10_hls/source/vision_ffn_down.cpp:150).
WARNING: [ANALYSIS 214-52] Found false inter dependency for variable 'accum.55' (/home/zhiro/research/kv260-vlm-workers/RM10-A-resource-aware/experiments/rm10_hls/source/vision_ffn_down.cpp:150).
WARNING: [ANALYSIS 214-52] Found false inter dependency for variable 'accum.54' (/home/zhiro/research/kv260-vlm-workers/RM10-A-resource-aware/experiments/rm10_hls/source/vision_ffn_down.cpp:150).
WARNING: [ANALYSIS 214-52] Found false inter dependency for variable 'accum.53' (/home/zhiro/research/kv260-vlm-workers/RM10-A-resource-aware/experiments/rm10_hls/source/vision_ffn_down.cpp:150).
WARNING: [ANALYSIS 214-52] Found false inter dependency for variable 'accum.52' (/home/zhiro/research/kv260-vlm-workers/RM10-A-resource-aware/experiments/rm10_hls/source/vision_ffn_down.cpp:150).
WARNING: [ANALYSIS 214-52] Found false inter dependency for variable 'accum.51' (/home/zhiro/research/kv260-vlm-workers/RM10-A-resource-aware/experiments/rm10_hls/source/vision_ffn_down.cpp:150).
WARNING: [ANALYSIS 214-52] Found false inter dependency for variable 'accum.50' (/home/zhiro/research/kv260-vlm-workers/RM10-A-resource-aware/experiments/rm10_hls/source/vision_ffn_down.cpp:150).
WARNING: [ANALYSIS 214-52] Found false inter dependency for variable 'accum.49' (/home/zhiro/research/kv260-vlm-workers/RM10-A-resource-aware/experiments/rm10_hls/source/vision_ffn_down.cpp:150).
WARNING: [ANALYSIS 214-52] Found false inter dependency for variable 'accum.48' (/home/zhiro/research/kv260-vlm-workers/RM10-A-resource-aware/experiments/rm10_hls/source/vision_ffn_down.cpp:150).
WARNING: [ANALYSIS 214-52] Found false inter dependency for variable 'accum.47' (/home/zhiro/research/kv260-vlm-workers/RM10-A-resource-aware/experiments/rm10_hls/source/vision_ffn_down.cpp:150).
WARNING: [ANALYSIS 214-52] Found false inter dependency for variable 'accum.46' (/home/zhiro/research/kv260-vlm-workers/RM10-A-resource-aware/experiments/rm10_hls/source/vision_ffn_down.cpp:150).
WARNING: [ANALYSIS 214-52] Found false inter dependency for variable 'accum.45' (/home/zhiro/research/kv260-vlm-workers/RM10-A-resource-aware/experiments/rm10_hls/source/vision_ffn_down.cpp:150).
WARNING: [ANALYSIS 214-52] Found false inter dependency for variable 'accum.44' (/home/zhiro/research/kv260-vlm-workers/RM10-A-resource-aware/experiments/rm10_hls/source/vision_ffn_down.cpp:150).
WARNING: [ANALYSIS 214-52] Found false inter dependency for variable 'accum.43' (/home/zhiro/research/kv260-vlm-workers/RM10-A-resource-aware/experiments/rm10_hls/source/vision_ffn_down.cpp:150).
WARNING: [ANALYSIS 214-52] Found false inter dependency for variable 'accum.42' (/home/zhiro/research/kv260-vlm-workers/RM10-A-resource-aware/experiments/rm10_hls/source/vision_ffn_down.cpp:150).
WARNING: [ANALYSIS 214-52] Found false inter dependency for variable 'accum.41' (/home/zhiro/research/kv260-vlm-workers/RM10-A-resource-aware/experiments/rm10_hls/source/vision_ffn_down.cpp:150).
WARNING: [ANALYSIS 214-52] Found false inter dependency for variable 'accum.40' (/home/zhiro/research/kv260-vlm-workers/RM10-A-resource-aware/experiments/rm10_hls/source/vision_ffn_down.cpp:150).
WARNING: [ANALYSIS 214-52] Found false inter dependency for variable 'accum.39' (/home/zhiro/research/kv260-vlm-workers/RM10-A-resource-aware/experiments/rm10_hls/source/vision_ffn_down.cpp:150).
WARNING: [ANALYSIS 214-52] Found false inter dependency for variable 'accum.38' (/home/zhiro/research/kv260-vlm-workers/RM10-A-resource-aware/experiments/rm10_hls/source/vision_ffn_down.cpp:150).
WARNING: [ANALYSIS 214-52] Found false inter dependency for variable 'accum.37' (/home/zhiro/research/kv260-vlm-workers/RM10-A-resource-aware/experiments/rm10_hls/source/vision_ffn_down.cpp:150).
WARNING: [ANALYSIS 214-52] Found false inter dependency for variable 'accum.36' (/home/zhiro/research/kv260-vlm-workers/RM10-A-resource-aware/experiments/rm10_hls/source/vision_ffn_down.cpp:150).
WARNING: [ANALYSIS 214-52] Found false inter dependency for variable 'accum.35' (/home/zhiro/research/kv260-vlm-workers/RM10-A-resource-aware/experiments/rm10_hls/source/vision_ffn_down.cpp:150).
WARNING: [ANALYSIS 214-52] Found false inter dependency for variable 'accum.34' (/home/zhiro/research/kv260-vlm-workers/RM10-A-resource-aware/experiments/rm10_hls/source/vision_ffn_down.cpp:150).
WARNING: [ANALYSIS 214-52] Found false inter dependency for variable 'accum.33' (/home/zhiro/research/kv260-vlm-workers/RM10-A-resource-aware/experiments/rm10_hls/source/vision_ffn_down.cpp:150).
WARNING: [ANALYSIS 214-52] Found false inter dependency for variable 'accum.32' (/home/zhiro/research/kv260-vlm-workers/RM10-A-resource-aware/experiments/rm10_hls/source/vision_ffn_down.cpp:150).
WARNING: [ANALYSIS 214-52] Found false inter dependency for variable 'accum.31' (/home/zhiro/research/kv260-vlm-workers/RM10-A-resource-aware/experiments/rm10_hls/source/vision_ffn_down.cpp:150).
WARNING: [ANALYSIS 214-52] Found false inter dependency for variable 'accum.30' (/home/zhiro/research/kv260-vlm-workers/RM10-A-resource-aware/experiments/rm10_hls/source/vision_ffn_down.cpp:150).
WARNING: [ANALYSIS 214-52] Found false inter dependency for variable 'accum.29' (/home/zhiro/research/kv260-vlm-workers/RM10-A-resource-aware/experiments/rm10_hls/source/vision_ffn_down.cpp:150).
WARNING: [ANALYSIS 214-52] Found false inter dependency for variable 'accum.28' (/home/zhiro/research/kv260-vlm-workers/RM10-A-resource-aware/experiments/rm10_hls/source/vision_ffn_down.cpp:150).
WARNING: [ANALYSIS 214-52] Found false inter dependency for variable 'accum.27' (/home/zhiro/research/kv260-vlm-workers/RM10-A-resource-aware/experiments/rm10_hls/source/vision_ffn_down.cpp:150).
WARNING: [ANALYSIS 214-52] Found false inter dependency for variable 'accum.26' (/home/zhiro/research/kv260-vlm-workers/RM10-A-resource-aware/experiments/rm10_hls/source/vision_ffn_down.cpp:150).
WARNING: [ANALYSIS 214-52] Found false inter dependency for variable 'accum.25' (/home/zhiro/research/kv260-vlm-workers/RM10-A-resource-aware/experiments/rm10_hls/source/vision_ffn_down.cpp:150).
WARNING: [ANALYSIS 214-52] Found false inter dependency for variable 'accum.24' (/home/zhiro/research/kv260-vlm-workers/RM10-A-resource-aware/experiments/rm10_hls/source/vision_ffn_down.cpp:150).
WARNING: [ANALYSIS 214-52] Found false inter dependency for variable 'accum.23' (/home/zhiro/research/kv260-vlm-workers/RM10-A-resource-aware/experiments/rm10_hls/source/vision_ffn_down.cpp:150).
WARNING: [ANALYSIS 214-52] Found false inter dependency for variable 'accum.22' (/home/zhiro/research/kv260-vlm-workers/RM10-A-resource-aware/experiments/rm10_hls/source/vision_ffn_down.cpp:150).
WARNING: [ANALYSIS 214-52] Found false inter dependency for variable 'accum.21' (/home/zhiro/research/kv260-vlm-workers/RM10-A-resource-aware/experiments/rm10_hls/source/vision_ffn_down.cpp:150).
WARNING: [ANALYSIS 214-52] Found false inter dependency for variable 'accum.20' (/home/zhiro/research/kv260-vlm-workers/RM10-A-resource-aware/experiments/rm10_hls/source/vision_ffn_down.cpp:150).
WARNING: [ANALYSIS 214-52] Found false inter dependency for variable 'accum.19' (/home/zhiro/research/kv260-vlm-workers/RM10-A-resource-aware/experiments/rm10_hls/source/vision_ffn_down.cpp:150).
WARNING: [ANALYSIS 214-52] Found false inter dependency for variable 'accum.18' (/home/zhiro/research/kv260-vlm-workers/RM10-A-resource-aware/experiments/rm10_hls/source/vision_ffn_down.cpp:150).
WARNING: [ANALYSIS 214-52] Found false inter dependency for variable 'accum.17' (/home/zhiro/research/kv260-vlm-workers/RM10-A-resource-aware/experiments/rm10_hls/source/vision_ffn_down.cpp:150).
WARNING: [ANALYSIS 214-52] Found false inter dependency for variable 'accum.16' (/home/zhiro/research/kv260-vlm-workers/RM10-A-resource-aware/experiments/rm10_hls/source/vision_ffn_down.cpp:150).
WARNING: [ANALYSIS 214-52] Found false inter dependency for variable 'accum.15' (/home/zhiro/research/kv260-vlm-workers/RM10-A-resource-aware/experiments/rm10_hls/source/vision_ffn_down.cpp:150).
WARNING: [ANALYSIS 214-52] Found false inter dependency for variable 'accum.14' (/home/zhiro/research/kv260-vlm-workers/RM10-A-resource-aware/experiments/rm10_hls/source/vision_ffn_down.cpp:150).
WARNING: [ANALYSIS 214-52] Found false inter dependency for variable 'accum.13' (/home/zhiro/research/kv260-vlm-workers/RM10-A-resource-aware/experiments/rm10_hls/source/vision_ffn_down.cpp:150).
WARNING: [ANALYSIS 214-52] Found false inter dependency for variable 'accum.12' (/home/zhiro/research/kv260-vlm-workers/RM10-A-resource-aware/experiments/rm10_hls/source/vision_ffn_down.cpp:150).
WARNING: [ANALYSIS 214-52] Found false inter dependency for variable 'accum.11' (/home/zhiro/research/kv260-vlm-workers/RM10-A-resource-aware/experiments/rm10_hls/source/vision_ffn_down.cpp:150).
WARNING: [ANALYSIS 214-52] Found false inter dependency for variable 'accum.10' (/home/zhiro/research/kv260-vlm-workers/RM10-A-resource-aware/experiments/rm10_hls/source/vision_ffn_down.cpp:150).
WARNING: [ANALYSIS 214-52] Found false inter dependency for variable 'accum.9' (/home/zhiro/research/kv260-vlm-workers/RM10-A-resource-aware/experiments/rm10_hls/source/vision_ffn_down.cpp:150).
WARNING: [ANALYSIS 214-52] Found false inter dependency for variable 'accum.8' (/home/zhiro/research/kv260-vlm-workers/RM10-A-resource-aware/experiments/rm10_hls/source/vision_ffn_down.cpp:150).
WARNING: [ANALYSIS 214-52] Found false inter dependency for variable 'accum.7' (/home/zhiro/research/kv260-vlm-workers/RM10-A-resource-aware/experiments/rm10_hls/source/vision_ffn_down.cpp:150).
WARNING: [ANALYSIS 214-52] Found false inter dependency for variable 'accum.6' (/home/zhiro/research/kv260-vlm-workers/RM10-A-resource-aware/experiments/rm10_hls/source/vision_ffn_down.cpp:150).
WARNING: [ANALYSIS 214-52] Found false inter dependency for variable 'accum.5' (/home/zhiro/research/kv260-vlm-workers/RM10-A-resource-aware/experiments/rm10_hls/source/vision_ffn_down.cpp:150).
WARNING: [ANALYSIS 214-52] Found false inter dependency for variable 'accum.4' (/home/zhiro/research/kv260-vlm-workers/RM10-A-resource-aware/experiments/rm10_hls/source/vision_ffn_down.cpp:150).
WARNING: [ANALYSIS 214-52] Found false inter dependency for variable 'accum.3' (/home/zhiro/research/kv260-vlm-workers/RM10-A-resource-aware/experiments/rm10_hls/source/vision_ffn_down.cpp:150).
WARNING: [ANALYSIS 214-52] Found false inter dependency for variable 'accum.2' (/home/zhiro/research/kv260-vlm-workers/RM10-A-resource-aware/experiments/rm10_hls/source/vision_ffn_down.cpp:150).
WARNING: [ANALYSIS 214-52] Found false inter dependency for variable 'accum.1' (/home/zhiro/research/kv260-vlm-workers/RM10-A-resource-aware/experiments/rm10_hls/source/vision_ffn_down.cpp:150).
WARNING: [ANALYSIS 214-52] Found false inter dependency for variable 'accum' (/home/zhiro/research/kv260-vlm-workers/RM10-A-resource-aware/experiments/rm10_hls/source/vision_ffn_down.cpp:150).
WARNING: [ANALYSIS 214-52] Found false inter dependency for variable 'accum.79' (/home/zhiro/research/kv260-vlm-workers/RM10-A-resource-aware/experiments/rm10_hls/source/vision_ffn_down.cpp:150).
WARNING: [ANALYSIS 214-52] Found false inter dependency for variable 'accum.78' (/home/zhiro/research/kv260-vlm-workers/RM10-A-resource-aware/experiments/rm10_hls/source/vision_ffn_down.cpp:150).
WARNING: [ANALYSIS 214-52] Found false inter dependency for variable 'accum.77' (/home/zhiro/research/kv260-vlm-workers/RM10-A-resource-aware/experiments/rm10_hls/source/vision_ffn_down.cpp:150).
WARNING: [ANALYSIS 214-52] Found false inter dependency for variable 'accum.76' (/home/zhiro/research/kv260-vlm-workers/RM10-A-resource-aware/experiments/rm10_hls/source/vision_ffn_down.cpp:150).
WARNING: [ANALYSIS 214-52] Found false inter dependency for variable 'accum.75' (/home/zhiro/research/kv260-vlm-workers/RM10-A-resource-aware/experiments/rm10_hls/source/vision_ffn_down.cpp:150).
WARNING: [ANALYSIS 214-52] Found false inter dependency for variable 'accum.74' (/home/zhiro/research/kv260-vlm-workers/RM10-A-resource-aware/experiments/rm10_hls/source/vision_ffn_down.cpp:150).
WARNING: [ANALYSIS 214-52] Found false inter dependency for variable 'accum.73' (/home/zhiro/research/kv260-vlm-workers/RM10-A-resource-aware/experiments/rm10_hls/source/vision_ffn_down.cpp:150).
WARNING: [ANALYSIS 214-52] Found false inter dependency for variable 'accum.72' (/home/zhiro/research/kv260-vlm-workers/RM10-A-resource-aware/experiments/rm10_hls/source/vision_ffn_down.cpp:150).
WARNING: [ANALYSIS 214-52] Found false inter dependency for variable 'accum.71' (/home/zhiro/research/kv260-vlm-workers/RM10-A-resource-aware/experiments/rm10_hls/source/vision_ffn_down.cpp:150).
WARNING: [ANALYSIS 214-52] Found false inter dependency for variable 'accum.70' (/home/zhiro/research/kv260-vlm-workers/RM10-A-resource-aware/experiments/rm10_hls/source/vision_ffn_down.cpp:150).
WARNING: [ANALYSIS 214-52] Found false inter dependency for variable 'accum.69' (/home/zhiro/research/kv260-vlm-workers/RM10-A-resource-aware/experiments/rm10_hls/source/vision_ffn_down.cpp:150).
WARNING: [ANALYSIS 214-52] Found false inter dependency for variable 'accum.68' (/home/zhiro/research/kv260-vlm-workers/RM10-A-resource-aware/experiments/rm10_hls/source/vision_ffn_down.cpp:150).
WARNING: [ANALYSIS 214-52] Found false inter dependency for variable 'accum.67' (/home/zhiro/research/kv260-vlm-workers/RM10-A-resource-aware/experiments/rm10_hls/source/vision_ffn_down.cpp:150).
WARNING: [ANALYSIS 214-52] Found false inter dependency for variable 'accum.66' (/home/zhiro/research/kv260-vlm-workers/RM10-A-resource-aware/experiments/rm10_hls/source/vision_ffn_down.cpp:150).
WARNING: [ANALYSIS 214-52] Found false inter dependency for variable 'accum.65' (/home/zhiro/research/kv260-vlm-workers/RM10-A-resource-aware/experiments/rm10_hls/source/vision_ffn_down.cpp:150).
WARNING: [ANALYSIS 214-52] Found false inter dependency for variable 'accum.64' (/home/zhiro/research/kv260-vlm-workers/RM10-A-resource-aware/experiments/rm10_hls/source/vision_ffn_down.cpp:150).
WARNING: [ANALYSIS 214-52] Found false inter dependency for variable 'accum.63' (/home/zhiro/research/kv260-vlm-workers/RM10-A-resource-aware/experiments/rm10_hls/source/vision_ffn_down.cpp:150).
WARNING: [ANALYSIS 214-52] Found false inter dependency for variable 'accum.62' (/home/zhiro/research/kv260-vlm-workers/RM10-A-resource-aware/experiments/rm10_hls/source/vision_ffn_down.cpp:150).
WARNING: [ANALYSIS 214-52] Found false inter dependency for variable 'accum.61' (/home/zhiro/research/kv260-vlm-workers/RM10-A-resource-aware/experiments/rm10_hls/source/vision_ffn_down.cpp:150).
WARNING: [ANALYSIS 214-52] Found false inter dependency for variable 'accum.60' (/home/zhiro/research/kv260-vlm-workers/RM10-A-resource-aware/experiments/rm10_hls/source/vision_ffn_down.cpp:150).
WARNING: [ANALYSIS 214-52] Found false inter dependency for variable 'accum.59' (/home/zhiro/research/kv260-vlm-workers/RM10-A-resource-aware/experiments/rm10_hls/source/vision_ffn_down.cpp:150).
WARNING: [ANALYSIS 214-52] Found false inter dependency for variable 'accum.58' (/home/zhiro/research/kv260-vlm-workers/RM10-A-resource-aware/experiments/rm10_hls/source/vision_ffn_down.cpp:150).
WARNING: [ANALYSIS 214-52] Found false inter dependency for variable 'accum.57' (/home/zhiro/research/kv260-vlm-workers/RM10-A-resource-aware/experiments/rm10_hls/source/vision_ffn_down.cpp:150).
WARNING: [ANALYSIS 214-52] Found false inter dependency for variable 'accum.56' (/home/zhiro/research/kv260-vlm-workers/RM10-A-resource-aware/experiments/rm10_hls/source/vision_ffn_down.cpp:150).
WARNING: [ANALYSIS 214-52] Found false inter dependency for variable 'accum.55' (/home/zhiro/research/kv260-vlm-workers/RM10-A-resource-aware/experiments/rm10_hls/source/vision_ffn_down.cpp:150).
WARNING: [ANALYSIS 214-52] Found false inter dependency for variable 'accum.54' (/home/zhiro/research/kv260-vlm-workers/RM10-A-resource-aware/experiments/rm10_hls/source/vision_ffn_down.cpp:150).
WARNING: [ANALYSIS 214-52] Found false inter dependency for variable 'accum.53' (/home/zhiro/research/kv260-vlm-workers/RM10-A-resource-aware/experiments/rm10_hls/source/vision_ffn_down.cpp:150).
WARNING: [ANALYSIS 214-52] Found false inter dependency for variable 'accum.52' (/home/zhiro/research/kv260-vlm-workers/RM10-A-resource-aware/experiments/rm10_hls/source/vision_ffn_down.cpp:150).
WARNING: [ANALYSIS 214-52] Found false inter dependency for variable 'accum.51' (/home/zhiro/research/kv260-vlm-workers/RM10-A-resource-aware/experiments/rm10_hls/source/vision_ffn_down.cpp:150).
WARNING: [ANALYSIS 214-52] Found false inter dependency for variable 'accum.50' (/home/zhiro/research/kv260-vlm-workers/RM10-A-resource-aware/experiments/rm10_hls/source/vision_ffn_down.cpp:150).
WARNING: [ANALYSIS 214-52] Found false inter dependency for variable 'accum.49' (/home/zhiro/research/kv260-vlm-workers/RM10-A-resource-aware/experiments/rm10_hls/source/vision_ffn_down.cpp:150).
WARNING: [ANALYSIS 214-52] Found false inter dependency for variable 'accum.48' (/home/zhiro/research/kv260-vlm-workers/RM10-A-resource-aware/experiments/rm10_hls/source/vision_ffn_down.cpp:150).
WARNING: [ANALYSIS 214-52] Found false inter dependency for variable 'accum.47' (/home/zhiro/research/kv260-vlm-workers/RM10-A-resource-aware/experiments/rm10_hls/source/vision_ffn_down.cpp:150).
WARNING: [ANALYSIS 214-52] Found false inter dependency for variable 'accum.46' (/home/zhiro/research/kv260-vlm-workers/RM10-A-resource-aware/experiments/rm10_hls/source/vision_ffn_down.cpp:150).
WARNING: [ANALYSIS 214-52] Found false inter dependency for variable 'accum.45' (/home/zhiro/research/kv260-vlm-workers/RM10-A-resource-aware/experiments/rm10_hls/source/vision_ffn_down.cpp:150).
WARNING: [ANALYSIS 214-52] Found false inter dependency for variable 'accum.44' (/home/zhiro/research/kv260-vlm-workers/RM10-A-resource-aware/experiments/rm10_hls/source/vision_ffn_down.cpp:150).
WARNING: [ANALYSIS 214-52] Found false inter dependency for variable 'accum.43' (/home/zhiro/research/kv260-vlm-workers/RM10-A-resource-aware/experiments/rm10_hls/source/vision_ffn_down.cpp:150).
WARNING: [ANALYSIS 214-52] Found false inter dependency for variable 'accum.42' (/home/zhiro/research/kv260-vlm-workers/RM10-A-resource-aware/experiments/rm10_hls/source/vision_ffn_down.cpp:150).
WARNING: [ANALYSIS 214-52] Found false inter dependency for variable 'accum.41' (/home/zhiro/research/kv260-vlm-workers/RM10-A-resource-aware/experiments/rm10_hls/source/vision_ffn_down.cpp:150).
WARNING: [ANALYSIS 214-52] Found false inter dependency for variable 'accum.40' (/home/zhiro/research/kv260-vlm-workers/RM10-A-resource-aware/experiments/rm10_hls/source/vision_ffn_down.cpp:150).
WARNING: [ANALYSIS 214-52] Found false inter dependency for variable 'accum.39' (/home/zhiro/research/kv260-vlm-workers/RM10-A-resource-aware/experiments/rm10_hls/source/vision_ffn_down.cpp:150).
WARNING: [ANALYSIS 214-52] Found false inter dependency for variable 'accum.38' (/home/zhiro/research/kv260-vlm-workers/RM10-A-resource-aware/experiments/rm10_hls/source/vision_ffn_down.cpp:150).
WARNING: [ANALYSIS 214-52] Found false inter dependency for variable 'accum.37' (/home/zhiro/research/kv260-vlm-workers/RM10-A-resource-aware/experiments/rm10_hls/source/vision_ffn_down.cpp:150).
WARNING: [ANALYSIS 214-52] Found false inter dependency for variable 'accum.36' (/home/zhiro/research/kv260-vlm-workers/RM10-A-resource-aware/experiments/rm10_hls/source/vision_ffn_down.cpp:150).
WARNING: [ANALYSIS 214-52] Found false inter dependency for variable 'accum.35' (/home/zhiro/research/kv260-vlm-workers/RM10-A-resource-aware/experiments/rm10_hls/source/vision_ffn_down.cpp:150).
WARNING: [ANALYSIS 214-52] Found false inter dependency for variable 'accum.34' (/home/zhiro/research/kv260-vlm-workers/RM10-A-resource-aware/experiments/rm10_hls/source/vision_ffn_down.cpp:150).
WARNING: [ANALYSIS 214-52] Found false inter dependency for variable 'accum.33' (/home/zhiro/research/kv260-vlm-workers/RM10-A-resource-aware/experiments/rm10_hls/source/vision_ffn_down.cpp:150).
WARNING: [ANALYSIS 214-52] Found false inter dependency for variable 'accum.32' (/home/zhiro/research/kv260-vlm-workers/RM10-A-resource-aware/experiments/rm10_hls/source/vision_ffn_down.cpp:150).
WARNING: [ANALYSIS 214-52] Found false inter dependency for variable 'accum.31' (/home/zhiro/research/kv260-vlm-workers/RM10-A-resource-aware/experiments/rm10_hls/source/vision_ffn_down.cpp:150).
WARNING: [ANALYSIS 214-52] Found false inter dependency for variable 'accum.30' (/home/zhiro/research/kv260-vlm-workers/RM10-A-resource-aware/experiments/rm10_hls/source/vision_ffn_down.cpp:150).
WARNING: [ANALYSIS 214-52] Found false inter dependency for variable 'accum.29' (/home/zhiro/research/kv260-vlm-workers/RM10-A-resource-aware/experiments/rm10_hls/source/vision_ffn_down.cpp:150).
WARNING: [ANALYSIS 214-52] Found false inter dependency for variable 'accum.28' (/home/zhiro/research/kv260-vlm-workers/RM10-A-resource-aware/experiments/rm10_hls/source/vision_ffn_down.cpp:150).
WARNING: [ANALYSIS 214-52] Found false inter dependency for variable 'accum.27' (/home/zhiro/research/kv260-vlm-workers/RM10-A-resource-aware/experiments/rm10_hls/source/vision_ffn_down.cpp:150).
WARNING: [ANALYSIS 214-52] Found false inter dependency for variable 'accum.26' (/home/zhiro/research/kv260-vlm-workers/RM10-A-resource-aware/experiments/rm10_hls/source/vision_ffn_down.cpp:150).
WARNING: [ANALYSIS 214-52] Found false inter dependency for variable 'accum.25' (/home/zhiro/research/kv260-vlm-workers/RM10-A-resource-aware/experiments/rm10_hls/source/vision_ffn_down.cpp:150).
WARNING: [ANALYSIS 214-52] Found false inter dependency for variable 'accum.24' (/home/zhiro/research/kv260-vlm-workers/RM10-A-resource-aware/experiments/rm10_hls/source/vision_ffn_down.cpp:150).
WARNING: [ANALYSIS 214-52] Found false inter dependency for variable 'accum.23' (/home/zhiro/research/kv260-vlm-workers/RM10-A-resource-aware/experiments/rm10_hls/source/vision_ffn_down.cpp:150).
WARNING: [ANALYSIS 214-52] Found false inter dependency for variable 'accum.22' (/home/zhiro/research/kv260-vlm-workers/RM10-A-resource-aware/experiments/rm10_hls/source/vision_ffn_down.cpp:150).
WARNING: [ANALYSIS 214-52] Found false inter dependency for variable 'accum.21' (/home/zhiro/research/kv260-vlm-workers/RM10-A-resource-aware/experiments/rm10_hls/source/vision_ffn_down.cpp:150).
WARNING: [ANALYSIS 214-52] Found false inter dependency for variable 'accum.20' (/home/zhiro/research/kv260-vlm-workers/RM10-A-resource-aware/experiments/rm10_hls/source/vision_ffn_down.cpp:150).
WARNING: [ANALYSIS 214-52] Found false inter dependency for variable 'accum.19' (/home/zhiro/research/kv260-vlm-workers/RM10-A-resource-aware/experiments/rm10_hls/source/vision_ffn_down.cpp:150).
WARNING: [ANALYSIS 214-52] Found false inter dependency for variable 'accum.18' (/home/zhiro/research/kv260-vlm-workers/RM10-A-resource-aware/experiments/rm10_hls/source/vision_ffn_down.cpp:150).
WARNING: [ANALYSIS 214-52] Found false inter dependency for variable 'accum.17' (/home/zhiro/research/kv260-vlm-workers/RM10-A-resource-aware/experiments/rm10_hls/source/vision_ffn_down.cpp:150).
WARNING: [ANALYSIS 214-52] Found false inter dependency for variable 'accum.16' (/home/zhiro/research/kv260-vlm-workers/RM10-A-resource-aware/experiments/rm10_hls/source/vision_ffn_down.cpp:150).
WARNING: [ANALYSIS 214-52] Found false inter dependency for variable 'accum.15' (/home/zhiro/research/kv260-vlm-workers/RM10-A-resource-aware/experiments/rm10_hls/source/vision_ffn_down.cpp:150).
WARNING: [ANALYSIS 214-52] Found false inter dependency for variable 'accum.14' (/home/zhiro/research/kv260-vlm-workers/RM10-A-resource-aware/experiments/rm10_hls/source/vision_ffn_down.cpp:150).
WARNING: [ANALYSIS 214-52] Found false inter dependency for variable 'accum.13' (/home/zhiro/research/kv260-vlm-workers/RM10-A-resource-aware/experiments/rm10_hls/source/vision_ffn_down.cpp:150).
WARNING: [ANALYSIS 214-52] Found false inter dependency for variable 'accum.12' (/home/zhiro/research/kv260-vlm-workers/RM10-A-resource-aware/experiments/rm10_hls/source/vision_ffn_down.cpp:150).
WARNING: [ANALYSIS 214-52] Found false inter dependency for variable 'accum.11' (/home/zhiro/research/kv260-vlm-workers/RM10-A-resource-aware/experiments/rm10_hls/source/vision_ffn_down.cpp:150).
WARNING: [ANALYSIS 214-52] Found false inter dependency for variable 'accum.10' (/home/zhiro/research/kv260-vlm-workers/RM10-A-resource-aware/experiments/rm10_hls/source/vision_ffn_down.cpp:150).
WARNING: [ANALYSIS 214-52] Found false inter dependency for variable 'accum.9' (/home/zhiro/research/kv260-vlm-workers/RM10-A-resource-aware/experiments/rm10_hls/source/vision_ffn_down.cpp:150).
WARNING: [ANALYSIS 214-52] Found false inter dependency for variable 'accum.8' (/home/zhiro/research/kv260-vlm-workers/RM10-A-resource-aware/experiments/rm10_hls/source/vision_ffn_down.cpp:150).
WARNING: [ANALYSIS 214-52] Found false inter dependency for variable 'accum.7' (/home/zhiro/research/kv260-vlm-workers/RM10-A-resource-aware/experiments/rm10_hls/source/vision_ffn_down.cpp:150).
WARNING: [ANALYSIS 214-52] Found false inter dependency for variable 'accum.6' (/home/zhiro/research/kv260-vlm-workers/RM10-A-resource-aware/experiments/rm10_hls/source/vision_ffn_down.cpp:150).
WARNING: [ANALYSIS 214-52] Found false inter dependency for variable 'accum.5' (/home/zhiro/research/kv260-vlm-workers/RM10-A-resource-aware/experiments/rm10_hls/source/vision_ffn_down.cpp:150).
WARNING: [ANALYSIS 214-52] Found false inter dependency for variable 'accum.4' (/home/zhiro/research/kv260-vlm-workers/RM10-A-resource-aware/experiments/rm10_hls/source/vision_ffn_down.cpp:150).
WARNING: [ANALYSIS 214-52] Found false inter dependency for variable 'accum.3' (/home/zhiro/research/kv260-vlm-workers/RM10-A-resource-aware/experiments/rm10_hls/source/vision_ffn_down.cpp:150).
WARNING: [ANALYSIS 214-52] Found false inter dependency for variable 'accum.2' (/home/zhiro/research/kv260-vlm-workers/RM10-A-resource-aware/experiments/rm10_hls/source/vision_ffn_down.cpp:150).
WARNING: [ANALYSIS 214-52] Found false inter dependency for variable 'accum.1' (/home/zhiro/research/kv260-vlm-workers/RM10-A-resource-aware/experiments/rm10_hls/source/vision_ffn_down.cpp:150).
WARNING: [ANALYSIS 214-52] Found false inter dependency for variable 'accum' (/home/zhiro/research/kv260-vlm-workers/RM10-A-resource-aware/experiments/rm10_hls/source/vision_ffn_down.cpp:150).
INFO: [HLS 200-111] Finished Architecture Synthesis: CPU user time: 0.75 seconds. CPU system time: 0.01 seconds. Elapsed time: 0.75 seconds; current allocated memory: 425.699 MB.
INFO: [HLS 200-10] Starting hardware synthesis ...
INFO: [HLS 200-10] Synthesizing 'vision_ffn_down_tile' ...
WARNING: [SYN 201-103] Legalizing function name '(anonymous namespace)compute_weight_batch_Pipeline_VITIS_LOOP_75_2_VITIS_LOOP_76' to 'p_anonymous_namespace_compute_weight_batch_Pipeline_VITIS_LOOP_75_2_VITIS_LOOP_76'.
WARNING: [SYN 201-103] Legalizing function name '(anonymous namespace)compute_weight_batch_Pipeline_VITIS_LOOP_164_9' to 'p_anonymous_namespace_compute_weight_batch_Pipeline_VITIS_LOOP_164_9'.
WARNING: [SYN 201-103] Legalizing function name '(anonymous namespace)compute_weight_batch_Pipeline_VITIS_LOOP_359_15_VITIS_LOOP_' to 'p_anonymous_namespace_compute_weight_batch_Pipeline_VITIS_LOOP_359_15_VITIS_LOOP_s'.
WARNING: [SYN 201-103] Legalizing function name '(anonymous namespace)compute_weight_batch' to 'p_anonymous_namespace_compute_weight_batch'.
WARNING: [SYN 201-103] Legalizing function name '(anonymous namespace)stage_activation_Pipeline_VITIS_LOOP_58_1_VITIS_LOOP_59_2' to 'p_anonymous_namespace_stage_activation_Pipeline_VITIS_LOOP_58_1_VITIS_LOOP_59_2'.
WARNING: [SYN 201-103] Legalizing function name '(anonymous namespace)stage_activation' to 'p_anonymous_namespace_stage_activation'.
INFO: [HLS 200-10] ----------------------------------------------------------------
INFO: [HLS 200-42] -- Implementing module 'p_anonymous_namespace_compute_weight_batch_Pipeline_VITIS_LOOP_75_2_VITIS_LOOP_76' 
INFO: [HLS 200-10] ----------------------------------------------------------------
INFO: [SCHED 204-11] Starting scheduling ...
INFO: [HLS 200-486] Changing DSP latency (root=add_ln79) to 3 in order to utilize available DSP registers.
WARNING: [HLS 200-2042] Usage of URAM can potentially cause worse II as Vitis HLS does not exploit read-first mode for URAMs. Consider using BRAMs instead.
WARNING: [HLS 200-2042] Usage of URAM can potentially cause worse II as Vitis HLS does not exploit read-first mode for URAMs. Consider using BRAMs instead.
WARNING: [HLS 200-2042] Usage of URAM can potentially cause worse II as Vitis HLS does not exploit read-first mode for URAMs. Consider using BRAMs instead.
WARNING: [HLS 200-2042] Usage of URAM can potentially cause worse II as Vitis HLS does not exploit read-first mode for URAMs. Consider using BRAMs instead.
INFO: [SCHED 204-61] Pipelining loop 'VITIS_LOOP_75_2_VITIS_LOOP_76_3'.
INFO: [HLS 200-1470] Pipelining result : Target II = 1, Final II = 1, Depth = 4, loop 'VITIS_LOOP_75_2_VITIS_LOOP_76_3'
INFO: [SCHED 204-11] Finished scheduling.
INFO: [HLS 200-111] Finished Scheduling: CPU user time: 0.1 seconds. CPU system time: 0.02 seconds. Elapsed time: 0.12 seconds; current allocated memory: 425.699 MB.
INFO: [BIND 205-100] Starting micro-architecture generation ...
INFO: [BIND 205-101] Performing variable lifetime analysis.
INFO: [BIND 205-101] Exploring resource sharing.
INFO: [BIND 205-101] Binding ...
INFO: [BIND 205-100] Finished micro-architecture generation.
INFO: [HLS 200-111] Finished Binding: CPU user time: 0.02 seconds. CPU system time: 0 seconds. Elapsed time: 0.01 seconds; current allocated memory: 425.699 MB.
INFO: [HLS 200-10] ----------------------------------------------------------------
INFO: [HLS 200-42] -- Implementing module 'p_anonymous_namespace_compute_weight_batch_Pipeline_VITIS_LOOP_164_9' 
INFO: [HLS 200-10] ----------------------------------------------------------------
INFO: [SCHED 204-11] Starting scheduling ...
WARNING: [HLS 200-2042] Usage of URAM can potentially cause worse II as Vitis HLS does not exploit read-first mode for URAMs. Consider using BRAMs instead.
WARNING: [HLS 200-2042] Usage of URAM can potentially cause worse II as Vitis HLS does not exploit read-first mode for URAMs. Consider using BRAMs instead.
WARNING: [HLS 200-2042] Usage of URAM can potentially cause worse II as Vitis HLS does not exploit read-first mode for URAMs. Consider using BRAMs instead.
WARNING: [HLS 200-2042] Usage of URAM can potentially cause worse II as Vitis HLS does not exploit read-first mode for URAMs. Consider using BRAMs instead.
WARNING: [HLS 200-2042] Usage of URAM can potentially cause worse II as Vitis HLS does not exploit read-first mode for URAMs. Consider using BRAMs instead.
WARNING: [HLS 200-2042] Usage of URAM can potentially cause worse II as Vitis HLS does not exploit read-first mode for URAMs. Consider using BRAMs instead.
WARNING: [HLS 200-2042] Usage of URAM can potentially cause worse II as Vitis HLS does not exploit read-first mode for URAMs. Consider using BRAMs instead.
WARNING: [HLS 200-2042] Usage of URAM can potentially cause worse II as Vitis HLS does not exploit read-first mode for URAMs. Consider using BRAMs instead.
INFO: [SCHED 204-61] Pipelining loop 'VITIS_LOOP_164_9'.
INFO: [HLS 200-1470] Pipelining result : Target II = 1, Final II = 1, Depth = 35, loop 'VITIS_LOOP_164_9'
INFO: [SCHED 204-11] Finished scheduling.
INFO: [HLS 200-111] Finished Scheduling: CPU user time: 0.56 seconds. CPU system time: 0.01 seconds. Elapsed time: 0.58 seconds; current allocated memory: 446.906 MB.
INFO: [BIND 205-100] Starting micro-architecture generation ...
INFO: [BIND 205-101] Performing variable lifetime analysis.
INFO: [BIND 205-101] Exploring resource sharing.
INFO: [BIND 205-101] Binding ...
INFO: [BIND 205-100] Finished micro-architecture generation.
INFO: [HLS 200-111] Finished Binding: CPU user time: 0.2 seconds. CPU system time: 0.01 seconds. Elapsed time: 0.2 seconds; current allocated memory: 460.680 MB.
INFO: [HLS 200-10] ----------------------------------------------------------------
INFO: [HLS 200-42] -- Implementing module 'p_anonymous_namespace_compute_weight_batch_Pipeline_VITIS_LOOP_359_15_VITIS_LOOP_s' 
INFO: [HLS 200-10] ----------------------------------------------------------------
INFO: [SCHED 204-11] Starting scheduling ...
INFO: [SCHED 204-61] Pipelining loop 'VITIS_LOOP_359_15_VITIS_LOOP_360_16'.
INFO: [HLS 200-1470] Pipelining result : Target II = 1, Final II = 1, Depth = 5, loop 'VITIS_LOOP_359_15_VITIS_LOOP_360_16'
INFO: [SCHED 204-11] Finished scheduling.
INFO: [HLS 200-111] Finished Scheduling: CPU user time: 0.15 seconds. CPU system time: 0 seconds. Elapsed time: 0.16 seconds; current allocated memory: 460.680 MB.
INFO: [BIND 205-100] Starting micro-architecture generation ...
INFO: [BIND 205-101] Performing variable lifetime analysis.
INFO: [BIND 205-101] Exploring resource sharing.
INFO: [BIND 205-101] Binding ...
INFO: [BIND 205-100] Finished micro-architecture generation.
INFO: [HLS 200-111] Finished Binding: CPU user time: 0.02 seconds. CPU system time: 0 seconds. Elapsed time: 0.01 seconds; current allocated memory: 460.680 MB.
INFO: [HLS 200-10] ----------------------------------------------------------------
INFO: [HLS 200-42] -- Implementing module 'p_anonymous_namespace_compute_weight_batch' 
INFO: [HLS 200-10] ----------------------------------------------------------------
INFO: [SCHED 204-11] Starting scheduling ...
INFO: [SCHED 204-11] Finished scheduling.
INFO: [HLS 200-111] Finished Scheduling: CPU user time: 0.12 seconds. CPU system time: 0 seconds. Elapsed time: 0.12 seconds; current allocated memory: 460.680 MB.
INFO: [BIND 205-100] Starting micro-architecture generation ...
INFO: [BIND 205-101] Performing variable lifetime analysis.
INFO: [BIND 205-101] Exploring resource sharing.
WARNING: [BIND 205-102] The specified resource core for memory 'result_tile' will be ignored if a simpler one can be used.
WARNING: [BIND 205-102] The specified resource core for memory 'result_tile_1' will be ignored if a simpler one can be used.
WARNING: [BIND 205-102] The specified resource core for memory 'result_tile_2' will be ignored if a simpler one can be used.
WARNING: [BIND 205-102] The specified resource core for memory 'result_tile_3' will be ignored if a simpler one can be used.
WARNING: [BIND 205-102] The specified resource core for memory 'result_tile_4' will be ignored if a simpler one can be used.
WARNING: [BIND 205-102] The specified resource core for memory 'result_tile_5' will be ignored if a simpler one can be used.
WARNING: [BIND 205-102] The specified resource core for memory 'result_tile_6' will be ignored if a simpler one can be used.
WARNING: [BIND 205-102] The specified resource core for memory 'result_tile_7' will be ignored if a simpler one can be used.
WARNING: [BIND 205-102] The specified resource core for memory 'result_tile_8' will be ignored if a simpler one can be used.
WARNING: [BIND 205-102] The specified resource core for memory 'result_tile_9' will be ignored if a simpler one can be used.
WARNING: [BIND 205-102] The specified resource core for memory 'result_tile_10' will be ignored if a simpler one can be used.
WARNING: [BIND 205-102] The specified resource core for memory 'result_tile_11' will be ignored if a simpler one can be used.
WARNING: [BIND 205-102] The specified resource core for memory 'result_tile_12' will be ignored if a simpler one can be used.
WARNING: [BIND 205-102] The specified resource core for memory 'result_tile_13' will be ignored if a simpler one can be used.
WARNING: [BIND 205-102] The specified resource core for memory 'result_tile_14' will be ignored if a simpler one can be used.
WARNING: [BIND 205-102] The specified resource core for memory 'result_tile_15' will be ignored if a simpler one can be used.
INFO: [BIND 205-101] Binding ...
INFO: [BIND 205-100] Finished micro-architecture generation.
INFO: [HLS 200-111] Finished Binding: CPU user time: 0.06 seconds. CPU system time: 0 seconds. Elapsed time: 0.07 seconds; current allocated memory: 460.680 MB.
INFO: [HLS 200-10] ----------------------------------------------------------------
INFO: [HLS 200-42] -- Implementing module 'p_anonymous_namespace_stage_activation_Pipeline_VITIS_LOOP_58_1_VITIS_LOOP_59_2' 
INFO: [HLS 200-10] ----------------------------------------------------------------
INFO: [SCHED 204-11] Starting scheduling ...
INFO: [HLS 200-486] Changing DSP latency (root=add_ln61) to 3 in order to utilize available DSP registers.
WARNING: [HLS 200-2042] Usage of URAM can potentially cause worse II as Vitis HLS does not exploit read-first mode for URAMs. Consider using BRAMs instead.
WARNING: [HLS 200-2042] Usage of URAM can potentially cause worse II as Vitis HLS does not exploit read-first mode for URAMs. Consider using BRAMs instead.
WARNING: [HLS 200-2042] Usage of URAM can potentially cause worse II as Vitis HLS does not exploit read-first mode for URAMs. Consider using BRAMs instead.
WARNING: [HLS 200-2042] Usage of URAM can potentially cause worse II as Vitis HLS does not exploit read-first mode for URAMs. Consider using BRAMs instead.
INFO: [SCHED 204-61] Pipelining loop 'VITIS_LOOP_58_1_VITIS_LOOP_59_2'.
INFO: [HLS 200-1470] Pipelining result : Target II = 1, Final II = 1, Depth = 5, loop 'VITIS_LOOP_58_1_VITIS_LOOP_59_2'
INFO: [SCHED 204-11] Finished scheduling.
INFO: [HLS 200-111] Finished Scheduling: CPU user time: 0.06 seconds. CPU system time: 0 seconds. Elapsed time: 0.06 seconds; current allocated memory: 460.680 MB.
INFO: [BIND 205-100] Starting micro-architecture generation ...
INFO: [BIND 205-101] Performing variable lifetime analysis.
INFO: [BIND 205-101] Exploring resource sharing.
INFO: [BIND 205-101] Binding ...
INFO: [BIND 205-100] Finished micro-architecture generation.
INFO: [HLS 200-111] Finished Binding: CPU user time: 0.01 seconds. CPU system time: 0.01 seconds. Elapsed time: 0.02 seconds; current allocated memory: 460.680 MB.
INFO: [HLS 200-10] ----------------------------------------------------------------
INFO: [HLS 200-42] -- Implementing module 'p_anonymous_namespace_stage_activation' 
INFO: [HLS 200-10] ----------------------------------------------------------------
INFO: [SCHED 204-11] Starting scheduling ...
INFO: [SCHED 204-11] Finished scheduling.
INFO: [HLS 200-111] Finished Scheduling: CPU user time: 0.03 seconds. CPU system time: 0 seconds. Elapsed time: 0.02 seconds; current allocated memory: 460.680 MB.
INFO: [BIND 205-100] Starting micro-architecture generation ...
INFO: [BIND 205-101] Performing variable lifetime analysis.
INFO: [BIND 205-101] Exploring resource sharing.
INFO: [BIND 205-101] Binding ...
INFO: [BIND 205-100] Finished micro-architecture generation.
INFO: [HLS 200-111] Finished Binding: CPU user time: 0.01 seconds. CPU system time: 0 seconds. Elapsed time: 0.02 seconds; current allocated memory: 460.680 MB.
INFO: [HLS 200-10] ----------------------------------------------------------------
INFO: [HLS 200-42] -- Implementing module 'vision_ffn_down_tile' 
INFO: [HLS 200-10] ----------------------------------------------------------------
INFO: [SCHED 204-11] Starting scheduling ...
INFO: [SCHED 204-11] Finished scheduling.
INFO: [HLS 200-111] Finished Scheduling: CPU user time: 0.03 seconds. CPU system time: 0 seconds. Elapsed time: 0.03 seconds; current allocated memory: 460.680 MB.
INFO: [BIND 205-100] Starting micro-architecture generation ...
INFO: [BIND 205-101] Performing variable lifetime analysis.
INFO: [BIND 205-101] Exploring resource sharing.
INFO: [BIND 205-101] Binding ...
INFO: [BIND 205-100] Finished micro-architecture generation.
INFO: [HLS 200-111] Finished Binding: CPU user time: 0.03 seconds. CPU system time: 0 seconds. Elapsed time: 0.02 seconds; current allocated memory: 460.680 MB.
INFO: [HLS 200-10] ----------------------------------------------------------------
INFO: [HLS 200-10] -- Generating RTL for module 'p_anonymous_namespace_compute_weight_batch_Pipeline_VITIS_LOOP_75_2_VITIS_LOOP_76' 
INFO: [HLS 200-10] ----------------------------------------------------------------
INFO: [HLS 200-1030] Apply Unified Pipeline Control on module 'p_anonymous_namespace_compute_weight_batch_Pipeline_VITIS_LOOP_75_2_VITIS_LOOP_76' pipeline 'VITIS_LOOP_75_2_VITIS_LOOP_76_3' pipeline type 'loop pipeline'
WARNING: [RTGEN 206-101] Setting dangling out port 'p_anonymous_namespace_compute_weight_batch_Pipeline_VITIS_LOOP_75_2_VITIS_LOOP_76/m_axi_gmem_w_0_ARVALID' to 0.
WARNING: [RTGEN 206-101] Setting dangling out port 'p_anonymous_namespace_compute_weight_batch_Pipeline_VITIS_LOOP_75_2_VITIS_LOOP_76/m_axi_gmem_w_0_ARADDR' to 0.
WARNING: [RTGEN 206-101] Setting dangling out port 'p_anonymous_namespace_compute_weight_batch_Pipeline_VITIS_LOOP_75_2_VITIS_LOOP_76/m_axi_gmem_w_0_ARID' to 0.
WARNING: [RTGEN 206-101] Setting dangling out port 'p_anonymous_namespace_compute_weight_batch_Pipeline_VITIS_LOOP_75_2_VITIS_LOOP_76/m_axi_gmem_w_0_ARLEN' to 0.
WARNING: [RTGEN 206-101] Setting dangling out port 'p_anonymous_namespace_compute_weight_batch_Pipeline_VITIS_LOOP_75_2_VITIS_LOOP_76/m_axi_gmem_w_0_ARSIZE' to 0.
WARNING: [RTGEN 206-101] Setting dangling out port 'p_anonymous_namespace_compute_weight_batch_Pipeline_VITIS_LOOP_75_2_VITIS_LOOP_76/m_axi_gmem_w_0_ARBURST' to 0.
WARNING: [RTGEN 206-101] Setting dangling out port 'p_anonymous_namespace_compute_weight_batch_Pipeline_VITIS_LOOP_75_2_VITIS_LOOP_76/m_axi_gmem_w_0_ARLOCK' to 0.
WARNING: [RTGEN 206-101] Setting dangling out port 'p_anonymous_namespace_compute_weight_batch_Pipeline_VITIS_LOOP_75_2_VITIS_LOOP_76/m_axi_gmem_w_0_ARCACHE' to 0.
WARNING: [RTGEN 206-101] Setting dangling out port 'p_anonymous_namespace_compute_weight_batch_Pipeline_VITIS_LOOP_75_2_VITIS_LOOP_76/m_axi_gmem_w_0_ARPROT' to 0.
WARNING: [RTGEN 206-101] Setting dangling out port 'p_anonymous_namespace_compute_weight_batch_Pipeline_VITIS_LOOP_75_2_VITIS_LOOP_76/m_axi_gmem_w_0_ARQOS' to 0.
WARNING: [RTGEN 206-101] Setting dangling out port 'p_anonymous_namespace_compute_weight_batch_Pipeline_VITIS_LOOP_75_2_VITIS_LOOP_76/m_axi_gmem_w_0_ARREGION' to 0.
WARNING: [RTGEN 206-101] Setting dangling out port 'p_anonymous_namespace_compute_weight_batch_Pipeline_VITIS_LOOP_75_2_VITIS_LOOP_76/m_axi_gmem_w_0_ARUSER' to 0.
INFO: [RTGEN 206-100] Generating core module 'mac_muladd_10ns_2ns_10ns_12_4_1': 1 instance(s).
INFO: [RTGEN 206-100] Finished creating RTL model for 'p_anonymous_namespace_compute_weight_batch_Pipeline_VITIS_LOOP_75_2_VITIS_LOOP_76'.
INFO: [HLS 200-111] Finished Creating RTL model: CPU user time: 0.06 seconds. CPU system time: 0 seconds. Elapsed time: 0.06 seconds; current allocated memory: 460.680 MB.
INFO: [HLS 200-10] ----------------------------------------------------------------
INFO: [HLS 200-10] -- Generating RTL for module 'p_anonymous_namespace_compute_weight_batch_Pipeline_VITIS_LOOP_164_9' 
INFO: [HLS 200-10] ----------------------------------------------------------------
INFO: [HLS 200-1030] Apply Unified Pipeline Control on module 'p_anonymous_namespace_compute_weight_batch_Pipeline_VITIS_LOOP_164_9' pipeline 'VITIS_LOOP_164_9' pipeline type 'loop pipeline'
INFO: [RTGEN 206-104] Estimated max fanout for 'p_anonymous_namespace_compute_weight_batch_Pipeline_VITIS_LOOP_164_9' is 9426 from HDL expression: (1'b0 == ap_block_pp0_stage0_11001)
INFO: [RTGEN 206-100] Generating core module 'fadd_32ns_32ns_32_8_full_dsp_1': 64 instance(s).
INFO: [RTGEN 206-100] Generating core module 'fmul_32ns_32ns_32_5_max_dsp_1': 64 instance(s).
INFO: [RTGEN 206-100] Generating core module 'partselect_16ns_128ns_32ns_16_1_1': 16 instance(s).
INFO: [RTGEN 206-100] Generating core module 'partselect_32ns_256ns_32ns_32_1_1': 16 instance(s).
INFO: [RTGEN 206-100] Generating core module 'sparsemux_11_3_32_1_1': 16 instance(s).
INFO: [RTGEN 206-100] Generating core module 'sparsemux_9_3_32_1_1': 16 instance(s).
INFO: [RTGEN 206-100] Finished creating RTL model for 'p_anonymous_namespace_compute_weight_batch_Pipeline_VITIS_LOOP_164_9'.
INFO: [HLS 200-111] Finished Creating RTL model: CPU user time: 0.42 seconds. CPU system time: 0.01 seconds. Elapsed time: 0.43 seconds; current allocated memory: 483.367 MB.
INFO: [HLS 200-10] ----------------------------------------------------------------
INFO: [HLS 200-10] -- Generating RTL for module 'p_anonymous_namespace_compute_weight_batch_Pipeline_VITIS_LOOP_359_15_VITIS_LOOP_s' 
INFO: [HLS 200-10] ----------------------------------------------------------------
INFO: [HLS 200-1030] Apply Unified Pipeline Control on module 'p_anonymous_namespace_compute_weight_batch_Pipeline_VITIS_LOOP_359_15_VITIS_LOOP_s' pipeline 'VITIS_LOOP_359_15_VITIS_LOOP_360_16' pipeline type 'loop pipeline'
WARNING: [RTGEN 206-101] Setting dangling out port 'p_anonymous_namespace_compute_weight_batch_Pipeline_VITIS_LOOP_359_15_VITIS_LOOP_s/m_axi_gmem_y_0_AWVALID' to 0.
WARNING: [RTGEN 206-101] Setting dangling out port 'p_anonymous_namespace_compute_weight_batch_Pipeline_VITIS_LOOP_359_15_VITIS_LOOP_s/m_axi_gmem_y_0_AWADDR' to 0.
WARNING: [RTGEN 206-101] Setting dangling out port 'p_anonymous_namespace_compute_weight_batch_Pipeline_VITIS_LOOP_359_15_VITIS_LOOP_s/m_axi_gmem_y_0_AWID' to 0.
WARNING: [RTGEN 206-101] Setting dangling out port 'p_anonymous_namespace_compute_weight_batch_Pipeline_VITIS_LOOP_359_15_VITIS_LOOP_s/m_axi_gmem_y_0_AWLEN' to 0.
WARNING: [RTGEN 206-101] Setting dangling out port 'p_anonymous_namespace_compute_weight_batch_Pipeline_VITIS_LOOP_359_15_VITIS_LOOP_s/m_axi_gmem_y_0_AWSIZE' to 0.
WARNING: [RTGEN 206-101] Setting dangling out port 'p_anonymous_namespace_compute_weight_batch_Pipeline_VITIS_LOOP_359_15_VITIS_LOOP_s/m_axi_gmem_y_0_AWBURST' to 0.
WARNING: [RTGEN 206-101] Setting dangling out port 'p_anonymous_namespace_compute_weight_batch_Pipeline_VITIS_LOOP_359_15_VITIS_LOOP_s/m_axi_gmem_y_0_AWLOCK' to 0.
WARNING: [RTGEN 206-101] Setting dangling out port 'p_anonymous_namespace_compute_weight_batch_Pipeline_VITIS_LOOP_359_15_VITIS_LOOP_s/m_axi_gmem_y_0_AWCACHE' to 0.
WARNING: [RTGEN 206-101] Setting dangling out port 'p_anonymous_namespace_compute_weight_batch_Pipeline_VITIS_LOOP_359_15_VITIS_LOOP_s/m_axi_gmem_y_0_AWPROT' to 0.
WARNING: [RTGEN 206-101] Setting dangling out port 'p_anonymous_namespace_compute_weight_batch_Pipeline_VITIS_LOOP_359_15_VITIS_LOOP_s/m_axi_gmem_y_0_AWQOS' to 0.
WARNING: [RTGEN 206-101] Setting dangling out port 'p_anonymous_namespace_compute_weight_batch_Pipeline_VITIS_LOOP_359_15_VITIS_LOOP_s/m_axi_gmem_y_0_AWREGION' to 0.
WARNING: [RTGEN 206-101] Setting dangling out port 'p_anonymous_namespace_compute_weight_batch_Pipeline_VITIS_LOOP_359_15_VITIS_LOOP_s/m_axi_gmem_y_0_AWUSER' to 0.
WARNING: [RTGEN 206-101] Setting dangling out port 'p_anonymous_namespace_compute_weight_batch_Pipeline_VITIS_LOOP_359_15_VITIS_LOOP_s/m_axi_gmem_y_0_BREADY' to 0.
INFO: [RTGEN 206-100] Finished creating RTL model for 'p_anonymous_namespace_compute_weight_batch_Pipeline_VITIS_LOOP_359_15_VITIS_LOOP_s'.
INFO: [HLS 200-111] Finished Creating RTL model: CPU user time: 0.52 seconds. CPU system time: 0.02 seconds. Elapsed time: 0.54 seconds; current allocated memory: 523.625 MB.
INFO: [HLS 200-10] ----------------------------------------------------------------
INFO: [HLS 200-10] -- Generating RTL for module 'p_anonymous_namespace_compute_weight_batch' 
INFO: [HLS 200-10] ----------------------------------------------------------------
INFO: [RTGEN 206-100] Generating core module 'fadd_32ns_32ns_32_8_full_dsp_1': 24 instance(s).
INFO: [RTGEN 206-100] Generating core module 'mul_2ns_11ns_11_1_1': 1 instance(s).
INFO: [RTGEN 206-100] Generating core module 'mul_3ns_11ns_12_1_1': 1 instance(s).
INFO: [RTGEN 206-100] Finished creating RTL model for 'p_anonymous_namespace_compute_weight_batch'.
INFO: [RTMG 210-278] Implementing memory 'vision_ffn_down_tile_p_anonymous_namespace_compute_weight_batch_weight_cache_RAM_2P_URAM_1R1W' using ultra RAMs.
INFO: [RTMG 210-278] Implementing memory 'vision_ffn_down_tile_p_anonymous_namespace_compute_weight_batch_result_tile_RAM_2P_BRAM_1R1W' using block RAMs.
INFO: [HLS 200-111] Finished Creating RTL model: CPU user time: 0.09 seconds. CPU system time: 0 seconds. Elapsed time: 0.09 seconds; current allocated memory: 525.531 MB.
INFO: [HLS 200-10] ----------------------------------------------------------------
INFO: [HLS 200-10] -- Generating RTL for module 'p_anonymous_namespace_stage_activation_Pipeline_VITIS_LOOP_58_1_VITIS_LOOP_59_2' 
INFO: [HLS 200-10] ----------------------------------------------------------------
INFO: [HLS 200-1030] Apply Unified Pipeline Control on module 'p_anonymous_namespace_stage_activation_Pipeline_VITIS_LOOP_58_1_VITIS_LOOP_59_2' pipeline 'VITIS_LOOP_58_1_VITIS_LOOP_59_2' pipeline type 'loop pipeline'
WARNING: [RTGEN 206-101] Setting dangling out port 'p_anonymous_namespace_stage_activation_Pipeline_VITIS_LOOP_58_1_VITIS_LOOP_59_2/m_axi_gmem_x_0_ARVALID' to 0.
WARNING: [RTGEN 206-101] Setting dangling out port 'p_anonymous_namespace_stage_activation_Pipeline_VITIS_LOOP_58_1_VITIS_LOOP_59_2/m_axi_gmem_x_0_ARADDR' to 0.
WARNING: [RTGEN 206-101] Setting dangling out port 'p_anonymous_namespace_stage_activation_Pipeline_VITIS_LOOP_58_1_VITIS_LOOP_59_2/m_axi_gmem_x_0_ARID' to 0.
WARNING: [RTGEN 206-101] Setting dangling out port 'p_anonymous_namespace_stage_activation_Pipeline_VITIS_LOOP_58_1_VITIS_LOOP_59_2/m_axi_gmem_x_0_ARLEN' to 0.
WARNING: [RTGEN 206-101] Setting dangling out port 'p_anonymous_namespace_stage_activation_Pipeline_VITIS_LOOP_58_1_VITIS_LOOP_59_2/m_axi_gmem_x_0_ARSIZE' to 0.
WARNING: [RTGEN 206-101] Setting dangling out port 'p_anonymous_namespace_stage_activation_Pipeline_VITIS_LOOP_58_1_VITIS_LOOP_59_2/m_axi_gmem_x_0_ARBURST' to 0.
WARNING: [RTGEN 206-101] Setting dangling out port 'p_anonymous_namespace_stage_activation_Pipeline_VITIS_LOOP_58_1_VITIS_LOOP_59_2/m_axi_gmem_x_0_ARLOCK' to 0.
WARNING: [RTGEN 206-101] Setting dangling out port 'p_anonymous_namespace_stage_activation_Pipeline_VITIS_LOOP_58_1_VITIS_LOOP_59_2/m_axi_gmem_x_0_ARCACHE' to 0.
WARNING: [RTGEN 206-101] Setting dangling out port 'p_anonymous_namespace_stage_activation_Pipeline_VITIS_LOOP_58_1_VITIS_LOOP_59_2/m_axi_gmem_x_0_ARPROT' to 0.
WARNING: [RTGEN 206-101] Setting dangling out port 'p_anonymous_namespace_stage_activation_Pipeline_VITIS_LOOP_58_1_VITIS_LOOP_59_2/m_axi_gmem_x_0_ARQOS' to 0.
WARNING: [RTGEN 206-101] Setting dangling out port 'p_anonymous_namespace_stage_activation_Pipeline_VITIS_LOOP_58_1_VITIS_LOOP_59_2/m_axi_gmem_x_0_ARREGION' to 0.
WARNING: [RTGEN 206-101] Setting dangling out port 'p_anonymous_namespace_stage_activation_Pipeline_VITIS_LOOP_58_1_VITIS_LOOP_59_2/m_axi_gmem_x_0_ARUSER' to 0.
INFO: [RTGEN 206-100] Generating core module 'mac_muladd_10ns_3ns_10ns_13_4_1': 1 instance(s).
INFO: [RTGEN 206-100] Finished creating RTL model for 'p_anonymous_namespace_stage_activation_Pipeline_VITIS_LOOP_58_1_VITIS_LOOP_59_2'.
INFO: [HLS 200-111] Finished Creating RTL model: CPU user time: 0.15 seconds. CPU system time: 0.01 seconds. Elapsed time: 0.15 seconds; current allocated memory: 533.828 MB.
INFO: [HLS 200-10] ----------------------------------------------------------------
INFO: [HLS 200-10] -- Generating RTL for module 'p_anonymous_namespace_stage_activation' 
INFO: [HLS 200-10] ----------------------------------------------------------------
INFO: [RTGEN 206-100] Generating core module 'mul_15s_11ns_15_1_1': 1 instance(s).
INFO: [RTGEN 206-100] Finished creating RTL model for 'p_anonymous_namespace_stage_activation'.
INFO: [HLS 200-111] Finished Creating RTL model: CPU user time: 0.04 seconds. CPU system time: 0 seconds. Elapsed time: 0.05 seconds; current allocated memory: 539.469 MB.
INFO: [HLS 200-10] ----------------------------------------------------------------
INFO: [HLS 200-10] -- Generating RTL for module 'vision_ffn_down_tile' 
INFO: [HLS 200-10] ----------------------------------------------------------------
WARNING: [RTGEN 206-101] Design contains AXI ports. Reset is fixed to synchronous and active low.
INFO: [RTGEN 206-500] Setting interface mode on port 'vision_ffn_down_tile/gmem_w' to 'm_axi'.
INFO: [RTGEN 206-500] Setting interface mode on port 'vision_ffn_down_tile/gmem_x' to 'm_axi'.
INFO: [RTGEN 206-500] Setting interface mode on port 'vision_ffn_down_tile/gmem_y' to 'm_axi'.
INFO: [RTGEN 206-500] Setting interface mode on port 'vision_ffn_down_tile/weight_batch_f16' to 's_axilite & ap_none'.
INFO: [RTGEN 206-500] Setting interface mode on port 'vision_ffn_down_tile/activation_tile_f32' to 's_axilite & ap_none'.
INFO: [RTGEN 206-500] Setting interface mode on port 'vision_ffn_down_tile/output_batch_f32' to 's_axilite & ap_none'.
INFO: [RTGEN 206-500] Setting interface mode on port 'vision_ffn_down_tile/task_r' to 's_axilite & ap_none'.
INFO: [RTGEN 206-500] Setting interface mode on port 'vision_ffn_down_tile/active_N' to 's_axilite & ap_none'.
INFO: [RTGEN 206-500] Setting interface mode on port 'vision_ffn_down_tile/n_base' to 's_axilite & ap_none'.
INFO: [RTGEN 206-500] Setting interface mode on port 'vision_ffn_down_tile/m_base' to 's_axilite & ap_none'.
INFO: [RTGEN 206-500] Setting interface mode on port 'vision_ffn_down_tile/tile_rows' to 's_axilite & ap_none'.
INFO: [RTGEN 206-500] Setting interface mode on function 'vision_ffn_down_tile' to 's_axilite & ap_ctrl_hs'.
WARNING: [RTGEN 206-101] Register 'cached_active_N' is power-on initialization.
WARNING: [RTGEN 206-101] Register 'cached_n_base' is power-on initialization.
WARNING: [RTGEN 206-101] Register 'cached_tile_rows' is power-on initialization.
WARNING: [RTGEN 206-101] Register 'cache_valid' is power-on initialization.
INFO: [RTGEN 206-100] Bundling port 'return', 'weight_batch_f16', 'activation_tile_f32', 'output_batch_f32', 'task_r', 'n_base', 'm_base' and 'tile_rows' to AXI-Lite port control.
INFO: [RTGEN 206-100] Finished creating RTL model for 'vision_ffn_down_tile'.
INFO: [RTMG 210-278] Implementing memory 'vision_ffn_down_tile_p_ZN12_GLOBAL_N_116activation_cacheE_0_RAM_2P_URAM_1R1W' using ultra RAMs.
INFO: [HLS 200-111] Finished Creating RTL model: CPU user time: 0.07 seconds. CPU system time: 0.01 seconds. Elapsed time: 0.08 seconds; current allocated memory: 541.355 MB.
INFO: [HLS 200-111] Finished Generating all RTL models: CPU user time: 0.19 seconds. CPU system time: 0.01 seconds. Elapsed time: 0.21 seconds; current allocated memory: 544.461 MB.
INFO: [HLS 200-1603] Design has inferred MAXI bursts and missed bursts, see Vitis HLS GUI synthesis summary report for detailed information.
INFO: [HLS 200-111] Finished Updating report files: CPU user time: 0.65 seconds. CPU system time: 0.01 seconds. Elapsed time: 0.66 seconds; current allocated memory: 567.934 MB.
INFO: [VHDL 208-304] Generating VHDL RTL for vision_ffn_down_tile.
INFO: [VLOG 209-307] Generating Verilog RTL for vision_ffn_down_tile.
INFO: [HLS 200-790] **** Loop Constraint Status: All loop constraints were satisfied.
INFO: [HLS 200-789] **** Estimated Fmax: 261.25 MHz
INFO: [HLS 200-2161] Finished Command csynth_design Elapsed time: 00:00:14; Allocated memory: 257.793 MB.
INFO: [HLS 200-112] Total CPU user time: 15.29 seconds. Total CPU system time: 0.89 seconds. Total elapsed time: 17.96 seconds; peak allocated memory: 567.934 MB.
