Copyright 1986-2022 Xilinx, Inc. All Rights Reserved. Copyright 2022-2024 Advanced Micro Devices, Inc. All Rights Reserved.
-------------------------------------------------------------------------------------------------------------------------------------------------------------------------------------------------------------------------
| Tool Version      : Vivado v.2024.2 (lin64) Build 5239630 Fri Nov 08 22:34:34 MST 2024
| Date              : Sat Sep 26 18:04:20 2026
| Host              : zhiro-ThinkBook-16p-G5-IRX running 64-bit Ubuntu 24.04.5 LTS
| Command           : report_timing_summary -delay_type max -report_unconstrained -file /home/zhiro/research/kv260-vlm-workers/RM11-A-unified/experiments/rm11_unified_ffn/build/full_system/timing_post_route_setup.rpt
| Design            : kv260_rm11_unified_ffn_wrapper
| Device            : xck26-sfvc784
| Speed File        : -2LV  PRODUCTION 1.30 05-15-2022
| Design State      : Routed
| Temperature Grade : C
-------------------------------------------------------------------------------------------------------------------------------------------------------------------------------------------------------------------------

Timing Summary Report

------------------------------------------------------------------------------------------------
| Timer Settings
| --------------
------------------------------------------------------------------------------------------------

  Enable Multi Corner Analysis               :  Yes
  Enable Pessimism Removal                   :  Yes
  Pessimism Removal Resolution               :  Nearest Common Node
  Enable Input Delay Default Clock           :  No
  Enable Preset / Clear Arcs                 :  No
  Disable Flight Delays                      :  No
  Ignore I/O Paths                           :  No
  Timing Early Launch at Borrowing Latches   :  No
  Borrow Time for Max Delay Exceptions       :  Yes
  Merge Timing Exceptions                    :  Yes
  Inter-SLR Compensation                     :  Conservative

  Corner  Analyze    Analyze    
  Name    Max Paths  Min Paths  
  ------  ---------  ---------  
  Slow    Yes        Yes        
  Fast    Yes        Yes        


------------------------------------------------------------------------------------------------
| Report Methodology
| ------------------
------------------------------------------------------------------------------------------------

No report available as report_methodology has not been run prior. Run report_methodology on the current design for the summary of methodology violations.



check_timing report

Table of Contents
-----------------
1. checking no_clock (0)
2. checking constant_clock (0)
3. checking pulse_width_clock (0)
4. checking unconstrained_internal_endpoints (564)
5. checking no_input_delay (0)
6. checking no_output_delay (0)
7. checking multiple_clock (0)
8. checking generated_clocks (0)
9. checking loops (0)
10. checking partial_input_delay (0)
11. checking partial_output_delay (0)
12. checking latch_loops (0)

1. checking no_clock (0)
------------------------
 There are 0 register/latch pins with no clock.


2. checking constant_clock (0)
------------------------------
 There are 0 register/latch pins with constant_clock.


3. checking pulse_width_clock (0)
---------------------------------
 There are 0 register/latch pins which need pulse_width check


4. checking unconstrained_internal_endpoints (564)
--------------------------------------------------
 There are 0 pins that are not constrained for maximum delay.

 There are 564 pins that are not constrained for maximum delay due to constant clock. (MEDIUM)


5. checking no_input_delay (0)
------------------------------
 There are 0 input ports with no input delay specified.

 There are 0 input ports with no input delay but user has a false path constraint.


6. checking no_output_delay (0)
-------------------------------
 There are 0 ports with no output delay specified.

 There are 0 ports with no output delay but user has a false path constraint

 There are 0 ports with no output delay but with a timing clock defined on it or propagating through it


7. checking multiple_clock (0)
------------------------------
 There are 0 register/latch pins with multiple clocks.


8. checking generated_clocks (0)
--------------------------------
 There are 0 generated clocks that are not connected to a clock source.


9. checking loops (0)
---------------------
 There are 0 combinational loops in the design.


10. checking partial_input_delay (0)
------------------------------------
 There are 0 input ports with partial input delay specified.


11. checking partial_output_delay (0)
-------------------------------------
 There are 0 ports with partial output delay specified.


12. checking latch_loops (0)
----------------------------
 There are 0 combinational latch loops in the design through latch input



------------------------------------------------------------------------------------------------
| Design Timing Summary
| ---------------------
------------------------------------------------------------------------------------------------

    WNS(ns)      TNS(ns)  TNS Failing Endpoints  TNS Total Endpoints     WPWS(ns)     TPWS(ns)  TPWS Failing Endpoints  TPWS Total Endpoints  
    -------      -------  ---------------------  -------------------     --------     --------  ----------------------  --------------------  
      3.158        0.000                      0               143590        3.500        0.000                       0                 60376  


All user specified timing constraints are met.


------------------------------------------------------------------------------------------------
| Clock Summary
| -------------
------------------------------------------------------------------------------------------------

Clock     Waveform(ns)       Period(ns)      Frequency(MHz)
-----     ------------       ----------      --------------
clk_pl_0  {0.000 5.000}      10.000          100.000         
clk_pl_1  {0.000 5.000}      10.000          100.000         


------------------------------------------------------------------------------------------------
| Intra Clock Table
| -----------------
------------------------------------------------------------------------------------------------

Clock             WNS(ns)      TNS(ns)  TNS Failing Endpoints  TNS Total Endpoints     WPWS(ns)     TPWS(ns)  TPWS Failing Endpoints  TPWS Total Endpoints  
-----             -------      -------  ---------------------  -------------------     --------     --------  ----------------------  --------------------  
clk_pl_0            3.158        0.000                      0               143557        3.500        0.000                       0                 60376  


------------------------------------------------------------------------------------------------
| Inter Clock Table
| -----------------
------------------------------------------------------------------------------------------------

From Clock    To Clock          WNS(ns)      TNS(ns)  TNS Failing Endpoints  TNS Total Endpoints  
----------    --------          -------      -------  ---------------------  -------------------  


------------------------------------------------------------------------------------------------
| Other Path Groups Table
| -----------------------
------------------------------------------------------------------------------------------------

Path Group    From Clock    To Clock          WNS(ns)      TNS(ns)  TNS Failing Endpoints  TNS Total Endpoints  
----------    ----------    --------          -------      -------  ---------------------  -------------------  
**default**   clk_pl_0                          9.440        0.000                      0                   33  


------------------------------------------------------------------------------------------------
| User Ignored Path Table
| -----------------------
------------------------------------------------------------------------------------------------

Path Group    From Clock    To Clock    
----------    ----------    --------    
(none)                      clk_pl_0      
(none)        clk_pl_0      clk_pl_0      


------------------------------------------------------------------------------------------------
| Unconstrained Path Table
| ------------------------
------------------------------------------------------------------------------------------------

Path Group    From Clock    To Clock    
----------    ----------    --------    
(none)                      clk_pl_0      


------------------------------------------------------------------------------------------------
| Timing Details
| --------------
------------------------------------------------------------------------------------------------


---------------------------------------------------------------------------------------------------
From Clock:  clk_pl_0
  To Clock:  clk_pl_0

Setup :            0  Failing Endpoints,  Worst Slack        3.158ns,  Total Violation        0.000ns
Hold  :           NA  Failing Endpoints,  Worst Slack           NA  ,  Total Violation           NA
PW    :            0  Failing Endpoints,  Worst Slack        3.500ns,  Total Violation        0.000ns
---------------------------------------------------------------------------------------------------


Max Delay Paths
--------------------------------------------------------------------------------------
Slack (MET) :             3.158ns  (required time - arrival time)
  Source:                 kv260_rm11_unified_ffn_i/vision_ffn_unified_tile_0/inst/grp_p_anonymous_namespace_compute_weight_batch_fu_309/grp_p_anonymous_namespace_compute_weight_batch_Pipeline_VITIS_LOOP_168_9_fu_1502/trunc_ln181_reg_18400_pp0_iter23_reg_reg[1]__0/C
                            (rising edge-triggered cell FDRE clocked by clk_pl_0  {rise@0.000ns fall@5.000ns period=10.000ns})
  Destination:            kv260_rm11_unified_ffn_i/vision_ffn_unified_tile_0/inst/grp_p_anonymous_namespace_compute_weight_batch_fu_309/grp_p_anonymous_namespace_compute_weight_batch_Pipeline_VITIS_LOOP_168_9_fu_1502/tmp_5_reg_19281_reg[9]/D
                            (rising edge-triggered cell FDRE clocked by clk_pl_0  {rise@0.000ns fall@5.000ns period=10.000ns})
  Path Group:             clk_pl_0
  Path Type:              Setup (Max at Slow Process Corner)
  Requirement:            10.000ns  (clk_pl_0 rise@10.000ns - clk_pl_0 rise@0.000ns)
  Data Path Delay:        6.767ns  (logic 0.397ns (5.867%)  route 6.370ns (94.133%))
  Logic Levels:           2  (LUT6=1 MUXF7=1)
  Clock Path Skew:        0.010ns (DCD - SCD + CPR)
    Destination Clock Delay (DCD):    2.996ns = ( 12.996 - 10.000 ) 
    Source Clock Delay      (SCD):    3.174ns
    Clock Pessimism Removal (CPR):    0.188ns
  Clock Uncertainty:      0.130ns  ((TSJ^2 + DJ^2)^1/2) / 2 + PE
    Total System Jitter     (TSJ):    0.071ns
    Discrete Jitter          (DJ):    0.250ns
    Phase Error              (PE):    0.000ns
  Clock Net Delay (Source):      2.907ns (routing 1.584ns, distribution 1.323ns)
  Clock Net Delay (Destination): 2.780ns (routing 1.450ns, distribution 1.330ns)

    Location             Delay type                Incr(ns)  Path(ns)    Netlist Resource(s)
  -------------------------------------------------------------------    -------------------
                         (clock clk_pl_0 rise edge)
                                                      0.000     0.000 r  
    PS8_X0Y0             PS8                          0.000     0.000 r  kv260_rm11_unified_ffn_i/zynq_ultra_ps_e_0/inst/PS8_i/PLCLK[0]
                         net (fo=1, routed)           0.229     0.229    kv260_rm11_unified_ffn_i/zynq_ultra_ps_e_0/inst/pl_clk_unbuffered[0]
    BUFG_PS_X0Y80        BUFG_PS (Prop_BUFG_PS_I_O)
                                                      0.038     0.267 r  kv260_rm11_unified_ffn_i/zynq_ultra_ps_e_0/inst/buffer_pl_clk_0.PL_CLK_0_BUFG/O
    X1Y1 (CLOCK_ROOT)    net (fo=62273, routed)       2.907     3.174    kv260_rm11_unified_ffn_i/vision_ffn_unified_tile_0/inst/grp_p_anonymous_namespace_compute_weight_batch_fu_309/grp_p_anonymous_namespace_compute_weight_batch_Pipeline_VITIS_LOOP_168_9_fu_1502/ap_clk
    SLICE_X24Y43         FDRE                                         r  kv260_rm11_unified_ffn_i/vision_ffn_unified_tile_0/inst/grp_p_anonymous_namespace_compute_weight_batch_fu_309/grp_p_anonymous_namespace_compute_weight_batch_Pipeline_VITIS_LOOP_168_9_fu_1502/trunc_ln181_reg_18400_pp0_iter23_reg_reg[1]__0/C
  -------------------------------------------------------------------    -------------------
    SLICE_X24Y43         FDRE (Prop_EFF_SLICEM_C_Q)
                                                      0.113     3.287 r  kv260_rm11_unified_ffn_i/vision_ffn_unified_tile_0/inst/grp_p_anonymous_namespace_compute_weight_batch_fu_309/grp_p_anonymous_namespace_compute_weight_batch_Pipeline_VITIS_LOOP_168_9_fu_1502/trunc_ln181_reg_18400_pp0_iter23_reg_reg[1]__0/Q
                         net (fo=705, routed)         6.312     9.599    kv260_rm11_unified_ffn_i/vision_ffn_unified_tile_0/inst/grp_p_anonymous_namespace_compute_weight_batch_fu_309/grp_p_anonymous_namespace_compute_weight_batch_Pipeline_VITIS_LOOP_168_9_fu_1502/trunc_ln181_reg_18400_pp0_iter23_reg[1]
    SLICE_X22Y103        LUT6 (Prop_H6LUT_SLICEL_I4_O)
                                                      0.188     9.787 r  kv260_rm11_unified_ffn_i/vision_ffn_unified_tile_0/inst/grp_p_anonymous_namespace_compute_weight_batch_fu_309/grp_p_anonymous_namespace_compute_weight_batch_Pipeline_VITIS_LOOP_168_9_fu_1502/tmp_5_reg_19281[9]_i_2/O
                         net (fo=1, routed)           0.015     9.802    kv260_rm11_unified_ffn_i/vision_ffn_unified_tile_0/inst/grp_p_anonymous_namespace_compute_weight_batch_fu_309/grp_p_anonymous_namespace_compute_weight_batch_Pipeline_VITIS_LOOP_168_9_fu_1502/tmp_5_reg_19281[9]_i_2_n_0
    SLICE_X22Y103        MUXF7 (Prop_F7MUX_GH_SLICEL_I0_O)
                                                      0.096     9.898 r  kv260_rm11_unified_ffn_i/vision_ffn_unified_tile_0/inst/grp_p_anonymous_namespace_compute_weight_batch_fu_309/grp_p_anonymous_namespace_compute_weight_batch_Pipeline_VITIS_LOOP_168_9_fu_1502/tmp_5_reg_19281_reg[9]_i_1/O
                         net (fo=1, routed)           0.043     9.941    kv260_rm11_unified_ffn_i/vision_ffn_unified_tile_0/inst/grp_p_anonymous_namespace_compute_weight_batch_fu_309/grp_p_anonymous_namespace_compute_weight_batch_Pipeline_VITIS_LOOP_168_9_fu_1502/dout_tmp__2[9]
    SLICE_X22Y103        FDRE                                         r  kv260_rm11_unified_ffn_i/vision_ffn_unified_tile_0/inst/grp_p_anonymous_namespace_compute_weight_batch_fu_309/grp_p_anonymous_namespace_compute_weight_batch_Pipeline_VITIS_LOOP_168_9_fu_1502/tmp_5_reg_19281_reg[9]/D
  -------------------------------------------------------------------    -------------------

                         (clock clk_pl_0 rise edge)
                                                     10.000    10.000 r  
    PS8_X0Y0             PS8                          0.000    10.000 r  kv260_rm11_unified_ffn_i/zynq_ultra_ps_e_0/inst/PS8_i/PLCLK[0]
                         net (fo=1, routed)           0.181    10.181    kv260_rm11_unified_ffn_i/zynq_ultra_ps_e_0/inst/pl_clk_unbuffered[0]
    BUFG_PS_X0Y80        BUFG_PS (Prop_BUFG_PS_I_O)
                                                      0.035    10.216 r  kv260_rm11_unified_ffn_i/zynq_ultra_ps_e_0/inst/buffer_pl_clk_0.PL_CLK_0_BUFG/O
    X1Y1 (CLOCK_ROOT)    net (fo=62273, routed)       2.780    12.996    kv260_rm11_unified_ffn_i/vision_ffn_unified_tile_0/inst/grp_p_anonymous_namespace_compute_weight_batch_fu_309/grp_p_anonymous_namespace_compute_weight_batch_Pipeline_VITIS_LOOP_168_9_fu_1502/ap_clk
    SLICE_X22Y103        FDRE                                         r  kv260_rm11_unified_ffn_i/vision_ffn_unified_tile_0/inst/grp_p_anonymous_namespace_compute_weight_batch_fu_309/grp_p_anonymous_namespace_compute_weight_batch_Pipeline_VITIS_LOOP_168_9_fu_1502/tmp_5_reg_19281_reg[9]/C
                         clock pessimism              0.188    13.184    
                         clock uncertainty           -0.130    13.054    
    SLICE_X22Y103        FDRE (Setup_HFF_SLICEL_C_D)
                                                      0.044    13.098    kv260_rm11_unified_ffn_i/vision_ffn_unified_tile_0/inst/grp_p_anonymous_namespace_compute_weight_batch_fu_309/grp_p_anonymous_namespace_compute_weight_batch_Pipeline_VITIS_LOOP_168_9_fu_1502/tmp_5_reg_19281_reg[9]
  -------------------------------------------------------------------
                         required time                         13.098    
                         arrival time                          -9.941    
  -------------------------------------------------------------------
                         slack                                  3.158    





Pulse Width Checks
--------------------------------------------------------------------------------------
Clock Name:         clk_pl_0
Waveform(ns):       { 0.000 5.000 }
Period(ns):         10.000
Sources:            { kv260_rm11_unified_ffn_i/zynq_ultra_ps_e_0/inst/PS8_i/PLCLK[0] }

Check Type        Corner  Lib Pin          Reference Pin  Required(ns)  Actual(ns)  Slack(ns)  Location  Pin
Min Period        n/a     PS8/MAXIGP0ACLK  n/a            3.000         10.000      7.000      PS8_X0Y0  kv260_rm11_unified_ffn_i/zynq_ultra_ps_e_0/inst/PS8_i/MAXIGP0ACLK
Low Pulse Width   Slow    PS8/MAXIGP0ACLK  n/a            1.500         5.000       3.500      PS8_X0Y0  kv260_rm11_unified_ffn_i/zynq_ultra_ps_e_0/inst/PS8_i/MAXIGP0ACLK
High Pulse Width  Slow    PS8/MAXIGP0ACLK  n/a            1.500         5.000       3.500      PS8_X0Y0  kv260_rm11_unified_ffn_i/zynq_ultra_ps_e_0/inst/PS8_i/MAXIGP0ACLK



---------------------------------------------------------------------------------------------------
Path Group:  **default**
From Clock:  clk_pl_0
  To Clock:  

Setup :            0  Failing Endpoints,  Worst Slack        9.440ns,  Total Violation        0.000ns
Hold  :           NA  Failing Endpoints,  Worst Slack           NA  ,  Total Violation           NA
---------------------------------------------------------------------------------------------------


Max Delay Paths
--------------------------------------------------------------------------------------
Slack (MET) :             9.440ns  (required time - arrival time)
  Source:                 kv260_rm11_unified_ffn_i/axi_perf_mon_0/inst/GEN_Advanced_Mode.adavnced_mode_inst/GEN_SLOT2.mon_fifo_ext_event2_inst/USE_MON_FIFO.async_fifo_inst/XPM_ASYNC.inst/gnuram_async_fifo.xpm_fifo_base_inst/gen_cdc_pntr.rd_pntr_cdc_dc_inst/src_gray_ff_reg[0]/C
                            (rising edge-triggered cell FDRE clocked by clk_pl_0  {rise@0.000ns fall@5.000ns period=10.000ns})
  Destination:            kv260_rm11_unified_ffn_i/axi_perf_mon_0/inst/GEN_Advanced_Mode.adavnced_mode_inst/GEN_SLOT2.mon_fifo_ext_event2_inst/USE_MON_FIFO.async_fifo_inst/XPM_ASYNC.inst/gnuram_async_fifo.xpm_fifo_base_inst/gen_cdc_pntr.rd_pntr_cdc_dc_inst/dest_graysync_ff_reg[0][0]/D
  Path Group:             **default**
  Path Type:              Max at Slow Process Corner
  Requirement:            10.000ns  (MaxDelay Path 10.000ns)
  Data Path Delay:        0.560ns  (logic 0.114ns (20.357%)  route 0.446ns (79.643%))
  Logic Levels:           0  
  Output Delay:           0.000ns
  Timing Exception:       MaxDelay Path 10.000ns -datapath_only

    Location             Delay type                Incr(ns)  Path(ns)    Netlist Resource(s)
  -------------------------------------------------------------------    -------------------
    SLICE_X25Y176                                     0.000     0.000 r  kv260_rm11_unified_ffn_i/axi_perf_mon_0/inst/GEN_Advanced_Mode.adavnced_mode_inst/GEN_SLOT2.mon_fifo_ext_event2_inst/USE_MON_FIFO.async_fifo_inst/XPM_ASYNC.inst/gnuram_async_fifo.xpm_fifo_base_inst/gen_cdc_pntr.rd_pntr_cdc_dc_inst/src_gray_ff_reg[0]/C
    SLICE_X25Y176        FDRE (Prop_HFF_SLICEM_C_Q)
                                                      0.114     0.114 r  kv260_rm11_unified_ffn_i/axi_perf_mon_0/inst/GEN_Advanced_Mode.adavnced_mode_inst/GEN_SLOT2.mon_fifo_ext_event2_inst/USE_MON_FIFO.async_fifo_inst/XPM_ASYNC.inst/gnuram_async_fifo.xpm_fifo_base_inst/gen_cdc_pntr.rd_pntr_cdc_dc_inst/src_gray_ff_reg[0]/Q
                         net (fo=1, routed)           0.446     0.560    kv260_rm11_unified_ffn_i/axi_perf_mon_0/inst/GEN_Advanced_Mode.adavnced_mode_inst/GEN_SLOT2.mon_fifo_ext_event2_inst/USE_MON_FIFO.async_fifo_inst/XPM_ASYNC.inst/gnuram_async_fifo.xpm_fifo_base_inst/gen_cdc_pntr.rd_pntr_cdc_dc_inst/async_path[0]
    SLICE_X25Y176        FDRE                                         r  kv260_rm11_unified_ffn_i/axi_perf_mon_0/inst/GEN_Advanced_Mode.adavnced_mode_inst/GEN_SLOT2.mon_fifo_ext_event2_inst/USE_MON_FIFO.async_fifo_inst/XPM_ASYNC.inst/gnuram_async_fifo.xpm_fifo_base_inst/gen_cdc_pntr.rd_pntr_cdc_dc_inst/dest_graysync_ff_reg[0][0]/D
  -------------------------------------------------------------------    -------------------

                         max delay                   10.000    10.000    
    SLICE_X25Y176        FDRE                         0.000    10.000    kv260_rm11_unified_ffn_i/axi_perf_mon_0/inst/GEN_Advanced_Mode.adavnced_mode_inst/GEN_SLOT2.mon_fifo_ext_event2_inst/USE_MON_FIFO.async_fifo_inst/XPM_ASYNC.inst/gnuram_async_fifo.xpm_fifo_base_inst/gen_cdc_pntr.rd_pntr_cdc_dc_inst/dest_graysync_ff_reg[0][0]
                         output delay                -0.000    10.000    
  -------------------------------------------------------------------
                         required time                         10.000    
                         arrival time                          -0.560    
  -------------------------------------------------------------------
                         slack                                  9.440    





--------------------------------------------------------------------------------------
Path Group:  (none)
From Clock:  
  To Clock:  clk_pl_0

Max Delay             2 Endpoints
Min Delay             0 Endpoints
--------------------------------------------------------------------------------------


Max Delay Paths
--------------------------------------------------------------------------------------
Slack:                    inf
  Source:                 kv260_rm11_unified_ffn_i/zynq_ultra_ps_e_0/inst/PS8_i/EMIOGPIOO[95]
                            (internal pin)
  Destination:            kv260_rm11_unified_ffn_i/axi_smc_data/inst/clk_map/psr_aclk/U0/EXT_LPF/ACTIVE_LOW_AUX.ACT_LO_AUX/GENERATE_LEVEL_P_S_CDC.SINGLE_BIT.CROSS_PLEVEL_IN2SCNDRY_IN_cdc_to/D
                            (rising edge-triggered cell FDRE clocked by clk_pl_0  {rise@0.000ns fall@5.000ns period=10.000ns})
  Path Group:             (none)
  Path Type:              Setup (Max at Slow Process Corner)
  Data Path Delay:        3.450ns  (logic 0.220ns (6.376%)  route 3.230ns (93.624%))
  Logic Levels:           1  (LUT1=1)
  Clock Uncertainty:      0.127ns  ((TSJ^2 + DJ^2)^1/2) / 2 + PE
    Total System Jitter     (TSJ):    0.050ns
    Discrete Jitter          (DJ):    0.250ns
    Phase Error              (PE):    0.000ns
  Clock Net Delay (Destination): 2.849ns (routing 1.450ns, distribution 1.399ns)
  Timing Exception:       False Path

    Location             Delay type                Incr(ns)  Path(ns)    Netlist Resource(s)
  -------------------------------------------------------------------    -------------------
    PS8_X0Y0             PS8                          0.000     0.000 f  kv260_rm11_unified_ffn_i/zynq_ultra_ps_e_0/inst/PS8_i/EMIOGPIOO[95]
                         net (fo=4903, routed)        2.939     2.939    kv260_rm11_unified_ffn_i/axi_smc_data/inst/clk_map/psr_aclk/U0/EXT_LPF/ACTIVE_LOW_AUX.ACT_LO_AUX/aresetn
    SLICE_X18Y117        LUT1 (Prop_D6LUT_SLICEM_I0_O)
                                                      0.220     3.159 r  kv260_rm11_unified_ffn_i/axi_smc_data/inst/clk_map/psr_aclk/U0/EXT_LPF/ACTIVE_LOW_AUX.ACT_LO_AUX/GENERATE_LEVEL_P_S_CDC.SINGLE_BIT.CROSS_PLEVEL_IN2SCNDRY_IN_cdc_to_i_1/O
                         net (fo=1, routed)           0.291     3.450    kv260_rm11_unified_ffn_i/axi_smc_data/inst/clk_map/psr_aclk/U0/EXT_LPF/ACTIVE_LOW_AUX.ACT_LO_AUX/asr_d1
    SLICE_X18Y120        FDRE                                         r  kv260_rm11_unified_ffn_i/axi_smc_data/inst/clk_map/psr_aclk/U0/EXT_LPF/ACTIVE_LOW_AUX.ACT_LO_AUX/GENERATE_LEVEL_P_S_CDC.SINGLE_BIT.CROSS_PLEVEL_IN2SCNDRY_IN_cdc_to/D
  -------------------------------------------------------------------    -------------------

                         (clock clk_pl_0 rise edge)
                                                      0.000     0.000 r  
    PS8_X0Y0             PS8                          0.000     0.000 r  kv260_rm11_unified_ffn_i/zynq_ultra_ps_e_0/inst/PS8_i/PLCLK[0]
                         net (fo=1, routed)           0.181     0.181    kv260_rm11_unified_ffn_i/zynq_ultra_ps_e_0/inst/pl_clk_unbuffered[0]
    BUFG_PS_X0Y80        BUFG_PS (Prop_BUFG_PS_I_O)
                                                      0.035     0.216 r  kv260_rm11_unified_ffn_i/zynq_ultra_ps_e_0/inst/buffer_pl_clk_0.PL_CLK_0_BUFG/O
    X1Y1 (CLOCK_ROOT)    net (fo=62273, routed)       2.849     3.065    kv260_rm11_unified_ffn_i/axi_smc_data/inst/clk_map/psr_aclk/U0/EXT_LPF/ACTIVE_LOW_AUX.ACT_LO_AUX/aclk
    SLICE_X18Y120        FDRE                                         r  kv260_rm11_unified_ffn_i/axi_smc_data/inst/clk_map/psr_aclk/U0/EXT_LPF/ACTIVE_LOW_AUX.ACT_LO_AUX/GENERATE_LEVEL_P_S_CDC.SINGLE_BIT.CROSS_PLEVEL_IN2SCNDRY_IN_cdc_to/C





--------------------------------------------------------------------------------------
Path Group:  (none)
From Clock:  clk_pl_0
  To Clock:  clk_pl_0

Max Delay           145 Endpoints
Min Delay             0 Endpoints
--------------------------------------------------------------------------------------


Max Delay Paths
--------------------------------------------------------------------------------------
Slack:                    inf
  Source:                 kv260_rm11_unified_ffn_i/axi_smc_data/inst/clk_map/psr_aclk/U0/ACTIVE_LOW_BSR_OUT_DFF[0].FDRE_BSR_N/C
                            (rising edge-triggered cell FDRE clocked by clk_pl_0  {rise@0.000ns fall@5.000ns period=10.000ns})
  Destination:            <hidden>
                            (recovery check against rising-edge clock clk_pl_0  {rise@0.000ns fall@5.000ns period=10.000ns})
  Path Group:             (none)
  Path Type:              Recovery (Max at Slow Process Corner)
  Data Path Delay:        2.549ns  (logic 0.114ns (4.472%)  route 2.435ns (95.528%))
  Logic Levels:           0  
  Clock Path Skew:        -0.371ns (DCD - SCD + CPR)
    Destination Clock Delay (DCD):    3.047ns
    Source Clock Delay      (SCD):    3.418ns
    Clock Pessimism Removal (CPR):    0.000ns
  Clock Uncertainty:      0.130ns  ((TSJ^2 + DJ^2)^1/2) / 2 + PE
    Total System Jitter     (TSJ):    0.071ns
    Discrete Jitter          (DJ):    0.250ns
    Phase Error              (PE):    0.000ns
  Clock Net Delay (Source):      3.151ns (routing 1.584ns, distribution 1.567ns)
  Clock Net Delay (Destination): 2.831ns (routing 1.450ns, distribution 1.381ns)
  Timing Exception:       False Path

    Location             Delay type                Incr(ns)  Path(ns)    Netlist Resource(s)
  -------------------------------------------------------------------    -------------------
                         (clock clk_pl_0 rise edge)
                                                      0.000     0.000 r  
    PS8_X0Y0             PS8                          0.000     0.000 r  kv260_rm11_unified_ffn_i/zynq_ultra_ps_e_0/inst/PS8_i/PLCLK[0]
                         net (fo=1, routed)           0.229     0.229    kv260_rm11_unified_ffn_i/zynq_ultra_ps_e_0/inst/pl_clk_unbuffered[0]
    BUFG_PS_X0Y80        BUFG_PS (Prop_BUFG_PS_I_O)
                                                      0.038     0.267 r  kv260_rm11_unified_ffn_i/zynq_ultra_ps_e_0/inst/buffer_pl_clk_0.PL_CLK_0_BUFG/O
    X1Y1 (CLOCK_ROOT)    net (fo=62273, routed)       3.151     3.418    kv260_rm11_unified_ffn_i/axi_smc_data/inst/clk_map/psr_aclk/U0/aclk
    SLICE_X16Y121        FDRE                                         r  kv260_rm11_unified_ffn_i/axi_smc_data/inst/clk_map/psr_aclk/U0/ACTIVE_LOW_BSR_OUT_DFF[0].FDRE_BSR_N/C
  -------------------------------------------------------------------    -------------------
    SLICE_X16Y121        FDRE (Prop_DFF_SLICEL_C_Q)
                                                      0.114     3.532 r  kv260_rm11_unified_ffn_i/axi_smc_data/inst/clk_map/psr_aclk/U0/ACTIVE_LOW_BSR_OUT_DFF[0].FDRE_BSR_N/Q
                         net (fo=66, routed)          2.435     5.968    <hidden>
    SLICE_X8Y50          FDCE                                         f  <hidden>  (IS_INVERTED)
  -------------------------------------------------------------------    -------------------

                         (clock clk_pl_0 rise edge)
                                                      0.000     0.000 r  
    PS8_X0Y0             PS8                          0.000     0.000 r  kv260_rm11_unified_ffn_i/zynq_ultra_ps_e_0/inst/PS8_i/PLCLK[0]
                         net (fo=1, routed)           0.181     0.181    kv260_rm11_unified_ffn_i/zynq_ultra_ps_e_0/inst/pl_clk_unbuffered[0]
    BUFG_PS_X0Y80        BUFG_PS (Prop_BUFG_PS_I_O)
                                                      0.035     0.216 r  kv260_rm11_unified_ffn_i/zynq_ultra_ps_e_0/inst/buffer_pl_clk_0.PL_CLK_0_BUFG/O
    X1Y1 (CLOCK_ROOT)    net (fo=62273, routed)       2.831     3.047    <hidden>
    SLICE_X8Y50          FDCE                                         r  <hidden>





--------------------------------------------------------------------------------------
Path Group:  (none)
From Clock:  
  To Clock:  clk_pl_0

Max Delay          9815 Endpoints
Min Delay             0 Endpoints
--------------------------------------------------------------------------------------


Max Delay Paths
--------------------------------------------------------------------------------------
Slack:                    inf
  Source:                 kv260_rm11_unified_ffn_i/zynq_ultra_ps_e_0/inst/PS8_i/EMIOGPIOO[95]
                            (internal pin)
  Destination:            kv260_rm11_unified_ffn_i/vision_ffn_unified_tile_0/inst/grp_p_anonymous_namespace_compute_weight_batch_fu_309/ap_CS_fsm_reg[24]_rep__5/R
                            (rising edge-triggered cell FDRE clocked by clk_pl_0  {rise@0.000ns fall@5.000ns period=10.000ns})
  Path Group:             (none)
  Path Type:              Setup (Max at Slow Process Corner)
  Data Path Delay:        5.619ns  (logic 0.000ns (0.000%)  route 5.619ns (100.000%))
  Logic Levels:           0  
  Clock Uncertainty:      0.127ns  ((TSJ^2 + DJ^2)^1/2) / 2 + PE
    Total System Jitter     (TSJ):    0.050ns
    Discrete Jitter          (DJ):    0.250ns
    Phase Error              (PE):    0.000ns
  Clock Net Delay (Destination): 2.823ns (routing 1.450ns, distribution 1.373ns)

    Location             Delay type                Incr(ns)  Path(ns)    Netlist Resource(s)
  -------------------------------------------------------------------    -------------------
    PS8_X0Y0             PS8                          0.000     0.000 f  kv260_rm11_unified_ffn_i/zynq_ultra_ps_e_0/inst/PS8_i/EMIOGPIOO[95]
                         net (fo=4903, routed)        5.619     5.619    kv260_rm11_unified_ffn_i/vision_ffn_unified_tile_0/inst/grp_p_anonymous_namespace_compute_weight_batch_fu_309/ap_rst_n_inv
    SLICE_X49Y132        FDRE                                         r  kv260_rm11_unified_ffn_i/vision_ffn_unified_tile_0/inst/grp_p_anonymous_namespace_compute_weight_batch_fu_309/ap_CS_fsm_reg[24]_rep__5/R  (IS_INVERTED)
  -------------------------------------------------------------------    -------------------

                         (clock clk_pl_0 rise edge)
                                                      0.000     0.000 r  
    PS8_X0Y0             PS8                          0.000     0.000 r  kv260_rm11_unified_ffn_i/zynq_ultra_ps_e_0/inst/PS8_i/PLCLK[0]
                         net (fo=1, routed)           0.181     0.181    kv260_rm11_unified_ffn_i/zynq_ultra_ps_e_0/inst/pl_clk_unbuffered[0]
    BUFG_PS_X0Y80        BUFG_PS (Prop_BUFG_PS_I_O)
                                                      0.035     0.216 r  kv260_rm11_unified_ffn_i/zynq_ultra_ps_e_0/inst/buffer_pl_clk_0.PL_CLK_0_BUFG/O
    X1Y1 (CLOCK_ROOT)    net (fo=62273, routed)       2.823     3.039    kv260_rm11_unified_ffn_i/vision_ffn_unified_tile_0/inst/grp_p_anonymous_namespace_compute_weight_batch_fu_309/ap_clk
    SLICE_X49Y132        FDRE                                         r  kv260_rm11_unified_ffn_i/vision_ffn_unified_tile_0/inst/grp_p_anonymous_namespace_compute_weight_batch_fu_309/ap_CS_fsm_reg[24]_rep__5/C





