Copyright 1986-2022 Xilinx, Inc. All Rights Reserved. Copyright 2022-2024 Advanced Micro Devices, Inc. All Rights Reserved.
--------------------------------------------------------------------------------------------------------------------------------------------------------------------------
| Tool Version : Vivado v.2024.2 (lin64) Build 5239630 Fri Nov 08 22:34:34 MST 2024
| Date         : Sat Sep 26 18:04:24 2026
| Host         : zhiro-ThinkBook-16p-G5-IRX running 64-bit Ubuntu 24.04.5 LTS
| Command      : report_utilization -file /home/zhiro/research/kv260-vlm-workers/RM11-A-unified/experiments/rm11_unified_ffn/build/full_system/utilization_post_route.rpt
| Design       : kv260_rm11_unified_ffn_wrapper
| Device       : xck26-sfvc784-2LV-c
| Speed File   : -2LV
| Design State : Routed
--------------------------------------------------------------------------------------------------------------------------------------------------------------------------

Utilization Design Information

Table of Contents
-----------------
1. CLB Logic
1.1 Summary of Registers by Type
2. CLB Logic Distribution
3. BLOCKRAM
4. ARITHMETIC
5. I/O
6. CLOCK
7. ADVANCED
8. CONFIGURATION
9. Primitives
10. Black Boxes
11. Instantiated Netlists

1. CLB Logic
------------

+----------------------------+-------+-------+------------+-----------+-------+
|          Site Type         |  Used | Fixed | Prohibited | Available | Util% |
+----------------------------+-------+-------+------------+-----------+-------+
| CLB LUTs                   | 43940 |     0 |          0 |    117120 | 37.52 |
|   LUT as Logic             | 41089 |     0 |          0 |    117120 | 35.08 |
|   LUT as Memory            |  2851 |     0 |          0 |     57600 |  4.95 |
|     LUT as Distributed RAM |  1590 |     0 |            |           |       |
|     LUT as Shift Register  |  1261 |     0 |            |           |       |
| CLB Registers              | 55731 |     0 |          0 |    234240 | 23.79 |
|   Register as Flip Flop    | 55731 |     0 |          0 |    234240 | 23.79 |
|   Register as Latch        |     0 |     0 |          0 |    234240 |  0.00 |
| CARRY8                     |  1303 |     0 |          0 |     14640 |  8.90 |
| F7 Muxes                   |  1466 |     0 |          0 |     58560 |  2.50 |
| F8 Muxes                   |     8 |     0 |          0 |     29280 |  0.03 |
| F9 Muxes                   |     0 |     0 |          0 |     14640 |  0.00 |
+----------------------------+-------+-------+------------+-----------+-------+
* Warning! LUT value is adjusted to account for LUT combining.


1.1 Summary of Registers by Type
--------------------------------

+-------+--------------+-------------+--------------+
| Total | Clock Enable | Synchronous | Asynchronous |
+-------+--------------+-------------+--------------+
| 0     |            _ |           - |            - |
| 0     |            _ |           - |          Set |
| 0     |            _ |           - |        Reset |
| 0     |            _ |         Set |            - |
| 0     |            _ |       Reset |            - |
| 0     |          Yes |           - |            - |
| 4     |          Yes |           - |          Set |
| 141   |          Yes |           - |        Reset |
| 642   |          Yes |         Set |            - |
| 54944 |          Yes |       Reset |            - |
+-------+--------------+-------------+--------------+


2. CLB Logic Distribution
-------------------------

+--------------------------------------------+-------+-------+------------+-----------+-------+
|                  Site Type                 |  Used | Fixed | Prohibited | Available | Util% |
+--------------------------------------------+-------+-------+------------+-----------+-------+
| CLB                                        |  8853 |     0 |          0 |     14640 | 60.47 |
|   CLBL                                     |  4371 |     0 |            |           |       |
|   CLBM                                     |  4482 |     0 |            |           |       |
| LUT as Logic                               | 41089 |     0 |          0 |    117120 | 35.08 |
|   using O5 output only                     |   426 |       |            |           |       |
|   using O6 output only                     | 28140 |       |            |           |       |
|   using O5 and O6                          | 12523 |       |            |           |       |
| LUT as Memory                              |  2851 |     0 |          0 |     57600 |  4.95 |
|   LUT as Distributed RAM                   |  1590 |     0 |            |           |       |
|     using O5 output only                   |     0 |       |            |           |       |
|     using O6 output only                   |    26 |       |            |           |       |
|     using O5 and O6                        |  1564 |       |            |           |       |
|   LUT as Shift Register                    |  1261 |     0 |            |           |       |
|     using O5 output only                   |     0 |       |            |           |       |
|     using O6 output only                   |   866 |       |            |           |       |
|     using O5 and O6                        |   395 |       |            |           |       |
| CLB Registers                              | 55731 |     0 |          0 |    234240 | 23.79 |
|   Register driven from within the CLB      | 29364 |       |            |           |       |
|   Register driven from outside the CLB     | 26367 |       |            |           |       |
|     LUT in front of the register is unused | 16943 |       |            |           |       |
|     LUT in front of the register is used   |  9424 |       |            |           |       |
| Unique Control Sets                        |   952 |       |          0 |     29280 |  3.25 |
+--------------------------------------------+-------+-------+------------+-----------+-------+
* * Note: Available Control Sets calculated as Slices * 2, Review the Control Sets Report for more information regarding control sets.


3. BLOCKRAM
-----------

+-------------------+------+-------+------------+-----------+-------+
|     Site Type     | Used | Fixed | Prohibited | Available | Util% |
+-------------------+------+-------+------------+-----------+-------+
| Block RAM Tile    | 18.5 |     0 |          0 |       144 | 12.85 |
|   RAMB36/FIFO*    |   10 |     0 |          0 |       144 |  6.94 |
|     RAMB36E2 only |   10 |       |            |           |       |
|   RAMB18          |   17 |     0 |          0 |       288 |  5.90 |
|     RAMB18E2 only |   17 |       |            |           |       |
| URAM              |   40 |     0 |          0 |        64 | 62.50 |
+-------------------+------+-------+------------+-----------+-------+
* Note: Each Block RAM Tile only has one FIFO logic available and therefore can accommodate only one FIFO36E2 or one FIFO18E2. However, if a FIFO18E2 occupies a Block RAM Tile, that tile can still accommodate a RAMB18E2


4. ARITHMETIC
-------------

+----------------+------+-------+------------+-----------+-------+
|    Site Type   | Used | Fixed | Prohibited | Available | Util% |
+----------------+------+-------+------------+-----------+-------+
| DSPs           |  329 |     0 |          0 |      1248 | 26.36 |
|   DSP48E2 only |  329 |       |            |           |       |
+----------------+------+-------+------------+-----------+-------+


5. I/O
------

+------------------+------+-------+------------+-----------+-------+
|     Site Type    | Used | Fixed | Prohibited | Available | Util% |
+------------------+------+-------+------------+-----------+-------+
| Bonded IOB       |    1 |     1 |          0 |       189 |  0.53 |
| HPIOB_M          |    0 |     0 |          0 |        58 |  0.00 |
| HPIOB_S          |    0 |     0 |          0 |        58 |  0.00 |
| HDIOB_M          |    1 |     1 |          0 |        35 |  2.86 |
|   INPUT          |    0 |       |            |           |       |
|   OUTPUT         |    1 |       |            |           |       |
|   BIDIR          |    0 |       |            |           |       |
| HDIOB_S          |    0 |     0 |          0 |        35 |  0.00 |
| HPIOB_SNGL       |    0 |     0 |          0 |         3 |  0.00 |
| HPIOBDIFFINBUF   |    0 |     0 |          0 |        82 |  0.00 |
| HPIOBDIFFOUTBUF  |    0 |     0 |          0 |        82 |  0.00 |
| HDIOBDIFFINBUF   |    0 |     0 |          0 |        35 |  0.00 |
| BITSLICE_CONTROL |    0 |     0 |          0 |        32 |  0.00 |
| BITSLICE_RX_TX   |    0 |     0 |          0 |      1248 |  0.00 |
| BITSLICE_TX      |    0 |     0 |          0 |        32 |  0.00 |
| RIU_OR           |    0 |     0 |          0 |        16 |  0.00 |
+------------------+------+-------+------------+-----------+-------+


6. CLOCK
--------

+------------+------+-------+------------+-----------+-------+
|  Site Type | Used | Fixed | Prohibited | Available | Util% |
+------------+------+-------+------------+-----------+-------+
| BUFGCE     |    2 |     0 |          0 |       112 |  1.79 |
| BUFGCE_DIV |    0 |     0 |          0 |        16 |  0.00 |
| BUFG_GT    |    0 |     0 |          0 |        96 |  0.00 |
| BUFG_PS    |    1 |     0 |          0 |        96 |  1.04 |
| BUFGCTRL*  |    0 |     0 |          0 |        32 |  0.00 |
| PLL        |    0 |     0 |          0 |         8 |  0.00 |
| MMCM       |    0 |     0 |          0 |         4 |  0.00 |
+------------+------+-------+------------+-----------+-------+
* Note: Each used BUFGCTRL counts as two GLOBAL CLOCK BUFFERs. This table does not include global clocking resources, only buffer cell usage. See the Clock Utilization Report (report_clock_utilization) for detailed accounting of global clocking resource availability.


7. ADVANCED
-----------

+-----------------+------+-------+------------+-----------+--------+
|    Site Type    | Used | Fixed | Prohibited | Available |  Util% |
+-----------------+------+-------+------------+-----------+--------+
| GTHE4_CHANNEL   |    0 |     0 |          0 |         4 |   0.00 |
| GTHE4_COMMON    |    0 |     0 |          0 |         1 |   0.00 |
| OBUFDS_GTE4     |    0 |     0 |          0 |         2 |   0.00 |
| OBUFDS_GTE4_ADV |    0 |     0 |          0 |         2 |   0.00 |
| PCIE40E4        |    0 |     0 |          0 |         2 |   0.00 |
| PS8             |    1 |     0 |          0 |         1 | 100.00 |
| SYSMONE4        |    0 |     0 |          0 |         1 |   0.00 |
| VCU             |    0 |     0 |          0 |         1 |   0.00 |
+-----------------+------+-------+------------+-----------+--------+


8. CONFIGURATION
----------------

+-------------+------+-------+------------+-----------+-------+
|  Site Type  | Used | Fixed | Prohibited | Available | Util% |
+-------------+------+-------+------------+-----------+-------+
| BSCANE2     |    0 |     0 |          0 |         4 |  0.00 |
| DNA_PORTE2  |    0 |     0 |          0 |         1 |  0.00 |
| EFUSE_USR   |    0 |     0 |          0 |         1 |  0.00 |
| FRAME_ECCE4 |    0 |     0 |          0 |         1 |  0.00 |
| ICAPE3      |    0 |     0 |          0 |         2 |  0.00 |
| MASTER_JTAG |    0 |     0 |          0 |         1 |  0.00 |
| STARTUPE3   |    0 |     0 |          0 |         1 |  0.00 |
+-------------+------+-------+------------+-----------+-------+


9. Primitives
-------------

+----------+-------+---------------------+
| Ref Name |  Used | Functional Category |
+----------+-------+---------------------+
| FDRE     | 54944 |            Register |
| LUT6     | 15555 |                 CLB |
| LUT3     | 15406 |                 CLB |
| LUT5     |  8877 |                 CLB |
| LUT4     |  7387 |                 CLB |
| LUT2     |  5779 |                 CLB |
| RAMD32   |  2744 |                 CLB |
| MUXF7    |  1466 |                 CLB |
| CARRY8   |  1303 |                 CLB |
| SRL16E   |  1073 |                 CLB |
| FDSE     |   642 |            Register |
| LUT1     |   608 |                 CLB |
| SRLC32E  |   583 |                 CLB |
| RAMS32   |   410 |                 CLB |
| DSP48E2  |   329 |          Arithmetic |
| FDCE     |   141 |            Register |
| URAM288  |    40 |            BLOCKRAM |
| RAMB18E2 |    17 |            BLOCKRAM |
| RAMB36E2 |    10 |            BLOCKRAM |
| MUXF8    |     8 |                 CLB |
| FDPE     |     4 |            Register |
| BUFGCE   |     2 |               Clock |
| PS8      |     1 |            Advanced |
| OBUF     |     1 |                 I/O |
| BUFG_PS  |     1 |               Clock |
+----------+-------+---------------------+


10. Black Boxes
---------------

+----------+------+
| Ref Name | Used |
+----------+------+


11. Instantiated Netlists
-------------------------

+----------------------------------------------------+------+
|                      Ref Name                      | Used |
+----------------------------------------------------+------+
| kv260_rm11_unified_ffn_zynq_ultra_ps_e_0_0         |    1 |
| kv260_rm11_unified_ffn_vision_ffn_unified_tile_0_0 |    1 |
| kv260_rm11_unified_ffn_axi_smc_data_0              |    1 |
| kv260_rm11_unified_ffn_axi_smc_control_0           |    1 |
| kv260_rm11_unified_ffn_axi_perf_mon_0_0            |    1 |
+----------------------------------------------------+------+


