
****** Vitis HLS - High-Level Synthesis from C, C++ and OpenCL v2024.2 (64-bit)
  **** SW Build 5238294 on Nov  8 2024
  **** IP Build 5239520 on Sun Nov 10 16:12:51 MST 2024
  **** SharedData Build 5239561 on Fri Nov 08 14:39:27 MST 2024
  **** Start of session at: Sat Sep 26 20:55:40 2026
    ** Copyright 1986-2022 Xilinx, Inc. All Rights Reserved.
    ** Copyright 2022-2024 Advanced Micro Devices, Inc. All Rights Reserved.

source /home/zhiro/research/kv260-vlm/tools/Xilinx/Vitis/2024.2/scripts/vitis_hls/hls.tcl -notrace
INFO: [HLS 200-10] For user 'zhiro' on host 'zhiro-ThinkBook-16p-G5-IRX' (Linux_x86_64 version 7.0.0-34-generic) on Sat Sep 26 20:55:42 CST 2026
INFO: [HLS 200-10] On os Ubuntu 24.04.5 LTS
INFO: [HLS 200-10] In directory '/home/zhiro/research/kv260-vlm-workers/RM13-H-integer'
WARNING: [HLS 200-2053] The vitis_hls executable is deprecated. Consider using vitis-run --mode hls --tcl
Sourcing Tcl script '/home/zhiro/research/kv260-vlm-workers/RM13-H-integer/experiments/rm13/hardware/run_hls.tcl'
INFO: [HLS 200-1510] Running: open_project -reset /tmp/rm13-w4a8-k4304-20260926T125538Z-177886/project 
INFO: [HLS 200-10] Creating and opening project '/tmp/rm13-w4a8-k4304-20260926T125538Z-177886/project'.
INFO: [HLS 200-1510] Running: set_top rm13_w4a8_tile 
INFO: [HLS 200-1510] Running: add_files /home/zhiro/research/kv260-vlm-workers/RM13-H-integer/experiments/rm13/hardware/w4a8_tile.cpp -cflags -I/home/zhiro/research/kv260-vlm-workers/RM13-H-integer/experiments/rm13/hardware -DRM13_K=4304 -DRM13_DEBUG_OUTPUTS=0 -DRM13_TILE_M=16 -DRM13_TILE_N=16 -DRM13_PROCESSING_M=8 -DRM13_PROCESSING_N=16 -ffp-contract=off 
INFO: [HLS 200-10] Adding design file '/home/zhiro/research/kv260-vlm-workers/RM13-H-integer/experiments/rm13/hardware/w4a8_tile.cpp' to the project
INFO: [HLS 200-1510] Running: add_files -tb /home/zhiro/research/kv260-vlm-workers/RM13-H-integer/experiments/rm13/hardware/tb_w4a8_tile.cpp -cflags -I/home/zhiro/research/kv260-vlm-workers/RM13-H-integer/experiments/rm13/hardware -DRM13_K=4304 -DRM13_DEBUG_OUTPUTS=0 -DRM13_TILE_M=16 -DRM13_TILE_N=16 -DRM13_PROCESSING_M=8 -DRM13_PROCESSING_N=16 -ffp-contract=off 
INFO: [HLS 200-10] Adding test bench file '/home/zhiro/research/kv260-vlm-workers/RM13-H-integer/experiments/rm13/hardware/tb_w4a8_tile.cpp' to the project
INFO: [HLS 200-1510] Running: open_solution -reset solution1 
INFO: [HLS 200-10] Creating and opening solution '/tmp/rm13-w4a8-k4304-20260926T125538Z-177886/project/solution1'.
INFO: [HLS 200-10] Cleaning up the solution database.
INFO: [HLS 200-1505] Using default flow_target 'vivado'
Resolution: For help on HLS 200-1505 see docs.xilinx.com/access/sources/dita/topic?Doc_Version=2024.2%20English&url=ug1448-hls-guidance&resourceid=200-1505.html
INFO: [HLS 200-1510] Running: set_part xck26-sfvc784-2LV-c 
INFO: [HLS 200-1611] Setting target device to 'xck26-sfvc784-2LV-c'
INFO: [HLS 200-1510] Running: create_clock -period 5.0 -name default 
INFO: [SYN 201-201] Setting up clock 'default' with a period of 5ns.
INFO: [HLS 200-1510] Running: config_interface -m_axi_max_widen_bitwidth 512 
INFO: [HLS 200-1510] Running: csynth_design 
INFO: [HLS 200-111] Finished File checks and directory preparation: CPU user time: 0.09 seconds. CPU system time: 0.01 seconds. Elapsed time: 0.1 seconds; current allocated memory: 309.887 MB.
INFO: [HLS 200-10] Analyzing design file '/home/zhiro/research/kv260-vlm-workers/RM13-H-integer/experiments/rm13/hardware/w4a8_tile.cpp' ... 
INFO: [HLS 200-111] Finished Source Code Analysis and Preprocessing: CPU user time: 2.9 seconds. CPU system time: 0.46 seconds. Elapsed time: 3.36 seconds; current allocated memory: 312.875 MB.
INFO: [HLS 200-777] Using interface defaults for 'Vivado' flow target.
INFO: [HLS 200-1995] There were 3,023 instructions in the design after the 'Compile/Link' phase of compilation. See the Design Size Report for more details: /tmp/rm13-w4a8-k4304-20260926T125538Z-177886/project/solution1/syn/report/csynth_design_size.rpt
INFO: [HLS 200-1995] There were 5,599 instructions in the design after the 'Unroll/Inline (step 1)' phase of compilation. See the Design Size Report for more details: /tmp/rm13-w4a8-k4304-20260926T125538Z-177886/project/solution1/syn/report/csynth_design_size.rpt
INFO: [HLS 200-1995] There were 4,433 instructions in the design after the 'Unroll/Inline (step 2)' phase of compilation. See the Design Size Report for more details: /tmp/rm13-w4a8-k4304-20260926T125538Z-177886/project/solution1/syn/report/csynth_design_size.rpt
INFO: [HLS 200-1995] There were 3,926 instructions in the design after the 'Unroll/Inline (step 3)' phase of compilation. See the Design Size Report for more details: /tmp/rm13-w4a8-k4304-20260926T125538Z-177886/project/solution1/syn/report/csynth_design_size.rpt
INFO: [HLS 200-1995] There were 3,900 instructions in the design after the 'Unroll/Inline (step 4)' phase of compilation. See the Design Size Report for more details: /tmp/rm13-w4a8-k4304-20260926T125538Z-177886/project/solution1/syn/report/csynth_design_size.rpt
INFO: [HLS 200-1995] There were 7,798 instructions in the design after the 'Array/Struct (step 1)' phase of compilation. See the Design Size Report for more details: /tmp/rm13-w4a8-k4304-20260926T125538Z-177886/project/solution1/syn/report/csynth_design_size.rpt
INFO: [HLS 200-1995] There were 5,143 instructions in the design after the 'Array/Struct (step 2)' phase of compilation. See the Design Size Report for more details: /tmp/rm13-w4a8-k4304-20260926T125538Z-177886/project/solution1/syn/report/csynth_design_size.rpt
INFO: [HLS 200-1995] There were 5,143 instructions in the design after the 'Array/Struct (step 3)' phase of compilation. See the Design Size Report for more details: /tmp/rm13-w4a8-k4304-20260926T125538Z-177886/project/solution1/syn/report/csynth_design_size.rpt
INFO: [HLS 200-1995] There were 5,143 instructions in the design after the 'Array/Struct (step 4)' phase of compilation. See the Design Size Report for more details: /tmp/rm13-w4a8-k4304-20260926T125538Z-177886/project/solution1/syn/report/csynth_design_size.rpt
INFO: [HLS 200-1995] There were 5,319 instructions in the design after the 'Array/Struct (step 5)' phase of compilation. See the Design Size Report for more details: /tmp/rm13-w4a8-k4304-20260926T125538Z-177886/project/solution1/syn/report/csynth_design_size.rpt
INFO: [HLS 200-1995] There were 5,317 instructions in the design after the 'Performance (step 1)' phase of compilation. See the Design Size Report for more details: /tmp/rm13-w4a8-k4304-20260926T125538Z-177886/project/solution1/syn/report/csynth_design_size.rpt
INFO: [HLS 200-1995] There were 5,155 instructions in the design after the 'Performance (step 2)' phase of compilation. See the Design Size Report for more details: /tmp/rm13-w4a8-k4304-20260926T125538Z-177886/project/solution1/syn/report/csynth_design_size.rpt
INFO: [HLS 200-1995] There were 5,150 instructions in the design after the 'Performance (step 3)' phase of compilation. See the Design Size Report for more details: /tmp/rm13-w4a8-k4304-20260926T125538Z-177886/project/solution1/syn/report/csynth_design_size.rpt
INFO: [HLS 200-1995] There were 5,150 instructions in the design after the 'Performance (step 4)' phase of compilation. See the Design Size Report for more details: /tmp/rm13-w4a8-k4304-20260926T125538Z-177886/project/solution1/syn/report/csynth_design_size.rpt
INFO: [HLS 200-1995] There were 5,681 instructions in the design after the 'HW Transforms (step 1)' phase of compilation. See the Design Size Report for more details: /tmp/rm13-w4a8-k4304-20260926T125538Z-177886/project/solution1/syn/report/csynth_design_size.rpt
INFO: [HLS 200-1995] There were 5,294 instructions in the design after the 'HW Transforms (step 2)' phase of compilation. See the Design Size Report for more details: /tmp/rm13-w4a8-k4304-20260926T125538Z-177886/project/solution1/syn/report/csynth_design_size.rpt
INFO: [HLS 214-131] Inlining function '(anonymous namespace)::float_bits(float)' into '(anonymous namespace)::is_finite_bits(float)' (/home/zhiro/research/kv260-vlm-workers/RM13-H-integer/experiments/rm13/hardware/w4a8_tile.cpp:30:10)
INFO: [HLS 214-131] Inlining function '(anonymous namespace)::is_finite_bits(float)' into 'rm13_w4a8_tile' (/home/zhiro/research/kv260-vlm-workers/RM13-H-integer/experiments/rm13/hardware/w4a8_tile.cpp:113:18)
INFO: [HLS 214-131] Inlining function '(anonymous namespace)::decode_w4(ap_uint<128>, int)' into 'rm13_w4a8_tile' (/home/zhiro/research/kv260-vlm-workers/RM13-H-integer/experiments/rm13/hardware/w4a8_tile.cpp:241:42)
INFO: [HLS 214-131] Inlining function '(anonymous namespace)::round_ties_to_even(float)' into 'rm13_w4a8_tile' (/home/zhiro/research/kv260-vlm-workers/RM13-H-integer/experiments/rm13/hardware/w4a8_tile.cpp:187:29)
INFO: [HLS 214-131] Inlining function '(anonymous namespace)::bits_float(unsigned int)' into 'rm13_w4a8_tile' (/home/zhiro/research/kv260-vlm-workers/RM13-H-integer/experiments/rm13/hardware/w4a8_tile.cpp:185:41)
INFO: [HLS 214-291] Loop 'VITIS_LOOP_152_8' is marked as complete unroll implied by the pipeline pragma (/home/zhiro/research/kv260-vlm-workers/RM13-H-integer/experiments/rm13/hardware/w4a8_tile.cpp:152:20)
INFO: [HLS 214-291] Loop 'VITIS_LOOP_232_18' is marked as complete unroll implied by the pipeline pragma (/home/zhiro/research/kv260-vlm-workers/RM13-H-integer/experiments/rm13/hardware/w4a8_tile.cpp:232:42)
INFO: [HLS 214-291] Loop 'VITIS_LOOP_234_19' is marked as complete unroll implied by the pipeline pragma (/home/zhiro/research/kv260-vlm-workers/RM13-H-integer/experiments/rm13/hardware/w4a8_tile.cpp:234:21)
INFO: [HLS 214-186] Unrolling loop 'VITIS_LOOP_152_8' (/home/zhiro/research/kv260-vlm-workers/RM13-H-integer/experiments/rm13/hardware/w4a8_tile.cpp:152:20) in function 'rm13_w4a8_tile' completely with a factor of 8 (/home/zhiro/research/kv260-vlm-workers/RM13-H-integer/experiments/rm13/hardware/w4a8_tile.cpp:62:0)
INFO: [HLS 214-186] Unrolling loop 'VITIS_LOOP_209_12' (/home/zhiro/research/kv260-vlm-workers/RM13-H-integer/experiments/rm13/hardware/w4a8_tile.cpp:209:21) in function 'rm13_w4a8_tile' completely with a factor of 16 (/home/zhiro/research/kv260-vlm-workers/RM13-H-integer/experiments/rm13/hardware/w4a8_tile.cpp:62:0)
INFO: [HLS 214-186] Unrolling loop 'VITIS_LOOP_211_13' (/home/zhiro/research/kv260-vlm-workers/RM13-H-integer/experiments/rm13/hardware/w4a8_tile.cpp:211:21) in function 'rm13_w4a8_tile' completely with a factor of 8 (/home/zhiro/research/kv260-vlm-workers/RM13-H-integer/experiments/rm13/hardware/w4a8_tile.cpp:62:0)
INFO: [HLS 214-186] Unrolling loop 'VITIS_LOOP_222_15' (/home/zhiro/research/kv260-vlm-workers/RM13-H-integer/experiments/rm13/hardware/w4a8_tile.cpp:222:21) in function 'rm13_w4a8_tile' completely with a factor of 16 (/home/zhiro/research/kv260-vlm-workers/RM13-H-integer/experiments/rm13/hardware/w4a8_tile.cpp:62:0)
INFO: [HLS 214-186] Unrolling loop 'VITIS_LOOP_224_16' (/home/zhiro/research/kv260-vlm-workers/RM13-H-integer/experiments/rm13/hardware/w4a8_tile.cpp:224:21) in function 'rm13_w4a8_tile' completely with a factor of 8 (/home/zhiro/research/kv260-vlm-workers/RM13-H-integer/experiments/rm13/hardware/w4a8_tile.cpp:62:0)
INFO: [HLS 214-186] Unrolling loop 'VITIS_LOOP_232_18' (/home/zhiro/research/kv260-vlm-workers/RM13-H-integer/experiments/rm13/hardware/w4a8_tile.cpp:232:42) in function 'rm13_w4a8_tile' completely with a factor of 16 (/home/zhiro/research/kv260-vlm-workers/RM13-H-integer/experiments/rm13/hardware/w4a8_tile.cpp:62:0)
INFO: [HLS 214-186] Unrolling loop 'VITIS_LOOP_234_19' (/home/zhiro/research/kv260-vlm-workers/RM13-H-integer/experiments/rm13/hardware/w4a8_tile.cpp:234:21) in function 'rm13_w4a8_tile' completely with a factor of 8 (/home/zhiro/research/kv260-vlm-workers/RM13-H-integer/experiments/rm13/hardware/w4a8_tile.cpp:62:0)
INFO: [HLS 214-186] Unrolling loop 'VITIS_LOOP_269_21' (/home/zhiro/research/kv260-vlm-workers/RM13-H-integer/experiments/rm13/hardware/w4a8_tile.cpp:269:32) in function 'rm13_w4a8_tile' completely with a factor of 16 (/home/zhiro/research/kv260-vlm-workers/RM13-H-integer/experiments/rm13/hardware/w4a8_tile.cpp:62:0)
INFO: [HLS 214-186] Unrolling loop 'VITIS_LOOP_271_22' (/home/zhiro/research/kv260-vlm-workers/RM13-H-integer/experiments/rm13/hardware/w4a8_tile.cpp:271:21) in function 'rm13_w4a8_tile' completely with a factor of 8 (/home/zhiro/research/kv260-vlm-workers/RM13-H-integer/experiments/rm13/hardware/w4a8_tile.cpp:62:0)
INFO: [HLS 214-178] Inlining function 'fp_struct<float>::fp_struct(float)' into 'int generic_cast_IEEE754<int, (ap_q_mode)6, float>(float, bool, hls::enable_if<std::numeric_limits<int>::is_signed, bool>::type)' (/wrk/ci/prod/2024.2/hls_product/continuous/495/2024.2/src/shared/hls/clib/hlsmath/include/FloatingPoint/hls_case_IEEE754.h:12:0)
INFO: [HLS 214-178] Inlining function 'fp_struct<float>::mantissa() const' into 'int generic_cast_IEEE754<int, (ap_q_mode)6, float>(float, bool, hls::enable_if<std::numeric_limits<int>::is_signed, bool>::type)' (/wrk/ci/prod/2024.2/hls_product/continuous/495/2024.2/src/shared/hls/clib/hlsmath/include/FloatingPoint/hls_case_IEEE754.h:12:0)
INFO: [HLS 214-178] Inlining function 'fp_struct<float>::expv() const' into 'int generic_cast_IEEE754<int, (ap_q_mode)6, float>(float, bool, hls::enable_if<std::numeric_limits<int>::is_signed, bool>::type)' (/wrk/ci/prod/2024.2/hls_product/continuous/495/2024.2/src/shared/hls/clib/hlsmath/include/FloatingPoint/hls_case_IEEE754.h:12:0)
INFO: [HLS 214-178] Inlining function 'fp_struct<float>::__signbit() const' into 'int generic_cast_IEEE754<int, (ap_q_mode)6, float>(float, bool, hls::enable_if<std::numeric_limits<int>::is_signed, bool>::type)' (/wrk/ci/prod/2024.2/hls_product/continuous/495/2024.2/src/shared/hls/clib/hlsmath/include/FloatingPoint/hls_case_IEEE754.h:12:0)
INFO: [HLS 214-178] Inlining function 'int generic_cast_IEEE754<int, (ap_q_mode)6, float>(float, bool, hls::enable_if<std::numeric_limits<int>::is_signed, bool>::type)' into 'int generic_cast_IEEE754<int, float>(float, bool)' (/wrk/ci/prod/2024.2/hls_product/continuous/495/2024.2/src/shared/hls/clib/hlsmath/include/FloatingPoint/hls_case_IEEE754.h:116:0)
INFO: [HLS 214-178] Inlining function 'int generic_cast_IEEE754<int, float>(float, bool)' into '__hls_fptosi_float_i32' (/wrk/ci/prod/2024.2/hls_product/continuous/495/2024.2/src/shared/hls/clib/hlsmath/src/lib_floatconversion.cpp:51:0)
INFO: [HLS 214-178] Inlining function '__hls_fptosi_float_i32' into 'rm13_w4a8_tile' (/home/zhiro/research/kv260-vlm-workers/RM13-H-integer/experiments/rm13/hardware/w4a8_tile.cpp:62:0)
INFO: [HLS 214-248] Applying array_partition to '_ZZ14rm13_w4a8_tileE8xs_cache': Complete partitioning on dimension 1. (/home/zhiro/research/kv260-vlm-workers/RM13-H-integer/experiments/rm13/hardware/w4a8_tile.cpp:93:0)
INFO: [HLS 214-248] Applying array_partition to '_ZZ14rm13_w4a8_tileE7x_cache': Complete partitioning on dimension 1. (/home/zhiro/research/kv260-vlm-workers/RM13-H-integer/experiments/rm13/hardware/w4a8_tile.cpp:92:0)
INFO: [HLS 214-248] Applying array_partition to 'w_cache': Cyclic partitioning with factor 8 on dimension 1. (/home/zhiro/research/kv260-vlm-workers/RM13-H-integer/experiments/rm13/hardware/w4a8_tile.cpp:90:18)
INFO: [HLS 214-248] Applying array_partition to 'ws_cache': Cyclic partitioning with factor 8 on dimension 1. (/home/zhiro/research/kv260-vlm-workers/RM13-H-integer/experiments/rm13/hardware/w4a8_tile.cpp:91:11)
INFO: [HLS 214-248] Applying array_partition to 'group_words': Complete partitioning on dimension 1. (/home/zhiro/research/kv260-vlm-workers/RM13-H-integer/experiments/rm13/hardware/w4a8_tile.cpp:131:20)
INFO: [HLS 214-248] Applying array_partition to 'result': Complete partitioning on dimension 1. Complete partitioning on dimension 2. (/home/zhiro/research/kv260-vlm-workers/RM13-H-integer/experiments/rm13/hardware/w4a8_tile.cpp:207:19)
INFO: [HLS 214-248] Applying array_partition to 'partial': Complete partitioning on dimension 1. Complete partitioning on dimension 2. (/home/zhiro/research/kv260-vlm-workers/RM13-H-integer/experiments/rm13/hardware/w4a8_tile.cpp:220:30)
INFO: [HLS 214-115] Multiple burst reads of length 4 and bit width 128 in loop 'VITIS_LOOP_116_3'(/home/zhiro/research/kv260-vlm-workers/RM13-H-integer/experiments/rm13/hardware/w4a8_tile.cpp:116:31) has been inferred on bundle 'gmem_w'. These burst requests might be further partitioned into multiple requests during RTL generation, based on max_read_burst_length or max_write_burst_length settings. (/home/zhiro/research/kv260-vlm-workers/RM13-H-integer/experiments/rm13/hardware/w4a8_tile.cpp:116:31)
INFO: [HLS 214-115] Multiple burst reads of variable length and bit width 256 in loop 'VITIS_LOOP_138_6'(/home/zhiro/research/kv260-vlm-workers/RM13-H-integer/experiments/rm13/hardware/w4a8_tile.cpp:138:31) has been inferred on bundle 'gmem_x'. These burst requests might be further partitioned into multiple requests during RTL generation, based on max_read_burst_length or max_write_burst_length settings. (/home/zhiro/research/kv260-vlm-workers/RM13-H-integer/experiments/rm13/hardware/w4a8_tile.cpp:138:31)
INFO: [HLS 200-111] Finished Compiling Optimization and Transform: CPU user time: 9.13 seconds. CPU system time: 0.29 seconds. Elapsed time: 13.03 seconds; current allocated memory: 326.363 MB.
INFO: [HLS 200-111] Finished Checking Pragmas: CPU user time: 0 seconds. CPU system time: 0 seconds. Elapsed time: 0 seconds; current allocated memory: 326.363 MB.
INFO: [HLS 200-10] Starting code transformations ...
INFO: [HLS 200-111] Finished Standard Transforms: CPU user time: 0.58 seconds. CPU system time: 0.01 seconds. Elapsed time: 0.6 seconds; current allocated memory: 344.770 MB.
INFO: [HLS 200-10] Checking synthesizability ...
WARNING: [SYNCHK 200-23] /home/zhiro/research/kv260-vlm-workers/RM13-H-integer/experiments/rm13/hardware/w4a8_tile.cpp:184: variable-indexed range selection may cause suboptimal QoR.
INFO: [SYNCHK 200-10] 0 error(s), 1 warning(s).
INFO: [HLS 200-111] Finished Checking Synthesizability: CPU user time: 0.35 seconds. CPU system time: 0 seconds. Elapsed time: 0.35 seconds; current allocated memory: 346.242 MB.
INFO: [XFORM 203-401] Performing if-conversion on hyperblock from (/home/zhiro/research/kv260-vlm-workers/RM13-H-integer/experiments/rm13/hardware/w4a8_tile.cpp:147:9) to (/home/zhiro/research/kv260-vlm-workers/RM13-H-integer/experiments/rm13/hardware/w4a8_tile.cpp:146:31) in function 'rm13_w4a8_tile'... converting 3 basic blocks.
INFO: [XFORM 203-401] Performing if-conversion on hyperblock from (/home/zhiro/research/kv260-vlm-workers/RM13-H-integer/experiments/rm13/hardware/w4a8_tile.cpp:182:64) to (/home/zhiro/research/kv260-vlm-workers/RM13-H-integer/experiments/rm13/hardware/w4a8_tile.cpp:190:44) in function 'rm13_w4a8_tile'... converting 4 basic blocks.
INFO: [XFORM 203-401] Performing if-conversion on hyperblock from (/home/zhiro/research/kv260-vlm-workers/RM13-H-integer/experiments/rm13/hardware/w4a8_tile.cpp:230:9) to (/home/zhiro/research/kv260-vlm-workers/RM13-H-integer/experiments/rm13/hardware/w4a8_tile.cpp:229:36) in function 'rm13_w4a8_tile'... converting 467 basic blocks.
INFO: [HLS 200-111] Finished Loop, function and other optimizations: CPU user time: 2.77 seconds. CPU system time: 0.02 seconds. Elapsed time: 2.79 seconds; current allocated memory: 399.844 MB.
WARNING: [HLS 200-960] Cannot flatten loop 'VITIS_LOOP_111_2' (/home/zhiro/research/kv260-vlm-workers/RM13-H-integer/experiments/rm13/hardware/w4a8_tile.cpp:111:27) in function 'rm13_w4a8_tile' the outer loop is not a perfect loop because there is nontrivial logic before entering the inner loop.
Resolution: For help on HLS 200-960 see docs.xilinx.com/access/sources/dita/topic?Doc_Version=2024.2%20English&url=ug1448-hls-guidance&resourceid=200-960.html
INFO: [HLS 200-111] Finished Architecture Synthesis: CPU user time: 2.45 seconds. CPU system time: 0.02 seconds. Elapsed time: 2.47 seconds; current allocated memory: 497.348 MB.
INFO: [HLS 200-10] Starting hardware synthesis ...
INFO: [HLS 200-10] Synthesizing 'rm13_w4a8_tile' ...
INFO: [HLS 200-10] ----------------------------------------------------------------
INFO: [HLS 200-42] -- Implementing module 'rm13_w4a8_tile_Pipeline_VITIS_LOOP_138_6' 
INFO: [HLS 200-10] ----------------------------------------------------------------
INFO: [SCHED 204-11] Starting scheduling ...
INFO: [SCHED 204-61] Pipelining loop 'VITIS_LOOP_138_6'.
INFO: [HLS 200-1470] Pipelining result : Target II = 1, Final II = 1, Depth = 3, loop 'VITIS_LOOP_138_6'
INFO: [SCHED 204-11] Finished scheduling.
INFO: [HLS 200-111] Finished Scheduling: CPU user time: 1.56 seconds. CPU system time: 0.03 seconds. Elapsed time: 1.58 seconds; current allocated memory: 513.020 MB.
INFO: [BIND 205-100] Starting micro-architecture generation ...
INFO: [BIND 205-101] Performing variable lifetime analysis.
INFO: [BIND 205-101] Exploring resource sharing.
INFO: [BIND 205-101] Binding ...
INFO: [BIND 205-100] Finished micro-architecture generation.
INFO: [HLS 200-111] Finished Binding: CPU user time: 0.02 seconds. CPU system time: 0 seconds. Elapsed time: 0.02 seconds; current allocated memory: 513.020 MB.
INFO: [HLS 200-10] ----------------------------------------------------------------
INFO: [HLS 200-42] -- Implementing module 'rm13_w4a8_tile_Pipeline_VITIS_LOOP_146_7' 
INFO: [HLS 200-10] ----------------------------------------------------------------
INFO: [SCHED 204-11] Starting scheduling ...
INFO: [SCHED 204-61] Pipelining loop 'VITIS_LOOP_146_7'.
INFO: [HLS 200-1470] Pipelining result : Target II = 1, Final II = 1, Depth = 9, loop 'VITIS_LOOP_146_7'
WARNING: [HLS 200-871] Estimated clock period (3.945 ns) exceeds the target (target clock period: 5.000 ns, clock uncertainty: 1.350 ns, effective delay budget: 3.650 ns).
Resolution: For help on HLS 200-871 see docs.xilinx.com/access/sources/dita/topic?Doc_Version=2024.2%20English&url=ug1448-hls-guidance&resourceid=200-871.html
WARNING: [HLS 200-1016] The critical path in module 'rm13_w4a8_tile_Pipeline_VITIS_LOOP_146_7' consists of the following:
	'fcmp' operation 1 bit ('tmp_69', /home/zhiro/research/kv260-vlm-workers/RM13-H-integer/experiments/rm13/hardware/w4a8_tile.cpp:167) [223]  (2.782 ns)
	'and' operation 1 bit ('and_ln167_1', /home/zhiro/research/kv260-vlm-workers/RM13-H-integer/experiments/rm13/hardware/w4a8_tile.cpp:167) [224]  (0.287 ns)
	'select' operation 32 bit ('max_abs', /home/zhiro/research/kv260-vlm-workers/RM13-H-integer/experiments/rm13/hardware/w4a8_tile.cpp:167) [225]  (0.000 ns)
	'select' operation 32 bit ('max_abs', /home/zhiro/research/kv260-vlm-workers/RM13-H-integer/experiments/rm13/hardware/w4a8_tile.cpp:148) [227]  (0.449 ns)
	'store' operation 0 bit ('max_abs_write_ln144', /home/zhiro/research/kv260-vlm-workers/RM13-H-integer/experiments/rm13/hardware/w4a8_tile.cpp:144) of variable 'max_abs', /home/zhiro/research/kv260-vlm-workers/RM13-H-integer/experiments/rm13/hardware/w4a8_tile.cpp:148 on local variable 'max_abs', /home/zhiro/research/kv260-vlm-workers/RM13-H-integer/experiments/rm13/hardware/w4a8_tile.cpp:144 [229]  (0.427 ns)

Resolution: For help on HLS 200-1016 see docs.xilinx.com/access/sources/dita/topic?Doc_Version=2024.2%20English&url=ug1448-hls-guidance&resourceid=200-1016.html
INFO: [SCHED 204-11] Finished scheduling.
INFO: [HLS 200-111] Finished Scheduling: CPU user time: 0.09 seconds. CPU system time: 0 seconds. Elapsed time: 0.09 seconds; current allocated memory: 515.105 MB.
INFO: [BIND 205-100] Starting micro-architecture generation ...
INFO: [BIND 205-101] Performing variable lifetime analysis.
INFO: [BIND 205-101] Exploring resource sharing.
INFO: [BIND 205-101] Binding ...
INFO: [BIND 205-100] Finished micro-architecture generation.
INFO: [HLS 200-111] Finished Binding: CPU user time: 0.02 seconds. CPU system time: 0.01 seconds. Elapsed time: 0.02 seconds; current allocated memory: 515.105 MB.
INFO: [HLS 200-10] ----------------------------------------------------------------
INFO: [HLS 200-42] -- Implementing module 'rm13_w4a8_tile_Pipeline_VITIS_LOOP_179_9' 
INFO: [HLS 200-10] ----------------------------------------------------------------
INFO: [SCHED 204-11] Starting scheduling ...
WARNING: [HLS 200-2042] Usage of URAM can potentially cause worse II as Vitis HLS does not exploit read-first mode for URAMs. Consider using BRAMs instead.
WARNING: [HLS 200-2042] Usage of URAM can potentially cause worse II as Vitis HLS does not exploit read-first mode for URAMs. Consider using BRAMs instead.
WARNING: [HLS 200-2042] Usage of URAM can potentially cause worse II as Vitis HLS does not exploit read-first mode for URAMs. Consider using BRAMs instead.
WARNING: [HLS 200-2042] Usage of URAM can potentially cause worse II as Vitis HLS does not exploit read-first mode for URAMs. Consider using BRAMs instead.
WARNING: [HLS 200-2042] Usage of URAM can potentially cause worse II as Vitis HLS does not exploit read-first mode for URAMs. Consider using BRAMs instead.
WARNING: [HLS 200-2042] Usage of URAM can potentially cause worse II as Vitis HLS does not exploit read-first mode for URAMs. Consider using BRAMs instead.
WARNING: [HLS 200-2042] Usage of URAM can potentially cause worse II as Vitis HLS does not exploit read-first mode for URAMs. Consider using BRAMs instead.
WARNING: [HLS 200-2042] Usage of URAM can potentially cause worse II as Vitis HLS does not exploit read-first mode for URAMs. Consider using BRAMs instead.
WARNING: [HLS 200-2042] Usage of URAM can potentially cause worse II as Vitis HLS does not exploit read-first mode for URAMs. Consider using BRAMs instead.
WARNING: [HLS 200-2042] Usage of URAM can potentially cause worse II as Vitis HLS does not exploit read-first mode for URAMs. Consider using BRAMs instead.
WARNING: [HLS 200-2042] Usage of URAM can potentially cause worse II as Vitis HLS does not exploit read-first mode for URAMs. Consider using BRAMs instead.
WARNING: [HLS 200-2042] Usage of URAM can potentially cause worse II as Vitis HLS does not exploit read-first mode for URAMs. Consider using BRAMs instead.
WARNING: [HLS 200-2042] Usage of URAM can potentially cause worse II as Vitis HLS does not exploit read-first mode for URAMs. Consider using BRAMs instead.
WARNING: [HLS 200-2042] Usage of URAM can potentially cause worse II as Vitis HLS does not exploit read-first mode for URAMs. Consider using BRAMs instead.
WARNING: [HLS 200-2042] Usage of URAM can potentially cause worse II as Vitis HLS does not exploit read-first mode for URAMs. Consider using BRAMs instead.
WARNING: [HLS 200-2042] Usage of URAM can potentially cause worse II as Vitis HLS does not exploit read-first mode for URAMs. Consider using BRAMs instead.
INFO: [SCHED 204-61] Pipelining loop 'VITIS_LOOP_179_9'.
INFO: [HLS 200-1470] Pipelining result : Target II = 1, Final II = 1, Depth = 39, loop 'VITIS_LOOP_179_9'
INFO: [SCHED 204-11] Finished scheduling.
INFO: [HLS 200-111] Finished Scheduling: CPU user time: 0.1 seconds. CPU system time: 0 seconds. Elapsed time: 0.11 seconds; current allocated memory: 516.438 MB.
INFO: [BIND 205-100] Starting micro-architecture generation ...
INFO: [BIND 205-101] Performing variable lifetime analysis.
INFO: [BIND 205-101] Exploring resource sharing.
INFO: [BIND 205-101] Binding ...
INFO: [BIND 205-100] Finished micro-architecture generation.
INFO: [HLS 200-111] Finished Binding: CPU user time: 0.03 seconds. CPU system time: 0 seconds. Elapsed time: 0.02 seconds; current allocated memory: 516.438 MB.
INFO: [HLS 200-10] ----------------------------------------------------------------
INFO: [HLS 200-42] -- Implementing module 'rm13_w4a8_tile_Pipeline_VITIS_LOOP_116_3' 
INFO: [HLS 200-10] ----------------------------------------------------------------
INFO: [SCHED 204-11] Starting scheduling ...
WARNING: [HLS 200-2042] Usage of URAM can potentially cause worse II as Vitis HLS does not exploit read-first mode for URAMs. Consider using BRAMs instead.
WARNING: [HLS 200-2042] Usage of URAM can potentially cause worse II as Vitis HLS does not exploit read-first mode for URAMs. Consider using BRAMs instead.
WARNING: [HLS 200-2042] Usage of URAM can potentially cause worse II as Vitis HLS does not exploit read-first mode for URAMs. Consider using BRAMs instead.
WARNING: [HLS 200-2042] Usage of URAM can potentially cause worse II as Vitis HLS does not exploit read-first mode for URAMs. Consider using BRAMs instead.
WARNING: [HLS 200-2042] Usage of URAM can potentially cause worse II as Vitis HLS does not exploit read-first mode for URAMs. Consider using BRAMs instead.
WARNING: [HLS 200-2042] Usage of URAM can potentially cause worse II as Vitis HLS does not exploit read-first mode for URAMs. Consider using BRAMs instead.
WARNING: [HLS 200-2042] Usage of URAM can potentially cause worse II as Vitis HLS does not exploit read-first mode for URAMs. Consider using BRAMs instead.
WARNING: [HLS 200-2042] Usage of URAM can potentially cause worse II as Vitis HLS does not exploit read-first mode for URAMs. Consider using BRAMs instead.
INFO: [SCHED 204-61] Pipelining loop 'VITIS_LOOP_116_3'.
INFO: [HLS 200-1470] Pipelining result : Target II = 1, Final II = 1, Depth = 3, loop 'VITIS_LOOP_116_3'
INFO: [SCHED 204-11] Finished scheduling.
INFO: [HLS 200-111] Finished Scheduling: CPU user time: 0.05 seconds. CPU system time: 0 seconds. Elapsed time: 0.05 seconds; current allocated memory: 516.684 MB.
INFO: [BIND 205-100] Starting micro-architecture generation ...
INFO: [BIND 205-101] Performing variable lifetime analysis.
INFO: [BIND 205-101] Exploring resource sharing.
INFO: [BIND 205-101] Binding ...
INFO: [BIND 205-100] Finished micro-architecture generation.
INFO: [HLS 200-111] Finished Binding: CPU user time: 0.01 seconds. CPU system time: 0 seconds. Elapsed time: 0.01 seconds; current allocated memory: 516.684 MB.
INFO: [HLS 200-10] ----------------------------------------------------------------
INFO: [HLS 200-42] -- Implementing module 'rm13_w4a8_tile_Pipeline_VITIS_LOOP_229_17' 
INFO: [HLS 200-10] ----------------------------------------------------------------
INFO: [SCHED 204-11] Starting scheduling ...
INFO: [HLS 200-486] Changing DSP latency (root=add_ln245_127) to 3 in order to utilize available DSP registers.
INFO: [HLS 200-486] Changing DSP latency (root=add_ln245_126) to 3 in order to utilize available DSP registers.
INFO: [HLS 200-486] Changing DSP latency (root=add_ln245_125) to 3 in order to utilize available DSP registers.
INFO: [HLS 200-486] Changing DSP latency (root=add_ln245_124) to 3 in order to utilize available DSP registers.
INFO: [HLS 200-486] Changing DSP latency (root=add_ln245_123) to 3 in order to utilize available DSP registers.
INFO: [HLS 200-486] Changing DSP latency (root=add_ln245_122) to 3 in order to utilize available DSP registers.
INFO: [HLS 200-486] Changing DSP latency (root=add_ln245_121) to 3 in order to utilize available DSP registers.
INFO: [HLS 200-486] Changing DSP latency (root=add_ln245_120) to 3 in order to utilize available DSP registers.
INFO: [HLS 200-486] Changing DSP latency (root=add_ln245_119) to 3 in order to utilize available DSP registers.
INFO: [HLS 200-486] Changing DSP latency (root=add_ln245_118) to 3 in order to utilize available DSP registers.
INFO: [HLS 200-486] Changing DSP latency (root=add_ln245_117) to 3 in order to utilize available DSP registers.
INFO: [HLS 200-486] Changing DSP latency (root=add_ln245_116) to 3 in order to utilize available DSP registers.
INFO: [HLS 200-486] Changing DSP latency (root=add_ln245_115) to 3 in order to utilize available DSP registers.
INFO: [HLS 200-486] Changing DSP latency (root=add_ln245_114) to 3 in order to utilize available DSP registers.
INFO: [HLS 200-486] Changing DSP latency (root=add_ln245_113) to 3 in order to utilize available DSP registers.
INFO: [HLS 200-486] Changing DSP latency (root=add_ln245_112) to 3 in order to utilize available DSP registers.
INFO: [HLS 200-486] Changing DSP latency (root=add_ln245_111) to 3 in order to utilize available DSP registers.
INFO: [HLS 200-486] Changing DSP latency (root=add_ln245_110) to 3 in order to utilize available DSP registers.
INFO: [HLS 200-486] Changing DSP latency (root=add_ln245_109) to 3 in order to utilize available DSP registers.
INFO: [HLS 200-486] Changing DSP latency (root=add_ln245_108) to 3 in order to utilize available DSP registers.
INFO: [HLS 200-486] Changing DSP latency (root=add_ln245_107) to 3 in order to utilize available DSP registers.
INFO: [HLS 200-486] Changing DSP latency (root=add_ln245_106) to 3 in order to utilize available DSP registers.
INFO: [HLS 200-486] Changing DSP latency (root=add_ln245_105) to 3 in order to utilize available DSP registers.
INFO: [HLS 200-486] Changing DSP latency (root=add_ln245_104) to 3 in order to utilize available DSP registers.
INFO: [HLS 200-486] Changing DSP latency (root=add_ln245_103) to 3 in order to utilize available DSP registers.
INFO: [HLS 200-486] Changing DSP latency (root=add_ln245_102) to 3 in order to utilize available DSP registers.
INFO: [HLS 200-486] Changing DSP latency (root=add_ln245_101) to 3 in order to utilize available DSP registers.
INFO: [HLS 200-486] Changing DSP latency (root=add_ln245_100) to 3 in order to utilize available DSP registers.
INFO: [HLS 200-486] Changing DSP latency (root=add_ln245_99) to 3 in order to utilize available DSP registers.
INFO: [HLS 200-486] Changing DSP latency (root=add_ln245_98) to 3 in order to utilize available DSP registers.
INFO: [HLS 200-486] Changing DSP latency (root=add_ln245_97) to 3 in order to utilize available DSP registers.
INFO: [HLS 200-486] Changing DSP latency (root=add_ln245_96) to 3 in order to utilize available DSP registers.
INFO: [HLS 200-486] Changing DSP latency (root=add_ln245_95) to 3 in order to utilize available DSP registers.
INFO: [HLS 200-486] Changing DSP latency (root=add_ln245_94) to 3 in order to utilize available DSP registers.
INFO: [HLS 200-486] Changing DSP latency (root=add_ln245_93) to 3 in order to utilize available DSP registers.
INFO: [HLS 200-486] Changing DSP latency (root=add_ln245_92) to 3 in order to utilize available DSP registers.
INFO: [HLS 200-486] Changing DSP latency (root=add_ln245_91) to 3 in order to utilize available DSP registers.
INFO: [HLS 200-486] Changing DSP latency (root=add_ln245_90) to 3 in order to utilize available DSP registers.
INFO: [HLS 200-486] Changing DSP latency (root=add_ln245_89) to 3 in order to utilize available DSP registers.
INFO: [HLS 200-486] Changing DSP latency (root=add_ln245_88) to 3 in order to utilize available DSP registers.
INFO: [HLS 200-486] Changing DSP latency (root=add_ln245_87) to 3 in order to utilize available DSP registers.
INFO: [HLS 200-486] Changing DSP latency (root=add_ln245_86) to 3 in order to utilize available DSP registers.
INFO: [HLS 200-486] Changing DSP latency (root=add_ln245_85) to 3 in order to utilize available DSP registers.
INFO: [HLS 200-486] Changing DSP latency (root=add_ln245_84) to 3 in order to utilize available DSP registers.
INFO: [HLS 200-486] Changing DSP latency (root=add_ln245_83) to 3 in order to utilize available DSP registers.
INFO: [HLS 200-486] Changing DSP latency (root=add_ln245_82) to 3 in order to utilize available DSP registers.
INFO: [HLS 200-486] Changing DSP latency (root=add_ln245_81) to 3 in order to utilize available DSP registers.
INFO: [HLS 200-486] Changing DSP latency (root=add_ln245_80) to 3 in order to utilize available DSP registers.
INFO: [HLS 200-486] Changing DSP latency (root=add_ln245_79) to 3 in order to utilize available DSP registers.
INFO: [HLS 200-486] Changing DSP latency (root=add_ln245_78) to 3 in order to utilize available DSP registers.
INFO: [HLS 200-486] Changing DSP latency (root=add_ln245_77) to 3 in order to utilize available DSP registers.
INFO: [HLS 200-486] Changing DSP latency (root=add_ln245_76) to 3 in order to utilize available DSP registers.
INFO: [HLS 200-486] Changing DSP latency (root=add_ln245_75) to 3 in order to utilize available DSP registers.
INFO: [HLS 200-486] Changing DSP latency (root=add_ln245_74) to 3 in order to utilize available DSP registers.
INFO: [HLS 200-486] Changing DSP latency (root=add_ln245_73) to 3 in order to utilize available DSP registers.
INFO: [HLS 200-486] Changing DSP latency (root=add_ln245_72) to 3 in order to utilize available DSP registers.
INFO: [HLS 200-486] Changing DSP latency (root=add_ln245_71) to 3 in order to utilize available DSP registers.
INFO: [HLS 200-486] Changing DSP latency (root=add_ln245_70) to 3 in order to utilize available DSP registers.
INFO: [HLS 200-486] Changing DSP latency (root=add_ln245_69) to 3 in order to utilize available DSP registers.
INFO: [HLS 200-486] Changing DSP latency (root=add_ln245_68) to 3 in order to utilize available DSP registers.
INFO: [HLS 200-486] Changing DSP latency (root=add_ln245_67) to 3 in order to utilize available DSP registers.
INFO: [HLS 200-486] Changing DSP latency (root=add_ln245_66) to 3 in order to utilize available DSP registers.
INFO: [HLS 200-486] Changing DSP latency (root=add_ln245_65) to 3 in order to utilize available DSP registers.
INFO: [HLS 200-486] Changing DSP latency (root=add_ln245_64) to 3 in order to utilize available DSP registers.
INFO: [HLS 200-486] Changing DSP latency (root=add_ln245_63) to 3 in order to utilize available DSP registers.
INFO: [HLS 200-486] Changing DSP latency (root=add_ln245_62) to 3 in order to utilize available DSP registers.
INFO: [HLS 200-486] Changing DSP latency (root=add_ln245_61) to 3 in order to utilize available DSP registers.
INFO: [HLS 200-486] Changing DSP latency (root=add_ln245_60) to 3 in order to utilize available DSP registers.
INFO: [HLS 200-486] Changing DSP latency (root=add_ln245_59) to 3 in order to utilize available DSP registers.
INFO: [HLS 200-486] Changing DSP latency (root=add_ln245_58) to 3 in order to utilize available DSP registers.
INFO: [HLS 200-486] Changing DSP latency (root=add_ln245_57) to 3 in order to utilize available DSP registers.
INFO: [HLS 200-486] Changing DSP latency (root=add_ln245_56) to 3 in order to utilize available DSP registers.
INFO: [HLS 200-486] Changing DSP latency (root=add_ln245_55) to 3 in order to utilize available DSP registers.
INFO: [HLS 200-486] Changing DSP latency (root=add_ln245_54) to 3 in order to utilize available DSP registers.
INFO: [HLS 200-486] Changing DSP latency (root=add_ln245_53) to 3 in order to utilize available DSP registers.
INFO: [HLS 200-486] Changing DSP latency (root=add_ln245_52) to 3 in order to utilize available DSP registers.
INFO: [HLS 200-486] Changing DSP latency (root=add_ln245_51) to 3 in order to utilize available DSP registers.
INFO: [HLS 200-486] Changing DSP latency (root=add_ln245_50) to 3 in order to utilize available DSP registers.
INFO: [HLS 200-486] Changing DSP latency (root=add_ln245_49) to 3 in order to utilize available DSP registers.
INFO: [HLS 200-486] Changing DSP latency (root=add_ln245_48) to 3 in order to utilize available DSP registers.
INFO: [HLS 200-486] Changing DSP latency (root=add_ln245_47) to 3 in order to utilize available DSP registers.
INFO: [HLS 200-486] Changing DSP latency (root=add_ln245_46) to 3 in order to utilize available DSP registers.
INFO: [HLS 200-486] Changing DSP latency (root=add_ln245_45) to 3 in order to utilize available DSP registers.
INFO: [HLS 200-486] Changing DSP latency (root=add_ln245_44) to 3 in order to utilize available DSP registers.
INFO: [HLS 200-486] Changing DSP latency (root=add_ln245_43) to 3 in order to utilize available DSP registers.
INFO: [HLS 200-486] Changing DSP latency (root=add_ln245_42) to 3 in order to utilize available DSP registers.
INFO: [HLS 200-486] Changing DSP latency (root=add_ln245_41) to 3 in order to utilize available DSP registers.
INFO: [HLS 200-486] Changing DSP latency (root=add_ln245_40) to 3 in order to utilize available DSP registers.
INFO: [HLS 200-486] Changing DSP latency (root=add_ln245_39) to 3 in order to utilize available DSP registers.
INFO: [HLS 200-486] Changing DSP latency (root=add_ln245_38) to 3 in order to utilize available DSP registers.
INFO: [HLS 200-486] Changing DSP latency (root=add_ln245_37) to 3 in order to utilize available DSP registers.
INFO: [HLS 200-486] Changing DSP latency (root=add_ln245_36) to 3 in order to utilize available DSP registers.
INFO: [HLS 200-486] Changing DSP latency (root=add_ln245_35) to 3 in order to utilize available DSP registers.
INFO: [HLS 200-486] Changing DSP latency (root=add_ln245_34) to 3 in order to utilize available DSP registers.
INFO: [HLS 200-486] Changing DSP latency (root=add_ln245_33) to 3 in order to utilize available DSP registers.
INFO: [HLS 200-486] Changing DSP latency (root=add_ln245_32) to 3 in order to utilize available DSP registers.
INFO: [HLS 200-486] Changing DSP latency (root=add_ln245_31) to 3 in order to utilize available DSP registers.
INFO: [HLS 200-486] Changing DSP latency (root=add_ln245_30) to 3 in order to utilize available DSP registers.
INFO: [HLS 200-486] Changing DSP latency (root=add_ln245_29) to 3 in order to utilize available DSP registers.
INFO: [HLS 200-486] Changing DSP latency (root=add_ln245_28) to 3 in order to utilize available DSP registers.
INFO: [HLS 200-486] Changing DSP latency (root=add_ln245_27) to 3 in order to utilize available DSP registers.
INFO: [HLS 200-486] Changing DSP latency (root=add_ln245_26) to 3 in order to utilize available DSP registers.
INFO: [HLS 200-486] Changing DSP latency (root=add_ln245_25) to 3 in order to utilize available DSP registers.
INFO: [HLS 200-486] Changing DSP latency (root=add_ln245_24) to 3 in order to utilize available DSP registers.
INFO: [HLS 200-486] Changing DSP latency (root=add_ln245_23) to 3 in order to utilize available DSP registers.
INFO: [HLS 200-486] Changing DSP latency (root=add_ln245_22) to 3 in order to utilize available DSP registers.
INFO: [HLS 200-486] Changing DSP latency (root=add_ln245_21) to 3 in order to utilize available DSP registers.
INFO: [HLS 200-486] Changing DSP latency (root=add_ln245_20) to 3 in order to utilize available DSP registers.
INFO: [HLS 200-486] Changing DSP latency (root=add_ln245_19) to 3 in order to utilize available DSP registers.
INFO: [HLS 200-486] Changing DSP latency (root=add_ln245_18) to 3 in order to utilize available DSP registers.
INFO: [HLS 200-486] Changing DSP latency (root=add_ln245_17) to 3 in order to utilize available DSP registers.
INFO: [HLS 200-486] Changing DSP latency (root=add_ln245_16) to 3 in order to utilize available DSP registers.
INFO: [HLS 200-486] Changing DSP latency (root=add_ln245_15) to 3 in order to utilize available DSP registers.
INFO: [HLS 200-486] Changing DSP latency (root=add_ln245_14) to 3 in order to utilize available DSP registers.
INFO: [HLS 200-486] Changing DSP latency (root=add_ln245_13) to 3 in order to utilize available DSP registers.
INFO: [HLS 200-486] Changing DSP latency (root=add_ln245_12) to 3 in order to utilize available DSP registers.
INFO: [HLS 200-486] Changing DSP latency (root=add_ln245_11) to 3 in order to utilize available DSP registers.
INFO: [HLS 200-486] Changing DSP latency (root=add_ln245_10) to 3 in order to utilize available DSP registers.
INFO: [HLS 200-486] Changing DSP latency (root=add_ln245_9) to 3 in order to utilize available DSP registers.
INFO: [HLS 200-486] Changing DSP latency (root=add_ln245_8) to 3 in order to utilize available DSP registers.
INFO: [HLS 200-486] Changing DSP latency (root=add_ln245_7) to 3 in order to utilize available DSP registers.
INFO: [HLS 200-486] Changing DSP latency (root=add_ln245_6) to 3 in order to utilize available DSP registers.
INFO: [HLS 200-486] Changing DSP latency (root=add_ln245_5) to 3 in order to utilize available DSP registers.
INFO: [HLS 200-486] Changing DSP latency (root=add_ln245_4) to 3 in order to utilize available DSP registers.
INFO: [HLS 200-486] Changing DSP latency (root=add_ln245_3) to 3 in order to utilize available DSP registers.
INFO: [HLS 200-486] Changing DSP latency (root=add_ln245_2) to 3 in order to utilize available DSP registers.
INFO: [HLS 200-486] Changing DSP latency (root=add_ln245_1) to 3 in order to utilize available DSP registers.
INFO: [HLS 200-486] Changing DSP latency (root=add_ln245) to 3 in order to utilize available DSP registers.
WARNING: [HLS 200-2042] Usage of URAM can potentially cause worse II as Vitis HLS does not exploit read-first mode for URAMs. Consider using BRAMs instead.
WARNING: [HLS 200-2042] Usage of URAM can potentially cause worse II as Vitis HLS does not exploit read-first mode for URAMs. Consider using BRAMs instead.
WARNING: [HLS 200-2042] Usage of URAM can potentially cause worse II as Vitis HLS does not exploit read-first mode for URAMs. Consider using BRAMs instead.
WARNING: [HLS 200-2042] Usage of URAM can potentially cause worse II as Vitis HLS does not exploit read-first mode for URAMs. Consider using BRAMs instead.
WARNING: [HLS 200-2042] Usage of URAM can potentially cause worse II as Vitis HLS does not exploit read-first mode for URAMs. Consider using BRAMs instead.
WARNING: [HLS 200-2042] Usage of URAM can potentially cause worse II as Vitis HLS does not exploit read-first mode for URAMs. Consider using BRAMs instead.
WARNING: [HLS 200-2042] Usage of URAM can potentially cause worse II as Vitis HLS does not exploit read-first mode for URAMs. Consider using BRAMs instead.
WARNING: [HLS 200-2042] Usage of URAM can potentially cause worse II as Vitis HLS does not exploit read-first mode for URAMs. Consider using BRAMs instead.
WARNING: [HLS 200-2042] Usage of URAM can potentially cause worse II as Vitis HLS does not exploit read-first mode for URAMs. Consider using BRAMs instead.
WARNING: [HLS 200-2042] Usage of URAM can potentially cause worse II as Vitis HLS does not exploit read-first mode for URAMs. Consider using BRAMs instead.
WARNING: [HLS 200-2042] Usage of URAM can potentially cause worse II as Vitis HLS does not exploit read-first mode for URAMs. Consider using BRAMs instead.
WARNING: [HLS 200-2042] Usage of URAM can potentially cause worse II as Vitis HLS does not exploit read-first mode for URAMs. Consider using BRAMs instead.
WARNING: [HLS 200-2042] Usage of URAM can potentially cause worse II as Vitis HLS does not exploit read-first mode for URAMs. Consider using BRAMs instead.
WARNING: [HLS 200-2042] Usage of URAM can potentially cause worse II as Vitis HLS does not exploit read-first mode for URAMs. Consider using BRAMs instead.
WARNING: [HLS 200-2042] Usage of URAM can potentially cause worse II as Vitis HLS does not exploit read-first mode for URAMs. Consider using BRAMs instead.
WARNING: [HLS 200-2042] Usage of URAM can potentially cause worse II as Vitis HLS does not exploit read-first mode for URAMs. Consider using BRAMs instead.
WARNING: [HLS 200-2042] Usage of URAM can potentially cause worse II as Vitis HLS does not exploit read-first mode for URAMs. Consider using BRAMs instead.
WARNING: [HLS 200-2042] Usage of URAM can potentially cause worse II as Vitis HLS does not exploit read-first mode for URAMs. Consider using BRAMs instead.
WARNING: [HLS 200-2042] Usage of URAM can potentially cause worse II as Vitis HLS does not exploit read-first mode for URAMs. Consider using BRAMs instead.
WARNING: [HLS 200-2042] Usage of URAM can potentially cause worse II as Vitis HLS does not exploit read-first mode for URAMs. Consider using BRAMs instead.
WARNING: [HLS 200-2042] Usage of URAM can potentially cause worse II as Vitis HLS does not exploit read-first mode for URAMs. Consider using BRAMs instead.
WARNING: [HLS 200-2042] Usage of URAM can potentially cause worse II as Vitis HLS does not exploit read-first mode for URAMs. Consider using BRAMs instead.
WARNING: [HLS 200-2042] Usage of URAM can potentially cause worse II as Vitis HLS does not exploit read-first mode for URAMs. Consider using BRAMs instead.
WARNING: [HLS 200-2042] Usage of URAM can potentially cause worse II as Vitis HLS does not exploit read-first mode for URAMs. Consider using BRAMs instead.
INFO: [SCHED 204-61] Pipelining loop 'VITIS_LOOP_229_17'.
INFO: [HLS 200-1470] Pipelining result : Target II = 1, Final II = 1, Depth = 5, loop 'VITIS_LOOP_229_17'
INFO: [SCHED 204-11] Finished scheduling.
INFO: [HLS 200-111] Finished Scheduling: CPU user time: 0.62 seconds. CPU system time: 0.02 seconds. Elapsed time: 0.65 seconds; current allocated memory: 530.289 MB.
INFO: [BIND 205-100] Starting micro-architecture generation ...
INFO: [BIND 205-101] Performing variable lifetime analysis.
INFO: [BIND 205-101] Exploring resource sharing.
INFO: [BIND 205-101] Binding ...
INFO: [BIND 205-100] Finished micro-architecture generation.
INFO: [HLS 200-111] Finished Binding: CPU user time: 0.17 seconds. CPU system time: 0 seconds. Elapsed time: 0.17 seconds; current allocated memory: 530.289 MB.
INFO: [HLS 200-10] ----------------------------------------------------------------
INFO: [HLS 200-42] -- Implementing module 'rm13_w4a8_tile_Pipeline_VITIS_LOOP_250_20' 
INFO: [HLS 200-10] ----------------------------------------------------------------
INFO: [SCHED 204-11] Starting scheduling ...
INFO: [SCHED 204-61] Pipelining loop 'VITIS_LOOP_250_20'.
INFO: [HLS 200-1470] Pipelining result : Target II = 1, Final II = 1, Depth = 25, loop 'VITIS_LOOP_250_20'
WARNING: [HLS 200-871] Estimated clock period (4.664 ns) exceeds the target (target clock period: 5.000 ns, clock uncertainty: 1.350 ns, effective delay budget: 3.650 ns).
Resolution: For help on HLS 200-871 see docs.xilinx.com/access/sources/dita/topic?Doc_Version=2024.2%20English&url=ug1448-hls-guidance&resourceid=200-871.html
WARNING: [HLS 200-1016] The critical path in module 'rm13_w4a8_tile_Pipeline_VITIS_LOOP_250_20' consists of the following:
	wire read operation ('result_read', /home/zhiro/research/kv260-vlm-workers/RM13-H-integer/experiments/rm13/hardware/w4a8_tile.cpp:265) on port 'result' (/home/zhiro/research/kv260-vlm-workers/RM13-H-integer/experiments/rm13/hardware/w4a8_tile.cpp:265) [487]  (0.000 ns)
	'sparsemux' operation 32 bit ('tmp_20', /home/zhiro/research/kv260-vlm-workers/RM13-H-integer/experiments/rm13/hardware/w4a8_tile.cpp:265) [495]  (0.721 ns)
	'sparsemux' operation 32 bit ('tmp_36', /home/zhiro/research/kv260-vlm-workers/RM13-H-integer/experiments/rm13/hardware/w4a8_tile.cpp:265) [631]  (0.489 ns)
	'fadd' operation 32 bit ('result', /home/zhiro/research/kv260-vlm-workers/RM13-H-integer/experiments/rm13/hardware/w4a8_tile.cpp:265) [632]  (3.454 ns)

Resolution: For help on HLS 200-1016 see docs.xilinx.com/access/sources/dita/topic?Doc_Version=2024.2%20English&url=ug1448-hls-guidance&resourceid=200-1016.html
INFO: [SCHED 204-11] Finished scheduling.
INFO: [HLS 200-111] Finished Scheduling: CPU user time: 0.72 seconds. CPU system time: 0.01 seconds. Elapsed time: 0.73 seconds; current allocated memory: 537.805 MB.
INFO: [BIND 205-100] Starting micro-architecture generation ...
INFO: [BIND 205-101] Performing variable lifetime analysis.
INFO: [BIND 205-101] Exploring resource sharing.
INFO: [BIND 205-101] Binding ...
INFO: [BIND 205-100] Finished micro-architecture generation.
INFO: [HLS 200-111] Finished Binding: CPU user time: 0.06 seconds. CPU system time: 0 seconds. Elapsed time: 0.06 seconds; current allocated memory: 537.805 MB.
INFO: [HLS 200-10] ----------------------------------------------------------------
INFO: [HLS 200-42] -- Implementing module 'rm13_w4a8_tile' 
INFO: [HLS 200-10] ----------------------------------------------------------------
INFO: [SCHED 204-11] Starting scheduling ...
WARNING: [HLS 200-871] Estimated clock period (4.664 ns) exceeds the target (target clock period: 5.000 ns, clock uncertainty: 1.350 ns, effective delay budget: 3.650 ns).
Resolution: For help on HLS 200-871 see docs.xilinx.com/access/sources/dita/topic?Doc_Version=2024.2%20English&url=ug1448-hls-guidance&resourceid=200-871.html
WARNING: [HLS 200-1016] The critical path in module 'rm13_w4a8_tile' consists of the following:
	'load' operation 32 bit ('p_loc_load') on local variable 'p_loc' [1073]  (0.000 ns)
	'call' operation 0 bit ('_ln206', /home/zhiro/research/kv260-vlm-workers/RM13-H-integer/experiments/rm13/hardware/w4a8_tile.cpp:206) to 'rm13_w4a8_tile_Pipeline_VITIS_LOOP_250_20' [1241]  (4.664 ns)

Resolution: For help on HLS 200-1016 see docs.xilinx.com/access/sources/dita/topic?Doc_Version=2024.2%20English&url=ug1448-hls-guidance&resourceid=200-1016.html
INFO: [SCHED 204-11] Finished scheduling.
INFO: [HLS 200-111] Finished Scheduling: CPU user time: 7.2 seconds. CPU system time: 0.03 seconds. Elapsed time: 7.24 seconds; current allocated memory: 647.598 MB.
INFO: [BIND 205-100] Starting micro-architecture generation ...
INFO: [BIND 205-101] Performing variable lifetime analysis.
INFO: [BIND 205-101] Exploring resource sharing.
WARNING: [BIND 205-102] The specified resource core for memory 'ws_cache' will be ignored if a simpler one can be used.
WARNING: [BIND 205-102] The specified resource core for memory 'ws_cache_1' will be ignored if a simpler one can be used.
WARNING: [BIND 205-102] The specified resource core for memory 'ws_cache_2' will be ignored if a simpler one can be used.
WARNING: [BIND 205-102] The specified resource core for memory 'ws_cache_3' will be ignored if a simpler one can be used.
WARNING: [BIND 205-102] The specified resource core for memory 'ws_cache_4' will be ignored if a simpler one can be used.
WARNING: [BIND 205-102] The specified resource core for memory 'ws_cache_5' will be ignored if a simpler one can be used.
WARNING: [BIND 205-102] The specified resource core for memory 'ws_cache_6' will be ignored if a simpler one can be used.
WARNING: [BIND 205-102] The specified resource core for memory 'ws_cache_7' will be ignored if a simpler one can be used.
INFO: [BIND 205-101] Binding ...
INFO: [BIND 205-100] Finished micro-architecture generation.
INFO: [HLS 200-111] Finished Binding: CPU user time: 0.9 seconds. CPU system time: 0.01 seconds. Elapsed time: 0.9 seconds; current allocated memory: 647.598 MB.
INFO: [HLS 200-10] ----------------------------------------------------------------
INFO: [HLS 200-10] -- Generating RTL for module 'rm13_w4a8_tile_Pipeline_VITIS_LOOP_138_6' 
INFO: [HLS 200-10] ----------------------------------------------------------------
INFO: [HLS 200-1030] Apply Unified Pipeline Control on module 'rm13_w4a8_tile_Pipeline_VITIS_LOOP_138_6' pipeline 'VITIS_LOOP_138_6' pipeline type 'loop pipeline'
WARNING: [RTGEN 206-101] Setting dangling out port 'rm13_w4a8_tile_Pipeline_VITIS_LOOP_138_6/m_axi_gmem_x_0_ARVALID' to 0.
WARNING: [RTGEN 206-101] Setting dangling out port 'rm13_w4a8_tile_Pipeline_VITIS_LOOP_138_6/m_axi_gmem_x_0_ARADDR' to 0.
WARNING: [RTGEN 206-101] Setting dangling out port 'rm13_w4a8_tile_Pipeline_VITIS_LOOP_138_6/m_axi_gmem_x_0_ARID' to 0.
WARNING: [RTGEN 206-101] Setting dangling out port 'rm13_w4a8_tile_Pipeline_VITIS_LOOP_138_6/m_axi_gmem_x_0_ARLEN' to 0.
WARNING: [RTGEN 206-101] Setting dangling out port 'rm13_w4a8_tile_Pipeline_VITIS_LOOP_138_6/m_axi_gmem_x_0_ARSIZE' to 0.
WARNING: [RTGEN 206-101] Setting dangling out port 'rm13_w4a8_tile_Pipeline_VITIS_LOOP_138_6/m_axi_gmem_x_0_ARBURST' to 0.
WARNING: [RTGEN 206-101] Setting dangling out port 'rm13_w4a8_tile_Pipeline_VITIS_LOOP_138_6/m_axi_gmem_x_0_ARLOCK' to 0.
WARNING: [RTGEN 206-101] Setting dangling out port 'rm13_w4a8_tile_Pipeline_VITIS_LOOP_138_6/m_axi_gmem_x_0_ARCACHE' to 0.
WARNING: [RTGEN 206-101] Setting dangling out port 'rm13_w4a8_tile_Pipeline_VITIS_LOOP_138_6/m_axi_gmem_x_0_ARPROT' to 0.
WARNING: [RTGEN 206-101] Setting dangling out port 'rm13_w4a8_tile_Pipeline_VITIS_LOOP_138_6/m_axi_gmem_x_0_ARQOS' to 0.
WARNING: [RTGEN 206-101] Setting dangling out port 'rm13_w4a8_tile_Pipeline_VITIS_LOOP_138_6/m_axi_gmem_x_0_ARREGION' to 0.
WARNING: [RTGEN 206-101] Setting dangling out port 'rm13_w4a8_tile_Pipeline_VITIS_LOOP_138_6/m_axi_gmem_x_0_ARUSER' to 0.
INFO: [RTGEN 206-100] Finished creating RTL model for 'rm13_w4a8_tile_Pipeline_VITIS_LOOP_138_6'.
INFO: [HLS 200-111] Finished Creating RTL model: CPU user time: 0.48 seconds. CPU system time: 0.02 seconds. Elapsed time: 0.5 seconds; current allocated memory: 647.598 MB.
INFO: [HLS 200-10] ----------------------------------------------------------------
INFO: [HLS 200-10] -- Generating RTL for module 'rm13_w4a8_tile_Pipeline_VITIS_LOOP_146_7' 
INFO: [HLS 200-10] ----------------------------------------------------------------
INFO: [HLS 200-1030] Apply Unified Pipeline Control on module 'rm13_w4a8_tile_Pipeline_VITIS_LOOP_146_7' pipeline 'VITIS_LOOP_146_7' pipeline type 'loop pipeline'
INFO: [RTGEN 206-100] Generating core module 'fcmp_32ns_32ns_1_2_no_dsp_1': 8 instance(s).
INFO: [RTGEN 206-100] Generating core module 'sparsemux_33_4_255_1_1': 1 instance(s).
INFO: [RTGEN 206-100] Finished creating RTL model for 'rm13_w4a8_tile_Pipeline_VITIS_LOOP_146_7'.
INFO: [HLS 200-111] Finished Creating RTL model: CPU user time: 0.1 seconds. CPU system time: 0.01 seconds. Elapsed time: 0.11 seconds; current allocated memory: 647.598 MB.
INFO: [HLS 200-10] ----------------------------------------------------------------
INFO: [HLS 200-10] -- Generating RTL for module 'rm13_w4a8_tile_Pipeline_VITIS_LOOP_179_9' 
INFO: [HLS 200-10] ----------------------------------------------------------------
INFO: [HLS 200-1030] Apply Unified Pipeline Control on module 'rm13_w4a8_tile_Pipeline_VITIS_LOOP_179_9' pipeline 'VITIS_LOOP_179_9' pipeline type 'loop pipeline'
INFO: [RTGEN 206-100] Generating core module 'faddfsub_32ns_32ns_32_8_full_dsp_1': 1 instance(s).
INFO: [RTGEN 206-100] Generating core module 'fcmp_32ns_32ns_1_2_no_dsp_1': 3 instance(s).
INFO: [RTGEN 206-100] Generating core module 'fdiv_32ns_32ns_32_16_no_dsp_1': 1 instance(s).
INFO: [RTGEN 206-100] Generating core module 'partselect_32ns_256ns_32ns_32_1_1': 1 instance(s).
INFO: [RTGEN 206-100] Generating core module 'sitofp_32ns_32_6_no_dsp_1': 1 instance(s).
INFO: [RTGEN 206-100] Generating core module 'sparsemux_33_4_256_1_1': 1 instance(s).
INFO: [RTGEN 206-100] Finished creating RTL model for 'rm13_w4a8_tile_Pipeline_VITIS_LOOP_179_9'.
INFO: [HLS 200-111] Finished Creating RTL model: CPU user time: 0.13 seconds. CPU system time: 0 seconds. Elapsed time: 0.13 seconds; current allocated memory: 647.598 MB.
INFO: [HLS 200-10] ----------------------------------------------------------------
INFO: [HLS 200-10] -- Generating RTL for module 'rm13_w4a8_tile_Pipeline_VITIS_LOOP_116_3' 
INFO: [HLS 200-10] ----------------------------------------------------------------
INFO: [HLS 200-1030] Apply Unified Pipeline Control on module 'rm13_w4a8_tile_Pipeline_VITIS_LOOP_116_3' pipeline 'VITIS_LOOP_116_3' pipeline type 'loop pipeline'
WARNING: [RTGEN 206-101] Setting dangling out port 'rm13_w4a8_tile_Pipeline_VITIS_LOOP_116_3/m_axi_gmem_w_0_ARVALID' to 0.
WARNING: [RTGEN 206-101] Setting dangling out port 'rm13_w4a8_tile_Pipeline_VITIS_LOOP_116_3/m_axi_gmem_w_0_ARADDR' to 0.
WARNING: [RTGEN 206-101] Setting dangling out port 'rm13_w4a8_tile_Pipeline_VITIS_LOOP_116_3/m_axi_gmem_w_0_ARID' to 0.
WARNING: [RTGEN 206-101] Setting dangling out port 'rm13_w4a8_tile_Pipeline_VITIS_LOOP_116_3/m_axi_gmem_w_0_ARLEN' to 0.
WARNING: [RTGEN 206-101] Setting dangling out port 'rm13_w4a8_tile_Pipeline_VITIS_LOOP_116_3/m_axi_gmem_w_0_ARSIZE' to 0.
WARNING: [RTGEN 206-101] Setting dangling out port 'rm13_w4a8_tile_Pipeline_VITIS_LOOP_116_3/m_axi_gmem_w_0_ARBURST' to 0.
WARNING: [RTGEN 206-101] Setting dangling out port 'rm13_w4a8_tile_Pipeline_VITIS_LOOP_116_3/m_axi_gmem_w_0_ARLOCK' to 0.
WARNING: [RTGEN 206-101] Setting dangling out port 'rm13_w4a8_tile_Pipeline_VITIS_LOOP_116_3/m_axi_gmem_w_0_ARCACHE' to 0.
WARNING: [RTGEN 206-101] Setting dangling out port 'rm13_w4a8_tile_Pipeline_VITIS_LOOP_116_3/m_axi_gmem_w_0_ARPROT' to 0.
WARNING: [RTGEN 206-101] Setting dangling out port 'rm13_w4a8_tile_Pipeline_VITIS_LOOP_116_3/m_axi_gmem_w_0_ARQOS' to 0.
WARNING: [RTGEN 206-101] Setting dangling out port 'rm13_w4a8_tile_Pipeline_VITIS_LOOP_116_3/m_axi_gmem_w_0_ARREGION' to 0.
WARNING: [RTGEN 206-101] Setting dangling out port 'rm13_w4a8_tile_Pipeline_VITIS_LOOP_116_3/m_axi_gmem_w_0_ARUSER' to 0.
INFO: [RTGEN 206-100] Finished creating RTL model for 'rm13_w4a8_tile_Pipeline_VITIS_LOOP_116_3'.
INFO: [HLS 200-111] Finished Creating RTL model: CPU user time: 0.13 seconds. CPU system time: 0.01 seconds. Elapsed time: 0.13 seconds; current allocated memory: 647.598 MB.
INFO: [HLS 200-10] ----------------------------------------------------------------
INFO: [HLS 200-10] -- Generating RTL for module 'rm13_w4a8_tile_Pipeline_VITIS_LOOP_229_17' 
INFO: [HLS 200-10] ----------------------------------------------------------------
INFO: [HLS 200-1030] Apply Unified Pipeline Control on module 'rm13_w4a8_tile_Pipeline_VITIS_LOOP_229_17' pipeline 'VITIS_LOOP_229_17' pipeline type 'loop pipeline'
INFO: [RTGEN 206-104] Estimated max fanout for 'rm13_w4a8_tile_Pipeline_VITIS_LOOP_229_17' is 8196 from HDL expression: (1'b0 == ap_block_pp0_stage0_11001)
INFO: [RTGEN 206-100] Generating core module 'mac_muladd_8s_4s_32s_32_4_1': 128 instance(s).
INFO: [RTGEN 206-100] Generating core module 'partselect_4ns_128ns_32ns_4_1_1': 8 instance(s).
INFO: [RTGEN 206-100] Finished creating RTL model for 'rm13_w4a8_tile_Pipeline_VITIS_LOOP_229_17'.
INFO: [HLS 200-111] Finished Creating RTL model: CPU user time: 0.25 seconds. CPU system time: 0 seconds. Elapsed time: 0.26 seconds; current allocated memory: 647.598 MB.
INFO: [HLS 200-10] ----------------------------------------------------------------
INFO: [HLS 200-10] -- Generating RTL for module 'rm13_w4a8_tile_Pipeline_VITIS_LOOP_250_20' 
INFO: [HLS 200-10] ----------------------------------------------------------------
INFO: [HLS 200-1030] Apply Unified Pipeline Control on module 'rm13_w4a8_tile_Pipeline_VITIS_LOOP_250_20' pipeline 'VITIS_LOOP_250_20' pipeline type 'loop pipeline'
INFO: [RTGEN 206-100] Generating core module 'faddfsub_32ns_32ns_32_8_full_dsp_1': 1 instance(s).
INFO: [RTGEN 206-100] Generating core module 'fmul_32ns_32ns_32_5_max_dsp_1': 2 instance(s).
INFO: [RTGEN 206-100] Generating core module 'sitofp_32ns_32_6_no_dsp_1': 1 instance(s).
INFO: [RTGEN 206-100] Generating core module 'sparsemux_17_3_32_1_1': 33 instance(s).
INFO: [RTGEN 206-100] Generating core module 'sparsemux_33_4_32_1_1': 3 instance(s).
INFO: [RTGEN 206-100] Finished creating RTL model for 'rm13_w4a8_tile_Pipeline_VITIS_LOOP_250_20'.
INFO: [HLS 200-111] Finished Creating RTL model: CPU user time: 0.64 seconds. CPU system time: 0.01 seconds. Elapsed time: 0.65 seconds; current allocated memory: 647.598 MB.
INFO: [HLS 200-10] ----------------------------------------------------------------
INFO: [HLS 200-10] -- Generating RTL for module 'rm13_w4a8_tile' 
INFO: [HLS 200-10] ----------------------------------------------------------------
WARNING: [RTGEN 206-101] Design contains AXI ports. Reset is fixed to synchronous and active low.
INFO: [RTGEN 206-500] Setting interface mode on port 'rm13_w4a8_tile/gmem_w' to 'm_axi'.
INFO: [RTGEN 206-500] Setting interface mode on port 'rm13_w4a8_tile/gmem_ws' to 'm_axi'.
INFO: [RTGEN 206-500] Setting interface mode on port 'rm13_w4a8_tile/gmem_x' to 'm_axi'.
INFO: [RTGEN 206-500] Setting interface mode on port 'rm13_w4a8_tile/gmem_y' to 'm_axi'.
INFO: [RTGEN 206-500] Setting interface mode on port 'rm13_w4a8_tile/packed_w4' to 's_axilite & ap_none'.
INFO: [RTGEN 206-500] Setting interface mode on port 'rm13_w4a8_tile/weight_scales' to 's_axilite & ap_none'.
INFO: [RTGEN 206-500] Setting interface mode on port 'rm13_w4a8_tile/packed_x_f32' to 's_axilite & ap_none'.
INFO: [RTGEN 206-500] Setting interface mode on port 'rm13_w4a8_tile/output_f32' to 's_axilite & ap_none'.
INFO: [RTGEN 206-500] Setting interface mode on port 'rm13_w4a8_tile/task_r' to 's_axilite & ap_none'.
INFO: [RTGEN 206-500] Setting interface mode on port 'rm13_w4a8_tile/active_m' to 's_axilite & ap_none'.
INFO: [RTGEN 206-500] Setting interface mode on port 'rm13_w4a8_tile/active_n' to 's_axilite & ap_none'.
INFO: [RTGEN 206-500] Setting interface mode on function 'rm13_w4a8_tile' to 's_axilite & ap_ctrl_hs'.
WARNING: [RTGEN 206-101] Register 'activation_ready' is power-on initialization.
WARNING: [RTGEN 206-101] Register 'cached_active_n' is power-on initialization.
INFO: [RTGEN 206-100] Bundling port 'return', 'packed_w4', 'weight_scales', 'packed_x_f32', 'task_r', 'active_m' and 'active_n' to AXI-Lite port control.
INFO: [RTGEN 206-100] Generating core module 'faddfsub_32ns_32ns_32_8_full_dsp_1': 1 instance(s).
INFO: [RTGEN 206-100] Generating core module 'fcmp_32ns_32ns_1_2_no_dsp_1': 3 instance(s).
INFO: [RTGEN 206-100] Generating core module 'fdiv_32ns_32ns_32_16_no_dsp_1': 1 instance(s).
INFO: [RTGEN 206-100] Generating core module 'mul_31ns_32s_62_1_1': 1 instance(s).
INFO: [RTGEN 206-100] Generating core module 'sitofp_32ns_32_6_no_dsp_1': 1 instance(s).
INFO: [RTGEN 206-100] Finished creating RTL model for 'rm13_w4a8_tile'.
INFO: [RTMG 210-278] Implementing memory 'rm13_w4a8_tile_xs_cache_RAM_2P_BRAM_1R1W' using block RAMs.
INFO: [RTMG 210-278] Implementing memory 'rm13_w4a8_tile_x_cache_RAM_2P_URAM_1R1W' using ultra RAMs.
INFO: [RTMG 210-278] Implementing memory 'rm13_w4a8_tile_w_cache_RAM_2P_URAM_1R1W' using ultra RAMs.
INFO: [RTMG 210-278] Implementing memory 'rm13_w4a8_tile_ws_cache_RAM_2P_BRAM_1R1W' using block RAMs.
INFO: [HLS 200-111] Finished Creating RTL model: CPU user time: 1.14 seconds. CPU system time: 0.03 seconds. Elapsed time: 1.17 seconds; current allocated memory: 678.324 MB.
INFO: [HLS 200-111] Finished Generating all RTL models: CPU user time: 1.5 seconds. CPU system time: 0.07 seconds. Elapsed time: 1.57 seconds; current allocated memory: 770.859 MB.
INFO: [HLS 200-1603] Design has inferred MAXI bursts and missed bursts, see Vitis HLS GUI synthesis summary report for detailed information.
INFO: [HLS 200-111] Finished Updating report files: CPU user time: 1.25 seconds. CPU system time: 0.02 seconds. Elapsed time: 1.27 seconds; current allocated memory: 806.391 MB.
INFO: [VHDL 208-304] Generating VHDL RTL for rm13_w4a8_tile.
INFO: [VLOG 209-307] Generating Verilog RTL for rm13_w4a8_tile.
INFO: [HLS 200-790] **** Loop Constraint Status: All loop constraints were satisfied.
INFO: [HLS 200-789] **** Estimated Fmax: 214.41 MHz
INFO: [HLS 200-2161] Finished Command csynth_design Elapsed time: 00:00:40; Allocated memory: 496.504 MB.
INFO: [HLS 200-112] Total CPU user time: 39.85 seconds. Total CPU system time: 1.44 seconds. Total elapsed time: 44.49 seconds; peak allocated memory: 806.391 MB.
