Copyright 1986-2022 Xilinx, Inc. All Rights Reserved. Copyright 2022-2024 Advanced Micro Devices, Inc. All Rights Reserved.
----------------------------------------------------------------------------------------------------------------------------------------------------------------------------------------------------------------------------------
| Tool Version      : Vivado v.2024.2 (lin64) Build 5239630 Fri Nov 08 22:34:34 MST 2024
| Date              : Thu Sep 24 16:44:09 2026
| Host              : zhiro-ThinkBook-16p-G5-IRX running 64-bit Ubuntu 24.04.5 LTS
| Command           : report_timing_summary -delay_type max -report_unconstrained -file /home/zhiro/research/kv260-vlm-workers/RM02-B-hls-baseline/experiments/rm03_hls_mapping/reports/vivado_ooc_rm03_k16/timing_post_synth.rpt
| Design            : vision_gemm
| Device            : xck26-sfvc784
| Speed File        : -2LV  PRODUCTION 1.30 05-15-2022
| Design State      : Synthesized
| Temperature Grade : C
----------------------------------------------------------------------------------------------------------------------------------------------------------------------------------------------------------------------------------

Timing Summary Report

------------------------------------------------------------------------------------------------
| Timer Settings
| --------------
------------------------------------------------------------------------------------------------

  Enable Multi Corner Analysis               :  Yes
  Enable Pessimism Removal                   :  Yes
  Pessimism Removal Resolution               :  Nearest Common Node
  Enable Input Delay Default Clock           :  No
  Enable Preset / Clear Arcs                 :  No
  Disable Flight Delays                      :  No
  Ignore I/O Paths                           :  No
  Timing Early Launch at Borrowing Latches   :  No
  Borrow Time for Max Delay Exceptions       :  Yes
  Merge Timing Exceptions                    :  Yes
  Inter-SLR Compensation                     :  Conservative

  Corner  Analyze    Analyze    
  Name    Max Paths  Min Paths  
  ------  ---------  ---------  
  Slow    Yes        Yes        
  Fast    Yes        Yes        


------------------------------------------------------------------------------------------------
| Report Methodology
| ------------------
------------------------------------------------------------------------------------------------

No report available as report_methodology has not been run prior. Run report_methodology on the current design for the summary of methodology violations.



check_timing report

Table of Contents
-----------------
1. checking no_clock (0)
2. checking constant_clock (0)
3. checking pulse_width_clock (0)
4. checking unconstrained_internal_endpoints (0)
5. checking no_input_delay (445)
6. checking no_output_delay (530)
7. checking multiple_clock (0)
8. checking generated_clocks (0)
9. checking loops (0)
10. checking partial_input_delay (0)
11. checking partial_output_delay (0)
12. checking latch_loops (0)

1. checking no_clock (0)
------------------------
 There are 0 register/latch pins with no clock.


2. checking constant_clock (0)
------------------------------
 There are 0 register/latch pins with constant_clock.


3. checking pulse_width_clock (0)
---------------------------------
 There are 0 register/latch pins which need pulse_width check


4. checking unconstrained_internal_endpoints (0)
------------------------------------------------
 There are 0 pins that are not constrained for maximum delay.

 There are 0 pins that are not constrained for maximum delay due to constant clock.


5. checking no_input_delay (445)
--------------------------------
 There are 445 input ports with no input delay specified. (HIGH)

 There are 0 input ports with no input delay but user has a false path constraint.


6. checking no_output_delay (530)
---------------------------------
 There are 530 ports with no output delay specified. (HIGH)

 There are 0 ports with no output delay but user has a false path constraint

 There are 0 ports with no output delay but with a timing clock defined on it or propagating through it


7. checking multiple_clock (0)
------------------------------
 There are 0 register/latch pins with multiple clocks.


8. checking generated_clocks (0)
--------------------------------
 There are 0 generated clocks that are not connected to a clock source.


9. checking loops (0)
---------------------
 There are 0 combinational loops in the design.


10. checking partial_input_delay (0)
------------------------------------
 There are 0 input ports with partial input delay specified.


11. checking partial_output_delay (0)
-------------------------------------
 There are 0 ports with partial output delay specified.


12. checking latch_loops (0)
----------------------------
 There are 0 combinational latch loops in the design through latch input



------------------------------------------------------------------------------------------------
| Design Timing Summary
| ---------------------
------------------------------------------------------------------------------------------------

    WNS(ns)      TNS(ns)  TNS Failing Endpoints  TNS Total Endpoints     WPWS(ns)     TPWS(ns)  TPWS Failing Endpoints  TPWS Total Endpoints  
    -------      -------  ---------------------  -------------------     --------     --------  ----------------------  --------------------  
      1.206        0.000                      0               109593        1.700        0.000                       0                 55925  


All user specified timing constraints are met.


------------------------------------------------------------------------------------------------
| Clock Summary
| -------------
------------------------------------------------------------------------------------------------

Clock   Waveform(ns)         Period(ns)      Frequency(MHz)
-----   ------------         ----------      --------------
ap_clk  {0.000 2.500}        5.000           200.000         


------------------------------------------------------------------------------------------------
| Intra Clock Table
| -----------------
------------------------------------------------------------------------------------------------

Clock             WNS(ns)      TNS(ns)  TNS Failing Endpoints  TNS Total Endpoints     WPWS(ns)     TPWS(ns)  TPWS Failing Endpoints  TPWS Total Endpoints  
-----             -------      -------  ---------------------  -------------------     --------     --------  ----------------------  --------------------  
ap_clk              1.206        0.000                      0               109593        1.700        0.000                       0                 55925  


------------------------------------------------------------------------------------------------
| Inter Clock Table
| -----------------
------------------------------------------------------------------------------------------------

From Clock    To Clock          WNS(ns)      TNS(ns)  TNS Failing Endpoints  TNS Total Endpoints  
----------    --------          -------      -------  ---------------------  -------------------  


------------------------------------------------------------------------------------------------
| Other Path Groups Table
| -----------------------
------------------------------------------------------------------------------------------------

Path Group    From Clock    To Clock          WNS(ns)      TNS(ns)  TNS Failing Endpoints  TNS Total Endpoints  
----------    ----------    --------          -------      -------  ---------------------  -------------------  


------------------------------------------------------------------------------------------------
| User Ignored Path Table
| -----------------------
------------------------------------------------------------------------------------------------

Path Group    From Clock    To Clock    
----------    ----------    --------    


------------------------------------------------------------------------------------------------
| Unconstrained Path Table
| ------------------------
------------------------------------------------------------------------------------------------

Path Group    From Clock    To Clock    
----------    ----------    --------    
(none)        ap_clk                      
(none)                      ap_clk        


------------------------------------------------------------------------------------------------
| Timing Details
| --------------
------------------------------------------------------------------------------------------------


---------------------------------------------------------------------------------------------------
From Clock:  ap_clk
  To Clock:  ap_clk

Setup :            0  Failing Endpoints,  Worst Slack        1.206ns,  Total Violation        0.000ns
Hold  :           NA  Failing Endpoints,  Worst Slack           NA  ,  Total Violation           NA
PW    :            0  Failing Endpoints,  Worst Slack        1.700ns,  Total Violation        0.000ns
---------------------------------------------------------------------------------------------------


Max Delay Paths
--------------------------------------------------------------------------------------
Slack (MET) :             1.206ns  (required time - arrival time)
  Source:                 weight_tile_3_U/ram_reg_uram_1/CLK
                            (rising edge-triggered cell URAM288 clocked by ap_clk  {rise@0.000ns fall@2.500ns period=5.000ns})
  Destination:            grp_vision_gemm_Pipeline_VITIS_LOOP_147_10_fu_1983/icmp_ln13_123_reg_50431_reg[0]/D
                            (rising edge-triggered cell FDRE clocked by ap_clk  {rise@0.000ns fall@2.500ns period=5.000ns})
  Path Group:             ap_clk
  Path Type:              Setup (Max at Slow Process Corner)
  Requirement:            5.000ns  (ap_clk rise@5.000ns - ap_clk rise@0.000ns)
  Data Path Delay:        3.715ns  (logic 3.063ns (82.450%)  route 0.652ns (17.550%))
  Logic Levels:           3  (LUT3=1 LUT5=1 LUT6=1)
  Clock Path Skew:        -0.088ns (DCD - SCD + CPR)
    Destination Clock Delay (DCD):    0.029ns = ( 5.029 - 5.000 ) 
    Source Clock Delay      (SCD):    0.117ns
    Clock Pessimism Removal (CPR):    0.000ns
  Clock Uncertainty:      0.035ns  ((TSJ^2 + TIJ^2)^1/2 + DJ) / 2 + PE
    Total System Jitter     (TSJ):    0.071ns
    Total Input Jitter      (TIJ):    0.000ns
    Discrete Jitter          (DJ):    0.000ns
    Phase Error              (PE):    0.000ns

    Location             Delay type                Incr(ns)  Path(ns)    Netlist Resource(s)
  -------------------------------------------------------------------    -------------------
                         (clock ap_clk rise edge)     0.000     0.000 r  
                                                      0.000     0.000 r  ap_clk (IN)
                         net (fo=56962, unset)        0.117     0.117    weight_tile_3_U/clk
                         URAM288                                      r  weight_tile_3_U/ram_reg_uram_1/CLK
  -------------------------------------------------------------------    -------------------
                         URAM288 (Prop_URAM288_CLK_DOUT_B[19])
                                                      2.661     2.778 f  weight_tile_3_U/ram_reg_uram_1/DOUT_B[19]
                         net (fo=2, unplaced)         0.226     3.004    grp_vision_gemm_Pipeline_VITIS_LOOP_147_10_fu_1983/weight_tile_3_q0[91]
                         LUT6 (Prop_LUT6_I0_O)        0.225     3.229 r  grp_vision_gemm_Pipeline_VITIS_LOOP_147_10_fu_1983/icmp_ln13_123_reg_50431[0]_i_3/O
                         net (fo=1, unplaced)         0.148     3.377    grp_vision_gemm_Pipeline_VITIS_LOOP_147_10_fu_1983/icmp_ln13_123_reg_50431[0]_i_3_n_0
                         LUT5 (Prop_LUT5_I0_O)        0.082     3.459 r  grp_vision_gemm_Pipeline_VITIS_LOOP_147_10_fu_1983/icmp_ln13_123_reg_50431[0]_i_2/O
                         net (fo=1, unplaced)         0.211     3.670    grp_vision_gemm_Pipeline_VITIS_LOOP_147_10_fu_1983/icmp_ln13_123_fu_13588_p2
                         LUT3 (Prop_LUT3_I0_O)        0.095     3.765 r  grp_vision_gemm_Pipeline_VITIS_LOOP_147_10_fu_1983/icmp_ln13_123_reg_50431[0]_i_1/O
                         net (fo=1, unplaced)         0.067     3.832    grp_vision_gemm_Pipeline_VITIS_LOOP_147_10_fu_1983/icmp_ln13_123_reg_50431[0]_i_1_n_0
                         FDRE                                         r  grp_vision_gemm_Pipeline_VITIS_LOOP_147_10_fu_1983/icmp_ln13_123_reg_50431_reg[0]/D
  -------------------------------------------------------------------    -------------------

                         (clock ap_clk rise edge)     5.000     5.000 r  
                                                      0.000     5.000 r  ap_clk (IN)
                         net (fo=56962, unset)        0.029     5.029    grp_vision_gemm_Pipeline_VITIS_LOOP_147_10_fu_1983/ap_clk
                         FDRE                                         r  grp_vision_gemm_Pipeline_VITIS_LOOP_147_10_fu_1983/icmp_ln13_123_reg_50431_reg[0]/C
                         clock pessimism              0.000     5.029    
                         clock uncertainty           -0.035     4.994    
                         FDRE (Setup_FDRE_C_D)        0.044     5.038    grp_vision_gemm_Pipeline_VITIS_LOOP_147_10_fu_1983/icmp_ln13_123_reg_50431_reg[0]
  -------------------------------------------------------------------
                         required time                          5.038    
                         arrival time                          -3.832    
  -------------------------------------------------------------------
                         slack                                  1.206    





Pulse Width Checks
--------------------------------------------------------------------------------------
Clock Name:         ap_clk
Waveform(ns):       { 0.000 2.500 }
Period(ns):         5.000
Sources:            { ap_clk }

Check Type        Corner  Lib Pin      Reference Pin  Required(ns)  Actual(ns)  Slack(ns)  Location  Pin
Min Period        n/a     URAM288/CLK  n/a            2.471         5.000       2.529                activation_tile_1_U/ram_reg_uram_10/CLK
Low Pulse Width   Slow    URAM288/CLK  n/a            0.800         2.500       1.700                activation_tile_1_U/ram_reg_uram_10/CLK
High Pulse Width  Slow    URAM288/CLK  n/a            0.800         2.500       1.700                activation_tile_1_U/ram_reg_uram_10/CLK



--------------------------------------------------------------------------------------
Path Group:  (none)
From Clock:  ap_clk
  To Clock:  

Max Delay           530 Endpoints
Min Delay             0 Endpoints
--------------------------------------------------------------------------------------


Max Delay Paths
--------------------------------------------------------------------------------------
Slack:                    inf
  Source:                 gmem_y_m_axi_U/bus_write/wreq_throttle/last_cnt_reg[5]/C
                            (rising edge-triggered cell FDRE clocked by ap_clk  {rise@0.000ns fall@2.500ns period=5.000ns})
  Destination:            m_axi_gmem_y_WVALID
                            (output port)
  Path Group:             (none)
  Path Type:              Max at Slow Process Corner
  Data Path Delay:        0.849ns  (logic 0.433ns (51.001%)  route 0.416ns (48.999%))
  Logic Levels:           2  (LUT4=1 LUT6=1)
  Clock Uncertainty:      0.025ns  ((TSJ^2 + TIJ^2)^1/2 + DJ) / 2 + PE
    Total System Jitter     (TSJ):    0.050ns
    Total Input Jitter      (TIJ):    0.000ns
    Discrete Jitter          (DJ):    0.000ns
    Phase Error              (PE):    0.000ns

    Location             Delay type                Incr(ns)  Path(ns)    Netlist Resource(s)
  -------------------------------------------------------------------    -------------------
                         (clock ap_clk rise edge)     0.000     0.000 r  
                                                      0.000     0.000 r  ap_clk (IN)
                         net (fo=56962, unset)        0.043     0.043    gmem_y_m_axi_U/bus_write/wreq_throttle/clk
                         FDRE                                         r  gmem_y_m_axi_U/bus_write/wreq_throttle/last_cnt_reg[5]/C
  -------------------------------------------------------------------    -------------------
                         FDRE (Prop_FDRE_C_Q)         0.113     0.156 r  gmem_y_m_axi_U/bus_write/wreq_throttle/last_cnt_reg[5]/Q
                         net (fo=3, unplaced)         0.180     0.336    gmem_y_m_axi_U/bus_write/wreq_throttle/last_cnt_reg[5]
                         LUT6 (Prop_LUT6_I0_O)        0.225     0.561 r  gmem_y_m_axi_U/bus_write/wreq_throttle/out_BUS_WVALID_INST_0_i_1/O
                         net (fo=7, unplaced)         0.236     0.797    gmem_y_m_axi_U/bus_write/wreq_throttle/out_BUS_WVALID_INST_0_i_1_n_0
                         LUT4 (Prop_LUT4_I3_O)        0.095     0.892 r  gmem_y_m_axi_U/bus_write/wreq_throttle/out_BUS_WVALID_INST_0/O
                         net (fo=0)                   0.000     0.892    m_axi_gmem_y_WVALID
                                                                      r  m_axi_gmem_y_WVALID (OUT)
  -------------------------------------------------------------------    -------------------





--------------------------------------------------------------------------------------
Path Group:  (none)
From Clock:  
  To Clock:  ap_clk

Max Delay          8477 Endpoints
Min Delay             0 Endpoints
--------------------------------------------------------------------------------------


Max Delay Paths
--------------------------------------------------------------------------------------
Slack:                    inf
  Source:                 <hidden>
                            (internal pin)
  Destination:            <hidden>
                            (rising edge-triggered cell FDRE clocked by ap_clk  {rise@0.000ns fall@2.500ns period=5.000ns})
  Path Group:             (none)
  Path Type:              Setup (Max at Slow Process Corner)
  Data Path Delay:        1.996ns  (logic 1.214ns (60.822%)  route 0.782ns (39.178%))
  Logic Levels:           5  (DSP_ALU=1 DSP_OUTPUT=1 LUT3=2 LUT4=1)
  Clock Uncertainty:      0.025ns  ((TSJ^2 + TIJ^2)^1/2 + DJ) / 2 + PE
    Total System Jitter     (TSJ):    0.050ns
    Total Input Jitter      (TIJ):    0.000ns
    Discrete Jitter          (DJ):    0.000ns
    Phase Error              (PE):    0.000ns

    Location             Delay type                Incr(ns)  Path(ns)    Netlist Resource(s)
  -------------------------------------------------------------------    -------------------
                         DSP_A_B_DATA                 0.000     0.000 r  <hidden>
                         net (fo=1, unplaced)         0.000     0.000    <hidden>
                         DSP_ALU (Prop_DSP_ALU_A_ALU[12]_ALU_OUT[30])
                                                      0.726     0.726 f  <hidden>
                         net (fo=1, unplaced)         0.000     0.726    <hidden>
                         DSP_OUTPUT (Prop_DSP_OUTPUT_ALU_OUT[30]_P[30])
                                                      0.146     0.872 r  <hidden>
                         net (fo=1, unplaced)         0.265     1.137    <hidden>
                         LUT4 (Prop_LUT4_I0_O)        0.152     1.289 r  <hidden>
                         net (fo=8, unplaced)         0.239     1.528    <hidden>
                         LUT3 (Prop_LUT3_I1_O)        0.095     1.623 r  <hidden>
                         net (fo=1, unplaced)         0.211     1.834    <hidden>
                         LUT3 (Prop_LUT3_I1_O)        0.095     1.929 r  <hidden>
                         net (fo=1, unplaced)         0.067     1.996    <hidden>
                         FDRE                                         r  <hidden>
  -------------------------------------------------------------------    -------------------

                         (clock ap_clk rise edge)     0.000     0.000 r  
                                                      0.000     0.000 r  ap_clk (IN)
                         net (fo=56962, unset)        0.029     0.029    <hidden>
                         FDRE                                         r  <hidden>





