Copyright 1986-2022 Xilinx, Inc. All Rights Reserved. Copyright 2022-2024 Advanced Micro Devices, Inc. All Rights Reserved.
----------------------------------------------------------------------------------------------------------------------------------------------------------------------------------------------------------------------------------
| Tool Version      : Vivado v.2024.2 (lin64) Build 5239630 Fri Nov 08 22:34:34 MST 2024
| Date              : Thu Sep 24 16:48:20 2026
| Host              : zhiro-ThinkBook-16p-G5-IRX running 64-bit Ubuntu 24.04.5 LTS
| Command           : report_timing_summary -delay_type max -report_unconstrained -file /home/zhiro/research/kv260-vlm-workers/RM02-B-hls-baseline/experiments/rm03_hls_mapping/reports/vivado_ooc_rm03_k16/timing_post_route.rpt
| Design            : vision_gemm
| Device            : xck26-sfvc784
| Speed File        : -2LV  PRODUCTION 1.30 05-15-2022
| Design State      : Routed
| Temperature Grade : C
----------------------------------------------------------------------------------------------------------------------------------------------------------------------------------------------------------------------------------

Timing Summary Report

------------------------------------------------------------------------------------------------
| Timer Settings
| --------------
------------------------------------------------------------------------------------------------

  Enable Multi Corner Analysis               :  Yes
  Enable Pessimism Removal                   :  Yes
  Pessimism Removal Resolution               :  Nearest Common Node
  Enable Input Delay Default Clock           :  No
  Enable Preset / Clear Arcs                 :  No
  Disable Flight Delays                      :  No
  Ignore I/O Paths                           :  No
  Timing Early Launch at Borrowing Latches   :  No
  Borrow Time for Max Delay Exceptions       :  Yes
  Merge Timing Exceptions                    :  Yes
  Inter-SLR Compensation                     :  Conservative

  Corner  Analyze    Analyze    
  Name    Max Paths  Min Paths  
  ------  ---------  ---------  
  Slow    Yes        Yes        
  Fast    Yes        Yes        


------------------------------------------------------------------------------------------------
| Report Methodology
| ------------------
------------------------------------------------------------------------------------------------

No report available as report_methodology has not been run prior. Run report_methodology on the current design for the summary of methodology violations.



check_timing report

Table of Contents
-----------------
1. checking no_clock (0)
2. checking constant_clock (0)
3. checking pulse_width_clock (0)
4. checking unconstrained_internal_endpoints (0)
5. checking no_input_delay (445)
6. checking no_output_delay (530)
7. checking multiple_clock (0)
8. checking generated_clocks (0)
9. checking loops (0)
10. checking partial_input_delay (0)
11. checking partial_output_delay (0)
12. checking latch_loops (0)

1. checking no_clock (0)
------------------------
 There are 0 register/latch pins with no clock.


2. checking constant_clock (0)
------------------------------
 There are 0 register/latch pins with constant_clock.


3. checking pulse_width_clock (0)
---------------------------------
 There are 0 register/latch pins which need pulse_width check


4. checking unconstrained_internal_endpoints (0)
------------------------------------------------
 There are 0 pins that are not constrained for maximum delay.

 There are 0 pins that are not constrained for maximum delay due to constant clock.


5. checking no_input_delay (445)
--------------------------------
 There are 445 input ports with no input delay specified. (HIGH)

 There are 0 input ports with no input delay but user has a false path constraint.


6. checking no_output_delay (530)
---------------------------------
 There are 530 ports with no output delay specified. (HIGH)

 There are 0 ports with no output delay but user has a false path constraint

 There are 0 ports with no output delay but with a timing clock defined on it or propagating through it


7. checking multiple_clock (0)
------------------------------
 There are 0 register/latch pins with multiple clocks.


8. checking generated_clocks (0)
--------------------------------
 There are 0 generated clocks that are not connected to a clock source.


9. checking loops (0)
---------------------
 There are 0 combinational loops in the design.


10. checking partial_input_delay (0)
------------------------------------
 There are 0 input ports with partial input delay specified.


11. checking partial_output_delay (0)
-------------------------------------
 There are 0 ports with partial output delay specified.


12. checking latch_loops (0)
----------------------------
 There are 0 combinational latch loops in the design through latch input



------------------------------------------------------------------------------------------------
| Design Timing Summary
| ---------------------
------------------------------------------------------------------------------------------------

    WNS(ns)      TNS(ns)  TNS Failing Endpoints  TNS Total Endpoints     WPWS(ns)     TPWS(ns)  TPWS Failing Endpoints  TPWS Total Endpoints  
    -------      -------  ---------------------  -------------------     --------     --------  ----------------------  --------------------  
      0.225        0.000                      0               109635        1.700        0.000                       0                 55853  


All user specified timing constraints are met.


------------------------------------------------------------------------------------------------
| Clock Summary
| -------------
------------------------------------------------------------------------------------------------

Clock   Waveform(ns)         Period(ns)      Frequency(MHz)
-----   ------------         ----------      --------------
ap_clk  {0.000 2.500}        5.000           200.000         


------------------------------------------------------------------------------------------------
| Intra Clock Table
| -----------------
------------------------------------------------------------------------------------------------

Clock             WNS(ns)      TNS(ns)  TNS Failing Endpoints  TNS Total Endpoints     WPWS(ns)     TPWS(ns)  TPWS Failing Endpoints  TPWS Total Endpoints  
-----             -------      -------  ---------------------  -------------------     --------     --------  ----------------------  --------------------  
ap_clk              0.225        0.000                      0               109635        1.700        0.000                       0                 55853  


------------------------------------------------------------------------------------------------
| Inter Clock Table
| -----------------
------------------------------------------------------------------------------------------------

From Clock    To Clock          WNS(ns)      TNS(ns)  TNS Failing Endpoints  TNS Total Endpoints  
----------    --------          -------      -------  ---------------------  -------------------  


------------------------------------------------------------------------------------------------
| Other Path Groups Table
| -----------------------
------------------------------------------------------------------------------------------------

Path Group    From Clock    To Clock          WNS(ns)      TNS(ns)  TNS Failing Endpoints  TNS Total Endpoints  
----------    ----------    --------          -------      -------  ---------------------  -------------------  


------------------------------------------------------------------------------------------------
| User Ignored Path Table
| -----------------------
------------------------------------------------------------------------------------------------

Path Group    From Clock    To Clock    
----------    ----------    --------    


------------------------------------------------------------------------------------------------
| Unconstrained Path Table
| ------------------------
------------------------------------------------------------------------------------------------

Path Group    From Clock    To Clock    
----------    ----------    --------    
(none)        ap_clk                      
(none)                      ap_clk        


------------------------------------------------------------------------------------------------
| Timing Details
| --------------
------------------------------------------------------------------------------------------------


---------------------------------------------------------------------------------------------------
From Clock:  ap_clk
  To Clock:  ap_clk

Setup :            0  Failing Endpoints,  Worst Slack        0.225ns,  Total Violation        0.000ns
Hold  :           NA  Failing Endpoints,  Worst Slack           NA  ,  Total Violation           NA
PW    :            0  Failing Endpoints,  Worst Slack        1.700ns,  Total Violation        0.000ns
---------------------------------------------------------------------------------------------------


Max Delay Paths
--------------------------------------------------------------------------------------
Slack (MET) :             0.225ns  (required time - arrival time)
  Source:                 grp_vision_gemm_Pipeline_VITIS_LOOP_147_10_fu_1983/ap_CS_fsm_reg[2]/C
                            (rising edge-triggered cell FDRE clocked by ap_clk  {rise@0.000ns fall@2.500ns period=5.000ns})
  Destination:            grp_vision_gemm_Pipeline_VITIS_LOOP_147_10_fu_1983/fmul_32ns_32ns_32_5_max_dsp_1_U98/din1_buf1_reg[10]/D
                            (rising edge-triggered cell FDRE clocked by ap_clk  {rise@0.000ns fall@2.500ns period=5.000ns})
  Path Group:             ap_clk
  Path Type:              Setup (Max at Slow Process Corner)
  Requirement:            5.000ns  (ap_clk rise@5.000ns - ap_clk rise@0.000ns)
  Data Path Delay:        4.771ns  (logic 0.339ns (7.106%)  route 4.432ns (92.894%))
  Logic Levels:           1  (LUT6=1)
  Clock Path Skew:        -0.012ns (DCD - SCD + CPR)
    Destination Clock Delay (DCD):    0.030ns = ( 5.030 - 5.000 ) 
    Source Clock Delay      (SCD):    0.042ns
    Clock Pessimism Removal (CPR):    0.000ns
  Clock Uncertainty:      0.035ns  ((TSJ^2 + TIJ^2)^1/2 + DJ) / 2 + PE
    Total System Jitter     (TSJ):    0.071ns
    Total Input Jitter      (TIJ):    0.000ns
    Discrete Jitter          (DJ):    0.000ns
    Phase Error              (PE):    0.000ns

    Location             Delay type                Incr(ns)  Path(ns)    Netlist Resource(s)
  -------------------------------------------------------------------    -------------------
                         (clock ap_clk rise edge)     0.000     0.000 r  
                                                      0.000     0.000 r  ap_clk (IN)
                         net (fo=56890, unset)        0.042     0.042    grp_vision_gemm_Pipeline_VITIS_LOOP_147_10_fu_1983/ap_clk
    SLICE_X39Y139        FDRE                                         r  grp_vision_gemm_Pipeline_VITIS_LOOP_147_10_fu_1983/ap_CS_fsm_reg[2]/C
  -------------------------------------------------------------------    -------------------
    SLICE_X39Y139        FDRE (Prop_EFF_SLICEL_C_Q)
                                                      0.114     0.156 r  grp_vision_gemm_Pipeline_VITIS_LOOP_147_10_fu_1983/ap_CS_fsm_reg[2]/Q
                         net (fo=1373, routed)        4.351     4.507    grp_vision_gemm_Pipeline_VITIS_LOOP_147_10_fu_1983/ap_CS_fsm_pp0_stage2
    SLICE_X53Y48         LUT6 (Prop_B6LUT_SLICEM_I0_O)
                                                      0.225     4.732 r  grp_vision_gemm_Pipeline_VITIS_LOOP_147_10_fu_1983/fmul_32ns_32ns_32_5_max_dsp_1_U98_i_40/O
                         net (fo=1, routed)           0.081     4.813    grp_vision_gemm_Pipeline_VITIS_LOOP_147_10_fu_1983/fmul_32ns_32ns_32_5_max_dsp_1_U98/din1[10]
    SLICE_X53Y48         FDRE                                         r  grp_vision_gemm_Pipeline_VITIS_LOOP_147_10_fu_1983/fmul_32ns_32ns_32_5_max_dsp_1_U98/din1_buf1_reg[10]/D
  -------------------------------------------------------------------    -------------------

                         (clock ap_clk rise edge)     5.000     5.000 r  
                                                      0.000     5.000 r  ap_clk (IN)
                         net (fo=56890, unset)        0.030     5.030    grp_vision_gemm_Pipeline_VITIS_LOOP_147_10_fu_1983/fmul_32ns_32ns_32_5_max_dsp_1_U98/clk
    SLICE_X53Y48         FDRE                                         r  grp_vision_gemm_Pipeline_VITIS_LOOP_147_10_fu_1983/fmul_32ns_32ns_32_5_max_dsp_1_U98/din1_buf1_reg[10]/C
                         clock pessimism              0.000     5.030    
                         clock uncertainty           -0.035     4.995    
    SLICE_X53Y48         FDRE (Setup_BFF_SLICEM_C_D)
                                                      0.043     5.038    grp_vision_gemm_Pipeline_VITIS_LOOP_147_10_fu_1983/fmul_32ns_32ns_32_5_max_dsp_1_U98/din1_buf1_reg[10]
  -------------------------------------------------------------------
                         required time                          5.038    
                         arrival time                          -4.813    
  -------------------------------------------------------------------
                         slack                                  0.225    





Pulse Width Checks
--------------------------------------------------------------------------------------
Clock Name:         ap_clk
Waveform(ns):       { 0.000 2.500 }
Period(ns):         5.000
Sources:            { ap_clk }

Check Type        Corner  Lib Pin      Reference Pin  Required(ns)  Actual(ns)  Slack(ns)  Location       Pin
Min Period        n/a     URAM288/CLK  n/a            2.471         5.000       2.529      URAM288_X0Y16  activation_tile_1_U/ram_reg_uram_10/CLK
Low Pulse Width   Slow    URAM288/CLK  n/a            0.800         2.500       1.700      URAM288_X0Y16  activation_tile_1_U/ram_reg_uram_10/CLK
High Pulse Width  Slow    URAM288/CLK  n/a            0.800         2.500       1.700      URAM288_X0Y16  activation_tile_1_U/ram_reg_uram_10/CLK



--------------------------------------------------------------------------------------
Path Group:  (none)
From Clock:  ap_clk
  To Clock:  

Max Delay           530 Endpoints
Min Delay             0 Endpoints
--------------------------------------------------------------------------------------


Max Delay Paths
--------------------------------------------------------------------------------------
Slack:                    inf
  Source:                 gmem_y_m_axi_U/bus_write/wreq_throttle/last_cnt_reg[1]/C
                            (rising edge-triggered cell FDRE clocked by ap_clk  {rise@0.000ns fall@2.500ns period=5.000ns})
  Destination:            m_axi_gmem_y_WVALID
                            (output port)
  Path Group:             (none)
  Path Type:              Max at Slow Process Corner
  Data Path Delay:        0.734ns  (logic 0.428ns (58.337%)  route 0.306ns (41.663%))
  Logic Levels:           2  (LUT4=1 LUT6=1)
  Clock Uncertainty:      0.025ns  ((TSJ^2 + TIJ^2)^1/2 + DJ) / 2 + PE
    Total System Jitter     (TSJ):    0.050ns
    Total Input Jitter      (TIJ):    0.000ns
    Discrete Jitter          (DJ):    0.000ns
    Phase Error              (PE):    0.000ns

    Location             Delay type                Incr(ns)  Path(ns)    Netlist Resource(s)
  -------------------------------------------------------------------    -------------------
                         (clock ap_clk rise edge)     0.000     0.000 r  
                                                      0.000     0.000 r  ap_clk (IN)
                         net (fo=56890, unset)        0.041     0.041    gmem_y_m_axi_U/bus_write/wreq_throttle/clk
    SLICE_X15Y223        FDRE                                         r  gmem_y_m_axi_U/bus_write/wreq_throttle/last_cnt_reg[1]/C
  -------------------------------------------------------------------    -------------------
    SLICE_X15Y223        FDRE (Prop_AFF_SLICEL_C_Q)
                                                      0.114     0.155 r  gmem_y_m_axi_U/bus_write/wreq_throttle/last_cnt_reg[1]/Q
                         net (fo=5, routed)           0.155     0.310    gmem_y_m_axi_U/bus_write/wreq_throttle/last_cnt_reg[1]
    SLICE_X15Y223        LUT6 (Prop_G6LUT_SLICEL_I5_O)
                                                      0.226     0.536 r  gmem_y_m_axi_U/bus_write/wreq_throttle/out_BUS_WVALID_INST_0_i_1/O
                         net (fo=7, routed)           0.119     0.655    gmem_y_m_axi_U/bus_write/wreq_throttle/out_BUS_WVALID_INST_0_i_1_n_0
    SLICE_X16Y223        LUT4 (Prop_D5LUT_SLICEL_I3_O)
                                                      0.088     0.743 r  gmem_y_m_axi_U/bus_write/wreq_throttle/out_BUS_WVALID_INST_0/O
                         net (fo=0)                   0.032     0.775    m_axi_gmem_y_WVALID
                                                                      r  m_axi_gmem_y_WVALID (OUT)
  -------------------------------------------------------------------    -------------------





--------------------------------------------------------------------------------------
Path Group:  (none)
From Clock:  
  To Clock:  ap_clk

Max Delay          8699 Endpoints
Min Delay             0 Endpoints
--------------------------------------------------------------------------------------


Max Delay Paths
--------------------------------------------------------------------------------------
Slack:                    inf
  Source:                 m_axi_gmem_y_WREADY
                            (input port)
  Destination:            gmem_y_m_axi_U/bus_write/wreq_throttle/data_fifo/U_fifo_srl/dout_reg[186]/CE
                            (rising edge-triggered cell FDRE clocked by ap_clk  {rise@0.000ns fall@2.500ns period=5.000ns})
  Path Group:             (none)
  Path Type:              Setup (Max at Slow Process Corner)
  Data Path Delay:        3.277ns  (logic 0.217ns (6.622%)  route 3.060ns (93.378%))
  Logic Levels:           2  (LUT3=1 LUT4=1)
  Clock Path Skew:        0.031ns (DCD - SCD + CPR)
    Destination Clock Delay (DCD):    0.031ns
    Source Clock Delay      (SCD):    0.000ns
    Clock Pessimism Removal (CPR):    0.000ns
  Clock Uncertainty:      0.025ns  ((TSJ^2 + TIJ^2)^1/2 + DJ) / 2 + PE
    Total System Jitter     (TSJ):    0.050ns
    Total Input Jitter      (TIJ):    0.000ns
    Discrete Jitter          (DJ):    0.000ns
    Phase Error              (PE):    0.000ns

    Location             Delay type                Incr(ns)  Path(ns)    Netlist Resource(s)
  -------------------------------------------------------------------    -------------------
                                                      0.000     0.000 r  m_axi_gmem_y_WREADY (IN)
                         net (fo=2, unset)            0.000     0.000    gmem_y_m_axi_U/bus_write/wreq_throttle/in_BUS_WREADY
    SLICE_X16Y223        LUT4 (Prop_D6LUT_SLICEL_I2_O)
                                                      0.136     0.136 r  gmem_y_m_axi_U/bus_write/wreq_throttle/data_fifo_i_1/O
                         net (fo=7, routed)           0.169     0.305    gmem_y_m_axi_U/bus_write/wreq_throttle/data_fifo/if_read
    SLICE_X15Y221        LUT3 (Prop_D6LUT_SLICEL_I1_O)
                                                      0.081     0.386 r  gmem_y_m_axi_U/bus_write/wreq_throttle/data_fifo/U_fifo_srl_i_2/O
                         net (fo=290, routed)         2.891     3.277    gmem_y_m_axi_U/bus_write/wreq_throttle/data_fifo/U_fifo_srl/re
    SLICE_X1Y136         FDRE                                         r  gmem_y_m_axi_U/bus_write/wreq_throttle/data_fifo/U_fifo_srl/dout_reg[186]/CE
  -------------------------------------------------------------------    -------------------

                         (clock ap_clk rise edge)     0.000     0.000 r  
                                                      0.000     0.000 r  ap_clk (IN)
                         net (fo=56890, unset)        0.031     0.031    gmem_y_m_axi_U/bus_write/wreq_throttle/data_fifo/U_fifo_srl/clk
    SLICE_X1Y136         FDRE                                         r  gmem_y_m_axi_U/bus_write/wreq_throttle/data_fifo/U_fifo_srl/dout_reg[186]/C





