
****** Vitis HLS - High-Level Synthesis from C, C++ and OpenCL v2024.2 (64-bit)
  **** SW Build 5238294 on Nov  8 2024
  **** IP Build 5239520 on Sun Nov 10 16:12:51 MST 2024
  **** SharedData Build 5239561 on Fri Nov 08 14:39:27 MST 2024
  **** Start of session at: Sat Sep 26 20:48:54 2026
    ** Copyright 1986-2022 Xilinx, Inc. All Rights Reserved.
    ** Copyright 2022-2024 Advanced Micro Devices, Inc. All Rights Reserved.

source /home/zhiro/research/kv260-vlm/tools/Xilinx/Vitis/2024.2/scripts/vitis_hls/hls.tcl -notrace
INFO: [HLS 200-10] For user 'zhiro' on host 'zhiro-ThinkBook-16p-G5-IRX' (Linux_x86_64 version 7.0.0-34-generic) on Sat Sep 26 20:48:55 CST 2026
INFO: [HLS 200-10] On os Ubuntu 24.04.5 LTS
INFO: [HLS 200-10] In directory '/home/zhiro/research/kv260-vlm-workers/RM13-H-integer'
WARNING: [HLS 200-2053] The vitis_hls executable is deprecated. Consider using vitis-run --mode hls --tcl
Sourcing Tcl script '/home/zhiro/research/kv260-vlm-workers/RM13-H-integer/experiments/rm13/hardware/run_hls.tcl'
INFO: [HLS 200-1510] Running: open_project -reset /tmp/rm13-w4a8-k4304-20260926T124853Z-170561/project 
INFO: [HLS 200-10] Creating and opening project '/tmp/rm13-w4a8-k4304-20260926T124853Z-170561/project'.
INFO: [HLS 200-1510] Running: set_top rm13_w4a8_tile 
INFO: [HLS 200-1510] Running: add_files /home/zhiro/research/kv260-vlm-workers/RM13-H-integer/experiments/rm13/hardware/w4a8_tile.cpp -cflags -I/home/zhiro/research/kv260-vlm-workers/RM13-H-integer/experiments/rm13/hardware -DRM13_K=4304 -DRM13_DEBUG_OUTPUTS=0 -DRM13_TILE_M=16 -DRM13_TILE_N=16 -DRM13_PROCESSING_M=8 -DRM13_PROCESSING_N=16 -ffp-contract=off 
INFO: [HLS 200-10] Adding design file '/home/zhiro/research/kv260-vlm-workers/RM13-H-integer/experiments/rm13/hardware/w4a8_tile.cpp' to the project
INFO: [HLS 200-1510] Running: add_files -tb /home/zhiro/research/kv260-vlm-workers/RM13-H-integer/experiments/rm13/hardware/tb_w4a8_tile.cpp -cflags -I/home/zhiro/research/kv260-vlm-workers/RM13-H-integer/experiments/rm13/hardware -DRM13_K=4304 -DRM13_DEBUG_OUTPUTS=0 -DRM13_TILE_M=16 -DRM13_TILE_N=16 -DRM13_PROCESSING_M=8 -DRM13_PROCESSING_N=16 -ffp-contract=off 
INFO: [HLS 200-10] Adding test bench file '/home/zhiro/research/kv260-vlm-workers/RM13-H-integer/experiments/rm13/hardware/tb_w4a8_tile.cpp' to the project
INFO: [HLS 200-1510] Running: open_solution -reset solution1 
INFO: [HLS 200-10] Creating and opening solution '/tmp/rm13-w4a8-k4304-20260926T124853Z-170561/project/solution1'.
INFO: [HLS 200-10] Cleaning up the solution database.
INFO: [HLS 200-1505] Using default flow_target 'vivado'
Resolution: For help on HLS 200-1505 see docs.xilinx.com/access/sources/dita/topic?Doc_Version=2024.2%20English&url=ug1448-hls-guidance&resourceid=200-1505.html
INFO: [HLS 200-1510] Running: set_part xck26-sfvc784-2LV-c 
INFO: [HLS 200-1611] Setting target device to 'xck26-sfvc784-2LV-c'
INFO: [HLS 200-1510] Running: create_clock -period 5.0 -name default 
INFO: [SYN 201-201] Setting up clock 'default' with a period of 5ns.
INFO: [HLS 200-1510] Running: config_interface -m_axi_max_widen_bitwidth 512 
INFO: [HLS 200-1510] Running: csynth_design 
INFO: [HLS 200-111] Finished File checks and directory preparation: CPU user time: 0.05 seconds. CPU system time: 0 seconds. Elapsed time: 0.05 seconds; current allocated memory: 309.891 MB.
INFO: [HLS 200-10] Analyzing design file '/home/zhiro/research/kv260-vlm-workers/RM13-H-integer/experiments/rm13/hardware/w4a8_tile.cpp' ... 
INFO: [HLS 200-111] Finished Source Code Analysis and Preprocessing: CPU user time: 1.81 seconds. CPU system time: 0.32 seconds. Elapsed time: 2.13 seconds; current allocated memory: 313.000 MB.
INFO: [HLS 200-777] Using interface defaults for 'Vivado' flow target.
INFO: [HLS 200-1995] There were 3,152 instructions in the design after the 'Compile/Link' phase of compilation. See the Design Size Report for more details: /tmp/rm13-w4a8-k4304-20260926T124853Z-170561/project/solution1/syn/report/csynth_design_size.rpt
INFO: [HLS 200-1995] There were 6,071 instructions in the design after the 'Unroll/Inline (step 1)' phase of compilation. See the Design Size Report for more details: /tmp/rm13-w4a8-k4304-20260926T124853Z-170561/project/solution1/syn/report/csynth_design_size.rpt
INFO: [HLS 200-1995] There were 4,727 instructions in the design after the 'Unroll/Inline (step 2)' phase of compilation. See the Design Size Report for more details: /tmp/rm13-w4a8-k4304-20260926T124853Z-170561/project/solution1/syn/report/csynth_design_size.rpt
INFO: [HLS 200-1995] There were 4,221 instructions in the design after the 'Unroll/Inline (step 3)' phase of compilation. See the Design Size Report for more details: /tmp/rm13-w4a8-k4304-20260926T124853Z-170561/project/solution1/syn/report/csynth_design_size.rpt
INFO: [HLS 200-1995] There were 4,195 instructions in the design after the 'Unroll/Inline (step 4)' phase of compilation. See the Design Size Report for more details: /tmp/rm13-w4a8-k4304-20260926T124853Z-170561/project/solution1/syn/report/csynth_design_size.rpt
INFO: [HLS 200-1995] There were 8,105 instructions in the design after the 'Array/Struct (step 1)' phase of compilation. See the Design Size Report for more details: /tmp/rm13-w4a8-k4304-20260926T124853Z-170561/project/solution1/syn/report/csynth_design_size.rpt
INFO: [HLS 200-1995] There were 5,449 instructions in the design after the 'Array/Struct (step 2)' phase of compilation. See the Design Size Report for more details: /tmp/rm13-w4a8-k4304-20260926T124853Z-170561/project/solution1/syn/report/csynth_design_size.rpt
INFO: [HLS 200-1995] There were 5,449 instructions in the design after the 'Array/Struct (step 3)' phase of compilation. See the Design Size Report for more details: /tmp/rm13-w4a8-k4304-20260926T124853Z-170561/project/solution1/syn/report/csynth_design_size.rpt
INFO: [HLS 200-1995] There were 5,449 instructions in the design after the 'Array/Struct (step 4)' phase of compilation. See the Design Size Report for more details: /tmp/rm13-w4a8-k4304-20260926T124853Z-170561/project/solution1/syn/report/csynth_design_size.rpt
INFO: [HLS 200-1995] There were 5,628 instructions in the design after the 'Array/Struct (step 5)' phase of compilation. See the Design Size Report for more details: /tmp/rm13-w4a8-k4304-20260926T124853Z-170561/project/solution1/syn/report/csynth_design_size.rpt
INFO: [HLS 200-1995] There were 5,626 instructions in the design after the 'Performance (step 1)' phase of compilation. See the Design Size Report for more details: /tmp/rm13-w4a8-k4304-20260926T124853Z-170561/project/solution1/syn/report/csynth_design_size.rpt
INFO: [HLS 200-1995] There were 5,461 instructions in the design after the 'Performance (step 2)' phase of compilation. See the Design Size Report for more details: /tmp/rm13-w4a8-k4304-20260926T124853Z-170561/project/solution1/syn/report/csynth_design_size.rpt
INFO: [HLS 200-1995] There were 5,456 instructions in the design after the 'Performance (step 3)' phase of compilation. See the Design Size Report for more details: /tmp/rm13-w4a8-k4304-20260926T124853Z-170561/project/solution1/syn/report/csynth_design_size.rpt
INFO: [HLS 200-1995] There were 5,456 instructions in the design after the 'Performance (step 4)' phase of compilation. See the Design Size Report for more details: /tmp/rm13-w4a8-k4304-20260926T124853Z-170561/project/solution1/syn/report/csynth_design_size.rpt
INFO: [HLS 200-1995] There were 5,987 instructions in the design after the 'HW Transforms (step 1)' phase of compilation. See the Design Size Report for more details: /tmp/rm13-w4a8-k4304-20260926T124853Z-170561/project/solution1/syn/report/csynth_design_size.rpt
INFO: [HLS 200-1995] There were 5,607 instructions in the design after the 'HW Transforms (step 2)' phase of compilation. See the Design Size Report for more details: /tmp/rm13-w4a8-k4304-20260926T124853Z-170561/project/solution1/syn/report/csynth_design_size.rpt
INFO: [HLS 214-131] Inlining function '(anonymous namespace)::float_bits(float)' into '(anonymous namespace)::is_finite_bits(float)' (/home/zhiro/research/kv260-vlm-workers/RM13-H-integer/experiments/rm13/hardware/w4a8_tile.cpp:30:10)
INFO: [HLS 214-131] Inlining function '(anonymous namespace)::is_finite_bits(float)' into 'rm13_w4a8_tile' (/home/zhiro/research/kv260-vlm-workers/RM13-H-integer/experiments/rm13/hardware/w4a8_tile.cpp:113:18)
INFO: [HLS 214-131] Inlining function '(anonymous namespace)::decode_w4(ap_uint<128>, int)' into 'rm13_w4a8_tile' (/home/zhiro/research/kv260-vlm-workers/RM13-H-integer/experiments/rm13/hardware/w4a8_tile.cpp:264:42)
INFO: [HLS 214-131] Inlining function '(anonymous namespace)::round_ties_to_even(float)' into 'rm13_w4a8_tile' (/home/zhiro/research/kv260-vlm-workers/RM13-H-integer/experiments/rm13/hardware/w4a8_tile.cpp:210:29)
INFO: [HLS 214-131] Inlining function '(anonymous namespace)::bits_float(unsigned int)' into 'rm13_w4a8_tile' (/home/zhiro/research/kv260-vlm-workers/RM13-H-integer/experiments/rm13/hardware/w4a8_tile.cpp:208:41)
INFO: [HLS 214-291] Loop 'VITIS_LOOP_175_12' is marked as complete unroll implied by the pipeline pragma (/home/zhiro/research/kv260-vlm-workers/RM13-H-integer/experiments/rm13/hardware/w4a8_tile.cpp:175:21)
INFO: [HLS 214-291] Loop 'VITIS_LOOP_255_22' is marked as complete unroll implied by the pipeline pragma (/home/zhiro/research/kv260-vlm-workers/RM13-H-integer/experiments/rm13/hardware/w4a8_tile.cpp:255:42)
INFO: [HLS 214-291] Loop 'VITIS_LOOP_257_23' is marked as complete unroll implied by the pipeline pragma (/home/zhiro/research/kv260-vlm-workers/RM13-H-integer/experiments/rm13/hardware/w4a8_tile.cpp:257:21)
INFO: [HLS 214-291] Loop 'VITIS_LOOP_134_7' is marked as complete unroll implied by the pipeline pragma (/home/zhiro/research/kv260-vlm-workers/RM13-H-integer/experiments/rm13/hardware/w4a8_tile.cpp:134:39)
INFO: [HLS 214-186] Unrolling loop 'VITIS_LOOP_175_12' (/home/zhiro/research/kv260-vlm-workers/RM13-H-integer/experiments/rm13/hardware/w4a8_tile.cpp:175:21) in function 'rm13_w4a8_tile' completely with a factor of 8 (/home/zhiro/research/kv260-vlm-workers/RM13-H-integer/experiments/rm13/hardware/w4a8_tile.cpp:62:0)
INFO: [HLS 214-186] Unrolling loop 'VITIS_LOOP_232_16' (/home/zhiro/research/kv260-vlm-workers/RM13-H-integer/experiments/rm13/hardware/w4a8_tile.cpp:232:21) in function 'rm13_w4a8_tile' completely with a factor of 16 (/home/zhiro/research/kv260-vlm-workers/RM13-H-integer/experiments/rm13/hardware/w4a8_tile.cpp:62:0)
INFO: [HLS 214-186] Unrolling loop 'VITIS_LOOP_234_17' (/home/zhiro/research/kv260-vlm-workers/RM13-H-integer/experiments/rm13/hardware/w4a8_tile.cpp:234:21) in function 'rm13_w4a8_tile' completely with a factor of 8 (/home/zhiro/research/kv260-vlm-workers/RM13-H-integer/experiments/rm13/hardware/w4a8_tile.cpp:62:0)
INFO: [HLS 214-186] Unrolling loop 'VITIS_LOOP_245_19' (/home/zhiro/research/kv260-vlm-workers/RM13-H-integer/experiments/rm13/hardware/w4a8_tile.cpp:245:21) in function 'rm13_w4a8_tile' completely with a factor of 16 (/home/zhiro/research/kv260-vlm-workers/RM13-H-integer/experiments/rm13/hardware/w4a8_tile.cpp:62:0)
INFO: [HLS 214-186] Unrolling loop 'VITIS_LOOP_247_20' (/home/zhiro/research/kv260-vlm-workers/RM13-H-integer/experiments/rm13/hardware/w4a8_tile.cpp:247:21) in function 'rm13_w4a8_tile' completely with a factor of 8 (/home/zhiro/research/kv260-vlm-workers/RM13-H-integer/experiments/rm13/hardware/w4a8_tile.cpp:62:0)
INFO: [HLS 214-186] Unrolling loop 'VITIS_LOOP_255_22' (/home/zhiro/research/kv260-vlm-workers/RM13-H-integer/experiments/rm13/hardware/w4a8_tile.cpp:255:42) in function 'rm13_w4a8_tile' completely with a factor of 16 (/home/zhiro/research/kv260-vlm-workers/RM13-H-integer/experiments/rm13/hardware/w4a8_tile.cpp:62:0)
INFO: [HLS 214-186] Unrolling loop 'VITIS_LOOP_257_23' (/home/zhiro/research/kv260-vlm-workers/RM13-H-integer/experiments/rm13/hardware/w4a8_tile.cpp:257:21) in function 'rm13_w4a8_tile' completely with a factor of 8 (/home/zhiro/research/kv260-vlm-workers/RM13-H-integer/experiments/rm13/hardware/w4a8_tile.cpp:62:0)
INFO: [HLS 214-186] Unrolling loop 'VITIS_LOOP_292_25' (/home/zhiro/research/kv260-vlm-workers/RM13-H-integer/experiments/rm13/hardware/w4a8_tile.cpp:292:32) in function 'rm13_w4a8_tile' completely with a factor of 16 (/home/zhiro/research/kv260-vlm-workers/RM13-H-integer/experiments/rm13/hardware/w4a8_tile.cpp:62:0)
INFO: [HLS 214-186] Unrolling loop 'VITIS_LOOP_294_26' (/home/zhiro/research/kv260-vlm-workers/RM13-H-integer/experiments/rm13/hardware/w4a8_tile.cpp:294:21) in function 'rm13_w4a8_tile' completely with a factor of 8 (/home/zhiro/research/kv260-vlm-workers/RM13-H-integer/experiments/rm13/hardware/w4a8_tile.cpp:62:0)
INFO: [HLS 214-186] Unrolling loop 'VITIS_LOOP_134_7' (/home/zhiro/research/kv260-vlm-workers/RM13-H-integer/experiments/rm13/hardware/w4a8_tile.cpp:134:39) in function 'rm13_w4a8_tile' completely with a factor of 32 (/home/zhiro/research/kv260-vlm-workers/RM13-H-integer/experiments/rm13/hardware/w4a8_tile.cpp:62:0)
INFO: [HLS 214-178] Inlining function 'fp_struct<float>::fp_struct(float)' into 'int generic_cast_IEEE754<int, (ap_q_mode)6, float>(float, bool, hls::enable_if<std::numeric_limits<int>::is_signed, bool>::type)' (/wrk/ci/prod/2024.2/hls_product/continuous/495/2024.2/src/shared/hls/clib/hlsmath/include/FloatingPoint/hls_case_IEEE754.h:12:0)
INFO: [HLS 214-178] Inlining function 'fp_struct<float>::mantissa() const' into 'int generic_cast_IEEE754<int, (ap_q_mode)6, float>(float, bool, hls::enable_if<std::numeric_limits<int>::is_signed, bool>::type)' (/wrk/ci/prod/2024.2/hls_product/continuous/495/2024.2/src/shared/hls/clib/hlsmath/include/FloatingPoint/hls_case_IEEE754.h:12:0)
INFO: [HLS 214-178] Inlining function 'fp_struct<float>::expv() const' into 'int generic_cast_IEEE754<int, (ap_q_mode)6, float>(float, bool, hls::enable_if<std::numeric_limits<int>::is_signed, bool>::type)' (/wrk/ci/prod/2024.2/hls_product/continuous/495/2024.2/src/shared/hls/clib/hlsmath/include/FloatingPoint/hls_case_IEEE754.h:12:0)
INFO: [HLS 214-178] Inlining function 'fp_struct<float>::__signbit() const' into 'int generic_cast_IEEE754<int, (ap_q_mode)6, float>(float, bool, hls::enable_if<std::numeric_limits<int>::is_signed, bool>::type)' (/wrk/ci/prod/2024.2/hls_product/continuous/495/2024.2/src/shared/hls/clib/hlsmath/include/FloatingPoint/hls_case_IEEE754.h:12:0)
INFO: [HLS 214-178] Inlining function 'int generic_cast_IEEE754<int, (ap_q_mode)6, float>(float, bool, hls::enable_if<std::numeric_limits<int>::is_signed, bool>::type)' into 'int generic_cast_IEEE754<int, float>(float, bool)' (/wrk/ci/prod/2024.2/hls_product/continuous/495/2024.2/src/shared/hls/clib/hlsmath/include/FloatingPoint/hls_case_IEEE754.h:116:0)
INFO: [HLS 214-178] Inlining function 'int generic_cast_IEEE754<int, float>(float, bool)' into '__hls_fptosi_float_i32' (/wrk/ci/prod/2024.2/hls_product/continuous/495/2024.2/src/shared/hls/clib/hlsmath/src/lib_floatconversion.cpp:51:0)
INFO: [HLS 214-178] Inlining function '__hls_fptosi_float_i32' into 'rm13_w4a8_tile' (/home/zhiro/research/kv260-vlm-workers/RM13-H-integer/experiments/rm13/hardware/w4a8_tile.cpp:62:0)
INFO: [HLS 214-248] Applying array_partition to '_ZZ14rm13_w4a8_tileE8xs_cache': Complete partitioning on dimension 1. (/home/zhiro/research/kv260-vlm-workers/RM13-H-integer/experiments/rm13/hardware/w4a8_tile.cpp:93:0)
INFO: [HLS 214-248] Applying array_partition to '_ZZ14rm13_w4a8_tileE7x_cache': Complete partitioning on dimension 1. (/home/zhiro/research/kv260-vlm-workers/RM13-H-integer/experiments/rm13/hardware/w4a8_tile.cpp:92:0)
INFO: [HLS 214-248] Applying array_partition to 'w_cache': Cyclic partitioning with factor 8 on dimension 1. (/home/zhiro/research/kv260-vlm-workers/RM13-H-integer/experiments/rm13/hardware/w4a8_tile.cpp:90:18)
INFO: [HLS 214-248] Applying array_partition to 'ws_cache': Cyclic partitioning with factor 8 on dimension 1. (/home/zhiro/research/kv260-vlm-workers/RM13-H-integer/experiments/rm13/hardware/w4a8_tile.cpp:91:11)
INFO: [HLS 214-248] Applying array_partition to 'group_words': Complete partitioning on dimension 1. (/home/zhiro/research/kv260-vlm-workers/RM13-H-integer/experiments/rm13/hardware/w4a8_tile.cpp:154:20)
INFO: [HLS 214-248] Applying array_partition to 'result': Complete partitioning on dimension 1. Complete partitioning on dimension 2. (/home/zhiro/research/kv260-vlm-workers/RM13-H-integer/experiments/rm13/hardware/w4a8_tile.cpp:230:19)
INFO: [HLS 214-248] Applying array_partition to 'partial': Complete partitioning on dimension 1. Complete partitioning on dimension 2. (/home/zhiro/research/kv260-vlm-workers/RM13-H-integer/experiments/rm13/hardware/w4a8_tile.cpp:243:30)
INFO: [HLS 214-115] Multiple burst reads of length 4 and bit width 128 in loop 'VITIS_LOOP_116_3'(/home/zhiro/research/kv260-vlm-workers/RM13-H-integer/experiments/rm13/hardware/w4a8_tile.cpp:116:31) has been inferred on bundle 'gmem_w'. These burst requests might be further partitioned into multiple requests during RTL generation, based on max_read_burst_length or max_write_burst_length settings. (/home/zhiro/research/kv260-vlm-workers/RM13-H-integer/experiments/rm13/hardware/w4a8_tile.cpp:116:31)
INFO: [HLS 214-115] Multiple burst reads of variable length and bit width 256 in loop 'VITIS_LOOP_161_10'(/home/zhiro/research/kv260-vlm-workers/RM13-H-integer/experiments/rm13/hardware/w4a8_tile.cpp:161:32) has been inferred on bundle 'gmem_x'. These burst requests might be further partitioned into multiple requests during RTL generation, based on max_read_burst_length or max_write_burst_length settings. (/home/zhiro/research/kv260-vlm-workers/RM13-H-integer/experiments/rm13/hardware/w4a8_tile.cpp:161:32)
INFO: [HLS 200-111] Finished Compiling Optimization and Transform: CPU user time: 9.35 seconds. CPU system time: 0.32 seconds. Elapsed time: 13.31 seconds; current allocated memory: 326.398 MB.
INFO: [HLS 200-111] Finished Checking Pragmas: CPU user time: 0.01 seconds. CPU system time: 0 seconds. Elapsed time: 0.01 seconds; current allocated memory: 326.398 MB.
INFO: [HLS 200-10] Starting code transformations ...
INFO: [HLS 200-111] Finished Standard Transforms: CPU user time: 0.6 seconds. CPU system time: 0.01 seconds. Elapsed time: 0.61 seconds; current allocated memory: 345.332 MB.
INFO: [HLS 200-10] Checking synthesizability ...
WARNING: [SYNCHK 200-23] /home/zhiro/research/kv260-vlm-workers/RM13-H-integer/experiments/rm13/hardware/w4a8_tile.cpp:207: variable-indexed range selection may cause suboptimal QoR.
INFO: [SYNCHK 200-10] 0 error(s), 1 warning(s).
INFO: [HLS 200-111] Finished Checking Synthesizability: CPU user time: 0.39 seconds. CPU system time: 0 seconds. Elapsed time: 0.39 seconds; current allocated memory: 346.750 MB.
INFO: [XFORM 203-401] Performing if-conversion on hyperblock from (/home/zhiro/research/kv260-vlm-workers/RM13-H-integer/experiments/rm13/hardware/w4a8_tile.cpp:131:9) to (/home/zhiro/research/kv260-vlm-workers/RM13-H-integer/experiments/rm13/hardware/w4a8_tile.cpp:130:31) in function 'rm13_w4a8_tile'... converting 64 basic blocks.
INFO: [XFORM 203-401] Performing if-conversion on hyperblock from (/home/zhiro/research/kv260-vlm-workers/RM13-H-integer/experiments/rm13/hardware/w4a8_tile.cpp:170:9) to (/home/zhiro/research/kv260-vlm-workers/RM13-H-integer/experiments/rm13/hardware/w4a8_tile.cpp:169:32) in function 'rm13_w4a8_tile'... converting 3 basic blocks.
INFO: [XFORM 203-401] Performing if-conversion on hyperblock from (/home/zhiro/research/kv260-vlm-workers/RM13-H-integer/experiments/rm13/hardware/w4a8_tile.cpp:205:64) to (/home/zhiro/research/kv260-vlm-workers/RM13-H-integer/experiments/rm13/hardware/w4a8_tile.cpp:213:44) in function 'rm13_w4a8_tile'... converting 4 basic blocks.
INFO: [XFORM 203-401] Performing if-conversion on hyperblock from (/home/zhiro/research/kv260-vlm-workers/RM13-H-integer/experiments/rm13/hardware/w4a8_tile.cpp:253:9) to (/home/zhiro/research/kv260-vlm-workers/RM13-H-integer/experiments/rm13/hardware/w4a8_tile.cpp:252:36) in function 'rm13_w4a8_tile'... converting 467 basic blocks.
INFO: [HLS 200-111] Finished Loop, function and other optimizations: CPU user time: 3.53 seconds. CPU system time: 0.03 seconds. Elapsed time: 3.56 seconds; current allocated memory: 399.816 MB.
INFO: [HLS 200-2061] Successfully converted nested loops 'VITIS_LOOP_126_5'(/home/zhiro/research/kv260-vlm-workers/RM13-H-integer/experiments/rm13/hardware/w4a8_tile.cpp:126:27) and 'VITIS_LOOP_130_6'(/home/zhiro/research/kv260-vlm-workers/RM13-H-integer/experiments/rm13/hardware/w4a8_tile.cpp:130:31) in function 'rm13_w4a8_tile' into perfectly nested loops.
INFO: [HLS 200-2061] Successfully converted nested loops 'VITIS_LOOP_125_4'(/home/zhiro/research/kv260-vlm-workers/RM13-H-integer/experiments/rm13/hardware/w4a8_tile.cpp:125:23) and 'VITIS_LOOP_126_5'(/home/zhiro/research/kv260-vlm-workers/RM13-H-integer/experiments/rm13/hardware/w4a8_tile.cpp:126:27) in function 'rm13_w4a8_tile' into perfectly nested loops.
WARNING: [HLS 200-960] Cannot flatten loop 'VITIS_LOOP_111_2' (/home/zhiro/research/kv260-vlm-workers/RM13-H-integer/experiments/rm13/hardware/w4a8_tile.cpp:111:27) in function 'rm13_w4a8_tile' the outer loop is not a perfect loop because there is nontrivial logic before entering the inner loop.
Resolution: For help on HLS 200-960 see docs.xilinx.com/access/sources/dita/topic?Doc_Version=2024.2%20English&url=ug1448-hls-guidance&resourceid=200-960.html
INFO: [XFORM 203-541] Flattening a loop nest 'VITIS_LOOP_126_5' (/home/zhiro/research/kv260-vlm-workers/RM13-H-integer/experiments/rm13/hardware/w4a8_tile.cpp:126:27) in function 'rm13_w4a8_tile'.
INFO: [XFORM 203-541] Flattening a loop nest 'VITIS_LOOP_125_4' (/home/zhiro/research/kv260-vlm-workers/RM13-H-integer/experiments/rm13/hardware/w4a8_tile.cpp:125:23) in function 'rm13_w4a8_tile'.
INFO: [HLS 200-111] Finished Architecture Synthesis: CPU user time: 2.26 seconds. CPU system time: 0.02 seconds. Elapsed time: 2.29 seconds; current allocated memory: 485.113 MB.
INFO: [HLS 200-10] Starting hardware synthesis ...
INFO: [HLS 200-10] Synthesizing 'rm13_w4a8_tile' ...
INFO: [HLS 200-10] ----------------------------------------------------------------
INFO: [HLS 200-42] -- Implementing module 'rm13_w4a8_tile_Pipeline_VITIS_LOOP_116_3' 
INFO: [HLS 200-10] ----------------------------------------------------------------
INFO: [SCHED 204-11] Starting scheduling ...
WARNING: [HLS 200-2042] Usage of URAM can potentially cause worse II as Vitis HLS does not exploit read-first mode for URAMs. Consider using BRAMs instead.
WARNING: [HLS 200-2042] Usage of URAM can potentially cause worse II as Vitis HLS does not exploit read-first mode for URAMs. Consider using BRAMs instead.
WARNING: [HLS 200-2042] Usage of URAM can potentially cause worse II as Vitis HLS does not exploit read-first mode for URAMs. Consider using BRAMs instead.
WARNING: [HLS 200-2042] Usage of URAM can potentially cause worse II as Vitis HLS does not exploit read-first mode for URAMs. Consider using BRAMs instead.
WARNING: [HLS 200-2042] Usage of URAM can potentially cause worse II as Vitis HLS does not exploit read-first mode for URAMs. Consider using BRAMs instead.
WARNING: [HLS 200-2042] Usage of URAM can potentially cause worse II as Vitis HLS does not exploit read-first mode for URAMs. Consider using BRAMs instead.
WARNING: [HLS 200-2042] Usage of URAM can potentially cause worse II as Vitis HLS does not exploit read-first mode for URAMs. Consider using BRAMs instead.
WARNING: [HLS 200-2042] Usage of URAM can potentially cause worse II as Vitis HLS does not exploit read-first mode for URAMs. Consider using BRAMs instead.
INFO: [SCHED 204-61] Pipelining loop 'VITIS_LOOP_116_3'.
INFO: [HLS 200-1470] Pipelining result : Target II = 1, Final II = 1, Depth = 3, loop 'VITIS_LOOP_116_3'
INFO: [SCHED 204-11] Finished scheduling.
INFO: [HLS 200-111] Finished Scheduling: CPU user time: 1.24 seconds. CPU system time: 0.03 seconds. Elapsed time: 1.28 seconds; current allocated memory: 507.859 MB.
INFO: [BIND 205-100] Starting micro-architecture generation ...
INFO: [BIND 205-101] Performing variable lifetime analysis.
INFO: [BIND 205-101] Exploring resource sharing.
INFO: [BIND 205-101] Binding ...
INFO: [BIND 205-100] Finished micro-architecture generation.
INFO: [HLS 200-111] Finished Binding: CPU user time: 0.01 seconds. CPU system time: 0.01 seconds. Elapsed time: 0.01 seconds; current allocated memory: 507.859 MB.
INFO: [HLS 200-10] ----------------------------------------------------------------
INFO: [HLS 200-42] -- Implementing module 'rm13_w4a8_tile_Pipeline_VITIS_LOOP_125_4_VITIS_LOOP_126_5_VITIS_LOOP_130_6' 
INFO: [HLS 200-10] ----------------------------------------------------------------
INFO: [SCHED 204-11] Starting scheduling ...
WARNING: [HLS 200-2042] Usage of URAM can potentially cause worse II as Vitis HLS does not exploit read-first mode for URAMs. Consider using BRAMs instead.
WARNING: [HLS 200-2042] Usage of URAM can potentially cause worse II as Vitis HLS does not exploit read-first mode for URAMs. Consider using BRAMs instead.
WARNING: [HLS 200-2042] Usage of URAM can potentially cause worse II as Vitis HLS does not exploit read-first mode for URAMs. Consider using BRAMs instead.
WARNING: [HLS 200-2042] Usage of URAM can potentially cause worse II as Vitis HLS does not exploit read-first mode for URAMs. Consider using BRAMs instead.
WARNING: [HLS 200-2042] Usage of URAM can potentially cause worse II as Vitis HLS does not exploit read-first mode for URAMs. Consider using BRAMs instead.
WARNING: [HLS 200-2042] Usage of URAM can potentially cause worse II as Vitis HLS does not exploit read-first mode for URAMs. Consider using BRAMs instead.
WARNING: [HLS 200-2042] Usage of URAM can potentially cause worse II as Vitis HLS does not exploit read-first mode for URAMs. Consider using BRAMs instead.
WARNING: [HLS 200-2042] Usage of URAM can potentially cause worse II as Vitis HLS does not exploit read-first mode for URAMs. Consider using BRAMs instead.
INFO: [SCHED 204-61] Pipelining loop 'VITIS_LOOP_125_4_VITIS_LOOP_126_5_VITIS_LOOP_130_6'.
INFO: [HLS 200-1470] Pipelining result : Target II = 1, Final II = 1, Depth = 4, loop 'VITIS_LOOP_125_4_VITIS_LOOP_126_5_VITIS_LOOP_130_6'
WARNING: [HLS 200-871] Estimated clock period (15.222 ns) exceeds the target (target clock period: 5.000 ns, clock uncertainty: 1.350 ns, effective delay budget: 3.650 ns).
Resolution: For help on HLS 200-871 see docs.xilinx.com/access/sources/dita/topic?Doc_Version=2024.2%20English&url=ug1448-hls-guidance&resourceid=200-871.html
WARNING: [HLS 200-1016] The critical path in module 'rm13_w4a8_tile_Pipeline_VITIS_LOOP_125_4_VITIS_LOOP_126_5_VITIS_LOOP_130_6' consists of the following:
	'load' operation 32 bit ('reserved_code_seen_1_load_1') on local variable 'reserved_code_seen', /home/zhiro/research/kv260-vlm-workers/RM13-H-integer/experiments/rm13/hardware/w4a8_tile.cpp:124 [40]  (0.000 ns)
	'select' operation 32 bit ('reserved_code_seen', /home/zhiro/research/kv260-vlm-workers/RM13-H-integer/experiments/rm13/hardware/w4a8_tile.cpp:137) [97]  (0.449 ns)
	'select' operation 32 bit ('reserved_code_seen', /home/zhiro/research/kv260-vlm-workers/RM13-H-integer/experiments/rm13/hardware/w4a8_tile.cpp:137) [104]  (0.449 ns)
	'select' operation 32 bit ('reserved_code_seen', /home/zhiro/research/kv260-vlm-workers/RM13-H-integer/experiments/rm13/hardware/w4a8_tile.cpp:137) [111]  (0.449 ns)
	'select' operation 32 bit ('reserved_code_seen', /home/zhiro/research/kv260-vlm-workers/RM13-H-integer/experiments/rm13/hardware/w4a8_tile.cpp:137) [118]  (0.449 ns)
	'select' operation 32 bit ('reserved_code_seen', /home/zhiro/research/kv260-vlm-workers/RM13-H-integer/experiments/rm13/hardware/w4a8_tile.cpp:137) [125]  (0.449 ns)
	'select' operation 32 bit ('reserved_code_seen', /home/zhiro/research/kv260-vlm-workers/RM13-H-integer/experiments/rm13/hardware/w4a8_tile.cpp:137) [132]  (0.449 ns)
	'select' operation 32 bit ('reserved_code_seen', /home/zhiro/research/kv260-vlm-workers/RM13-H-integer/experiments/rm13/hardware/w4a8_tile.cpp:137) [139]  (0.449 ns)
	'select' operation 32 bit ('reserved_code_seen', /home/zhiro/research/kv260-vlm-workers/RM13-H-integer/experiments/rm13/hardware/w4a8_tile.cpp:137) [146]  (0.449 ns)
	'select' operation 32 bit ('reserved_code_seen', /home/zhiro/research/kv260-vlm-workers/RM13-H-integer/experiments/rm13/hardware/w4a8_tile.cpp:137) [153]  (0.449 ns)
	'select' operation 32 bit ('reserved_code_seen', /home/zhiro/research/kv260-vlm-workers/RM13-H-integer/experiments/rm13/hardware/w4a8_tile.cpp:137) [160]  (0.449 ns)
	'select' operation 32 bit ('reserved_code_seen', /home/zhiro/research/kv260-vlm-workers/RM13-H-integer/experiments/rm13/hardware/w4a8_tile.cpp:137) [167]  (0.449 ns)
	'select' operation 32 bit ('reserved_code_seen', /home/zhiro/research/kv260-vlm-workers/RM13-H-integer/experiments/rm13/hardware/w4a8_tile.cpp:137) [174]  (0.449 ns)
	'select' operation 32 bit ('reserved_code_seen', /home/zhiro/research/kv260-vlm-workers/RM13-H-integer/experiments/rm13/hardware/w4a8_tile.cpp:137) [181]  (0.449 ns)
	'select' operation 32 bit ('reserved_code_seen', /home/zhiro/research/kv260-vlm-workers/RM13-H-integer/experiments/rm13/hardware/w4a8_tile.cpp:137) [188]  (0.449 ns)
	'select' operation 32 bit ('reserved_code_seen', /home/zhiro/research/kv260-vlm-workers/RM13-H-integer/experiments/rm13/hardware/w4a8_tile.cpp:137) [195]  (0.449 ns)
	'select' operation 32 bit ('reserved_code_seen', /home/zhiro/research/kv260-vlm-workers/RM13-H-integer/experiments/rm13/hardware/w4a8_tile.cpp:137) [202]  (0.449 ns)
	'select' operation 32 bit ('reserved_code_seen', /home/zhiro/research/kv260-vlm-workers/RM13-H-integer/experiments/rm13/hardware/w4a8_tile.cpp:137) [209]  (0.449 ns)
	'select' operation 32 bit ('reserved_code_seen', /home/zhiro/research/kv260-vlm-workers/RM13-H-integer/experiments/rm13/hardware/w4a8_tile.cpp:137) [216]  (0.449 ns)
	'select' operation 32 bit ('reserved_code_seen', /home/zhiro/research/kv260-vlm-workers/RM13-H-integer/experiments/rm13/hardware/w4a8_tile.cpp:137) [223]  (0.449 ns)
	'select' operation 32 bit ('reserved_code_seen', /home/zhiro/research/kv260-vlm-workers/RM13-H-integer/experiments/rm13/hardware/w4a8_tile.cpp:137) [230]  (0.449 ns)
	'select' operation 32 bit ('reserved_code_seen', /home/zhiro/research/kv260-vlm-workers/RM13-H-integer/experiments/rm13/hardware/w4a8_tile.cpp:137) [237]  (0.449 ns)
	'select' operation 32 bit ('reserved_code_seen', /home/zhiro/research/kv260-vlm-workers/RM13-H-integer/experiments/rm13/hardware/w4a8_tile.cpp:137) [244]  (0.449 ns)
	'select' operation 32 bit ('reserved_code_seen', /home/zhiro/research/kv260-vlm-workers/RM13-H-integer/experiments/rm13/hardware/w4a8_tile.cpp:137) [251]  (0.449 ns)
	'select' operation 32 bit ('reserved_code_seen', /home/zhiro/research/kv260-vlm-workers/RM13-H-integer/experiments/rm13/hardware/w4a8_tile.cpp:137) [258]  (0.449 ns)
	'select' operation 32 bit ('reserved_code_seen', /home/zhiro/research/kv260-vlm-workers/RM13-H-integer/experiments/rm13/hardware/w4a8_tile.cpp:137) [265]  (0.449 ns)
	'select' operation 32 bit ('reserved_code_seen', /home/zhiro/research/kv260-vlm-workers/RM13-H-integer/experiments/rm13/hardware/w4a8_tile.cpp:137) [272]  (0.449 ns)
	'select' operation 32 bit ('reserved_code_seen', /home/zhiro/research/kv260-vlm-workers/RM13-H-integer/experiments/rm13/hardware/w4a8_tile.cpp:137) [279]  (0.449 ns)
	'select' operation 32 bit ('reserved_code_seen', /home/zhiro/research/kv260-vlm-workers/RM13-H-integer/experiments/rm13/hardware/w4a8_tile.cpp:137) [286]  (0.449 ns)
	'select' operation 32 bit ('reserved_code_seen', /home/zhiro/research/kv260-vlm-workers/RM13-H-integer/experiments/rm13/hardware/w4a8_tile.cpp:137) [293]  (0.449 ns)
	'select' operation 32 bit ('reserved_code_seen', /home/zhiro/research/kv260-vlm-workers/RM13-H-integer/experiments/rm13/hardware/w4a8_tile.cpp:137) [300]  (0.449 ns)
	'select' operation 32 bit ('reserved_code_seen', /home/zhiro/research/kv260-vlm-workers/RM13-H-integer/experiments/rm13/hardware/w4a8_tile.cpp:137) [307]  (0.449 ns)
	'select' operation 32 bit ('select_ln137_30', /home/zhiro/research/kv260-vlm-workers/RM13-H-integer/experiments/rm13/hardware/w4a8_tile.cpp:137) [313]  (0.449 ns)
	'sparsemux' operation 32 bit ('reserved_code_seen', /home/zhiro/research/kv260-vlm-workers/RM13-H-integer/experiments/rm13/hardware/w4a8_tile.cpp:137) [317]  (0.427 ns)
	'store' operation 0 bit ('reserved_code_seen_1_write_ln124', /home/zhiro/research/kv260-vlm-workers/RM13-H-integer/experiments/rm13/hardware/w4a8_tile.cpp:124) of variable 'reserved_code_seen', /home/zhiro/research/kv260-vlm-workers/RM13-H-integer/experiments/rm13/hardware/w4a8_tile.cpp:137 on local variable 'reserved_code_seen', /home/zhiro/research/kv260-vlm-workers/RM13-H-integer/experiments/rm13/hardware/w4a8_tile.cpp:124 [326]  (0.427 ns)

Resolution: For help on HLS 200-1016 see docs.xilinx.com/access/sources/dita/topic?Doc_Version=2024.2%20English&url=ug1448-hls-guidance&resourceid=200-1016.html
INFO: [SCHED 204-11] Finished scheduling.
INFO: [HLS 200-111] Finished Scheduling: CPU user time: 0.31 seconds. CPU system time: 0 seconds. Elapsed time: 0.31 seconds; current allocated memory: 512.980 MB.
INFO: [BIND 205-100] Starting micro-architecture generation ...
INFO: [BIND 205-101] Performing variable lifetime analysis.
INFO: [BIND 205-101] Exploring resource sharing.
INFO: [BIND 205-101] Binding ...
INFO: [BIND 205-100] Finished micro-architecture generation.
INFO: [HLS 200-111] Finished Binding: CPU user time: 0.02 seconds. CPU system time: 0 seconds. Elapsed time: 0.02 seconds; current allocated memory: 512.980 MB.
INFO: [HLS 200-10] ----------------------------------------------------------------
INFO: [HLS 200-42] -- Implementing module 'rm13_w4a8_tile_Pipeline_VITIS_LOOP_252_21' 
INFO: [HLS 200-10] ----------------------------------------------------------------
INFO: [SCHED 204-11] Starting scheduling ...
INFO: [HLS 200-486] Changing DSP latency (root=add_ln268_127) to 3 in order to utilize available DSP registers.
INFO: [HLS 200-486] Changing DSP latency (root=add_ln268_126) to 3 in order to utilize available DSP registers.
INFO: [HLS 200-486] Changing DSP latency (root=add_ln268_125) to 3 in order to utilize available DSP registers.
INFO: [HLS 200-486] Changing DSP latency (root=add_ln268_124) to 3 in order to utilize available DSP registers.
INFO: [HLS 200-486] Changing DSP latency (root=add_ln268_123) to 3 in order to utilize available DSP registers.
INFO: [HLS 200-486] Changing DSP latency (root=add_ln268_122) to 3 in order to utilize available DSP registers.
INFO: [HLS 200-486] Changing DSP latency (root=add_ln268_121) to 3 in order to utilize available DSP registers.
INFO: [HLS 200-486] Changing DSP latency (root=add_ln268_120) to 3 in order to utilize available DSP registers.
INFO: [HLS 200-486] Changing DSP latency (root=add_ln268_119) to 3 in order to utilize available DSP registers.
INFO: [HLS 200-486] Changing DSP latency (root=add_ln268_118) to 3 in order to utilize available DSP registers.
INFO: [HLS 200-486] Changing DSP latency (root=add_ln268_117) to 3 in order to utilize available DSP registers.
INFO: [HLS 200-486] Changing DSP latency (root=add_ln268_116) to 3 in order to utilize available DSP registers.
INFO: [HLS 200-486] Changing DSP latency (root=add_ln268_115) to 3 in order to utilize available DSP registers.
INFO: [HLS 200-486] Changing DSP latency (root=add_ln268_114) to 3 in order to utilize available DSP registers.
INFO: [HLS 200-486] Changing DSP latency (root=add_ln268_113) to 3 in order to utilize available DSP registers.
INFO: [HLS 200-486] Changing DSP latency (root=add_ln268_112) to 3 in order to utilize available DSP registers.
INFO: [HLS 200-486] Changing DSP latency (root=add_ln268_111) to 3 in order to utilize available DSP registers.
INFO: [HLS 200-486] Changing DSP latency (root=add_ln268_110) to 3 in order to utilize available DSP registers.
INFO: [HLS 200-486] Changing DSP latency (root=add_ln268_109) to 3 in order to utilize available DSP registers.
INFO: [HLS 200-486] Changing DSP latency (root=add_ln268_108) to 3 in order to utilize available DSP registers.
INFO: [HLS 200-486] Changing DSP latency (root=add_ln268_107) to 3 in order to utilize available DSP registers.
INFO: [HLS 200-486] Changing DSP latency (root=add_ln268_106) to 3 in order to utilize available DSP registers.
INFO: [HLS 200-486] Changing DSP latency (root=add_ln268_105) to 3 in order to utilize available DSP registers.
INFO: [HLS 200-486] Changing DSP latency (root=add_ln268_104) to 3 in order to utilize available DSP registers.
INFO: [HLS 200-486] Changing DSP latency (root=add_ln268_103) to 3 in order to utilize available DSP registers.
INFO: [HLS 200-486] Changing DSP latency (root=add_ln268_102) to 3 in order to utilize available DSP registers.
INFO: [HLS 200-486] Changing DSP latency (root=add_ln268_101) to 3 in order to utilize available DSP registers.
INFO: [HLS 200-486] Changing DSP latency (root=add_ln268_100) to 3 in order to utilize available DSP registers.
INFO: [HLS 200-486] Changing DSP latency (root=add_ln268_99) to 3 in order to utilize available DSP registers.
INFO: [HLS 200-486] Changing DSP latency (root=add_ln268_98) to 3 in order to utilize available DSP registers.
INFO: [HLS 200-486] Changing DSP latency (root=add_ln268_97) to 3 in order to utilize available DSP registers.
INFO: [HLS 200-486] Changing DSP latency (root=add_ln268_96) to 3 in order to utilize available DSP registers.
INFO: [HLS 200-486] Changing DSP latency (root=add_ln268_95) to 3 in order to utilize available DSP registers.
INFO: [HLS 200-486] Changing DSP latency (root=add_ln268_94) to 3 in order to utilize available DSP registers.
INFO: [HLS 200-486] Changing DSP latency (root=add_ln268_93) to 3 in order to utilize available DSP registers.
INFO: [HLS 200-486] Changing DSP latency (root=add_ln268_92) to 3 in order to utilize available DSP registers.
INFO: [HLS 200-486] Changing DSP latency (root=add_ln268_91) to 3 in order to utilize available DSP registers.
INFO: [HLS 200-486] Changing DSP latency (root=add_ln268_90) to 3 in order to utilize available DSP registers.
INFO: [HLS 200-486] Changing DSP latency (root=add_ln268_89) to 3 in order to utilize available DSP registers.
INFO: [HLS 200-486] Changing DSP latency (root=add_ln268_88) to 3 in order to utilize available DSP registers.
INFO: [HLS 200-486] Changing DSP latency (root=add_ln268_87) to 3 in order to utilize available DSP registers.
INFO: [HLS 200-486] Changing DSP latency (root=add_ln268_86) to 3 in order to utilize available DSP registers.
INFO: [HLS 200-486] Changing DSP latency (root=add_ln268_85) to 3 in order to utilize available DSP registers.
INFO: [HLS 200-486] Changing DSP latency (root=add_ln268_84) to 3 in order to utilize available DSP registers.
INFO: [HLS 200-486] Changing DSP latency (root=add_ln268_83) to 3 in order to utilize available DSP registers.
INFO: [HLS 200-486] Changing DSP latency (root=add_ln268_82) to 3 in order to utilize available DSP registers.
INFO: [HLS 200-486] Changing DSP latency (root=add_ln268_81) to 3 in order to utilize available DSP registers.
INFO: [HLS 200-486] Changing DSP latency (root=add_ln268_80) to 3 in order to utilize available DSP registers.
INFO: [HLS 200-486] Changing DSP latency (root=add_ln268_79) to 3 in order to utilize available DSP registers.
INFO: [HLS 200-486] Changing DSP latency (root=add_ln268_78) to 3 in order to utilize available DSP registers.
INFO: [HLS 200-486] Changing DSP latency (root=add_ln268_77) to 3 in order to utilize available DSP registers.
INFO: [HLS 200-486] Changing DSP latency (root=add_ln268_76) to 3 in order to utilize available DSP registers.
INFO: [HLS 200-486] Changing DSP latency (root=add_ln268_75) to 3 in order to utilize available DSP registers.
INFO: [HLS 200-486] Changing DSP latency (root=add_ln268_74) to 3 in order to utilize available DSP registers.
INFO: [HLS 200-486] Changing DSP latency (root=add_ln268_73) to 3 in order to utilize available DSP registers.
INFO: [HLS 200-486] Changing DSP latency (root=add_ln268_72) to 3 in order to utilize available DSP registers.
INFO: [HLS 200-486] Changing DSP latency (root=add_ln268_71) to 3 in order to utilize available DSP registers.
INFO: [HLS 200-486] Changing DSP latency (root=add_ln268_70) to 3 in order to utilize available DSP registers.
INFO: [HLS 200-486] Changing DSP latency (root=add_ln268_69) to 3 in order to utilize available DSP registers.
INFO: [HLS 200-486] Changing DSP latency (root=add_ln268_68) to 3 in order to utilize available DSP registers.
INFO: [HLS 200-486] Changing DSP latency (root=add_ln268_67) to 3 in order to utilize available DSP registers.
INFO: [HLS 200-486] Changing DSP latency (root=add_ln268_66) to 3 in order to utilize available DSP registers.
INFO: [HLS 200-486] Changing DSP latency (root=add_ln268_65) to 3 in order to utilize available DSP registers.
INFO: [HLS 200-486] Changing DSP latency (root=add_ln268_64) to 3 in order to utilize available DSP registers.
INFO: [HLS 200-486] Changing DSP latency (root=add_ln268_63) to 3 in order to utilize available DSP registers.
INFO: [HLS 200-486] Changing DSP latency (root=add_ln268_62) to 3 in order to utilize available DSP registers.
INFO: [HLS 200-486] Changing DSP latency (root=add_ln268_61) to 3 in order to utilize available DSP registers.
INFO: [HLS 200-486] Changing DSP latency (root=add_ln268_60) to 3 in order to utilize available DSP registers.
INFO: [HLS 200-486] Changing DSP latency (root=add_ln268_59) to 3 in order to utilize available DSP registers.
INFO: [HLS 200-486] Changing DSP latency (root=add_ln268_58) to 3 in order to utilize available DSP registers.
INFO: [HLS 200-486] Changing DSP latency (root=add_ln268_57) to 3 in order to utilize available DSP registers.
INFO: [HLS 200-486] Changing DSP latency (root=add_ln268_56) to 3 in order to utilize available DSP registers.
INFO: [HLS 200-486] Changing DSP latency (root=add_ln268_55) to 3 in order to utilize available DSP registers.
INFO: [HLS 200-486] Changing DSP latency (root=add_ln268_54) to 3 in order to utilize available DSP registers.
INFO: [HLS 200-486] Changing DSP latency (root=add_ln268_53) to 3 in order to utilize available DSP registers.
INFO: [HLS 200-486] Changing DSP latency (root=add_ln268_52) to 3 in order to utilize available DSP registers.
INFO: [HLS 200-486] Changing DSP latency (root=add_ln268_51) to 3 in order to utilize available DSP registers.
INFO: [HLS 200-486] Changing DSP latency (root=add_ln268_50) to 3 in order to utilize available DSP registers.
INFO: [HLS 200-486] Changing DSP latency (root=add_ln268_49) to 3 in order to utilize available DSP registers.
INFO: [HLS 200-486] Changing DSP latency (root=add_ln268_48) to 3 in order to utilize available DSP registers.
INFO: [HLS 200-486] Changing DSP latency (root=add_ln268_47) to 3 in order to utilize available DSP registers.
INFO: [HLS 200-486] Changing DSP latency (root=add_ln268_46) to 3 in order to utilize available DSP registers.
INFO: [HLS 200-486] Changing DSP latency (root=add_ln268_45) to 3 in order to utilize available DSP registers.
INFO: [HLS 200-486] Changing DSP latency (root=add_ln268_44) to 3 in order to utilize available DSP registers.
INFO: [HLS 200-486] Changing DSP latency (root=add_ln268_43) to 3 in order to utilize available DSP registers.
INFO: [HLS 200-486] Changing DSP latency (root=add_ln268_42) to 3 in order to utilize available DSP registers.
INFO: [HLS 200-486] Changing DSP latency (root=add_ln268_41) to 3 in order to utilize available DSP registers.
INFO: [HLS 200-486] Changing DSP latency (root=add_ln268_40) to 3 in order to utilize available DSP registers.
INFO: [HLS 200-486] Changing DSP latency (root=add_ln268_39) to 3 in order to utilize available DSP registers.
INFO: [HLS 200-486] Changing DSP latency (root=add_ln268_38) to 3 in order to utilize available DSP registers.
INFO: [HLS 200-486] Changing DSP latency (root=add_ln268_37) to 3 in order to utilize available DSP registers.
INFO: [HLS 200-486] Changing DSP latency (root=add_ln268_36) to 3 in order to utilize available DSP registers.
INFO: [HLS 200-486] Changing DSP latency (root=add_ln268_35) to 3 in order to utilize available DSP registers.
INFO: [HLS 200-486] Changing DSP latency (root=add_ln268_34) to 3 in order to utilize available DSP registers.
INFO: [HLS 200-486] Changing DSP latency (root=add_ln268_33) to 3 in order to utilize available DSP registers.
INFO: [HLS 200-486] Changing DSP latency (root=add_ln268_32) to 3 in order to utilize available DSP registers.
INFO: [HLS 200-486] Changing DSP latency (root=add_ln268_31) to 3 in order to utilize available DSP registers.
INFO: [HLS 200-486] Changing DSP latency (root=add_ln268_30) to 3 in order to utilize available DSP registers.
INFO: [HLS 200-486] Changing DSP latency (root=add_ln268_29) to 3 in order to utilize available DSP registers.
INFO: [HLS 200-486] Changing DSP latency (root=add_ln268_28) to 3 in order to utilize available DSP registers.
INFO: [HLS 200-486] Changing DSP latency (root=add_ln268_27) to 3 in order to utilize available DSP registers.
INFO: [HLS 200-486] Changing DSP latency (root=add_ln268_26) to 3 in order to utilize available DSP registers.
INFO: [HLS 200-486] Changing DSP latency (root=add_ln268_25) to 3 in order to utilize available DSP registers.
INFO: [HLS 200-486] Changing DSP latency (root=add_ln268_24) to 3 in order to utilize available DSP registers.
INFO: [HLS 200-486] Changing DSP latency (root=add_ln268_23) to 3 in order to utilize available DSP registers.
INFO: [HLS 200-486] Changing DSP latency (root=add_ln268_22) to 3 in order to utilize available DSP registers.
INFO: [HLS 200-486] Changing DSP latency (root=add_ln268_21) to 3 in order to utilize available DSP registers.
INFO: [HLS 200-486] Changing DSP latency (root=add_ln268_20) to 3 in order to utilize available DSP registers.
INFO: [HLS 200-486] Changing DSP latency (root=add_ln268_19) to 3 in order to utilize available DSP registers.
INFO: [HLS 200-486] Changing DSP latency (root=add_ln268_18) to 3 in order to utilize available DSP registers.
INFO: [HLS 200-486] Changing DSP latency (root=add_ln268_17) to 3 in order to utilize available DSP registers.
INFO: [HLS 200-486] Changing DSP latency (root=add_ln268_16) to 3 in order to utilize available DSP registers.
INFO: [HLS 200-486] Changing DSP latency (root=add_ln268_15) to 3 in order to utilize available DSP registers.
INFO: [HLS 200-486] Changing DSP latency (root=add_ln268_14) to 3 in order to utilize available DSP registers.
INFO: [HLS 200-486] Changing DSP latency (root=add_ln268_13) to 3 in order to utilize available DSP registers.
INFO: [HLS 200-486] Changing DSP latency (root=add_ln268_12) to 3 in order to utilize available DSP registers.
INFO: [HLS 200-486] Changing DSP latency (root=add_ln268_11) to 3 in order to utilize available DSP registers.
INFO: [HLS 200-486] Changing DSP latency (root=add_ln268_10) to 3 in order to utilize available DSP registers.
INFO: [HLS 200-486] Changing DSP latency (root=add_ln268_9) to 3 in order to utilize available DSP registers.
INFO: [HLS 200-486] Changing DSP latency (root=add_ln268_8) to 3 in order to utilize available DSP registers.
INFO: [HLS 200-486] Changing DSP latency (root=add_ln268_7) to 3 in order to utilize available DSP registers.
INFO: [HLS 200-486] Changing DSP latency (root=add_ln268_6) to 3 in order to utilize available DSP registers.
INFO: [HLS 200-486] Changing DSP latency (root=add_ln268_5) to 3 in order to utilize available DSP registers.
INFO: [HLS 200-486] Changing DSP latency (root=add_ln268_4) to 3 in order to utilize available DSP registers.
INFO: [HLS 200-486] Changing DSP latency (root=add_ln268_3) to 3 in order to utilize available DSP registers.
INFO: [HLS 200-486] Changing DSP latency (root=add_ln268_2) to 3 in order to utilize available DSP registers.
INFO: [HLS 200-486] Changing DSP latency (root=add_ln268_1) to 3 in order to utilize available DSP registers.
INFO: [HLS 200-486] Changing DSP latency (root=add_ln268) to 3 in order to utilize available DSP registers.
WARNING: [HLS 200-2042] Usage of URAM can potentially cause worse II as Vitis HLS does not exploit read-first mode for URAMs. Consider using BRAMs instead.
WARNING: [HLS 200-2042] Usage of URAM can potentially cause worse II as Vitis HLS does not exploit read-first mode for URAMs. Consider using BRAMs instead.
WARNING: [HLS 200-2042] Usage of URAM can potentially cause worse II as Vitis HLS does not exploit read-first mode for URAMs. Consider using BRAMs instead.
WARNING: [HLS 200-2042] Usage of URAM can potentially cause worse II as Vitis HLS does not exploit read-first mode for URAMs. Consider using BRAMs instead.
WARNING: [HLS 200-2042] Usage of URAM can potentially cause worse II as Vitis HLS does not exploit read-first mode for URAMs. Consider using BRAMs instead.
WARNING: [HLS 200-2042] Usage of URAM can potentially cause worse II as Vitis HLS does not exploit read-first mode for URAMs. Consider using BRAMs instead.
WARNING: [HLS 200-2042] Usage of URAM can potentially cause worse II as Vitis HLS does not exploit read-first mode for URAMs. Consider using BRAMs instead.
WARNING: [HLS 200-2042] Usage of URAM can potentially cause worse II as Vitis HLS does not exploit read-first mode for URAMs. Consider using BRAMs instead.
WARNING: [HLS 200-2042] Usage of URAM can potentially cause worse II as Vitis HLS does not exploit read-first mode for URAMs. Consider using BRAMs instead.
WARNING: [HLS 200-2042] Usage of URAM can potentially cause worse II as Vitis HLS does not exploit read-first mode for URAMs. Consider using BRAMs instead.
WARNING: [HLS 200-2042] Usage of URAM can potentially cause worse II as Vitis HLS does not exploit read-first mode for URAMs. Consider using BRAMs instead.
WARNING: [HLS 200-2042] Usage of URAM can potentially cause worse II as Vitis HLS does not exploit read-first mode for URAMs. Consider using BRAMs instead.
WARNING: [HLS 200-2042] Usage of URAM can potentially cause worse II as Vitis HLS does not exploit read-first mode for URAMs. Consider using BRAMs instead.
WARNING: [HLS 200-2042] Usage of URAM can potentially cause worse II as Vitis HLS does not exploit read-first mode for URAMs. Consider using BRAMs instead.
WARNING: [HLS 200-2042] Usage of URAM can potentially cause worse II as Vitis HLS does not exploit read-first mode for URAMs. Consider using BRAMs instead.
WARNING: [HLS 200-2042] Usage of URAM can potentially cause worse II as Vitis HLS does not exploit read-first mode for URAMs. Consider using BRAMs instead.
WARNING: [HLS 200-2042] Usage of URAM can potentially cause worse II as Vitis HLS does not exploit read-first mode for URAMs. Consider using BRAMs instead.
WARNING: [HLS 200-2042] Usage of URAM can potentially cause worse II as Vitis HLS does not exploit read-first mode for URAMs. Consider using BRAMs instead.
WARNING: [HLS 200-2042] Usage of URAM can potentially cause worse II as Vitis HLS does not exploit read-first mode for URAMs. Consider using BRAMs instead.
WARNING: [HLS 200-2042] Usage of URAM can potentially cause worse II as Vitis HLS does not exploit read-first mode for URAMs. Consider using BRAMs instead.
WARNING: [HLS 200-2042] Usage of URAM can potentially cause worse II as Vitis HLS does not exploit read-first mode for URAMs. Consider using BRAMs instead.
WARNING: [HLS 200-2042] Usage of URAM can potentially cause worse II as Vitis HLS does not exploit read-first mode for URAMs. Consider using BRAMs instead.
WARNING: [HLS 200-2042] Usage of URAM can potentially cause worse II as Vitis HLS does not exploit read-first mode for URAMs. Consider using BRAMs instead.
WARNING: [HLS 200-2042] Usage of URAM can potentially cause worse II as Vitis HLS does not exploit read-first mode for URAMs. Consider using BRAMs instead.
INFO: [SCHED 204-61] Pipelining loop 'VITIS_LOOP_252_21'.
INFO: [HLS 200-1470] Pipelining result : Target II = 1, Final II = 1, Depth = 5, loop 'VITIS_LOOP_252_21'
INFO: [SCHED 204-11] Finished scheduling.
INFO: [HLS 200-111] Finished Scheduling: CPU user time: 0.48 seconds. CPU system time: 0.01 seconds. Elapsed time: 0.49 seconds; current allocated memory: 524.211 MB.
INFO: [BIND 205-100] Starting micro-architecture generation ...
INFO: [BIND 205-101] Performing variable lifetime analysis.
INFO: [BIND 205-101] Exploring resource sharing.
INFO: [BIND 205-101] Binding ...
INFO: [BIND 205-100] Finished micro-architecture generation.
INFO: [HLS 200-111] Finished Binding: CPU user time: 0.12 seconds. CPU system time: 0 seconds. Elapsed time: 0.12 seconds; current allocated memory: 524.211 MB.
INFO: [HLS 200-10] ----------------------------------------------------------------
INFO: [HLS 200-42] -- Implementing module 'rm13_w4a8_tile_Pipeline_VITIS_LOOP_273_24' 
INFO: [HLS 200-10] ----------------------------------------------------------------
INFO: [SCHED 204-11] Starting scheduling ...
INFO: [SCHED 204-61] Pipelining loop 'VITIS_LOOP_273_24'.
INFO: [HLS 200-1470] Pipelining result : Target II = 1, Final II = 1, Depth = 25, loop 'VITIS_LOOP_273_24'
WARNING: [HLS 200-871] Estimated clock period (4.664 ns) exceeds the target (target clock period: 5.000 ns, clock uncertainty: 1.350 ns, effective delay budget: 3.650 ns).
Resolution: For help on HLS 200-871 see docs.xilinx.com/access/sources/dita/topic?Doc_Version=2024.2%20English&url=ug1448-hls-guidance&resourceid=200-871.html
WARNING: [HLS 200-1016] The critical path in module 'rm13_w4a8_tile_Pipeline_VITIS_LOOP_273_24' consists of the following:
	wire read operation ('result_read', /home/zhiro/research/kv260-vlm-workers/RM13-H-integer/experiments/rm13/hardware/w4a8_tile.cpp:288) on port 'result' (/home/zhiro/research/kv260-vlm-workers/RM13-H-integer/experiments/rm13/hardware/w4a8_tile.cpp:288) [487]  (0.000 ns)
	'sparsemux' operation 32 bit ('tmp_20', /home/zhiro/research/kv260-vlm-workers/RM13-H-integer/experiments/rm13/hardware/w4a8_tile.cpp:288) [495]  (0.721 ns)
	'sparsemux' operation 32 bit ('tmp_36', /home/zhiro/research/kv260-vlm-workers/RM13-H-integer/experiments/rm13/hardware/w4a8_tile.cpp:288) [631]  (0.489 ns)
	'fadd' operation 32 bit ('result', /home/zhiro/research/kv260-vlm-workers/RM13-H-integer/experiments/rm13/hardware/w4a8_tile.cpp:288) [632]  (3.454 ns)

Resolution: For help on HLS 200-1016 see docs.xilinx.com/access/sources/dita/topic?Doc_Version=2024.2%20English&url=ug1448-hls-guidance&resourceid=200-1016.html
INFO: [SCHED 204-11] Finished scheduling.
INFO: [HLS 200-111] Finished Scheduling: CPU user time: 0.58 seconds. CPU system time: 0 seconds. Elapsed time: 0.58 seconds; current allocated memory: 531.555 MB.
INFO: [BIND 205-100] Starting micro-architecture generation ...
INFO: [BIND 205-101] Performing variable lifetime analysis.
INFO: [BIND 205-101] Exploring resource sharing.
INFO: [BIND 205-101] Binding ...
INFO: [BIND 205-100] Finished micro-architecture generation.
INFO: [HLS 200-111] Finished Binding: CPU user time: 0.04 seconds. CPU system time: 0 seconds. Elapsed time: 0.05 seconds; current allocated memory: 531.555 MB.
INFO: [HLS 200-10] ----------------------------------------------------------------
INFO: [HLS 200-42] -- Implementing module 'rm13_w4a8_tile_Pipeline_VITIS_LOOP_161_10' 
INFO: [HLS 200-10] ----------------------------------------------------------------
INFO: [SCHED 204-11] Starting scheduling ...
INFO: [SCHED 204-61] Pipelining loop 'VITIS_LOOP_161_10'.
INFO: [HLS 200-1470] Pipelining result : Target II = 1, Final II = 1, Depth = 3, loop 'VITIS_LOOP_161_10'
INFO: [SCHED 204-11] Finished scheduling.
INFO: [HLS 200-111] Finished Scheduling: CPU user time: 0.07 seconds. CPU system time: 0 seconds. Elapsed time: 0.08 seconds; current allocated memory: 531.555 MB.
INFO: [BIND 205-100] Starting micro-architecture generation ...
INFO: [BIND 205-101] Performing variable lifetime analysis.
INFO: [BIND 205-101] Exploring resource sharing.
INFO: [BIND 205-101] Binding ...
INFO: [BIND 205-100] Finished micro-architecture generation.
INFO: [HLS 200-111] Finished Binding: CPU user time: 0.02 seconds. CPU system time: 0 seconds. Elapsed time: 0.02 seconds; current allocated memory: 531.555 MB.
INFO: [HLS 200-10] ----------------------------------------------------------------
INFO: [HLS 200-42] -- Implementing module 'rm13_w4a8_tile_Pipeline_VITIS_LOOP_169_11' 
INFO: [HLS 200-10] ----------------------------------------------------------------
INFO: [SCHED 204-11] Starting scheduling ...
INFO: [SCHED 204-61] Pipelining loop 'VITIS_LOOP_169_11'.
INFO: [HLS 200-1470] Pipelining result : Target II = 1, Final II = 1, Depth = 9, loop 'VITIS_LOOP_169_11'
WARNING: [HLS 200-871] Estimated clock period (3.945 ns) exceeds the target (target clock period: 5.000 ns, clock uncertainty: 1.350 ns, effective delay budget: 3.650 ns).
Resolution: For help on HLS 200-871 see docs.xilinx.com/access/sources/dita/topic?Doc_Version=2024.2%20English&url=ug1448-hls-guidance&resourceid=200-871.html
WARNING: [HLS 200-1016] The critical path in module 'rm13_w4a8_tile_Pipeline_VITIS_LOOP_169_11' consists of the following:
	'fcmp' operation 1 bit ('tmp_73', /home/zhiro/research/kv260-vlm-workers/RM13-H-integer/experiments/rm13/hardware/w4a8_tile.cpp:190) [223]  (2.782 ns)
	'and' operation 1 bit ('and_ln190_1', /home/zhiro/research/kv260-vlm-workers/RM13-H-integer/experiments/rm13/hardware/w4a8_tile.cpp:190) [224]  (0.287 ns)
	'select' operation 32 bit ('max_abs', /home/zhiro/research/kv260-vlm-workers/RM13-H-integer/experiments/rm13/hardware/w4a8_tile.cpp:190) [225]  (0.000 ns)
	'select' operation 32 bit ('max_abs', /home/zhiro/research/kv260-vlm-workers/RM13-H-integer/experiments/rm13/hardware/w4a8_tile.cpp:171) [227]  (0.449 ns)
	'store' operation 0 bit ('max_abs_write_ln167', /home/zhiro/research/kv260-vlm-workers/RM13-H-integer/experiments/rm13/hardware/w4a8_tile.cpp:167) of variable 'max_abs', /home/zhiro/research/kv260-vlm-workers/RM13-H-integer/experiments/rm13/hardware/w4a8_tile.cpp:171 on local variable 'max_abs', /home/zhiro/research/kv260-vlm-workers/RM13-H-integer/experiments/rm13/hardware/w4a8_tile.cpp:167 [229]  (0.427 ns)

Resolution: For help on HLS 200-1016 see docs.xilinx.com/access/sources/dita/topic?Doc_Version=2024.2%20English&url=ug1448-hls-guidance&resourceid=200-1016.html
INFO: [SCHED 204-11] Finished scheduling.
INFO: [HLS 200-111] Finished Scheduling: CPU user time: 0.08 seconds. CPU system time: 0.01 seconds. Elapsed time: 0.08 seconds; current allocated memory: 531.602 MB.
INFO: [BIND 205-100] Starting micro-architecture generation ...
INFO: [BIND 205-101] Performing variable lifetime analysis.
INFO: [BIND 205-101] Exploring resource sharing.
INFO: [BIND 205-101] Binding ...
INFO: [BIND 205-100] Finished micro-architecture generation.
INFO: [HLS 200-111] Finished Binding: CPU user time: 0.02 seconds. CPU system time: 0 seconds. Elapsed time: 0.02 seconds; current allocated memory: 531.602 MB.
INFO: [HLS 200-10] ----------------------------------------------------------------
INFO: [HLS 200-42] -- Implementing module 'rm13_w4a8_tile_Pipeline_VITIS_LOOP_202_13' 
INFO: [HLS 200-10] ----------------------------------------------------------------
INFO: [SCHED 204-11] Starting scheduling ...
WARNING: [HLS 200-2042] Usage of URAM can potentially cause worse II as Vitis HLS does not exploit read-first mode for URAMs. Consider using BRAMs instead.
WARNING: [HLS 200-2042] Usage of URAM can potentially cause worse II as Vitis HLS does not exploit read-first mode for URAMs. Consider using BRAMs instead.
WARNING: [HLS 200-2042] Usage of URAM can potentially cause worse II as Vitis HLS does not exploit read-first mode for URAMs. Consider using BRAMs instead.
WARNING: [HLS 200-2042] Usage of URAM can potentially cause worse II as Vitis HLS does not exploit read-first mode for URAMs. Consider using BRAMs instead.
WARNING: [HLS 200-2042] Usage of URAM can potentially cause worse II as Vitis HLS does not exploit read-first mode for URAMs. Consider using BRAMs instead.
WARNING: [HLS 200-2042] Usage of URAM can potentially cause worse II as Vitis HLS does not exploit read-first mode for URAMs. Consider using BRAMs instead.
WARNING: [HLS 200-2042] Usage of URAM can potentially cause worse II as Vitis HLS does not exploit read-first mode for URAMs. Consider using BRAMs instead.
WARNING: [HLS 200-2042] Usage of URAM can potentially cause worse II as Vitis HLS does not exploit read-first mode for URAMs. Consider using BRAMs instead.
WARNING: [HLS 200-2042] Usage of URAM can potentially cause worse II as Vitis HLS does not exploit read-first mode for URAMs. Consider using BRAMs instead.
WARNING: [HLS 200-2042] Usage of URAM can potentially cause worse II as Vitis HLS does not exploit read-first mode for URAMs. Consider using BRAMs instead.
WARNING: [HLS 200-2042] Usage of URAM can potentially cause worse II as Vitis HLS does not exploit read-first mode for URAMs. Consider using BRAMs instead.
WARNING: [HLS 200-2042] Usage of URAM can potentially cause worse II as Vitis HLS does not exploit read-first mode for URAMs. Consider using BRAMs instead.
WARNING: [HLS 200-2042] Usage of URAM can potentially cause worse II as Vitis HLS does not exploit read-first mode for URAMs. Consider using BRAMs instead.
WARNING: [HLS 200-2042] Usage of URAM can potentially cause worse II as Vitis HLS does not exploit read-first mode for URAMs. Consider using BRAMs instead.
WARNING: [HLS 200-2042] Usage of URAM can potentially cause worse II as Vitis HLS does not exploit read-first mode for URAMs. Consider using BRAMs instead.
WARNING: [HLS 200-2042] Usage of URAM can potentially cause worse II as Vitis HLS does not exploit read-first mode for URAMs. Consider using BRAMs instead.
INFO: [SCHED 204-61] Pipelining loop 'VITIS_LOOP_202_13'.
INFO: [HLS 200-1470] Pipelining result : Target II = 1, Final II = 1, Depth = 39, loop 'VITIS_LOOP_202_13'
INFO: [SCHED 204-11] Finished scheduling.
INFO: [HLS 200-111] Finished Scheduling: CPU user time: 0.09 seconds. CPU system time: 0 seconds. Elapsed time: 0.08 seconds; current allocated memory: 532.793 MB.
INFO: [BIND 205-100] Starting micro-architecture generation ...
INFO: [BIND 205-101] Performing variable lifetime analysis.
INFO: [BIND 205-101] Exploring resource sharing.
INFO: [BIND 205-101] Binding ...
INFO: [BIND 205-100] Finished micro-architecture generation.
INFO: [HLS 200-111] Finished Binding: CPU user time: 0.02 seconds. CPU system time: 0 seconds. Elapsed time: 0.02 seconds; current allocated memory: 532.793 MB.
INFO: [HLS 200-10] ----------------------------------------------------------------
INFO: [HLS 200-42] -- Implementing module 'rm13_w4a8_tile' 
INFO: [HLS 200-10] ----------------------------------------------------------------
INFO: [SCHED 204-11] Starting scheduling ...
WARNING: [HLS 200-871] Estimated clock period (4.664 ns) exceeds the target (target clock period: 5.000 ns, clock uncertainty: 1.350 ns, effective delay budget: 3.650 ns).
Resolution: For help on HLS 200-871 see docs.xilinx.com/access/sources/dita/topic?Doc_Version=2024.2%20English&url=ug1448-hls-guidance&resourceid=200-871.html
WARNING: [HLS 200-1016] The critical path in module 'rm13_w4a8_tile' consists of the following:
	'load' operation 32 bit ('p_loc_load') on local variable 'p_loc' [866]  (0.000 ns)
	'call' operation 0 bit ('_ln229', /home/zhiro/research/kv260-vlm-workers/RM13-H-integer/experiments/rm13/hardware/w4a8_tile.cpp:229) to 'rm13_w4a8_tile_Pipeline_VITIS_LOOP_273_24' [1034]  (4.664 ns)

Resolution: For help on HLS 200-1016 see docs.xilinx.com/access/sources/dita/topic?Doc_Version=2024.2%20English&url=ug1448-hls-guidance&resourceid=200-1016.html
INFO: [SCHED 204-11] Finished scheduling.
INFO: [HLS 200-111] Finished Scheduling: CPU user time: 6.76 seconds. CPU system time: 0.05 seconds. Elapsed time: 6.8 seconds; current allocated memory: 634.395 MB.
INFO: [BIND 205-100] Starting micro-architecture generation ...
INFO: [BIND 205-101] Performing variable lifetime analysis.
INFO: [BIND 205-101] Exploring resource sharing.
WARNING: [BIND 205-102] The specified resource core for memory 'ws_cache' will be ignored if a simpler one can be used.
WARNING: [BIND 205-102] The specified resource core for memory 'ws_cache_1' will be ignored if a simpler one can be used.
WARNING: [BIND 205-102] The specified resource core for memory 'ws_cache_2' will be ignored if a simpler one can be used.
WARNING: [BIND 205-102] The specified resource core for memory 'ws_cache_3' will be ignored if a simpler one can be used.
WARNING: [BIND 205-102] The specified resource core for memory 'ws_cache_4' will be ignored if a simpler one can be used.
WARNING: [BIND 205-102] The specified resource core for memory 'ws_cache_5' will be ignored if a simpler one can be used.
WARNING: [BIND 205-102] The specified resource core for memory 'ws_cache_6' will be ignored if a simpler one can be used.
WARNING: [BIND 205-102] The specified resource core for memory 'ws_cache_7' will be ignored if a simpler one can be used.
INFO: [BIND 205-101] Binding ...
INFO: [BIND 205-100] Finished micro-architecture generation.
INFO: [HLS 200-111] Finished Binding: CPU user time: 0.76 seconds. CPU system time: 0.01 seconds. Elapsed time: 0.77 seconds; current allocated memory: 634.395 MB.
INFO: [HLS 200-10] ----------------------------------------------------------------
INFO: [HLS 200-10] -- Generating RTL for module 'rm13_w4a8_tile_Pipeline_VITIS_LOOP_116_3' 
INFO: [HLS 200-10] ----------------------------------------------------------------
INFO: [HLS 200-1030] Apply Unified Pipeline Control on module 'rm13_w4a8_tile_Pipeline_VITIS_LOOP_116_3' pipeline 'VITIS_LOOP_116_3' pipeline type 'loop pipeline'
WARNING: [RTGEN 206-101] Setting dangling out port 'rm13_w4a8_tile_Pipeline_VITIS_LOOP_116_3/m_axi_gmem_w_0_ARVALID' to 0.
WARNING: [RTGEN 206-101] Setting dangling out port 'rm13_w4a8_tile_Pipeline_VITIS_LOOP_116_3/m_axi_gmem_w_0_ARADDR' to 0.
WARNING: [RTGEN 206-101] Setting dangling out port 'rm13_w4a8_tile_Pipeline_VITIS_LOOP_116_3/m_axi_gmem_w_0_ARID' to 0.
WARNING: [RTGEN 206-101] Setting dangling out port 'rm13_w4a8_tile_Pipeline_VITIS_LOOP_116_3/m_axi_gmem_w_0_ARLEN' to 0.
WARNING: [RTGEN 206-101] Setting dangling out port 'rm13_w4a8_tile_Pipeline_VITIS_LOOP_116_3/m_axi_gmem_w_0_ARSIZE' to 0.
WARNING: [RTGEN 206-101] Setting dangling out port 'rm13_w4a8_tile_Pipeline_VITIS_LOOP_116_3/m_axi_gmem_w_0_ARBURST' to 0.
WARNING: [RTGEN 206-101] Setting dangling out port 'rm13_w4a8_tile_Pipeline_VITIS_LOOP_116_3/m_axi_gmem_w_0_ARLOCK' to 0.
WARNING: [RTGEN 206-101] Setting dangling out port 'rm13_w4a8_tile_Pipeline_VITIS_LOOP_116_3/m_axi_gmem_w_0_ARCACHE' to 0.
WARNING: [RTGEN 206-101] Setting dangling out port 'rm13_w4a8_tile_Pipeline_VITIS_LOOP_116_3/m_axi_gmem_w_0_ARPROT' to 0.
WARNING: [RTGEN 206-101] Setting dangling out port 'rm13_w4a8_tile_Pipeline_VITIS_LOOP_116_3/m_axi_gmem_w_0_ARQOS' to 0.
WARNING: [RTGEN 206-101] Setting dangling out port 'rm13_w4a8_tile_Pipeline_VITIS_LOOP_116_3/m_axi_gmem_w_0_ARREGION' to 0.
WARNING: [RTGEN 206-101] Setting dangling out port 'rm13_w4a8_tile_Pipeline_VITIS_LOOP_116_3/m_axi_gmem_w_0_ARUSER' to 0.
INFO: [RTGEN 206-100] Finished creating RTL model for 'rm13_w4a8_tile_Pipeline_VITIS_LOOP_116_3'.
INFO: [HLS 200-111] Finished Creating RTL model: CPU user time: 0.41 seconds. CPU system time: 0.01 seconds. Elapsed time: 0.42 seconds; current allocated memory: 634.395 MB.
INFO: [HLS 200-10] ----------------------------------------------------------------
INFO: [HLS 200-10] -- Generating RTL for module 'rm13_w4a8_tile_Pipeline_VITIS_LOOP_125_4_VITIS_LOOP_126_5_VITIS_LOOP_130_6' 
INFO: [HLS 200-10] ----------------------------------------------------------------
INFO: [HLS 200-1030] Apply Unified Pipeline Control on module 'rm13_w4a8_tile_Pipeline_VITIS_LOOP_125_4_VITIS_LOOP_126_5_VITIS_LOOP_130_6' pipeline 'VITIS_LOOP_125_4_VITIS_LOOP_126_5_VITIS_LOOP_130_6' pipeline type 'loop pipeline'
INFO: [RTGEN 206-100] Generating core module 'sparsemux_17_3_128_1_1': 1 instance(s).
INFO: [RTGEN 206-100] Generating core module 'sparsemux_7_2_32_1_1': 1 instance(s).
INFO: [RTGEN 206-100] Finished creating RTL model for 'rm13_w4a8_tile_Pipeline_VITIS_LOOP_125_4_VITIS_LOOP_126_5_VITIS_LOOP_130_6'.
INFO: [HLS 200-111] Finished Creating RTL model: CPU user time: 0.09 seconds. CPU system time: 0 seconds. Elapsed time: 0.08 seconds; current allocated memory: 634.395 MB.
INFO: [HLS 200-10] ----------------------------------------------------------------
INFO: [HLS 200-10] -- Generating RTL for module 'rm13_w4a8_tile_Pipeline_VITIS_LOOP_252_21' 
INFO: [HLS 200-10] ----------------------------------------------------------------
INFO: [HLS 200-1030] Apply Unified Pipeline Control on module 'rm13_w4a8_tile_Pipeline_VITIS_LOOP_252_21' pipeline 'VITIS_LOOP_252_21' pipeline type 'loop pipeline'
INFO: [RTGEN 206-104] Estimated max fanout for 'rm13_w4a8_tile_Pipeline_VITIS_LOOP_252_21' is 8196 from HDL expression: (1'b0 == ap_block_pp0_stage0_11001)
INFO: [RTGEN 206-100] Generating core module 'mac_muladd_8s_4s_32s_32_4_1': 128 instance(s).
INFO: [RTGEN 206-100] Generating core module 'partselect_4ns_128ns_32ns_4_1_1': 8 instance(s).
INFO: [RTGEN 206-100] Finished creating RTL model for 'rm13_w4a8_tile_Pipeline_VITIS_LOOP_252_21'.
INFO: [HLS 200-111] Finished Creating RTL model: CPU user time: 0.3 seconds. CPU system time: 0 seconds. Elapsed time: 0.3 seconds; current allocated memory: 634.395 MB.
INFO: [HLS 200-10] ----------------------------------------------------------------
INFO: [HLS 200-10] -- Generating RTL for module 'rm13_w4a8_tile_Pipeline_VITIS_LOOP_273_24' 
INFO: [HLS 200-10] ----------------------------------------------------------------
INFO: [HLS 200-1030] Apply Unified Pipeline Control on module 'rm13_w4a8_tile_Pipeline_VITIS_LOOP_273_24' pipeline 'VITIS_LOOP_273_24' pipeline type 'loop pipeline'
INFO: [RTGEN 206-100] Generating core module 'faddfsub_32ns_32ns_32_8_full_dsp_1': 1 instance(s).
INFO: [RTGEN 206-100] Generating core module 'fmul_32ns_32ns_32_5_max_dsp_1': 2 instance(s).
INFO: [RTGEN 206-100] Generating core module 'sitofp_32ns_32_6_no_dsp_1': 1 instance(s).
INFO: [RTGEN 206-100] Generating core module 'sparsemux_17_3_32_1_1': 33 instance(s).
INFO: [RTGEN 206-100] Generating core module 'sparsemux_33_4_32_1_1': 3 instance(s).
INFO: [RTGEN 206-100] Finished creating RTL model for 'rm13_w4a8_tile_Pipeline_VITIS_LOOP_273_24'.
INFO: [HLS 200-111] Finished Creating RTL model: CPU user time: 0.62 seconds. CPU system time: 0.02 seconds. Elapsed time: 0.64 seconds; current allocated memory: 634.395 MB.
INFO: [HLS 200-10] ----------------------------------------------------------------
INFO: [HLS 200-10] -- Generating RTL for module 'rm13_w4a8_tile_Pipeline_VITIS_LOOP_161_10' 
INFO: [HLS 200-10] ----------------------------------------------------------------
INFO: [HLS 200-1030] Apply Unified Pipeline Control on module 'rm13_w4a8_tile_Pipeline_VITIS_LOOP_161_10' pipeline 'VITIS_LOOP_161_10' pipeline type 'loop pipeline'
WARNING: [RTGEN 206-101] Setting dangling out port 'rm13_w4a8_tile_Pipeline_VITIS_LOOP_161_10/m_axi_gmem_x_0_ARVALID' to 0.
WARNING: [RTGEN 206-101] Setting dangling out port 'rm13_w4a8_tile_Pipeline_VITIS_LOOP_161_10/m_axi_gmem_x_0_ARADDR' to 0.
WARNING: [RTGEN 206-101] Setting dangling out port 'rm13_w4a8_tile_Pipeline_VITIS_LOOP_161_10/m_axi_gmem_x_0_ARID' to 0.
WARNING: [RTGEN 206-101] Setting dangling out port 'rm13_w4a8_tile_Pipeline_VITIS_LOOP_161_10/m_axi_gmem_x_0_ARLEN' to 0.
WARNING: [RTGEN 206-101] Setting dangling out port 'rm13_w4a8_tile_Pipeline_VITIS_LOOP_161_10/m_axi_gmem_x_0_ARSIZE' to 0.
WARNING: [RTGEN 206-101] Setting dangling out port 'rm13_w4a8_tile_Pipeline_VITIS_LOOP_161_10/m_axi_gmem_x_0_ARBURST' to 0.
WARNING: [RTGEN 206-101] Setting dangling out port 'rm13_w4a8_tile_Pipeline_VITIS_LOOP_161_10/m_axi_gmem_x_0_ARLOCK' to 0.
WARNING: [RTGEN 206-101] Setting dangling out port 'rm13_w4a8_tile_Pipeline_VITIS_LOOP_161_10/m_axi_gmem_x_0_ARCACHE' to 0.
WARNING: [RTGEN 206-101] Setting dangling out port 'rm13_w4a8_tile_Pipeline_VITIS_LOOP_161_10/m_axi_gmem_x_0_ARPROT' to 0.
WARNING: [RTGEN 206-101] Setting dangling out port 'rm13_w4a8_tile_Pipeline_VITIS_LOOP_161_10/m_axi_gmem_x_0_ARQOS' to 0.
WARNING: [RTGEN 206-101] Setting dangling out port 'rm13_w4a8_tile_Pipeline_VITIS_LOOP_161_10/m_axi_gmem_x_0_ARREGION' to 0.
WARNING: [RTGEN 206-101] Setting dangling out port 'rm13_w4a8_tile_Pipeline_VITIS_LOOP_161_10/m_axi_gmem_x_0_ARUSER' to 0.
INFO: [RTGEN 206-100] Finished creating RTL model for 'rm13_w4a8_tile_Pipeline_VITIS_LOOP_161_10'.
INFO: [HLS 200-111] Finished Creating RTL model: CPU user time: 0.25 seconds. CPU system time: 0.01 seconds. Elapsed time: 0.26 seconds; current allocated memory: 634.828 MB.
INFO: [HLS 200-10] ----------------------------------------------------------------
INFO: [HLS 200-10] -- Generating RTL for module 'rm13_w4a8_tile_Pipeline_VITIS_LOOP_169_11' 
INFO: [HLS 200-10] ----------------------------------------------------------------
INFO: [HLS 200-1030] Apply Unified Pipeline Control on module 'rm13_w4a8_tile_Pipeline_VITIS_LOOP_169_11' pipeline 'VITIS_LOOP_169_11' pipeline type 'loop pipeline'
INFO: [RTGEN 206-100] Generating core module 'fcmp_32ns_32ns_1_2_no_dsp_1': 8 instance(s).
INFO: [RTGEN 206-100] Generating core module 'sparsemux_33_4_255_1_1': 1 instance(s).
INFO: [RTGEN 206-100] Finished creating RTL model for 'rm13_w4a8_tile_Pipeline_VITIS_LOOP_169_11'.
INFO: [HLS 200-111] Finished Creating RTL model: CPU user time: 0.1 seconds. CPU system time: 0 seconds. Elapsed time: 0.1 seconds; current allocated memory: 637.641 MB.
INFO: [HLS 200-10] ----------------------------------------------------------------
INFO: [HLS 200-10] -- Generating RTL for module 'rm13_w4a8_tile_Pipeline_VITIS_LOOP_202_13' 
INFO: [HLS 200-10] ----------------------------------------------------------------
INFO: [HLS 200-1030] Apply Unified Pipeline Control on module 'rm13_w4a8_tile_Pipeline_VITIS_LOOP_202_13' pipeline 'VITIS_LOOP_202_13' pipeline type 'loop pipeline'
INFO: [RTGEN 206-100] Generating core module 'faddfsub_32ns_32ns_32_8_full_dsp_1': 1 instance(s).
INFO: [RTGEN 206-100] Generating core module 'fcmp_32ns_32ns_1_2_no_dsp_1': 3 instance(s).
INFO: [RTGEN 206-100] Generating core module 'fdiv_32ns_32ns_32_16_no_dsp_1': 1 instance(s).
INFO: [RTGEN 206-100] Generating core module 'partselect_32ns_256ns_32ns_32_1_1': 1 instance(s).
INFO: [RTGEN 206-100] Generating core module 'sitofp_32ns_32_6_no_dsp_1': 1 instance(s).
INFO: [RTGEN 206-100] Generating core module 'sparsemux_33_4_256_1_1': 1 instance(s).
INFO: [RTGEN 206-100] Finished creating RTL model for 'rm13_w4a8_tile_Pipeline_VITIS_LOOP_202_13'.
INFO: [HLS 200-111] Finished Creating RTL model: CPU user time: 0.13 seconds. CPU system time: 0.01 seconds. Elapsed time: 0.13 seconds; current allocated memory: 643.168 MB.
INFO: [HLS 200-10] ----------------------------------------------------------------
INFO: [HLS 200-10] -- Generating RTL for module 'rm13_w4a8_tile' 
INFO: [HLS 200-10] ----------------------------------------------------------------
WARNING: [RTGEN 206-101] Design contains AXI ports. Reset is fixed to synchronous and active low.
INFO: [RTGEN 206-500] Setting interface mode on port 'rm13_w4a8_tile/gmem_w' to 'm_axi'.
INFO: [RTGEN 206-500] Setting interface mode on port 'rm13_w4a8_tile/gmem_ws' to 'm_axi'.
INFO: [RTGEN 206-500] Setting interface mode on port 'rm13_w4a8_tile/gmem_x' to 'm_axi'.
INFO: [RTGEN 206-500] Setting interface mode on port 'rm13_w4a8_tile/gmem_y' to 'm_axi'.
INFO: [RTGEN 206-500] Setting interface mode on port 'rm13_w4a8_tile/packed_w4' to 's_axilite & ap_none'.
INFO: [RTGEN 206-500] Setting interface mode on port 'rm13_w4a8_tile/weight_scales' to 's_axilite & ap_none'.
INFO: [RTGEN 206-500] Setting interface mode on port 'rm13_w4a8_tile/packed_x_f32' to 's_axilite & ap_none'.
INFO: [RTGEN 206-500] Setting interface mode on port 'rm13_w4a8_tile/output_f32' to 's_axilite & ap_none'.
INFO: [RTGEN 206-500] Setting interface mode on port 'rm13_w4a8_tile/task_r' to 's_axilite & ap_none'.
INFO: [RTGEN 206-500] Setting interface mode on port 'rm13_w4a8_tile/active_m' to 's_axilite & ap_none'.
INFO: [RTGEN 206-500] Setting interface mode on port 'rm13_w4a8_tile/active_n' to 's_axilite & ap_none'.
INFO: [RTGEN 206-500] Setting interface mode on function 'rm13_w4a8_tile' to 's_axilite & ap_ctrl_hs'.
WARNING: [RTGEN 206-101] Register 'activation_ready' is power-on initialization.
WARNING: [RTGEN 206-101] Register 'cached_active_n' is power-on initialization.
INFO: [RTGEN 206-100] Bundling port 'return', 'packed_w4', 'weight_scales', 'packed_x_f32', 'output_f32', 'active_m' and 'active_n' to AXI-Lite port control.
INFO: [RTGEN 206-100] Generating core module 'faddfsub_32ns_32ns_32_8_full_dsp_1': 1 instance(s).
INFO: [RTGEN 206-100] Generating core module 'fcmp_32ns_32ns_1_2_no_dsp_1': 3 instance(s).
INFO: [RTGEN 206-100] Generating core module 'fdiv_32ns_32ns_32_16_no_dsp_1': 1 instance(s).
INFO: [RTGEN 206-100] Generating core module 'mul_32ns_32s_62_1_1': 1 instance(s).
INFO: [RTGEN 206-100] Generating core module 'sitofp_32ns_32_6_no_dsp_1': 1 instance(s).
INFO: [RTGEN 206-100] Finished creating RTL model for 'rm13_w4a8_tile'.
INFO: [RTMG 210-278] Implementing memory 'rm13_w4a8_tile_xs_cache_RAM_2P_BRAM_1R1W' using block RAMs.
INFO: [RTMG 210-278] Implementing memory 'rm13_w4a8_tile_x_cache_RAM_2P_URAM_1R1W' using ultra RAMs.
INFO: [RTMG 210-278] Implementing memory 'rm13_w4a8_tile_w_cache_RAM_2P_URAM_1R1W' using ultra RAMs.
INFO: [RTMG 210-278] Implementing memory 'rm13_w4a8_tile_ws_cache_RAM_2P_BRAM_1R1W' using block RAMs.
INFO: [HLS 200-111] Finished Creating RTL model: CPU user time: 0.95 seconds. CPU system time: 0.02 seconds. Elapsed time: 0.98 seconds; current allocated memory: 684.656 MB.
INFO: [HLS 200-111] Finished Generating all RTL models: CPU user time: 1.45 seconds. CPU system time: 0.09 seconds. Elapsed time: 1.54 seconds; current allocated memory: 777.711 MB.
INFO: [HLS 200-1603] Design has inferred MAXI bursts and missed bursts, see Vitis HLS GUI synthesis summary report for detailed information.
INFO: [HLS 200-111] Finished Updating report files: CPU user time: 1.12 seconds. CPU system time: 0.02 seconds. Elapsed time: 1.14 seconds; current allocated memory: 816.805 MB.
INFO: [VHDL 208-304] Generating VHDL RTL for rm13_w4a8_tile.
INFO: [VLOG 209-307] Generating Verilog RTL for rm13_w4a8_tile.
INFO: [HLS 200-790] **** Loop Constraint Status: All loop constraints were satisfied.
INFO: [HLS 200-789] **** Estimated Fmax: 65.69 MHz
INFO: [HLS 200-2161] Finished Command csynth_design Elapsed time: 00:00:38; Allocated memory: 506.914 MB.
INFO: [HLS 200-112] Total CPU user time: 36.36 seconds. Total CPU system time: 1.21 seconds. Total elapsed time: 41.02 seconds; peak allocated memory: 816.805 MB.
