

================================================================
== Vitis HLS Report for 'fp16x32_mul_b'
================================================================
* Date:           Sat Sep 26 19:59:05 2026

* Version:        2024.2 (Build 5238294 on Nov  8 2024)
* Project:        project
* Solution:       solution1 (Vivado IP Flow Target)
* Product family: zynquplus
* Target device:  xck26-sfvc784-2LV-c


================================================================
== Performance Estimates
================================================================
+ Timing: 
    * Summary: 
    +--------+----------+----------+------------+
    |  Clock |  Target  | Estimated| Uncertainty|
    +--------+----------+----------+------------+
    |ap_clk  |  10.00 ns|  6.907 ns|     2.70 ns|
    +--------+----------+----------+------------+

+ Latency: 
    * Summary: 
    +---------+---------+-----------+-----------+-----+-----+---------+
    |  Latency (cycles) |   Latency (absolute)  |  Interval | Pipeline|
    |   min   |   max   |    min    |    max    | min | max |   Type  |
    +---------+---------+-----------+-----------+-----+-----+---------+
    |        1|        4|  10.000 ns|  40.000 ns|    2|    5|       no|
    +---------+---------+-----------+-----------+-----+-----+---------+

    + Detail: 
        * Instance: 
        N/A

        * Loop: 
        N/A



================================================================
== Utilization Estimates
================================================================
* Summary: 
+-----------------+---------+------+--------+--------+-----+
|       Name      | BRAM_18K|  DSP |   FF   |   LUT  | URAM|
+-----------------+---------+------+--------+--------+-----+
|DSP              |        -|     -|       -|       -|    -|
|Expression       |        -|     -|       0|    2415|    -|
|FIFO             |        -|     -|       -|       -|    -|
|Instance         |        -|     1|       0|      58|    -|
|Memory           |        -|     -|       -|       -|    -|
|Multiplexer      |        -|     -|       0|     304|    -|
|Register         |        -|     -|     141|       -|    -|
+-----------------+---------+------+--------+--------+-----+
|Total            |        0|     1|     141|    2777|    0|
+-----------------+---------+------+--------+--------+-----+
|Available        |      288|  1248|  234240|  117120|   64|
+-----------------+---------+------+--------+--------+-----+
|Utilization (%)  |        0|    ~0|      ~0|       2|    0|
+-----------------+---------+------+--------+--------+-----+

+ Detail: 
    * Instance: 
    +-------------------------+----------------------+---------+----+---+----+-----+
    |         Instance        |        Module        | BRAM_18K| DSP| FF| LUT| URAM|
    +-------------------------+----------------------+---------+----+---+----+-----+
    |mul_24ns_11ns_35_1_1_U1  |mul_24ns_11ns_35_1_1  |        0|   1|  0|  40|    0|
    |sparsemux_7_2_25_1_1_U2  |sparsemux_7_2_25_1_1  |        0|   0|  0|   9|    0|
    |sparsemux_7_2_25_1_1_U3  |sparsemux_7_2_25_1_1  |        0|   0|  0|   9|    0|
    +-------------------------+----------------------+---------+----+---+----+-----+
    |Total                    |                      |        0|   1|  0|  58|    0|
    +-------------------------+----------------------+---------+----+---+----+-----+

    * DSP: 
    N/A

    * Memory: 
    N/A

    * FIFO: 
    N/A

    * Expression: 
    +-------------------------------+----------+----+---+-----+------------+------------+
    |         Variable Name         | Operation| DSP| FF| LUT | Bitwidth P0| Bitwidth P1|
    +-------------------------------+----------+----+---+-----+------------+------------+
    |add_ln108_fu_1461_p2           |         +|   0|  0|   13|           6|           6|
    |add_ln126_fu_1682_p2           |         +|   0|  0|   15|           8|           7|
    |add_ln138_fu_1311_p2           |         +|   0|  0|   17|          10|           2|
    |add_ln98_fu_1152_p2            |         +|   0|  0|   16|           9|           9|
    |exponent_1_fu_1640_p2          |         +|   0|  0|   16|           9|           1|
    |exponent_fu_1161_p2            |         +|   0|  0|   16|           9|           9|
    |he2_fu_577_p2                  |         +|   0|  0|   13|           6|           6|
    |remainder_mask_2_fu_1510_p2    |         +|   0|  0|   42|          35|           2|
    |remainder_mask_fu_1296_p2      |         +|   0|  0|   32|          25|           2|
    |rounded_2_fu_1598_p4           |         +|   0|  0|   32|          25|           1|
    |rounded_7_fu_1425_p4           |         +|   0|  0|   32|          25|           1|
    |scale_to_subnormal_fu_1167_p2  |         +|   0|  0|   17|          10|           8|
    |shift_2_fu_1481_p2             |         +|   0|  0|   13|           6|           6|
    |xe2_fu_606_p2                  |         +|   0|  0|   16|           9|           9|
    |shift_fu_1210_p2               |         -|   0|  0|   17|           9|          10|
    |sub_ln113_fu_1527_p2           |         -|   0|  0|   13|           5|           6|
    |sub_ln135_fu_1243_p2           |         -|   0|  0|   17|           1|          10|
    |sub_ln138_fu_1337_p2           |         -|   0|  0|   17|           1|          10|
    |and_ln110_1_fu_1584_p2         |       and|   0|  0|    2|           1|           1|
    |and_ln110_fu_1572_p2           |       and|   0|  0|    2|           1|           1|
    |and_ln140_1_fu_1411_p2         |       and|   0|  0|    2|           1|           1|
    |and_ln140_fu_1399_p2           |       and|   0|  0|    2|           1|           1|
    |and_ln55_fu_553_p2             |       and|   0|  0|    2|           1|           1|
    |ap_condition_1276              |       and|   0|  0|    2|           1|           1|
    |ap_condition_1338              |       and|   0|  0|    2|           1|           1|
    |ap_condition_1350              |       and|   0|  0|    2|           1|           1|
    |h_inf_fu_493_p2                |       and|   0|  0|    2|           1|           1|
    |h_nan_fu_463_p2                |       and|   0|  0|    2|           1|           1|
    |h_zero_fu_517_p2               |       and|   0|  0|    2|           1|           1|
    |remainder_2_fu_1516_p2         |       and|   0|  0|   35|          35|          35|
    |remainder_fu_1306_p2           |       and|   0|  0|   35|          35|          35|
    |x_inf_fu_505_p2                |       and|   0|  0|    2|           1|           1|
    |x_nan_fu_481_p2                |       and|   0|  0|    2|           1|           1|
    |x_zero_fu_529_p2               |       and|   0|  0|    2|           1|           1|
    |icmp_ln102_fu_1173_p2          |      icmp|   0|  0|   16|           9|           8|
    |icmp_ln103_fu_1455_p2          |      icmp|   0|  0|   13|           6|           5|
    |icmp_ln109_fu_1521_p2          |      icmp|   0|  0|   42|          35|          35|
    |icmp_ln110_fu_1550_p2          |      icmp|   0|  0|   42|          35|          35|
    |icmp_ln119_fu_1672_p2          |      icmp|   0|  0|    9|           2|           1|
    |icmp_ln138_fu_1317_p2          |      icmp|   0|  0|   17|          10|           1|
    |icmp_ln139_fu_1377_p2          |      icmp|   0|  0|   42|          35|          35|
    |icmp_ln140_fu_1383_p2          |      icmp|   0|  0|   42|          35|          35|
    |icmp_ln145_fu_1704_p2          |      icmp|   0|  0|    9|           2|           1|
    |icmp_ln48_1_fu_457_p2          |      icmp|   0|  0|   17|          10|           1|
    |icmp_ln48_fu_451_p2            |      icmp|   0|  0|   12|           5|           2|
    |icmp_ln49_1_fu_475_p2          |      icmp|   0|  0|   30|          23|           1|
    |icmp_ln49_fu_469_p2            |      icmp|   0|  0|   15|           8|           2|
    |icmp_ln50_fu_487_p2            |      icmp|   0|  0|   17|          10|           1|
    |icmp_ln51_fu_499_p2            |      icmp|   0|  0|   30|          23|           1|
    |icmp_ln52_fu_511_p2            |      icmp|   0|  0|   12|           5|           1|
    |icmp_ln53_fu_523_p2            |      icmp|   0|  0|   15|           8|           1|
    |lshr_ln105_fu_1495_p2          |      lshr|   0|  0|  113|          35|          35|
    |lshr_ln135_fu_1232_p2          |      lshr|   0|  0|  113|          35|          35|
    |lshr_ln136_fu_1262_p2          |      lshr|   0|  0|  113|           1|          35|
    |lshr_ln138_fu_1351_p2          |      lshr|   0|  0|  113|           1|          35|
    |or_ln110_fu_1578_p2            |        or|   0|  0|    2|           1|           1|
    |or_ln140_fu_1405_p2            |        or|   0|  0|    2|           1|           1|
    |or_ln55_1_fu_541_p2            |        or|   0|  0|    2|           1|           1|
    |or_ln55_2_fu_547_p2            |        or|   0|  0|    2|           1|           1|
    |or_ln55_fu_535_p2              |        or|   0|  0|    2|           1|           1|
    |empty_14_fu_1288_p3            |    select|   0|  0|   25|           1|          25|
    |exponent_2_fu_1654_p3          |    select|   0|  0|    9|           1|           9|
    |halfway_1_fu_1365_p3           |    select|   0|  0|   24|           1|          24|
    |msb_fu_635_p3                  |    select|   0|  0|    6|           1|           6|
    |rounded_3_fu_1646_p3           |    select|   0|  0|   22|           1|          23|
    |select_ln135_fu_1268_p3        |    select|   0|  0|   33|           1|          35|
    |select_ln93_10_fu_800_p3       |    select|   0|  0|    6|           1|           5|
    |select_ln93_11_fu_815_p3       |    select|   0|  0|    6|           1|           5|
    |select_ln93_12_fu_830_p3       |    select|   0|  0|    6|           1|           5|
    |select_ln93_13_fu_845_p3       |    select|   0|  0|    6|           1|           5|
    |select_ln93_14_fu_860_p3       |    select|   0|  0|    6|           1|           5|
    |select_ln93_15_fu_875_p3       |    select|   0|  0|    6|           1|           5|
    |select_ln93_16_fu_890_p3       |    select|   0|  0|    6|           1|           5|
    |select_ln93_17_fu_905_p3       |    select|   0|  0|    6|           1|           5|
    |select_ln93_18_fu_920_p3       |    select|   0|  0|    6|           1|           4|
    |select_ln93_19_fu_934_p3       |    select|   0|  0|    6|           1|           4|
    |select_ln93_1_fu_666_p3        |    select|   0|  0|    7|           1|           7|
    |select_ln93_20_fu_949_p3       |    select|   0|  0|    6|           1|           4|
    |select_ln93_21_fu_964_p3       |    select|   0|  0|    6|           1|           4|
    |select_ln93_22_fu_979_p3       |    select|   0|  0|    6|           1|           4|
    |select_ln93_23_fu_994_p3       |    select|   0|  0|    6|           1|           4|
    |select_ln93_24_fu_1009_p3      |    select|   0|  0|    6|           1|           4|
    |select_ln93_25_fu_1024_p3      |    select|   0|  0|    6|           1|           4|
    |select_ln93_26_fu_1039_p3      |    select|   0|  0|    6|           1|           3|
    |select_ln93_27_fu_1054_p3      |    select|   0|  0|    6|           1|           3|
    |select_ln93_28_fu_1069_p3      |    select|   0|  0|    6|           1|           3|
    |select_ln93_29_fu_1084_p3      |    select|   0|  0|    6|           1|           3|
    |select_ln93_2_fu_680_p3        |    select|   0|  0|    6|           1|           5|
    |select_ln93_30_fu_1099_p3      |    select|   0|  0|    6|           1|           2|
    |select_ln93_31_fu_1114_p3      |    select|   0|  0|    6|           1|           2|
    |select_ln93_32_fu_1129_p3      |    select|   0|  0|    6|           1|           1|
    |select_ln93_33_fu_1140_p3      |    select|   0|  0|    6|           1|           1|
    |select_ln93_3_fu_695_p3        |    select|   0|  0|    6|           1|           5|
    |select_ln93_4_fu_710_p3        |    select|   0|  0|    6|           1|           5|
    |select_ln93_5_fu_725_p3        |    select|   0|  0|    6|           1|           5|
    |select_ln93_6_fu_740_p3        |    select|   0|  0|    6|           1|           5|
    |select_ln93_7_fu_755_p3        |    select|   0|  0|    6|           1|           5|
    |select_ln93_8_fu_770_p3        |    select|   0|  0|    6|           1|           5|
    |select_ln93_9_fu_785_p3        |    select|   0|  0|    6|           1|           5|
    |select_ln93_fu_651_p3          |    select|   0|  0|    6|           1|           6|
    |halfway_fu_1475_p2             |       shl|   0|  0|  113|           1|          35|
    |shl_ln106_fu_1504_p2           |       shl|   0|  0|  113|           1|          35|
    |shl_ln113_fu_1541_p2           |       shl|   0|  0|  113|          35|          35|
    |shl_ln132_fu_1201_p2           |       shl|   0|  0|  113|          35|          35|
    |shl_ln135_fu_1257_p2           |       shl|   0|  0|  113|          35|          35|
    |shl_ln136_fu_1237_p2           |       shl|   0|  0|  113|           1|          35|
    |shl_ln138_fu_1331_p2           |       shl|   0|  0|  113|           1|          35|
    |sign_fu_421_p2                 |       xor|   0|  0|    2|           1|           1|
    |xor_ln103_fu_1566_p2           |       xor|   0|  0|    2|           1|           2|
    |xor_ln131_fu_1187_p2           |       xor|   0|  0|    2|           1|           2|
    +-------------------------------+----------+----+---+-----+------------+------------+
    |Total                          |          |   0|  0| 2415|         782|        1015|
    +-------------------------------+----------+----+---+-----+------------+------------+

    * Multiplexer: 
    +---------------------------------+-----+-----------+-----+-----------+
    |               Name              | LUT | Input Size| Bits| Total Bits|
    +---------------------------------+-----+-----------+-----+-----------+
    |ap_NS_fsm                        |   43|          8|    1|          8|
    |ap_phi_mux_he2_1_phi_fu_282_p4   |   14|          3|    6|         18|
    |ap_phi_mux_hs_2_phi_fu_273_p4    |   14|          3|   11|         33|
    |ap_phi_mux_out_6_phi_fu_388_p14  |   14|          3|   32|         96|
    |ap_phi_mux_xs_2_phi_fu_292_p4    |   14|          3|   24|         72|
    |msb_1_reg_309                    |  159|         35|    6|        210|
    |out_6_reg_384                    |   37|          7|   32|        224|
    |xe2_1_reg_298                    |    9|          2|    9|         18|
    +---------------------------------+-----+-----------+-----+-----------+
    |Total                            |  304|         64|  121|        679|
    +---------------------------------+-----+-----------+-----+-----------+

    * Register: 
    +-------------------------+----+----+-----+-----------+
    |           Name          | FF | LUT| Bits| Const Bits|
    +-------------------------+----+----+-----+-----------+
    |and_ln55_reg_1772        |   1|   0|    1|          0|
    |ap_CS_fsm                |   7|   0|    7|          0|
    |icmp_ln102_reg_2105      |   1|   0|    1|          0|
    |msb_1_reg_309            |   6|   0|    6|          0|
    |or_ln55_1_reg_1764       |   1|   0|    1|          0|
    |or_ln55_2_reg_1768       |   1|   0|    1|          0|
    |or_ln55_reg_1760         |   1|   0|    1|          0|
    |out_6_reg_384            |  32|   0|   32|          0|
    |product_reg_1781         |  35|   0|   35|          0|
    |rounded_7_reg_2109       |  25|   0|   25|          0|
    |select_ln93_17_reg_1974  |   6|   0|    6|          0|
    |select_ln93_reg_1836     |   3|   0|    6|          3|
    |sext_ln68_reg_1776       |   9|   0|    9|          0|
    |sign_reg_1744            |   1|   0|    1|          0|
    |tmp_20_reg_1970          |   1|   0|    1|          0|
    |tmp_40_reg_2114          |   2|   0|    2|          0|
    |xe2_1_reg_298            |   9|   0|    9|          0|
    +-------------------------+----+----+-----+-----------+
    |Total                    | 141|   0|  144|          3|
    +-------------------------+----+----+-----+-----------+



================================================================
== Interface
================================================================
* Summary: 
+-----------------+-----+-----+------------+-----------------+--------------+
|    RTL Ports    | Dir | Bits|  Protocol  |  Source Object  |    C Type    |
+-----------------+-----+-----+------------+-----------------+--------------+
|ap_clk           |   in|    1|  ap_ctrl_hs|    fp16x32_mul_b|  return value|
|ap_rst           |   in|    1|  ap_ctrl_hs|    fp16x32_mul_b|  return value|
|ap_start         |   in|    1|  ap_ctrl_hs|    fp16x32_mul_b|  return value|
|ap_done          |  out|    1|  ap_ctrl_hs|    fp16x32_mul_b|  return value|
|ap_idle          |  out|    1|  ap_ctrl_hs|    fp16x32_mul_b|  return value|
|ap_ready         |  out|    1|  ap_ctrl_hs|    fp16x32_mul_b|  return value|
|ap_return        |  out|   32|  ap_ctrl_hs|    fp16x32_mul_b|  return value|
|weight_bits      |   in|   16|     ap_none|      weight_bits|        scalar|
|activation_bits  |   in|   32|     ap_none|  activation_bits|        scalar|
+-----------------+-----+-----+------------+-----------------+--------------+

