Copyright 1986-2022 Xilinx, Inc. All Rights Reserved. Copyright 2022-2024 Advanced Micro Devices, Inc. All Rights Reserved.
--------------------------------------------------------------------------------------------------------------------------------------------------------------------------------------
| Tool Version      : Vivado v.2024.2 (lin64) Build 5239630 Fri Nov 08 22:34:34 MST 2024
| Date              : Sat Sep 26 01:43:56 2026
| Host              : zhiro-ThinkBook-16p-G5-IRX running 64-bit Ubuntu 24.04.5 LTS
| Command           : report_clock_utilization -file /home/zhiro/research/kv260-vlm-workers/RM10-full-route/experiments/rm10_route/build/full_system/clock_utilization_post_route.rpt
| Design            : kv260_rm10_recurrence_decoupled_wrapper
| Device            : xck26-sfvc784
| Speed File        : -2LV  PRODUCTION 1.30 05-15-2022
| Temperature Grade : C
| Design State      : Routed
--------------------------------------------------------------------------------------------------------------------------------------------------------------------------------------

Clock Utilization Report

Table of Contents
-----------------
1. Clock Primitive Utilization
2. Global Clock Resources
3. Global Clock Source Details
4. Clock Regions : Clock Primitives
5. Clock Regions : Load Primitives
6. Clock Regions : Global Clock Summary
7. Clock Regions : Routing Resource Utilization
8. Device Cell Placement Summary for Global Clock g0
9. Device Cell Placement Summary for Global Clock g1
10. Clock Region Cell Placement per Global Clock: Region X1Y0
11. Clock Region Cell Placement per Global Clock: Region X2Y0
12. Clock Region Cell Placement per Global Clock: Region X0Y1
13. Clock Region Cell Placement per Global Clock: Region X1Y1
14. Clock Region Cell Placement per Global Clock: Region X2Y1
15. Clock Region Cell Placement per Global Clock: Region X0Y2
16. Clock Region Cell Placement per Global Clock: Region X1Y2
17. Clock Region Cell Placement per Global Clock: Region X2Y2
18. Clock Region Cell Placement per Global Clock: Region X0Y3
19. Clock Region Cell Placement per Global Clock: Region X1Y3
20. Clock Region Cell Placement per Global Clock: Region X2Y3

1. Clock Primitive Utilization
------------------------------

+------------+------+-----------+-----+--------------+--------+
| Type       | Used | Available | LOC | Clock Region | Pblock |
+------------+------+-----------+-----+--------------+--------+
| BUFGCE     |    1 |       112 |   0 |            0 |      0 |
| BUFGCE_DIV |    0 |        16 |   0 |            0 |      0 |
| BUFGCTRL   |    0 |        32 |   0 |            0 |      0 |
| BUFG_GT    |    0 |        96 |   0 |            0 |      0 |
| BUFG_PS    |    1 |        96 |   0 |            0 |      0 |
| MMCM       |    0 |         4 |   0 |            0 |      0 |
| PLL        |    0 |         8 |   0 |            0 |      0 |
+------------+------+-----------+-----+--------------+--------+


2. Global Clock Resources
-------------------------

+-----------+-----------+-----------------+------------+---------------+--------------+------+-------------------+------------------+-------------------+-------------+-----------------+--------------+----------+------------------------------------------------------------------------------------------------------------------------------------------------------------------------------------------------------------------------------------------------------------------------------------+-------------------------------------------------------------------------------------------------------------------------------------------------------------------------------------------------------------------------------------------------------------------------+
| Global Id | Source Id | Driver Type/Pin | Constraint | Site          | Clock Region | Root | Clock Delay Group | Clock Low Fanout | Load Clock Region | Clock Loads | Non-Clock Loads | Clock Period | Clock    | Driver Pin                                                                                                                                                                                                                                                                         | Net                                                                                                                                                                                                                                                                     |
+-----------+-----------+-----------------+------------+---------------+--------------+------+-------------------+------------------+-------------------+-------------+-----------------+--------------+----------+------------------------------------------------------------------------------------------------------------------------------------------------------------------------------------------------------------------------------------------------------------------------------------+-------------------------------------------------------------------------------------------------------------------------------------------------------------------------------------------------------------------------------------------------------------------------+
| g0        | src0      | BUFG_PS/O       | None       | BUFG_PS_X0Y80 | X0Y3         | X1Y1 |                   |                  |                10 |       53567 |               0 |       10.000 | clk_pl_0 | kv260_rm10_recurrence_decoupled_i/zynq_ultra_ps_e_0/inst/buffer_pl_clk_0.PL_CLK_0_BUFG/O                                                                                                                                                                                           | kv260_rm10_recurrence_decoupled_i/zynq_ultra_ps_e_0/inst/pl_clk0                                                                                                                                                                                                        |
| g1        | src1      | BUFGCE/O        | None       | BUFGCE_X0Y50  | X1Y2         | X1Y2 | n/a               |                  |                 6 |           0 |            2585 |          n/a | n/a      | kv260_rm10_recurrence_decoupled_i/vision_ffn_down_tile_0/inst/grp_p_anonymous_namespace_compute_weight_batch_fu_247/grp_p_anonymous_namespace_compute_weight_batch_Pipeline_VITIS_LOOP_164_9_fu_1155/flow_control_loop_pipe_sequential_init_U/accum_70_fu_382[31]_i_1_bufg_place/O | kv260_rm10_recurrence_decoupled_i/vision_ffn_down_tile_0/inst/grp_p_anonymous_namespace_compute_weight_batch_fu_247/grp_p_anonymous_namespace_compute_weight_batch_Pipeline_VITIS_LOOP_164_9_fu_1155/flow_control_loop_pipe_sequential_init_U/ap_sig_allocacmp_group_11 |
+-----------+-----------+-----------------+------------+---------------+--------------+------+-------------------+------------------+-------------------+-------------+-----------------+--------------+----------+------------------------------------------------------------------------------------------------------------------------------------------------------------------------------------------------------------------------------------------------------------------------------------+-------------------------------------------------------------------------------------------------------------------------------------------------------------------------------------------------------------------------------------------------------------------------+
* Clock Loads column represents cell count of net connects that connect to a clock pin. Internal cell leaf pins are not considered
** Non-Clock Loads column represents cell count of non-clock pin loads


3. Global Clock Source Details
------------------------------

+-----------+-----------+-----------------+------------+---------------+--------------+-------------+-----------------+---------------------+--------------+-------------------------------------------------------------------------------------------------------------------------------------------------------------------------------------------------------------------------------------------------------------------------+------------------------------------------------------------------------------------------------------------------------------------------------------------------------------------------------------------------------------------------------------------------------------------+
| Source Id | Global Id | Driver Type/Pin | Constraint | Site          | Clock Region | Clock Loads | Non-Clock Loads | Source Clock Period | Source Clock | Driver Pin                                                                                                                                                                                                                                                              | Net                                                                                                                                                                                                                                                                                |
+-----------+-----------+-----------------+------------+---------------+--------------+-------------+-----------------+---------------------+--------------+-------------------------------------------------------------------------------------------------------------------------------------------------------------------------------------------------------------------------------------------------------------------------+------------------------------------------------------------------------------------------------------------------------------------------------------------------------------------------------------------------------------------------------------------------------------------+
| src0      | g0        | PS8/PLCLK[0]    | None       | PS8_X0Y0      | X0Y1         |           1 |               0 |              10.000 | clk_pl_0     | kv260_rm10_recurrence_decoupled_i/zynq_ultra_ps_e_0/inst/PS8_i/PLCLK[0]                                                                                                                                                                                                 | kv260_rm10_recurrence_decoupled_i/zynq_ultra_ps_e_0/inst/pl_clk_unbuffered[0]                                                                                                                                                                                                      |
| src1      | g1        | LUT2/O          | None       | SLICE_X30Y119 | X1Y1         |           1 |               4 |                     |              | kv260_rm10_recurrence_decoupled_i/vision_ffn_down_tile_0/inst/grp_p_anonymous_namespace_compute_weight_batch_fu_247/grp_p_anonymous_namespace_compute_weight_batch_Pipeline_VITIS_LOOP_164_9_fu_1155/flow_control_loop_pipe_sequential_init_U/accum_70_fu_382[31]_i_1/O | kv260_rm10_recurrence_decoupled_i/vision_ffn_down_tile_0/inst/grp_p_anonymous_namespace_compute_weight_batch_fu_247/grp_p_anonymous_namespace_compute_weight_batch_Pipeline_VITIS_LOOP_164_9_fu_1155/flow_control_loop_pipe_sequential_init_U/ap_sig_allocacmp_group_11_bufg_place |
+-----------+-----------+-----------------+------------+---------------+--------------+-------------+-----------------+---------------------+--------------+-------------------------------------------------------------------------------------------------------------------------------------------------------------------------------------------------------------------------------------------------------------------------+------------------------------------------------------------------------------------------------------------------------------------------------------------------------------------------------------------------------------------------------------------------------------------+
* Clock Loads column represents cell count of net connects that connect to a clock pin. Internal cell leaf pins are not considered
** Non-Clock Loads column represents cell count of non-clock pin loads


4. Clock Regions : Clock Primitives
-----------------------------------

+-------------------+---------------+---------------+---------------+---------------+---------------+---------------+---------------+---------------+
|                   |  Global Clock |     BUFGCE    |   BUFGCE_DIV  |    BUFGCTRL   |    BUFG_GT    |    BUFG_PS    |      MMCM     |      PLL      |
+-------------------+-------+-------+-------+-------+-------+-------+-------+-------+-------+-------+-------+-------+-------+-------+-------+-------+
| Clock Region Name | Used  | Avail | Used  | Avail | Used  | Avail | Used  | Avail | Used  | Avail | Used  | Avail | Used  | Avail | Used  | Avail |
+-------------------+-------+-------+-------+-------+-------+-------+-------+-------+-------+-------+-------+-------+-------+-------+-------+-------+
| X0Y0              |     0 |    24 |     0 |     4 |     0 |     0 |     0 |     0 |     0 |     0 |     0 |    24 |     0 |     0 |     0 |     0 |
| X1Y0              |     1 |    24 |     0 |    24 |     0 |     4 |     0 |     8 |     0 |     0 |     0 |     0 |     0 |     1 |     0 |     2 |
| X2Y0              |     1 |    24 |     0 |     0 |     0 |     0 |     0 |     0 |     0 |    24 |     0 |     0 |     0 |     0 |     0 |     0 |
| X0Y1              |     1 |    24 |     0 |     4 |     0 |     0 |     0 |     0 |     0 |     0 |     0 |    24 |     0 |     0 |     0 |     0 |
| X1Y1              |     2 |    24 |     0 |    24 |     0 |     4 |     0 |     8 |     0 |     0 |     0 |     0 |     0 |     1 |     0 |     2 |
| X2Y1              |     2 |    24 |     0 |     0 |     0 |     0 |     0 |     0 |     0 |    24 |     0 |     0 |     0 |     0 |     0 |     0 |
| X0Y2              |     1 |    24 |     0 |     4 |     0 |     0 |     0 |     0 |     0 |     0 |     0 |    24 |     0 |     0 |     0 |     0 |
| X1Y2              |     2 |    24 |     1 |    24 |     0 |     4 |     0 |     8 |     0 |     0 |     0 |     0 |     0 |     1 |     0 |     2 |
| X2Y2              |     2 |    24 |     0 |     0 |     0 |     0 |     0 |     0 |     0 |    24 |     0 |     0 |     0 |     0 |     0 |     0 |
| X0Y3              |     2 |    24 |     0 |     4 |     0 |     0 |     0 |     0 |     0 |     0 |     1 |    24 |     0 |     0 |     0 |     0 |
| X1Y3              |     2 |    24 |     0 |    24 |     0 |     4 |     0 |     8 |     0 |     0 |     0 |     0 |     0 |     1 |     0 |     2 |
| X2Y3              |     2 |    24 |     0 |     0 |     0 |     0 |     0 |     0 |     0 |    24 |     0 |     0 |     0 |     0 |     0 |     0 |
+-------------------+-------+-------+-------+-------+-------+-------+-------+-------+-------+-------+-------+-------+-------+-------+-------+-------+
* Global Clock column represents track count; while other columns represents cell counts


5. Clock Regions : Load Primitives
----------------------------------

+-------------------+------------------+------------------+------------------+------------------+------------------+------------------+------------------+------------------+
|                   |   Global Clock   |        FF        |      LUTRAM      |  Block RAM (18K) |       URAM       |        DSP       |        GT        |      HARD IP     |
+-------------------+--------+---------+--------+---------+--------+---------+--------+---------+--------+---------+--------+---------+--------+---------+--------+---------+
| Clock Region Name | Used   | Avail   | Used   | Avail   | Used   | Avail   | Used   | Avail   | Used   | Avail   | Used   | Avail   | Used   | Avail   | Used   | Avail   |
+-------------------+--------+---------+--------+---------+--------+---------+--------+---------+--------+---------+--------+---------+--------+---------+--------+---------+
| X0Y0              |      0 |      24 |      0 |   22080 |      0 |    6240 |      0 |       0 |      0 |       0 |      0 |     144 |      0 |       0 |      0 |       0 |
| X1Y0              |      1 |      24 |      0 |   17280 |      0 |    5280 |      0 |      24 |      0 |       0 |      0 |     144 |      0 |       0 |      0 |       0 |
| X2Y0              |      1 |      24 |     88 |   19200 |      8 |    2880 |      0 |      48 |      8 |      16 |      0 |      24 |      0 |       4 |      0 |       1 |
| X0Y1              |      1 |      24 |   5531 |   22080 |    604 |    6240 |      0 |       0 |      0 |       0 |      2 |     144 |      0 |       0 |      0 |       0 |
| X1Y1              |      2 |      24 |   6113 |   17280 |    236 |    5280 |     18 |      24 |      0 |       0 |     60 |     144 |      0 |       0 |      0 |       0 |
| X2Y1              |      2 |      24 |   3177 |   19200 |     42 |    2880 |     14 |      48 |     16 |      16 |      8 |      24 |      0 |       4 |      0 |       1 |
| X0Y2              |      1 |      24 |   8192 |   22080 |    248 |    6240 |      0 |       0 |      0 |       0 |      9 |     144 |      0 |       0 |      0 |       0 |
| X1Y2              |      2 |      24 |   7169 |   17280 |     44 |    5280 |      5 |      24 |      0 |       0 |    127 |     144 |      0 |       0 |      0 |       0 |
| X2Y2              |      2 |      24 |   6387 |   19200 |     67 |    2880 |      0 |      48 |     16 |      16 |     24 |      24 |      0 |       4 |      0 |       0 |
| X0Y3              |      2 |      24 |   3297 |   22080 |     35 |    6240 |      0 |       0 |      0 |       0 |      3 |     144 |      0 |       0 |      0 |       0 |
| X1Y3              |      2 |      24 |   6332 |   17280 |     36 |    5280 |      0 |      24 |      0 |       0 |     70 |     144 |      0 |       0 |      0 |       0 |
| X2Y3              |      2 |      24 |   5559 |   19200 |     51 |    2880 |      0 |      48 |      0 |      16 |     20 |      24 |      0 |       4 |      0 |       0 |
+-------------------+--------+---------+--------+---------+--------+---------+--------+---------+--------+---------+--------+---------+--------+---------+--------+---------+
* Global Clock column represents track count; while other columns represents cell counts


6. Clock Regions : Global Clock Summary
---------------------------------------

All Modules
+----+----+----+----+
|    | X0 | X1 | X2 |
+----+----+----+----+
| Y3 |  2 |  2 |  2 |
| Y2 |  1 |  2 |  2 |
| Y1 |  1 |  2 |  2 |
| Y0 |  0 |  1 |  1 |
+----+----+----+----+


7. Clock Regions : Routing Resource Utilization
-----------------------------------------------

All Modules
+-------------------+----------------------+----------------------+----------------------+----------------------+
|                   |        HROUTES       |        HDISTRS       |        VROUTES       |        VDISTRS       |
+-------------------+------+-------+-------+------+-------+-------+------+-------+-------+------+-------+-------+
| Clock Region Name | Used | Avail | Util% | Used | Avail | Util% | Used | Avail | Util% | Used | Avail | Util% |
+-------------------+------+-------+-------+------+-------+-------+------+-------+-------+------+-------+-------+
| X0Y0              |    0 |    24 |  0.00 |    0 |    24 |  0.00 |    0 |    24 |  0.00 |    0 |    24 |  0.00 |
| X1Y0              |    0 |    24 |  0.00 |    1 |    24 |  4.17 |    0 |    24 |  0.00 |    1 |    24 |  4.17 |
| X2Y0              |    0 |    24 |  0.00 |    1 |    24 |  4.17 |    0 |    24 |  0.00 |    0 |    24 |  0.00 |
| X0Y1              |    0 |    24 |  0.00 |    1 |    24 |  4.17 |    0 |    24 |  0.00 |    0 |    24 |  0.00 |
| X1Y1              |    0 |    24 |  0.00 |    2 |    24 |  8.33 |    1 |    24 |  4.17 |    2 |    24 |  8.33 |
| X2Y1              |    0 |    24 |  0.00 |    2 |    24 |  8.33 |    0 |    24 |  0.00 |    0 |    24 |  0.00 |
| X0Y2              |    0 |    24 |  0.00 |    1 |    24 |  4.17 |    0 |    24 |  0.00 |    0 |    24 |  0.00 |
| X1Y2              |    0 |    24 |  0.00 |    2 |    24 |  8.33 |    1 |    24 |  4.17 |    2 |    24 |  8.33 |
| X2Y2              |    0 |    24 |  0.00 |    2 |    24 |  8.33 |    0 |    24 |  0.00 |    0 |    24 |  0.00 |
| X0Y3              |    2 |    24 |  8.33 |    2 |    24 |  8.33 |    0 |    24 |  0.00 |    0 |    24 |  0.00 |
| X1Y3              |    2 |    24 |  8.33 |    2 |    24 |  8.33 |    1 |    24 |  4.17 |    0 |    24 |  0.00 |
| X2Y3              |    0 |    24 |  0.00 |    2 |    24 |  8.33 |    0 |    24 |  0.00 |    0 |    24 |  0.00 |
+-------------------+------+-------+-------+------+-------+-------+------+-------+-------+------+-------+-------+


8. Device Cell Placement Summary for Global Clock g0
----------------------------------------------------

+-----------+-----------------+-------------------+----------+-------------+---------------+----------+-------------+----------+----------------+----------+------------------------------------------------------------------+
| Global Id | Driver Type/Pin | Driver Region (D) | Clock    | Period (ns) | Waveform (ns) | Root (R) | Slice Loads | IO Loads | Clocking Loads | GT Loads | Net                                                              |
+-----------+-----------------+-------------------+----------+-------------+---------------+----------+-------------+----------+----------------+----------+------------------------------------------------------------------+
| g0        | BUFG_PS/O       | X0Y3              | clk_pl_0 |      10.000 | {0.000 5.000} | X1Y1     |       53567 |        0 |              0 |        0 | kv260_rm10_recurrence_decoupled_i/zynq_ultra_ps_e_0/inst/pl_clk0 |
+-----------+-----------------+-------------------+----------+-------------+---------------+----------+-------------+----------+----------------+----------+------------------------------------------------------------------+
* Slice Loads column represents load cell count of all cell types other than IO, GT and clock resources
** IO Loads column represents load cell count of IO types
*** Clocking Loads column represents load cell count that are clock resources (global clock buffer, MMCM, PLL, etc)
**** GT Loads column represents load cell count of GT types


+----+-----------+----------+-------+-----------------------+
|    | X0        | X1       | X2    | HORIZONTAL PROG DELAY |
+----+-----------+----------+-------+-----------------------+
| Y3 |  (D) 3335 |     6438 |  5630 |                     0 |
| Y2 |      8449 |     7345 |  6478 |                     1 |
| Y1 |      6138 | (R) 6420 |  3238 |                     1 |
| Y0 |         0 |        0 |    96 |                     0 |
+----+-----------+----------+-------+-----------------------+


9. Device Cell Placement Summary for Global Clock g1
----------------------------------------------------

+-----------+-----------------+-------------------+-------+-------------+---------------+----------+-------------+----------+----------------+----------+-------------------------------------------------------------------------------------------------------------------------------------------------------------------------------------------------------------------------------------------------------------------------+
| Global Id | Driver Type/Pin | Driver Region (D) | Clock | Period (ns) | Waveform (ns) | Root (R) | Slice Loads | IO Loads | Clocking Loads | GT Loads | Net                                                                                                                                                                                                                                                                     |
+-----------+-----------------+-------------------+-------+-------------+---------------+----------+-------------+----------+----------------+----------+-------------------------------------------------------------------------------------------------------------------------------------------------------------------------------------------------------------------------------------------------------------------------+
| g1        | BUFGCE/O        | X1Y2              |       |             |               | X1Y2     |        2585 |        0 |              0 |        0 | kv260_rm10_recurrence_decoupled_i/vision_ffn_down_tile_0/inst/grp_p_anonymous_namespace_compute_weight_batch_fu_247/grp_p_anonymous_namespace_compute_weight_batch_Pipeline_VITIS_LOOP_164_9_fu_1155/flow_control_loop_pipe_sequential_init_U/ap_sig_allocacmp_group_11 |
+-----------+-----------------+-------------------+-------+-------------+---------------+----------+-------------+----------+----------------+----------+-------------------------------------------------------------------------------------------------------------------------------------------------------------------------------------------------------------------------------------------------------------------------+
* Slice Loads column represents load cell count of all cell types other than IO, GT and clock resources
** IO Loads column represents load cell count of IO types
*** Clocking Loads column represents load cell count that are clock resources (global clock buffer, MMCM, PLL, etc)
**** GT Loads column represents load cell count of GT types


+----+------+-------------+------+-----------------------+
|    | X0   | X1          | X2   | HORIZONTAL PROG DELAY |
+----+------+-------------+------+-----------------------+
| Y3 |  233 |         889 |  387 |                     0 |
| Y2 |    0 | (R) (D) 414 |  497 |                     0 |
| Y1 |    0 |           0 |  165 |                     0 |
| Y0 |    0 |           0 |    0 |                     - |
+----+------+-------------+------+-----------------------+


10. Clock Region Cell Placement per Global Clock: Region X1Y0
-------------------------------------------------------------

+-----------+-------+-----------------+------------+-------------+-----------------+----+-------------+------+------+-----+----+------+-----+---------+------------------------------------------------------------------+
| Global Id | Track | Driver Type/Pin | Constraint | Clock Loads | Non-Clock Loads | FF | Memory LUTs | RAMB | URAM | DSP | GT | MMCM | PLL | Hard IP | Net                                                              |
+-----------+-------+-----------------+------------+-------------+-----------------+----+-------------+------+------+-----+----+------+-----+---------+------------------------------------------------------------------+
| g0+       | 8     | BUFG_PS/O       | None       |           0 |               0 |  0 |           0 |    0 |    0 |   0 |  0 |    0 |   0 |       0 | kv260_rm10_recurrence_decoupled_i/zynq_ultra_ps_e_0/inst/pl_clk0 |
+-----------+-------+-----------------+------------+-------------+-----------------+----+-------------+------+------+-----+----+------+-----+---------+------------------------------------------------------------------+
* Clock Loads column represents cell count of net connects that connect to a clock pin. Internal cell leaf pins are not considered
** Non-Clock Loads column represents cell count of non-clock pin loads
*** Columns FF, LUTRAM, RAMB through 'Hard IP' represents load cell counts
**** In Global Id column, sympbol '+' indicates that global clock was used only to route through the clock region.


11. Clock Region Cell Placement per Global Clock: Region X2Y0
-------------------------------------------------------------

+-----------+-------+-----------------+------------+-------------+-----------------+----+-------------+------+------+-----+----+------+-----+---------+------------------------------------------------------------------+
| Global Id | Track | Driver Type/Pin | Constraint | Clock Loads | Non-Clock Loads | FF | Memory LUTs | RAMB | URAM | DSP | GT | MMCM | PLL | Hard IP | Net                                                              |
+-----------+-------+-----------------+------------+-------------+-----------------+----+-------------+------+------+-----+----+------+-----+---------+------------------------------------------------------------------+
| g0        | 8     | BUFG_PS/O       | None       |          96 |               0 | 88 |           8 |    0 |    8 |   0 |  0 |    0 |   0 |       0 | kv260_rm10_recurrence_decoupled_i/zynq_ultra_ps_e_0/inst/pl_clk0 |
+-----------+-------+-----------------+------------+-------------+-----------------+----+-------------+------+------+-----+----+------+-----+---------+------------------------------------------------------------------+
* Clock Loads column represents cell count of net connects that connect to a clock pin. Internal cell leaf pins are not considered
** Non-Clock Loads column represents cell count of non-clock pin loads
*** Columns FF, LUTRAM, RAMB through 'Hard IP' represents load cell counts


12. Clock Region Cell Placement per Global Clock: Region X0Y1
-------------------------------------------------------------

+-----------+-------+-----------------+------------+-------------+-----------------+------+-------------+------+------+-----+----+------+-----+---------+------------------------------------------------------------------+
| Global Id | Track | Driver Type/Pin | Constraint | Clock Loads | Non-Clock Loads | FF   | Memory LUTs | RAMB | URAM | DSP | GT | MMCM | PLL | Hard IP | Net                                                              |
+-----------+-------+-----------------+------------+-------------+-----------------+------+-------------+------+------+-----+----+------+-----+---------+------------------------------------------------------------------+
| g0        | 8     | BUFG_PS/O       | None       |        6138 |               0 | 5531 |         604 |    0 |    0 |   2 |  0 |    0 |   0 |       0 | kv260_rm10_recurrence_decoupled_i/zynq_ultra_ps_e_0/inst/pl_clk0 |
+-----------+-------+-----------------+------------+-------------+-----------------+------+-------------+------+------+-----+----+------+-----+---------+------------------------------------------------------------------+
* Clock Loads column represents cell count of net connects that connect to a clock pin. Internal cell leaf pins are not considered
** Non-Clock Loads column represents cell count of non-clock pin loads
*** Columns FF, LUTRAM, RAMB through 'Hard IP' represents load cell counts


13. Clock Region Cell Placement per Global Clock: Region X1Y1
-------------------------------------------------------------

+-----------+-------+-----------------+------------+-------------+-----------------+------+-------------+------+------+-----+----+------+-----+---------+-------------------------------------------------------------------------------------------------------------------------------------------------------------------------------------------------------------------------------------------------------------------------+
| Global Id | Track | Driver Type/Pin | Constraint | Clock Loads | Non-Clock Loads | FF   | Memory LUTs | RAMB | URAM | DSP | GT | MMCM | PLL | Hard IP | Net                                                                                                                                                                                                                                                                     |
+-----------+-------+-----------------+------------+-------------+-----------------+------+-------------+------+------+-----+----+------+-----+---------+-------------------------------------------------------------------------------------------------------------------------------------------------------------------------------------------------------------------------------------------------------------------------+
| g0        | 8     | BUFG_PS/O       | None       |        6420 |               0 | 6113 |         236 |   11 |    0 |  60 |  0 |    0 |   0 |       0 | kv260_rm10_recurrence_decoupled_i/zynq_ultra_ps_e_0/inst/pl_clk0                                                                                                                                                                                                        |
| g1+       | 2     | BUFGCE/O        | None       |           0 |               0 |    0 |           0 |    0 |    0 |   0 |  0 |    0 |   0 |       0 | kv260_rm10_recurrence_decoupled_i/vision_ffn_down_tile_0/inst/grp_p_anonymous_namespace_compute_weight_batch_fu_247/grp_p_anonymous_namespace_compute_weight_batch_Pipeline_VITIS_LOOP_164_9_fu_1155/flow_control_loop_pipe_sequential_init_U/ap_sig_allocacmp_group_11 |
+-----------+-------+-----------------+------------+-------------+-----------------+------+-------------+------+------+-----+----+------+-----+---------+-------------------------------------------------------------------------------------------------------------------------------------------------------------------------------------------------------------------------------------------------------------------------+
* Clock Loads column represents cell count of net connects that connect to a clock pin. Internal cell leaf pins are not considered
** Non-Clock Loads column represents cell count of non-clock pin loads
*** Columns FF, LUTRAM, RAMB through 'Hard IP' represents load cell counts
**** In Global Id column, sympbol '+' indicates that global clock was used only to route through the clock region.


14. Clock Region Cell Placement per Global Clock: Region X2Y1
-------------------------------------------------------------

+-----------+-------+-----------------+------------+-------------+-----------------+------+-------------+------+------+-----+----+------+-----+---------+-------------------------------------------------------------------------------------------------------------------------------------------------------------------------------------------------------------------------------------------------------------------------+
| Global Id | Track | Driver Type/Pin | Constraint | Clock Loads | Non-Clock Loads | FF   | Memory LUTs | RAMB | URAM | DSP | GT | MMCM | PLL | Hard IP | Net                                                                                                                                                                                                                                                                     |
+-----------+-------+-----------------+------------+-------------+-----------------+------+-------------+------+------+-----+----+------+-----+---------+-------------------------------------------------------------------------------------------------------------------------------------------------------------------------------------------------------------------------------------------------------------------------+
| g0        | 8     | BUFG_PS/O       | None       |        3238 |               0 | 3177 |          42 |   11 |   16 |   8 |  0 |    0 |   0 |       0 | kv260_rm10_recurrence_decoupled_i/zynq_ultra_ps_e_0/inst/pl_clk0                                                                                                                                                                                                        |
| g1        | 2     | BUFGCE/O        | None       |           0 |             165 |  165 |           0 |    0 |    0 |   0 |  0 |    0 |   0 |       0 | kv260_rm10_recurrence_decoupled_i/vision_ffn_down_tile_0/inst/grp_p_anonymous_namespace_compute_weight_batch_fu_247/grp_p_anonymous_namespace_compute_weight_batch_Pipeline_VITIS_LOOP_164_9_fu_1155/flow_control_loop_pipe_sequential_init_U/ap_sig_allocacmp_group_11 |
+-----------+-------+-----------------+------------+-------------+-----------------+------+-------------+------+------+-----+----+------+-----+---------+-------------------------------------------------------------------------------------------------------------------------------------------------------------------------------------------------------------------------------------------------------------------------+
* Clock Loads column represents cell count of net connects that connect to a clock pin. Internal cell leaf pins are not considered
** Non-Clock Loads column represents cell count of non-clock pin loads
*** Columns FF, LUTRAM, RAMB through 'Hard IP' represents load cell counts


15. Clock Region Cell Placement per Global Clock: Region X0Y2
-------------------------------------------------------------

+-----------+-------+-----------------+------------+-------------+-----------------+------+-------------+------+------+-----+----+------+-----+---------+------------------------------------------------------------------+
| Global Id | Track | Driver Type/Pin | Constraint | Clock Loads | Non-Clock Loads | FF   | Memory LUTs | RAMB | URAM | DSP | GT | MMCM | PLL | Hard IP | Net                                                              |
+-----------+-------+-----------------+------------+-------------+-----------------+------+-------------+------+------+-----+----+------+-----+---------+------------------------------------------------------------------+
| g0        | 8     | BUFG_PS/O       | None       |        8449 |               0 | 8192 |         248 |    0 |    0 |   9 |  0 |    0 |   0 |       0 | kv260_rm10_recurrence_decoupled_i/zynq_ultra_ps_e_0/inst/pl_clk0 |
+-----------+-------+-----------------+------------+-------------+-----------------+------+-------------+------+------+-----+----+------+-----+---------+------------------------------------------------------------------+
* Clock Loads column represents cell count of net connects that connect to a clock pin. Internal cell leaf pins are not considered
** Non-Clock Loads column represents cell count of non-clock pin loads
*** Columns FF, LUTRAM, RAMB through 'Hard IP' represents load cell counts


16. Clock Region Cell Placement per Global Clock: Region X1Y2
-------------------------------------------------------------

+-----------+-------+-----------------+------------+-------------+-----------------+------+-------------+------+------+-----+----+------+-----+---------+-------------------------------------------------------------------------------------------------------------------------------------------------------------------------------------------------------------------------------------------------------------------------+
| Global Id | Track | Driver Type/Pin | Constraint | Clock Loads | Non-Clock Loads | FF   | Memory LUTs | RAMB | URAM | DSP | GT | MMCM | PLL | Hard IP | Net                                                                                                                                                                                                                                                                     |
+-----------+-------+-----------------+------------+-------------+-----------------+------+-------------+------+------+-----+----+------+-----+---------+-------------------------------------------------------------------------------------------------------------------------------------------------------------------------------------------------------------------------------------------------------------------------+
| g0        | 8     | BUFG_PS/O       | None       |        7345 |               0 | 7169 |          44 |    5 |    0 | 127 |  0 |    0 |   0 |       0 | kv260_rm10_recurrence_decoupled_i/zynq_ultra_ps_e_0/inst/pl_clk0                                                                                                                                                                                                        |
| g1        | 2     | BUFGCE/O        | None       |           0 |             414 |  414 |           0 |    0 |    0 |   0 |  0 |    0 |   0 |       0 | kv260_rm10_recurrence_decoupled_i/vision_ffn_down_tile_0/inst/grp_p_anonymous_namespace_compute_weight_batch_fu_247/grp_p_anonymous_namespace_compute_weight_batch_Pipeline_VITIS_LOOP_164_9_fu_1155/flow_control_loop_pipe_sequential_init_U/ap_sig_allocacmp_group_11 |
+-----------+-------+-----------------+------------+-------------+-----------------+------+-------------+------+------+-----+----+------+-----+---------+-------------------------------------------------------------------------------------------------------------------------------------------------------------------------------------------------------------------------------------------------------------------------+
* Clock Loads column represents cell count of net connects that connect to a clock pin. Internal cell leaf pins are not considered
** Non-Clock Loads column represents cell count of non-clock pin loads
*** Columns FF, LUTRAM, RAMB through 'Hard IP' represents load cell counts


17. Clock Region Cell Placement per Global Clock: Region X2Y2
-------------------------------------------------------------

+-----------+-------+-----------------+------------+-------------+-----------------+------+-------------+------+------+-----+----+------+-----+---------+-------------------------------------------------------------------------------------------------------------------------------------------------------------------------------------------------------------------------------------------------------------------------+
| Global Id | Track | Driver Type/Pin | Constraint | Clock Loads | Non-Clock Loads | FF   | Memory LUTs | RAMB | URAM | DSP | GT | MMCM | PLL | Hard IP | Net                                                                                                                                                                                                                                                                     |
+-----------+-------+-----------------+------------+-------------+-----------------+------+-------------+------+------+-----+----+------+-----+---------+-------------------------------------------------------------------------------------------------------------------------------------------------------------------------------------------------------------------------------------------------------------------------+
| g0        | 8     | BUFG_PS/O       | None       |        6478 |               0 | 6387 |          67 |    0 |   16 |  24 |  0 |    0 |   0 |       0 | kv260_rm10_recurrence_decoupled_i/zynq_ultra_ps_e_0/inst/pl_clk0                                                                                                                                                                                                        |
| g1        | 2     | BUFGCE/O        | None       |           0 |             497 |  497 |           0 |    0 |    0 |   0 |  0 |    0 |   0 |       0 | kv260_rm10_recurrence_decoupled_i/vision_ffn_down_tile_0/inst/grp_p_anonymous_namespace_compute_weight_batch_fu_247/grp_p_anonymous_namespace_compute_weight_batch_Pipeline_VITIS_LOOP_164_9_fu_1155/flow_control_loop_pipe_sequential_init_U/ap_sig_allocacmp_group_11 |
+-----------+-------+-----------------+------------+-------------+-----------------+------+-------------+------+------+-----+----+------+-----+---------+-------------------------------------------------------------------------------------------------------------------------------------------------------------------------------------------------------------------------------------------------------------------------+
* Clock Loads column represents cell count of net connects that connect to a clock pin. Internal cell leaf pins are not considered
** Non-Clock Loads column represents cell count of non-clock pin loads
*** Columns FF, LUTRAM, RAMB through 'Hard IP' represents load cell counts


18. Clock Region Cell Placement per Global Clock: Region X0Y3
-------------------------------------------------------------

+-----------+-------+-----------------+------------+-------------+-----------------+------+-------------+------+------+-----+----+------+-----+---------+-------------------------------------------------------------------------------------------------------------------------------------------------------------------------------------------------------------------------------------------------------------------------+
| Global Id | Track | Driver Type/Pin | Constraint | Clock Loads | Non-Clock Loads | FF   | Memory LUTs | RAMB | URAM | DSP | GT | MMCM | PLL | Hard IP | Net                                                                                                                                                                                                                                                                     |
+-----------+-------+-----------------+------------+-------------+-----------------+------+-------------+------+------+-----+----+------+-----+---------+-------------------------------------------------------------------------------------------------------------------------------------------------------------------------------------------------------------------------------------------------------------------------+
| g0        | 8     | BUFG_PS/O       | None       |        3335 |               0 | 3297 |          35 |    0 |    0 |   3 |  0 |    0 |   0 |       0 | kv260_rm10_recurrence_decoupled_i/zynq_ultra_ps_e_0/inst/pl_clk0                                                                                                                                                                                                        |
| g1        | 2     | BUFGCE/O        | None       |           0 |             233 |  233 |           0 |    0 |    0 |   0 |  0 |    0 |   0 |       0 | kv260_rm10_recurrence_decoupled_i/vision_ffn_down_tile_0/inst/grp_p_anonymous_namespace_compute_weight_batch_fu_247/grp_p_anonymous_namespace_compute_weight_batch_Pipeline_VITIS_LOOP_164_9_fu_1155/flow_control_loop_pipe_sequential_init_U/ap_sig_allocacmp_group_11 |
+-----------+-------+-----------------+------------+-------------+-----------------+------+-------------+------+------+-----+----+------+-----+---------+-------------------------------------------------------------------------------------------------------------------------------------------------------------------------------------------------------------------------------------------------------------------------+
* Clock Loads column represents cell count of net connects that connect to a clock pin. Internal cell leaf pins are not considered
** Non-Clock Loads column represents cell count of non-clock pin loads
*** Columns FF, LUTRAM, RAMB through 'Hard IP' represents load cell counts


19. Clock Region Cell Placement per Global Clock: Region X1Y3
-------------------------------------------------------------

+-----------+-------+-----------------+------------+-------------+-----------------+------+-------------+------+------+-----+----+------+-----+---------+-------------------------------------------------------------------------------------------------------------------------------------------------------------------------------------------------------------------------------------------------------------------------+
| Global Id | Track | Driver Type/Pin | Constraint | Clock Loads | Non-Clock Loads | FF   | Memory LUTs | RAMB | URAM | DSP | GT | MMCM | PLL | Hard IP | Net                                                                                                                                                                                                                                                                     |
+-----------+-------+-----------------+------------+-------------+-----------------+------+-------------+------+------+-----+----+------+-----+---------+-------------------------------------------------------------------------------------------------------------------------------------------------------------------------------------------------------------------------------------------------------------------------+
| g0        | 8     | BUFG_PS/O       | None       |        6438 |               0 | 6332 |          36 |    0 |    0 |  70 |  0 |    0 |   0 |       0 | kv260_rm10_recurrence_decoupled_i/zynq_ultra_ps_e_0/inst/pl_clk0                                                                                                                                                                                                        |
| g1        | 2     | BUFGCE/O        | None       |           0 |             889 |  889 |           0 |    0 |    0 |   0 |  0 |    0 |   0 |       0 | kv260_rm10_recurrence_decoupled_i/vision_ffn_down_tile_0/inst/grp_p_anonymous_namespace_compute_weight_batch_fu_247/grp_p_anonymous_namespace_compute_weight_batch_Pipeline_VITIS_LOOP_164_9_fu_1155/flow_control_loop_pipe_sequential_init_U/ap_sig_allocacmp_group_11 |
+-----------+-------+-----------------+------------+-------------+-----------------+------+-------------+------+------+-----+----+------+-----+---------+-------------------------------------------------------------------------------------------------------------------------------------------------------------------------------------------------------------------------------------------------------------------------+
* Clock Loads column represents cell count of net connects that connect to a clock pin. Internal cell leaf pins are not considered
** Non-Clock Loads column represents cell count of non-clock pin loads
*** Columns FF, LUTRAM, RAMB through 'Hard IP' represents load cell counts


20. Clock Region Cell Placement per Global Clock: Region X2Y3
-------------------------------------------------------------

+-----------+-------+-----------------+------------+-------------+-----------------+------+-------------+------+------+-----+----+------+-----+---------+-------------------------------------------------------------------------------------------------------------------------------------------------------------------------------------------------------------------------------------------------------------------------+
| Global Id | Track | Driver Type/Pin | Constraint | Clock Loads | Non-Clock Loads | FF   | Memory LUTs | RAMB | URAM | DSP | GT | MMCM | PLL | Hard IP | Net                                                                                                                                                                                                                                                                     |
+-----------+-------+-----------------+------------+-------------+-----------------+------+-------------+------+------+-----+----+------+-----+---------+-------------------------------------------------------------------------------------------------------------------------------------------------------------------------------------------------------------------------------------------------------------------------+
| g0        | 8     | BUFG_PS/O       | None       |        5630 |               0 | 5559 |          51 |    0 |    0 |  20 |  0 |    0 |   0 |       0 | kv260_rm10_recurrence_decoupled_i/zynq_ultra_ps_e_0/inst/pl_clk0                                                                                                                                                                                                        |
| g1        | 2     | BUFGCE/O        | None       |           0 |             387 |  387 |           0 |    0 |    0 |   0 |  0 |    0 |   0 |       0 | kv260_rm10_recurrence_decoupled_i/vision_ffn_down_tile_0/inst/grp_p_anonymous_namespace_compute_weight_batch_fu_247/grp_p_anonymous_namespace_compute_weight_batch_Pipeline_VITIS_LOOP_164_9_fu_1155/flow_control_loop_pipe_sequential_init_U/ap_sig_allocacmp_group_11 |
+-----------+-------+-----------------+------------+-------------+-----------------+------+-------------+------+------+-----+----+------+-----+---------+-------------------------------------------------------------------------------------------------------------------------------------------------------------------------------------------------------------------------------------------------------------------------+
* Clock Loads column represents cell count of net connects that connect to a clock pin. Internal cell leaf pins are not considered
** Non-Clock Loads column represents cell count of non-clock pin loads
*** Columns FF, LUTRAM, RAMB through 'Hard IP' represents load cell counts


