Copyright 1986-2022 Xilinx, Inc. All Rights Reserved. Copyright 2022-2024 Advanced Micro Devices, Inc. All Rights Reserved.
--------------------------------------------------------------------------------------------------------------------------------------------------------------------------------------------------------------------
| Tool Version      : Vivado v.2024.2 (lin64) Build 5239630 Fri Nov 08 22:34:34 MST 2024
| Date              : Sat Sep 26 01:43:48 2026
| Host              : zhiro-ThinkBook-16p-G5-IRX running 64-bit Ubuntu 24.04.5 LTS
| Command           : report_timing_summary -delay_type max -report_unconstrained -file /home/zhiro/research/kv260-vlm-workers/RM10-full-route/experiments/rm10_route/build/full_system/timing_post_route_setup.rpt
| Design            : kv260_rm10_recurrence_decoupled_wrapper
| Device            : xck26-sfvc784
| Speed File        : -2LV  PRODUCTION 1.30 05-15-2022
| Design State      : Routed
| Temperature Grade : C
--------------------------------------------------------------------------------------------------------------------------------------------------------------------------------------------------------------------

Timing Summary Report

------------------------------------------------------------------------------------------------
| Timer Settings
| --------------
------------------------------------------------------------------------------------------------

  Enable Multi Corner Analysis               :  Yes
  Enable Pessimism Removal                   :  Yes
  Pessimism Removal Resolution               :  Nearest Common Node
  Enable Input Delay Default Clock           :  No
  Enable Preset / Clear Arcs                 :  No
  Disable Flight Delays                      :  No
  Ignore I/O Paths                           :  No
  Timing Early Launch at Borrowing Latches   :  No
  Borrow Time for Max Delay Exceptions       :  Yes
  Merge Timing Exceptions                    :  Yes
  Inter-SLR Compensation                     :  Conservative

  Corner  Analyze    Analyze    
  Name    Max Paths  Min Paths  
  ------  ---------  ---------  
  Slow    Yes        Yes        
  Fast    Yes        Yes        


------------------------------------------------------------------------------------------------
| Report Methodology
| ------------------
------------------------------------------------------------------------------------------------

No report available as report_methodology has not been run prior. Run report_methodology on the current design for the summary of methodology violations.



check_timing report

Table of Contents
-----------------
1. checking no_clock (0)
2. checking constant_clock (0)
3. checking pulse_width_clock (0)
4. checking unconstrained_internal_endpoints (564)
5. checking no_input_delay (0)
6. checking no_output_delay (0)
7. checking multiple_clock (0)
8. checking generated_clocks (0)
9. checking loops (0)
10. checking partial_input_delay (0)
11. checking partial_output_delay (0)
12. checking latch_loops (0)

1. checking no_clock (0)
------------------------
 There are 0 register/latch pins with no clock.


2. checking constant_clock (0)
------------------------------
 There are 0 register/latch pins with constant_clock.


3. checking pulse_width_clock (0)
---------------------------------
 There are 0 register/latch pins which need pulse_width check


4. checking unconstrained_internal_endpoints (564)
--------------------------------------------------
 There are 0 pins that are not constrained for maximum delay.

 There are 564 pins that are not constrained for maximum delay due to constant clock. (MEDIUM)


5. checking no_input_delay (0)
------------------------------
 There are 0 input ports with no input delay specified.

 There are 0 input ports with no input delay but user has a false path constraint.


6. checking no_output_delay (0)
-------------------------------
 There are 0 ports with no output delay specified.

 There are 0 ports with no output delay but user has a false path constraint

 There are 0 ports with no output delay but with a timing clock defined on it or propagating through it


7. checking multiple_clock (0)
------------------------------
 There are 0 register/latch pins with multiple clocks.


8. checking generated_clocks (0)
--------------------------------
 There are 0 generated clocks that are not connected to a clock source.


9. checking loops (0)
---------------------
 There are 0 combinational loops in the design.


10. checking partial_input_delay (0)
------------------------------------
 There are 0 input ports with partial input delay specified.


11. checking partial_output_delay (0)
-------------------------------------
 There are 0 ports with partial output delay specified.


12. checking latch_loops (0)
----------------------------
 There are 0 combinational latch loops in the design through latch input



------------------------------------------------------------------------------------------------
| Design Timing Summary
| ---------------------
------------------------------------------------------------------------------------------------

    WNS(ns)      TNS(ns)  TNS Failing Endpoints  TNS Total Endpoints     WPWS(ns)     TPWS(ns)  TPWS Failing Endpoints  TPWS Total Endpoints  
    -------      -------  ---------------------  -------------------     --------     --------  ----------------------  --------------------  
      3.935        0.000                      0               136555        3.500        0.000                       0                 56256  


All user specified timing constraints are met.


------------------------------------------------------------------------------------------------
| Clock Summary
| -------------
------------------------------------------------------------------------------------------------

Clock     Waveform(ns)       Period(ns)      Frequency(MHz)
-----     ------------       ----------      --------------
clk_pl_0  {0.000 5.000}      10.000          100.000         
clk_pl_1  {0.000 5.000}      10.000          100.000         


------------------------------------------------------------------------------------------------
| Intra Clock Table
| -----------------
------------------------------------------------------------------------------------------------

Clock             WNS(ns)      TNS(ns)  TNS Failing Endpoints  TNS Total Endpoints     WPWS(ns)     TPWS(ns)  TPWS Failing Endpoints  TPWS Total Endpoints  
-----             -------      -------  ---------------------  -------------------     --------     --------  ----------------------  --------------------  
clk_pl_0            3.935        0.000                      0               136522        3.500        0.000                       0                 56256  


------------------------------------------------------------------------------------------------
| Inter Clock Table
| -----------------
------------------------------------------------------------------------------------------------

From Clock    To Clock          WNS(ns)      TNS(ns)  TNS Failing Endpoints  TNS Total Endpoints  
----------    --------          -------      -------  ---------------------  -------------------  


------------------------------------------------------------------------------------------------
| Other Path Groups Table
| -----------------------
------------------------------------------------------------------------------------------------

Path Group    From Clock    To Clock          WNS(ns)      TNS(ns)  TNS Failing Endpoints  TNS Total Endpoints  
----------    ----------    --------          -------      -------  ---------------------  -------------------  
**default**   clk_pl_0                          9.449        0.000                      0                   33  


------------------------------------------------------------------------------------------------
| User Ignored Path Table
| -----------------------
------------------------------------------------------------------------------------------------

Path Group    From Clock    To Clock    
----------    ----------    --------    
(none)                      clk_pl_0      
(none)        clk_pl_0      clk_pl_0      


------------------------------------------------------------------------------------------------
| Unconstrained Path Table
| ------------------------
------------------------------------------------------------------------------------------------

Path Group    From Clock    To Clock    
----------    ----------    --------    
(none)                      clk_pl_0      


------------------------------------------------------------------------------------------------
| Timing Details
| --------------
------------------------------------------------------------------------------------------------


---------------------------------------------------------------------------------------------------
From Clock:  clk_pl_0
  To Clock:  clk_pl_0

Setup :            0  Failing Endpoints,  Worst Slack        3.935ns,  Total Violation        0.000ns
Hold  :           NA  Failing Endpoints,  Worst Slack           NA  ,  Total Violation           NA
PW    :            0  Failing Endpoints,  Worst Slack        3.500ns,  Total Violation        0.000ns
---------------------------------------------------------------------------------------------------


Max Delay Paths
--------------------------------------------------------------------------------------
Slack (MET) :             3.935ns  (required time - arrival time)
  Source:                 kv260_rm10_recurrence_decoupled_i/vision_ffn_down_tile_0/inst/grp_p_anonymous_namespace_compute_weight_batch_fu_247/grp_p_anonymous_namespace_compute_weight_batch_Pipeline_VITIS_LOOP_164_9_fu_1155/ap_enable_reg_pp0_iter34_reg/C
                            (rising edge-triggered cell FDRE clocked by clk_pl_0  {rise@0.000ns fall@5.000ns period=10.000ns})
  Destination:            kv260_rm10_recurrence_decoupled_i/vision_ffn_down_tile_0/inst/grp_p_anonymous_namespace_compute_weight_batch_fu_247/grp_p_anonymous_namespace_compute_weight_batch_Pipeline_VITIS_LOOP_164_9_fu_1155/tmp_2_reg_15885_reg[22]/D
                            (rising edge-triggered cell FDRE clocked by clk_pl_0  {rise@0.000ns fall@5.000ns period=10.000ns})
  Path Group:             clk_pl_0
  Path Type:              Setup (Max at Slow Process Corner)
  Requirement:            10.000ns  (clk_pl_0 rise@10.000ns - clk_pl_0 rise@0.000ns)
  Data Path Delay:        5.825ns  (logic 0.476ns (8.172%)  route 5.349ns (91.828%))
  Logic Levels:           3  (LUT4=1 LUT5=1 LUT6=1)
  Clock Path Skew:        -0.155ns (DCD - SCD + CPR)
    Destination Clock Delay (DCD):    2.889ns = ( 12.889 - 10.000 ) 
    Source Clock Delay      (SCD):    3.236ns
    Clock Pessimism Removal (CPR):    0.192ns
  Clock Uncertainty:      0.130ns  ((TSJ^2 + DJ^2)^1/2) / 2 + PE
    Total System Jitter     (TSJ):    0.071ns
    Discrete Jitter          (DJ):    0.250ns
    Phase Error              (PE):    0.000ns
  Clock Net Delay (Source):      2.969ns (routing 1.584ns, distribution 1.385ns)
  Clock Net Delay (Destination): 2.673ns (routing 1.450ns, distribution 1.223ns)

    Location             Delay type                Incr(ns)  Path(ns)    Netlist Resource(s)
  -------------------------------------------------------------------    -------------------
                         (clock clk_pl_0 rise edge)
                                                      0.000     0.000 r  
    PS8_X0Y0             PS8                          0.000     0.000 r  kv260_rm10_recurrence_decoupled_i/zynq_ultra_ps_e_0/inst/PS8_i/PLCLK[0]
                         net (fo=1, routed)           0.229     0.229    kv260_rm10_recurrence_decoupled_i/zynq_ultra_ps_e_0/inst/pl_clk_unbuffered[0]
    BUFG_PS_X0Y80        BUFG_PS (Prop_BUFG_PS_I_O)
                                                      0.038     0.267 r  kv260_rm10_recurrence_decoupled_i/zynq_ultra_ps_e_0/inst/buffer_pl_clk_0.PL_CLK_0_BUFG/O
    X1Y1 (CLOCK_ROOT)    net (fo=58126, routed)       2.969     3.236    kv260_rm10_recurrence_decoupled_i/vision_ffn_down_tile_0/inst/grp_p_anonymous_namespace_compute_weight_batch_fu_247/grp_p_anonymous_namespace_compute_weight_batch_Pipeline_VITIS_LOOP_164_9_fu_1155/ap_clk
    SLICE_X35Y138        FDRE                                         r  kv260_rm10_recurrence_decoupled_i/vision_ffn_down_tile_0/inst/grp_p_anonymous_namespace_compute_weight_batch_fu_247/grp_p_anonymous_namespace_compute_weight_batch_Pipeline_VITIS_LOOP_164_9_fu_1155/ap_enable_reg_pp0_iter34_reg/C
  -------------------------------------------------------------------    -------------------
    SLICE_X35Y138        FDRE (Prop_HFF_SLICEM_C_Q)
                                                      0.114     3.350 r  kv260_rm10_recurrence_decoupled_i/vision_ffn_down_tile_0/inst/grp_p_anonymous_namespace_compute_weight_batch_fu_247/grp_p_anonymous_namespace_compute_weight_batch_Pipeline_VITIS_LOOP_164_9_fu_1155/ap_enable_reg_pp0_iter34_reg/Q
                         net (fo=9, routed)           0.325     3.675    kv260_rm10_recurrence_decoupled_i/vision_ffn_down_tile_0/inst/grp_p_anonymous_namespace_compute_weight_batch_fu_247/grp_p_anonymous_namespace_compute_weight_batch_Pipeline_VITIS_LOOP_164_9_fu_1155/ap_enable_reg_pp0_iter34
    SLICE_X41Y141        LUT4 (Prop_D5LUT_SLICEM_I0_O)
                                                      0.154     3.829 r  kv260_rm10_recurrence_decoupled_i/vision_ffn_down_tile_0/inst/grp_p_anonymous_namespace_compute_weight_batch_fu_247/grp_p_anonymous_namespace_compute_weight_batch_Pipeline_VITIS_LOOP_164_9_fu_1155/accum_73_fu_370[31]_i_1/O
                         net (fo=961, routed)         4.772     8.600    kv260_rm10_recurrence_decoupled_i/vision_ffn_down_tile_0/inst/grp_p_anonymous_namespace_compute_weight_batch_fu_247/grp_p_anonymous_namespace_compute_weight_batch_Pipeline_VITIS_LOOP_164_9_fu_1155/accum_13_fu_6101
    SLICE_X36Y221        LUT6 (Prop_F6LUT_SLICEL_I1_O)
                                                      0.056     8.656 r  kv260_rm10_recurrence_decoupled_i/vision_ffn_down_tile_0/inst/grp_p_anonymous_namespace_compute_weight_batch_fu_247/grp_p_anonymous_namespace_compute_weight_batch_Pipeline_VITIS_LOOP_164_9_fu_1155/tmp_2_reg_15885[22]_i_3/O
                         net (fo=1, routed)           0.185     8.841    kv260_rm10_recurrence_decoupled_i/vision_ffn_down_tile_0/inst/grp_p_anonymous_namespace_compute_weight_batch_fu_247/grp_p_anonymous_namespace_compute_weight_batch_Pipeline_VITIS_LOOP_164_9_fu_1155/tmp_2_reg_15885[22]_i_3_n_0
    SLICE_X36Y222        LUT5 (Prop_D6LUT_SLICEL_I2_O)
                                                      0.152     8.993 r  kv260_rm10_recurrence_decoupled_i/vision_ffn_down_tile_0/inst/grp_p_anonymous_namespace_compute_weight_batch_fu_247/grp_p_anonymous_namespace_compute_weight_batch_Pipeline_VITIS_LOOP_164_9_fu_1155/tmp_2_reg_15885[22]_i_1/O
                         net (fo=1, routed)           0.067     9.060    kv260_rm10_recurrence_decoupled_i/vision_ffn_down_tile_0/inst/grp_p_anonymous_namespace_compute_weight_batch_fu_247/grp_p_anonymous_namespace_compute_weight_batch_Pipeline_VITIS_LOOP_164_9_fu_1155/tmp_2_reg_15885[22]_i_1_n_0
    SLICE_X36Y222        FDRE                                         r  kv260_rm10_recurrence_decoupled_i/vision_ffn_down_tile_0/inst/grp_p_anonymous_namespace_compute_weight_batch_fu_247/grp_p_anonymous_namespace_compute_weight_batch_Pipeline_VITIS_LOOP_164_9_fu_1155/tmp_2_reg_15885_reg[22]/D
  -------------------------------------------------------------------    -------------------

                         (clock clk_pl_0 rise edge)
                                                     10.000    10.000 r  
    PS8_X0Y0             PS8                          0.000    10.000 r  kv260_rm10_recurrence_decoupled_i/zynq_ultra_ps_e_0/inst/PS8_i/PLCLK[0]
                         net (fo=1, routed)           0.181    10.181    kv260_rm10_recurrence_decoupled_i/zynq_ultra_ps_e_0/inst/pl_clk_unbuffered[0]
    BUFG_PS_X0Y80        BUFG_PS (Prop_BUFG_PS_I_O)
                                                      0.035    10.216 r  kv260_rm10_recurrence_decoupled_i/zynq_ultra_ps_e_0/inst/buffer_pl_clk_0.PL_CLK_0_BUFG/O
    X1Y1 (CLOCK_ROOT)    net (fo=58126, routed)       2.673    12.889    kv260_rm10_recurrence_decoupled_i/vision_ffn_down_tile_0/inst/grp_p_anonymous_namespace_compute_weight_batch_fu_247/grp_p_anonymous_namespace_compute_weight_batch_Pipeline_VITIS_LOOP_164_9_fu_1155/ap_clk
    SLICE_X36Y222        FDRE                                         r  kv260_rm10_recurrence_decoupled_i/vision_ffn_down_tile_0/inst/grp_p_anonymous_namespace_compute_weight_batch_fu_247/grp_p_anonymous_namespace_compute_weight_batch_Pipeline_VITIS_LOOP_164_9_fu_1155/tmp_2_reg_15885_reg[22]/C
                         clock pessimism              0.192    13.081    
                         clock uncertainty           -0.130    12.951    
    SLICE_X36Y222        FDRE (Setup_DFF_SLICEL_C_D)
                                                      0.044    12.995    kv260_rm10_recurrence_decoupled_i/vision_ffn_down_tile_0/inst/grp_p_anonymous_namespace_compute_weight_batch_fu_247/grp_p_anonymous_namespace_compute_weight_batch_Pipeline_VITIS_LOOP_164_9_fu_1155/tmp_2_reg_15885_reg[22]
  -------------------------------------------------------------------
                         required time                         12.995    
                         arrival time                          -9.060    
  -------------------------------------------------------------------
                         slack                                  3.935    





Pulse Width Checks
--------------------------------------------------------------------------------------
Clock Name:         clk_pl_0
Waveform(ns):       { 0.000 5.000 }
Period(ns):         10.000
Sources:            { kv260_rm10_recurrence_decoupled_i/zynq_ultra_ps_e_0/inst/PS8_i/PLCLK[0] }

Check Type        Corner  Lib Pin          Reference Pin  Required(ns)  Actual(ns)  Slack(ns)  Location  Pin
Min Period        n/a     PS8/MAXIGP0ACLK  n/a            3.000         10.000      7.000      PS8_X0Y0  kv260_rm10_recurrence_decoupled_i/zynq_ultra_ps_e_0/inst/PS8_i/MAXIGP0ACLK
Low Pulse Width   Slow    PS8/MAXIGP0ACLK  n/a            1.500         5.000       3.500      PS8_X0Y0  kv260_rm10_recurrence_decoupled_i/zynq_ultra_ps_e_0/inst/PS8_i/MAXIGP0ACLK
High Pulse Width  Slow    PS8/MAXIGP0ACLK  n/a            1.500         5.000       3.500      PS8_X0Y0  kv260_rm10_recurrence_decoupled_i/zynq_ultra_ps_e_0/inst/PS8_i/MAXIGP0ACLK



---------------------------------------------------------------------------------------------------
Path Group:  **default**
From Clock:  clk_pl_0
  To Clock:  

Setup :            0  Failing Endpoints,  Worst Slack        9.449ns,  Total Violation        0.000ns
Hold  :           NA  Failing Endpoints,  Worst Slack           NA  ,  Total Violation           NA
---------------------------------------------------------------------------------------------------


Max Delay Paths
--------------------------------------------------------------------------------------
Slack (MET) :             9.449ns  (required time - arrival time)
  Source:                 kv260_rm10_recurrence_decoupled_i/axi_perf_mon_0/inst/GEN_Advanced_Mode.adavnced_mode_inst/mon_fifo_ext_event0_inst/USE_MON_FIFO.async_fifo_inst/XPM_ASYNC.inst/gnuram_async_fifo.xpm_fifo_base_inst/gen_cdc_pntr.rd_pntr_cdc_inst/src_gray_ff_reg[0]/C
                            (rising edge-triggered cell FDRE clocked by clk_pl_0  {rise@0.000ns fall@5.000ns period=10.000ns})
  Destination:            kv260_rm10_recurrence_decoupled_i/axi_perf_mon_0/inst/GEN_Advanced_Mode.adavnced_mode_inst/mon_fifo_ext_event0_inst/USE_MON_FIFO.async_fifo_inst/XPM_ASYNC.inst/gnuram_async_fifo.xpm_fifo_base_inst/gen_cdc_pntr.rd_pntr_cdc_inst/dest_graysync_ff_reg[0][0]/D
  Path Group:             **default**
  Path Type:              Max at Slow Process Corner
  Requirement:            10.000ns  (MaxDelay Path 10.000ns)
  Data Path Delay:        0.551ns  (logic 0.116ns (21.053%)  route 0.435ns (78.947%))
  Logic Levels:           0  
  Output Delay:           0.000ns
  Timing Exception:       MaxDelay Path 10.000ns -datapath_only

    Location             Delay type                Incr(ns)  Path(ns)    Netlist Resource(s)
  -------------------------------------------------------------------    -------------------
    SLICE_X13Y226                                     0.000     0.000 r  kv260_rm10_recurrence_decoupled_i/axi_perf_mon_0/inst/GEN_Advanced_Mode.adavnced_mode_inst/mon_fifo_ext_event0_inst/USE_MON_FIFO.async_fifo_inst/XPM_ASYNC.inst/gnuram_async_fifo.xpm_fifo_base_inst/gen_cdc_pntr.rd_pntr_cdc_inst/src_gray_ff_reg[0]/C
    SLICE_X13Y226        FDRE (Prop_DFF_SLICEM_C_Q)
                                                      0.116     0.116 r  kv260_rm10_recurrence_decoupled_i/axi_perf_mon_0/inst/GEN_Advanced_Mode.adavnced_mode_inst/mon_fifo_ext_event0_inst/USE_MON_FIFO.async_fifo_inst/XPM_ASYNC.inst/gnuram_async_fifo.xpm_fifo_base_inst/gen_cdc_pntr.rd_pntr_cdc_inst/src_gray_ff_reg[0]/Q
                         net (fo=1, routed)           0.435     0.551    kv260_rm10_recurrence_decoupled_i/axi_perf_mon_0/inst/GEN_Advanced_Mode.adavnced_mode_inst/mon_fifo_ext_event0_inst/USE_MON_FIFO.async_fifo_inst/XPM_ASYNC.inst/gnuram_async_fifo.xpm_fifo_base_inst/gen_cdc_pntr.rd_pntr_cdc_inst/async_path[0]
    SLICE_X14Y228        FDRE                                         r  kv260_rm10_recurrence_decoupled_i/axi_perf_mon_0/inst/GEN_Advanced_Mode.adavnced_mode_inst/mon_fifo_ext_event0_inst/USE_MON_FIFO.async_fifo_inst/XPM_ASYNC.inst/gnuram_async_fifo.xpm_fifo_base_inst/gen_cdc_pntr.rd_pntr_cdc_inst/dest_graysync_ff_reg[0][0]/D
  -------------------------------------------------------------------    -------------------

                         max delay                   10.000    10.000    
    SLICE_X14Y228        FDRE                         0.000    10.000    kv260_rm10_recurrence_decoupled_i/axi_perf_mon_0/inst/GEN_Advanced_Mode.adavnced_mode_inst/mon_fifo_ext_event0_inst/USE_MON_FIFO.async_fifo_inst/XPM_ASYNC.inst/gnuram_async_fifo.xpm_fifo_base_inst/gen_cdc_pntr.rd_pntr_cdc_inst/dest_graysync_ff_reg[0][0]
                         output delay                -0.000    10.000    
  -------------------------------------------------------------------
                         required time                         10.000    
                         arrival time                          -0.551    
  -------------------------------------------------------------------
                         slack                                  9.449    





--------------------------------------------------------------------------------------
Path Group:  (none)
From Clock:  
  To Clock:  clk_pl_0

Max Delay             2 Endpoints
Min Delay             0 Endpoints
--------------------------------------------------------------------------------------


Max Delay Paths
--------------------------------------------------------------------------------------
Slack:                    inf
  Source:                 kv260_rm10_recurrence_decoupled_i/zynq_ultra_ps_e_0/inst/PS8_i/EMIOGPIOO[95]
                            (internal pin)
  Destination:            kv260_rm10_recurrence_decoupled_i/axi_smc_data/inst/clk_map/psr_aclk/U0/EXT_LPF/ACTIVE_LOW_AUX.ACT_LO_AUX/GENERATE_LEVEL_P_S_CDC.SINGLE_BIT.CROSS_PLEVEL_IN2SCNDRY_IN_cdc_to/D
                            (rising edge-triggered cell FDRE clocked by clk_pl_0  {rise@0.000ns fall@5.000ns period=10.000ns})
  Path Group:             (none)
  Path Type:              Setup (Max at Slow Process Corner)
  Data Path Delay:        4.166ns  (logic 0.226ns (5.425%)  route 3.940ns (94.575%))
  Logic Levels:           1  (LUT1=1)
  Clock Uncertainty:      0.127ns  ((TSJ^2 + DJ^2)^1/2) / 2 + PE
    Total System Jitter     (TSJ):    0.050ns
    Discrete Jitter          (DJ):    0.250ns
    Phase Error              (PE):    0.000ns
  Clock Net Delay (Destination): 2.815ns (routing 1.450ns, distribution 1.365ns)
  Timing Exception:       False Path

    Location             Delay type                Incr(ns)  Path(ns)    Netlist Resource(s)
  -------------------------------------------------------------------    -------------------
    PS8_X0Y0             PS8                          0.000     0.000 f  kv260_rm10_recurrence_decoupled_i/zynq_ultra_ps_e_0/inst/PS8_i/EMIOGPIOO[95]
                         net (fo=4733, routed)        3.499     3.499    kv260_rm10_recurrence_decoupled_i/axi_smc_data/inst/clk_map/psr_aclk/U0/EXT_LPF/ACTIVE_LOW_AUX.ACT_LO_AUX/aresetn
    SLICE_X10Y102        LUT1 (Prop_A6LUT_SLICEM_I0_O)
                                                      0.226     3.725 r  kv260_rm10_recurrence_decoupled_i/axi_smc_data/inst/clk_map/psr_aclk/U0/EXT_LPF/ACTIVE_LOW_AUX.ACT_LO_AUX/GENERATE_LEVEL_P_S_CDC.SINGLE_BIT.CROSS_PLEVEL_IN2SCNDRY_IN_cdc_to_i_1/O
                         net (fo=1, routed)           0.441     4.166    kv260_rm10_recurrence_decoupled_i/axi_smc_data/inst/clk_map/psr_aclk/U0/EXT_LPF/ACTIVE_LOW_AUX.ACT_LO_AUX/asr_d1
    SLICE_X10Y102        FDRE                                         r  kv260_rm10_recurrence_decoupled_i/axi_smc_data/inst/clk_map/psr_aclk/U0/EXT_LPF/ACTIVE_LOW_AUX.ACT_LO_AUX/GENERATE_LEVEL_P_S_CDC.SINGLE_BIT.CROSS_PLEVEL_IN2SCNDRY_IN_cdc_to/D
  -------------------------------------------------------------------    -------------------

                         (clock clk_pl_0 rise edge)
                                                      0.000     0.000 r  
    PS8_X0Y0             PS8                          0.000     0.000 r  kv260_rm10_recurrence_decoupled_i/zynq_ultra_ps_e_0/inst/PS8_i/PLCLK[0]
                         net (fo=1, routed)           0.181     0.181    kv260_rm10_recurrence_decoupled_i/zynq_ultra_ps_e_0/inst/pl_clk_unbuffered[0]
    BUFG_PS_X0Y80        BUFG_PS (Prop_BUFG_PS_I_O)
                                                      0.035     0.216 r  kv260_rm10_recurrence_decoupled_i/zynq_ultra_ps_e_0/inst/buffer_pl_clk_0.PL_CLK_0_BUFG/O
    X1Y1 (CLOCK_ROOT)    net (fo=58126, routed)       2.815     3.031    kv260_rm10_recurrence_decoupled_i/axi_smc_data/inst/clk_map/psr_aclk/U0/EXT_LPF/ACTIVE_LOW_AUX.ACT_LO_AUX/aclk
    SLICE_X10Y102        FDRE                                         r  kv260_rm10_recurrence_decoupled_i/axi_smc_data/inst/clk_map/psr_aclk/U0/EXT_LPF/ACTIVE_LOW_AUX.ACT_LO_AUX/GENERATE_LEVEL_P_S_CDC.SINGLE_BIT.CROSS_PLEVEL_IN2SCNDRY_IN_cdc_to/C





--------------------------------------------------------------------------------------
Path Group:  (none)
From Clock:  clk_pl_0
  To Clock:  clk_pl_0

Max Delay           145 Endpoints
Min Delay             0 Endpoints
--------------------------------------------------------------------------------------


Max Delay Paths
--------------------------------------------------------------------------------------
Slack:                    inf
  Source:                 kv260_rm10_recurrence_decoupled_i/axi_smc_data/inst/clk_map/psr_aclk/U0/ACTIVE_LOW_BSR_OUT_DFF[0].FDRE_BSR_N/C
                            (rising edge-triggered cell FDRE clocked by clk_pl_0  {rise@0.000ns fall@5.000ns period=10.000ns})
  Destination:            <hidden>
                            (recovery check against rising-edge clock clk_pl_0  {rise@0.000ns fall@5.000ns period=10.000ns})
  Path Group:             (none)
  Path Type:              Recovery (Max at Slow Process Corner)
  Data Path Delay:        1.950ns  (logic 0.114ns (5.845%)  route 1.836ns (94.155%))
  Logic Levels:           0  
  Clock Path Skew:        -0.285ns (DCD - SCD + CPR)
    Destination Clock Delay (DCD):    3.051ns
    Source Clock Delay      (SCD):    3.336ns
    Clock Pessimism Removal (CPR):    0.000ns
  Clock Uncertainty:      0.130ns  ((TSJ^2 + DJ^2)^1/2) / 2 + PE
    Total System Jitter     (TSJ):    0.071ns
    Discrete Jitter          (DJ):    0.250ns
    Phase Error              (PE):    0.000ns
  Clock Net Delay (Source):      3.069ns (routing 1.584ns, distribution 1.485ns)
  Clock Net Delay (Destination): 2.835ns (routing 1.450ns, distribution 1.385ns)
  Timing Exception:       False Path

    Location             Delay type                Incr(ns)  Path(ns)    Netlist Resource(s)
  -------------------------------------------------------------------    -------------------
                         (clock clk_pl_0 rise edge)
                                                      0.000     0.000 r  
    PS8_X0Y0             PS8                          0.000     0.000 r  kv260_rm10_recurrence_decoupled_i/zynq_ultra_ps_e_0/inst/PS8_i/PLCLK[0]
                         net (fo=1, routed)           0.229     0.229    kv260_rm10_recurrence_decoupled_i/zynq_ultra_ps_e_0/inst/pl_clk_unbuffered[0]
    BUFG_PS_X0Y80        BUFG_PS (Prop_BUFG_PS_I_O)
                                                      0.038     0.267 r  kv260_rm10_recurrence_decoupled_i/zynq_ultra_ps_e_0/inst/buffer_pl_clk_0.PL_CLK_0_BUFG/O
    X1Y1 (CLOCK_ROOT)    net (fo=58126, routed)       3.069     3.336    kv260_rm10_recurrence_decoupled_i/axi_smc_data/inst/clk_map/psr_aclk/U0/aclk
    SLICE_X11Y100        FDRE                                         r  kv260_rm10_recurrence_decoupled_i/axi_smc_data/inst/clk_map/psr_aclk/U0/ACTIVE_LOW_BSR_OUT_DFF[0].FDRE_BSR_N/C
  -------------------------------------------------------------------    -------------------
    SLICE_X11Y100        FDRE (Prop_DFF_SLICEL_C_Q)
                                                      0.114     3.450 r  kv260_rm10_recurrence_decoupled_i/axi_smc_data/inst/clk_map/psr_aclk/U0/ACTIVE_LOW_BSR_OUT_DFF[0].FDRE_BSR_N/Q
                         net (fo=66, routed)          1.836     5.286    <hidden>
    SLICE_X8Y115         FDCE                                         f  <hidden>  (IS_INVERTED)
  -------------------------------------------------------------------    -------------------

                         (clock clk_pl_0 rise edge)
                                                      0.000     0.000 r  
    PS8_X0Y0             PS8                          0.000     0.000 r  kv260_rm10_recurrence_decoupled_i/zynq_ultra_ps_e_0/inst/PS8_i/PLCLK[0]
                         net (fo=1, routed)           0.181     0.181    kv260_rm10_recurrence_decoupled_i/zynq_ultra_ps_e_0/inst/pl_clk_unbuffered[0]
    BUFG_PS_X0Y80        BUFG_PS (Prop_BUFG_PS_I_O)
                                                      0.035     0.216 r  kv260_rm10_recurrence_decoupled_i/zynq_ultra_ps_e_0/inst/buffer_pl_clk_0.PL_CLK_0_BUFG/O
    X1Y1 (CLOCK_ROOT)    net (fo=58126, routed)       2.835     3.051    <hidden>
    SLICE_X8Y115         FDCE                                         r  <hidden>





--------------------------------------------------------------------------------------
Path Group:  (none)
From Clock:  
  To Clock:  clk_pl_0

Max Delay          9644 Endpoints
Min Delay             0 Endpoints
--------------------------------------------------------------------------------------


Max Delay Paths
--------------------------------------------------------------------------------------
Slack:                    inf
  Source:                 kv260_rm10_recurrence_decoupled_i/zynq_ultra_ps_e_0/inst/PS8_i/EMIOGPIOO[95]
                            (internal pin)
  Destination:            kv260_rm10_recurrence_decoupled_i/vision_ffn_down_tile_0/inst/gmem_x_m_axi_U/load_unit_0/buff_rdata/U_fifo_mem/mem_reg_0/ENARDEN
                            (rising edge-triggered cell RAMB36E2 clocked by clk_pl_0  {rise@0.000ns fall@5.000ns period=10.000ns})
  Path Group:             (none)
  Path Type:              Setup (Max at Slow Process Corner)
  Data Path Delay:        5.942ns  (logic 0.228ns (3.837%)  route 5.714ns (96.163%))
  Logic Levels:           1  (LUT2=1)
  Clock Uncertainty:      0.127ns  ((TSJ^2 + DJ^2)^1/2) / 2 + PE
    Total System Jitter     (TSJ):    0.050ns
    Discrete Jitter          (DJ):    0.250ns
    Phase Error              (PE):    0.000ns
  Clock Net Delay (Destination): 2.773ns (routing 1.450ns, distribution 1.323ns)

    Location             Delay type                Incr(ns)  Path(ns)    Netlist Resource(s)
  -------------------------------------------------------------------    -------------------
    PS8_X0Y0             PS8                          0.000     0.000 f  kv260_rm10_recurrence_decoupled_i/zynq_ultra_ps_e_0/inst/PS8_i/EMIOGPIOO[95]
                         net (fo=4733, routed)        4.739     4.739    kv260_rm10_recurrence_decoupled_i/vision_ffn_down_tile_0/inst/gmem_x_m_axi_U/load_unit_0/buff_rdata/U_fifo_mem/ap_rst_n
    SLICE_X37Y103        LUT2 (Prop_H6LUT_SLICEM_I1_O)
                                                      0.228     4.967 r  kv260_rm10_recurrence_decoupled_i/vision_ffn_down_tile_0/inst/gmem_x_m_axi_U/load_unit_0/buff_rdata/U_fifo_mem/mem_reg_0_i_1/O
                         net (fo=4, routed)           0.976     5.942    kv260_rm10_recurrence_decoupled_i/vision_ffn_down_tile_0/inst/gmem_x_m_axi_U/load_unit_0/buff_rdata/U_fifo_mem/mem_reg_0_i_1_n_0
    RAMB36_X1Y18         RAMB36E2                                     r  kv260_rm10_recurrence_decoupled_i/vision_ffn_down_tile_0/inst/gmem_x_m_axi_U/load_unit_0/buff_rdata/U_fifo_mem/mem_reg_0/ENARDEN
  -------------------------------------------------------------------    -------------------

                         (clock clk_pl_0 rise edge)
                                                      0.000     0.000 r  
    PS8_X0Y0             PS8                          0.000     0.000 r  kv260_rm10_recurrence_decoupled_i/zynq_ultra_ps_e_0/inst/PS8_i/PLCLK[0]
                         net (fo=1, routed)           0.181     0.181    kv260_rm10_recurrence_decoupled_i/zynq_ultra_ps_e_0/inst/pl_clk_unbuffered[0]
    BUFG_PS_X0Y80        BUFG_PS (Prop_BUFG_PS_I_O)
                                                      0.035     0.216 r  kv260_rm10_recurrence_decoupled_i/zynq_ultra_ps_e_0/inst/buffer_pl_clk_0.PL_CLK_0_BUFG/O
    X1Y1 (CLOCK_ROOT)    net (fo=58126, routed)       2.773     2.989    kv260_rm10_recurrence_decoupled_i/vision_ffn_down_tile_0/inst/gmem_x_m_axi_U/load_unit_0/buff_rdata/U_fifo_mem/ap_clk
    RAMB36_X1Y18         RAMB36E2                                     r  kv260_rm10_recurrence_decoupled_i/vision_ffn_down_tile_0/inst/gmem_x_m_axi_U/load_unit_0/buff_rdata/U_fifo_mem/mem_reg_0/CLKARDCLK





