Copyright 1986-2022 Xilinx, Inc. All Rights Reserved. Copyright 2022-2024 Advanced Micro Devices, Inc. All Rights Reserved.
---------------------------------------------------------------------------------------------------------------------------------------------------------------------
| Tool Version : Vivado v.2024.2 (lin64) Build 5239630 Fri Nov 08 22:34:34 MST 2024
| Date         : Sat Sep 26 01:43:51 2026
| Host         : zhiro-ThinkBook-16p-G5-IRX running 64-bit Ubuntu 24.04.5 LTS
| Command      : report_utilization -file /home/zhiro/research/kv260-vlm-workers/RM10-full-route/experiments/rm10_route/build/full_system/utilization_post_route.rpt
| Design       : kv260_rm10_recurrence_decoupled_wrapper
| Device       : xck26-sfvc784-2LV-c
| Speed File   : -2LV
| Design State : Routed
---------------------------------------------------------------------------------------------------------------------------------------------------------------------

Utilization Design Information

Table of Contents
-----------------
1. CLB Logic
1.1 Summary of Registers by Type
2. CLB Logic Distribution
3. BLOCKRAM
4. ARITHMETIC
5. I/O
6. CLOCK
7. ADVANCED
8. CONFIGURATION
9. Primitives
10. Black Boxes
11. Instantiated Netlists

1. CLB Logic
------------

+----------------------------+-------+-------+------------+-----------+-------+
|          Site Type         |  Used | Fixed | Prohibited | Available | Util% |
+----------------------------+-------+-------+------------+-----------+-------+
| CLB LUTs                   | 37624 |     0 |          0 |    117120 | 32.12 |
|   LUT as Logic             | 35041 |     0 |          0 |    117120 | 29.92 |
|   LUT as Memory            |  2583 |     0 |          0 |     57600 |  4.48 |
|     LUT as Distributed RAM |  1590 |     0 |            |           |       |
|     LUT as Shift Register  |   993 |     0 |            |           |       |
| CLB Registers              | 52160 |     0 |          0 |    234240 | 22.27 |
|   Register as Flip Flop    | 52160 |     0 |          0 |    234240 | 22.27 |
|   Register as Latch        |     0 |     0 |          0 |    234240 |  0.00 |
| CARRY8                     |  1250 |     0 |          0 |     14640 |  8.54 |
| F7 Muxes                   |   697 |     0 |          0 |     58560 |  1.19 |
| F8 Muxes                   |     8 |     0 |          0 |     29280 |  0.03 |
| F9 Muxes                   |     0 |     0 |          0 |     14640 |  0.00 |
+----------------------------+-------+-------+------------+-----------+-------+
* Warning! LUT value is adjusted to account for LUT combining.


1.1 Summary of Registers by Type
--------------------------------

+-------+--------------+-------------+--------------+
| Total | Clock Enable | Synchronous | Asynchronous |
+-------+--------------+-------------+--------------+
| 0     |            _ |           - |            - |
| 0     |            _ |           - |          Set |
| 0     |            _ |           - |        Reset |
| 0     |            _ |         Set |            - |
| 0     |            _ |       Reset |            - |
| 0     |          Yes |           - |            - |
| 4     |          Yes |           - |          Set |
| 141   |          Yes |           - |        Reset |
| 672   |          Yes |         Set |            - |
| 51343 |          Yes |       Reset |            - |
+-------+--------------+-------------+--------------+


2. CLB Logic Distribution
-------------------------

+--------------------------------------------+-------+-------+------------+-----------+-------+
|                  Site Type                 |  Used | Fixed | Prohibited | Available | Util% |
+--------------------------------------------+-------+-------+------------+-----------+-------+
| CLB                                        |  7812 |     0 |          0 |     14640 | 53.36 |
|   CLBL                                     |  3720 |     0 |            |           |       |
|   CLBM                                     |  4092 |     0 |            |           |       |
| LUT as Logic                               | 35041 |     0 |          0 |    117120 | 29.92 |
|   using O5 output only                     |   409 |       |            |           |       |
|   using O6 output only                     | 24666 |       |            |           |       |
|   using O5 and O6                          |  9966 |       |            |           |       |
| LUT as Memory                              |  2583 |     0 |          0 |     57600 |  4.48 |
|   LUT as Distributed RAM                   |  1590 |     0 |            |           |       |
|     using O5 output only                   |     0 |       |            |           |       |
|     using O6 output only                   |    26 |       |            |           |       |
|     using O5 and O6                        |  1564 |       |            |           |       |
|   LUT as Shift Register                    |   993 |     0 |            |           |       |
|     using O5 output only                   |     0 |       |            |           |       |
|     using O6 output only                   |   870 |       |            |           |       |
|     using O5 and O6                        |   123 |       |            |           |       |
| CLB Registers                              | 52160 |     0 |          0 |    234240 | 22.27 |
|   Register driven from within the CLB      | 23675 |       |            |           |       |
|   Register driven from outside the CLB     | 28485 |       |            |           |       |
|     LUT in front of the register is unused | 18507 |       |            |           |       |
|     LUT in front of the register is used   |  9978 |       |            |           |       |
| Unique Control Sets                        |   902 |       |          0 |     29280 |  3.08 |
+--------------------------------------------+-------+-------+------------+-----------+-------+
* * Note: Available Control Sets calculated as Slices * 2, Review the Control Sets Report for more information regarding control sets.


3. BLOCKRAM
-----------

+-------------------+------+-------+------------+-----------+-------+
|     Site Type     | Used | Fixed | Prohibited | Available | Util% |
+-------------------+------+-------+------------+-----------+-------+
| Block RAM Tile    | 18.5 |     0 |          0 |       144 | 12.85 |
|   RAMB36/FIFO*    |   10 |     0 |          0 |       144 |  6.94 |
|     RAMB36E2 only |   10 |       |            |           |       |
|   RAMB18          |   17 |     0 |          0 |       288 |  5.90 |
|     RAMB18E2 only |   17 |       |            |           |       |
| URAM              |   40 |     0 |          0 |        64 | 62.50 |
+-------------------+------+-------+------------+-----------+-------+
* Note: Each Block RAM Tile only has one FIFO logic available and therefore can accommodate only one FIFO36E2 or one FIFO18E2. However, if a FIFO18E2 occupies a Block RAM Tile, that tile can still accommodate a RAMB18E2


4. ARITHMETIC
-------------

+----------------+------+-------+------------+-----------+-------+
|    Site Type   | Used | Fixed | Prohibited | Available | Util% |
+----------------+------+-------+------------+-----------+-------+
| DSPs           |  323 |     0 |          0 |      1248 | 25.88 |
|   DSP48E2 only |  323 |       |            |           |       |
+----------------+------+-------+------------+-----------+-------+


5. I/O
------

+------------------+------+-------+------------+-----------+-------+
|     Site Type    | Used | Fixed | Prohibited | Available | Util% |
+------------------+------+-------+------------+-----------+-------+
| Bonded IOB       |    1 |     1 |          0 |       189 |  0.53 |
| HPIOB_M          |    0 |     0 |          0 |        58 |  0.00 |
| HPIOB_S          |    0 |     0 |          0 |        58 |  0.00 |
| HDIOB_M          |    1 |     1 |          0 |        35 |  2.86 |
|   INPUT          |    0 |       |            |           |       |
|   OUTPUT         |    1 |       |            |           |       |
|   BIDIR          |    0 |       |            |           |       |
| HDIOB_S          |    0 |     0 |          0 |        35 |  0.00 |
| HPIOB_SNGL       |    0 |     0 |          0 |         3 |  0.00 |
| HPIOBDIFFINBUF   |    0 |     0 |          0 |        82 |  0.00 |
| HPIOBDIFFOUTBUF  |    0 |     0 |          0 |        82 |  0.00 |
| HDIOBDIFFINBUF   |    0 |     0 |          0 |        35 |  0.00 |
| BITSLICE_CONTROL |    0 |     0 |          0 |        32 |  0.00 |
| BITSLICE_RX_TX   |    0 |     0 |          0 |      1248 |  0.00 |
| BITSLICE_TX      |    0 |     0 |          0 |        32 |  0.00 |
| RIU_OR           |    0 |     0 |          0 |        16 |  0.00 |
+------------------+------+-------+------------+-----------+-------+


6. CLOCK
--------

+------------+------+-------+------------+-----------+-------+
|  Site Type | Used | Fixed | Prohibited | Available | Util% |
+------------+------+-------+------------+-----------+-------+
| BUFGCE     |    1 |     0 |          0 |       112 |  0.89 |
| BUFGCE_DIV |    0 |     0 |          0 |        16 |  0.00 |
| BUFG_GT    |    0 |     0 |          0 |        96 |  0.00 |
| BUFG_PS    |    1 |     0 |          0 |        96 |  1.04 |
| BUFGCTRL*  |    0 |     0 |          0 |        32 |  0.00 |
| PLL        |    0 |     0 |          0 |         8 |  0.00 |
| MMCM       |    0 |     0 |          0 |         4 |  0.00 |
+------------+------+-------+------------+-----------+-------+
* Note: Each used BUFGCTRL counts as two GLOBAL CLOCK BUFFERs. This table does not include global clocking resources, only buffer cell usage. See the Clock Utilization Report (report_clock_utilization) for detailed accounting of global clocking resource availability.


7. ADVANCED
-----------

+-----------------+------+-------+------------+-----------+--------+
|    Site Type    | Used | Fixed | Prohibited | Available |  Util% |
+-----------------+------+-------+------------+-----------+--------+
| GTHE4_CHANNEL   |    0 |     0 |          0 |         4 |   0.00 |
| GTHE4_COMMON    |    0 |     0 |          0 |         1 |   0.00 |
| OBUFDS_GTE4     |    0 |     0 |          0 |         2 |   0.00 |
| OBUFDS_GTE4_ADV |    0 |     0 |          0 |         2 |   0.00 |
| PCIE40E4        |    0 |     0 |          0 |         2 |   0.00 |
| PS8             |    1 |     0 |          0 |         1 | 100.00 |
| SYSMONE4        |    0 |     0 |          0 |         1 |   0.00 |
| VCU             |    0 |     0 |          0 |         1 |   0.00 |
+-----------------+------+-------+------------+-----------+--------+


8. CONFIGURATION
----------------

+-------------+------+-------+------------+-----------+-------+
|  Site Type  | Used | Fixed | Prohibited | Available | Util% |
+-------------+------+-------+------------+-----------+-------+
| BSCANE2     |    0 |     0 |          0 |         4 |  0.00 |
| DNA_PORTE2  |    0 |     0 |          0 |         1 |  0.00 |
| EFUSE_USR   |    0 |     0 |          0 |         1 |  0.00 |
| FRAME_ECCE4 |    0 |     0 |          0 |         1 |  0.00 |
| ICAPE3      |    0 |     0 |          0 |         2 |  0.00 |
| MASTER_JTAG |    0 |     0 |          0 |         1 |  0.00 |
| STARTUPE3   |    0 |     0 |          0 |         1 |  0.00 |
+-------------+------+-------+------------+-----------+-------+


9. Primitives
-------------

+----------+-------+---------------------+
| Ref Name |  Used | Functional Category |
+----------+-------+---------------------+
| FDRE     | 51343 |            Register |
| LUT6     | 13309 |                 CLB |
| LUT3     | 10550 |                 CLB |
| LUT5     |  7642 |                 CLB |
| LUT4     |  7503 |                 CLB |
| LUT2     |  5538 |                 CLB |
| RAMD32   |  2744 |                 CLB |
| CARRY8   |  1250 |                 CLB |
| MUXF7    |   697 |                 CLB |
| FDSE     |   672 |            Register |
| SRLC32E  |   581 |                 CLB |
| SRL16E   |   535 |                 CLB |
| LUT1     |   465 |                 CLB |
| RAMS32   |   410 |                 CLB |
| DSP48E2  |   323 |          Arithmetic |
| FDCE     |   141 |            Register |
| URAM288  |    40 |            BLOCKRAM |
| RAMB18E2 |    17 |            BLOCKRAM |
| RAMB36E2 |    10 |            BLOCKRAM |
| MUXF8    |     8 |                 CLB |
| FDPE     |     4 |            Register |
| PS8      |     1 |            Advanced |
| OBUF     |     1 |                 I/O |
| BUFG_PS  |     1 |               Clock |
| BUFGCE   |     1 |               Clock |
+----------+-------+---------------------+


10. Black Boxes
---------------

+----------+------+
| Ref Name | Used |
+----------+------+


11. Instantiated Netlists
-------------------------

+----------------------------------------------------------+------+
|                         Ref Name                         | Used |
+----------------------------------------------------------+------+
| kv260_rm10_recurrence_decoupled_zynq_ultra_ps_e_0_0      |    1 |
| kv260_rm10_recurrence_decoupled_vision_ffn_down_tile_0_0 |    1 |
| kv260_rm10_recurrence_decoupled_axi_smc_data_0           |    1 |
| kv260_rm10_recurrence_decoupled_axi_smc_control_0        |    1 |
| kv260_rm10_recurrence_decoupled_axi_perf_mon_0_0         |    1 |
+----------------------------------------------------------+------+


