

================================================================
== Vitis HLS Report for 'vision_gemm'
================================================================
* Date:           Thu Sep 24 16:34:02 2026

* Version:        2024.2 (Build 5238294 on Nov  8 2024)
* Project:        project
* Solution:       solution1 (Vivado IP Flow Target)
* Product family: zynquplus
* Target device:  xck26-sfvc784-2LV-c


================================================================
== Performance Estimates
================================================================
+ Timing: 
    * Summary: 
    +--------+---------+----------+------------+
    |  Clock |  Target | Estimated| Uncertainty|
    +--------+---------+----------+------------+
    |ap_clk  |  5.00 ns|  4.045 ns|     1.35 ns|
    +--------+---------+----------+------------+

+ Latency: 
    * Summary: 
    +-----------+-----------+-----------+-----------+-----------+-----------+---------+
    |    Latency (cycles)   |   Latency (absolute)  |        Interval       | Pipeline|
    |    min    |    max    |    min    |    max    |    min    |    max    |   Type  |
    +-----------+-----------+-----------+-----------+-----------+-----------+---------+
    |  482172482|  482172482|  2.411 sec|  2.411 sec|  482172483|  482172483|       no|
    +-----------+-----------+-----------+-----------+-----------+-----------+---------+

    + Detail: 
        * Instance: 
        +----------------------------------------------------------------------+----------------------------------------------------------+---------+---------+-----------+-----------+-------+-------+------------------------------------------------+
        |                                                                      |                                                          |  Latency (cycles) |   Latency (absolute)  |    Interval   |                    Pipeline                    |
        |                               Instance                               |                          Module                          |   min   |   max   |    min    |    max    |  min  |  max  |                      Type                      |
        +----------------------------------------------------------------------+----------------------------------------------------------+---------+---------+-----------+-----------+-------+-------+------------------------------------------------+
        |grp_vision_gemm_Pipeline_VITIS_LOOP_63_1_VITIS_LOOP_64_2_fu_1580      |vision_gemm_Pipeline_VITIS_LOOP_63_1_VITIS_LOOP_64_2      |     8612|     8612|  43.060 us|  43.060 us|   8609|   8609|  loop auto-rewind stp (delay=0 clock cycles(s))|
        |grp_vision_gemm_Pipeline_VITIS_LOOP_70_3_VITIS_LOOP_71_4_fu_1589      |vision_gemm_Pipeline_VITIS_LOOP_70_3_VITIS_LOOP_71_4      |    17220|    17220|  86.100 us|  86.100 us|  17217|  17217|  loop auto-rewind stp (delay=0 clock cycles(s))|
        |grp_vision_gemm_Pipeline_VITIS_LOOP_189_17_VITIS_LOOP_190_18_fu_1604  |vision_gemm_Pipeline_VITIS_LOOP_189_17_VITIS_LOOP_190_18  |       73|       73|   0.365 us|   0.365 us|     65|     65|  loop auto-rewind stp (delay=0 clock cycles(s))|
        |grp_vision_gemm_Pipeline_VITIS_LOOP_147_10_fu_1629                    |vision_gemm_Pipeline_VITIS_LOOP_147_10                    |     5395|     5395|  26.975 us|  26.975 us|   5385|   5385|  loop auto-rewind stp (delay=0 clock cycles(s))|
        +----------------------------------------------------------------------+----------------------------------------------------------+---------+---------+-----------+-----------+-------+-------+------------------------------------------------+

        * Loop: 
        +------------------------+-----------+-----------+----------+-----------+-----------+------+----------+
        |                        |    Latency (cycles)   | Iteration|  Initiation Interval  | Trip |          |
        |        Loop Name       |    min    |    max    |  Latency |  achieved |   target  | Count| Pipelined|
        +------------------------+-----------+-----------+----------+-----------+-----------+------+----------+
        |- VITIS_LOOP_216_1      |  482172481|  482172481|   6696840|          -|          -|    72|        no|
        | + VITIS_LOOP_217_2     |    6696830|    6696830|    191338|          -|          -|    35|        no|
        |  ++ VITIS_LOOP_80_5    |     174032|     174032|     21754|          -|          -|     8|        no|
        |   +++ VITIS_LOOP_81_6  |      21752|      21752|      5438|          -|          -|     4|        no|
        +------------------------+-----------+-----------+----------+-----------+-----------+------+----------+



================================================================
== Utilization Estimates
================================================================
* Summary: 
+-----------------+---------+------+--------+--------+-----+
|       Name      | BRAM_18K|  DSP |   FF   |   LUT  | URAM|
+-----------------+---------+------+--------+--------+-----+
|DSP              |        -|     -|       -|       -|    -|
|Expression       |        -|     -|       0|     210|    -|
|FIFO             |        -|     -|       -|       -|    -|
|Instance         |       38|    69|   21660|   23505|    0|
|Memory           |       16|     -|       0|       0|   40|
|Multiplexer      |        -|     -|       0|    3051|    -|
|Register         |        -|     -|    1392|       -|    -|
+-----------------+---------+------+--------+--------+-----+
|Total            |       54|    69|   23052|   26766|   40|
+-----------------+---------+------+--------+--------+-----+
|Available        |      288|  1248|  234240|  117120|   64|
+-----------------+---------+------+--------+--------+-----+
|Utilization (%)  |       18|     5|       9|      22|   62|
+-----------------+---------+------+--------+--------+-----+

+ Detail: 
    * Instance: 
    +----------------------------------------------------------------------+----------------------------------------------------------+---------+----+-------+-------+-----+
    |                               Instance                               |                          Module                          | BRAM_18K| DSP|   FF  |  LUT  | URAM|
    +----------------------------------------------------------------------+----------------------------------------------------------+---------+----+-------+-------+-----+
    |control_s_axi_U                                                       |control_s_axi                                             |        0|   0|    246|    424|    0|
    |fadd_32ns_32ns_32_8_full_dsp_1_U194                                   |fadd_32ns_32ns_32_8_full_dsp_1                            |        0|   2|    296|    239|    0|
    |fadd_32ns_32ns_32_8_full_dsp_1_U195                                   |fadd_32ns_32ns_32_8_full_dsp_1                            |        0|   2|    296|    239|    0|
    |fadd_32ns_32ns_32_8_full_dsp_1_U196                                   |fadd_32ns_32ns_32_8_full_dsp_1                            |        0|   2|    296|    239|    0|
    |fadd_32ns_32ns_32_8_full_dsp_1_U197                                   |fadd_32ns_32ns_32_8_full_dsp_1                            |        0|   2|    296|    239|    0|
    |fadd_32ns_32ns_32_8_full_dsp_1_U198                                   |fadd_32ns_32ns_32_8_full_dsp_1                            |        0|   2|    296|    239|    0|
    |fadd_32ns_32ns_32_8_full_dsp_1_U199                                   |fadd_32ns_32ns_32_8_full_dsp_1                            |        0|   2|    296|    239|    0|
    |fadd_32ns_32ns_32_8_full_dsp_1_U200                                   |fadd_32ns_32ns_32_8_full_dsp_1                            |        0|   2|    296|    239|    0|
    |fadd_32ns_32ns_32_8_full_dsp_1_U201                                   |fadd_32ns_32ns_32_8_full_dsp_1                            |        0|   2|    296|    239|    0|
    |fadd_32ns_32ns_32_8_full_dsp_1_U202                                   |fadd_32ns_32ns_32_8_full_dsp_1                            |        0|   2|    296|    239|    0|
    |fadd_32ns_32ns_32_8_full_dsp_1_U203                                   |fadd_32ns_32ns_32_8_full_dsp_1                            |        0|   2|    296|    239|    0|
    |fadd_32ns_32ns_32_8_full_dsp_1_U204                                   |fadd_32ns_32ns_32_8_full_dsp_1                            |        0|   2|    296|    239|    0|
    |fadd_32ns_32ns_32_8_full_dsp_1_U205                                   |fadd_32ns_32ns_32_8_full_dsp_1                            |        0|   2|    296|    239|    0|
    |fadd_32ns_32ns_32_8_full_dsp_1_U206                                   |fadd_32ns_32ns_32_8_full_dsp_1                            |        0|   2|    296|    239|    0|
    |fadd_32ns_32ns_32_8_full_dsp_1_U207                                   |fadd_32ns_32ns_32_8_full_dsp_1                            |        0|   2|    296|    239|    0|
    |gmem_w_m_axi_U                                                        |gmem_w_m_axi                                              |        8|   0|    776|    849|    0|
    |gmem_x_m_axi_U                                                        |gmem_x_m_axi                                              |       15|   0|   1044|   1114|    0|
    |gmem_y_m_axi_U                                                        |gmem_y_m_axi                                              |       15|   0|   1038|   1104|    0|
    |mul_2ns_11ns_11_1_1_U209                                              |mul_2ns_11ns_11_1_1                                       |        0|   0|      0|      5|    0|
    |mul_3ns_11ns_12_1_1_U208                                              |mul_3ns_11ns_12_1_1                                       |        0|   0|      0|      5|    0|
    |grp_vision_gemm_Pipeline_VITIS_LOOP_147_10_fu_1629                    |vision_gemm_Pipeline_VITIS_LOOP_147_10                    |        0|  39|  12834|  15557|    0|
    |grp_vision_gemm_Pipeline_VITIS_LOOP_189_17_VITIS_LOOP_190_18_fu_1604  |vision_gemm_Pipeline_VITIS_LOOP_189_17_VITIS_LOOP_190_18  |        0|   0|    948|    657|    0|
    |grp_vision_gemm_Pipeline_VITIS_LOOP_63_1_VITIS_LOOP_64_2_fu_1580      |vision_gemm_Pipeline_VITIS_LOOP_63_1_VITIS_LOOP_64_2      |        0|   1|    249|    220|    0|
    |grp_vision_gemm_Pipeline_VITIS_LOOP_70_3_VITIS_LOOP_71_4_fu_1589      |vision_gemm_Pipeline_VITIS_LOOP_70_3_VITIS_LOOP_71_4      |        0|   1|    381|    224|    0|
    +----------------------------------------------------------------------+----------------------------------------------------------+---------+----+-------+-------+-----+
    |Total                                                                 |                                                          |       38|  69|  21660|  23505|    0|
    +----------------------------------------------------------------------+----------------------------------------------------------+---------+----+-------+-------+-----+

    * DSP: 
    N/A

    * Memory: 
    +---------------------+----------------------------------+---------+---+----+-----+------+-----+------+-------------+
    |        Memory       |              Module              | BRAM_18K| FF| LUT| URAM| Words| Bits| Banks| W*Bits*Banks|
    +---------------------+----------------------------------+---------+---+----+-----+------+-----+------+-------------+
    |activation_tile_U    |activation_tile_RAM_2P_URAM_1R1W  |        0|  0|   0|    4|  2152|  256|     1|       550912|
    |activation_tile_1_U  |activation_tile_RAM_2P_URAM_1R1W  |        0|  0|   0|    4|  2152|  256|     1|       550912|
    |activation_tile_2_U  |activation_tile_RAM_2P_URAM_1R1W  |        0|  0|   0|    4|  2152|  256|     1|       550912|
    |activation_tile_3_U  |activation_tile_RAM_2P_URAM_1R1W  |        0|  0|   0|    4|  2152|  256|     1|       550912|
    |activation_tile_4_U  |activation_tile_RAM_2P_URAM_1R1W  |        0|  0|   0|    4|  2152|  256|     1|       550912|
    |activation_tile_5_U  |activation_tile_RAM_2P_URAM_1R1W  |        0|  0|   0|    4|  2152|  256|     1|       550912|
    |activation_tile_6_U  |activation_tile_RAM_2P_URAM_1R1W  |        0|  0|   0|    4|  2152|  256|     1|       550912|
    |activation_tile_7_U  |activation_tile_RAM_2P_URAM_1R1W  |        0|  0|   0|    4|  2152|  256|     1|       550912|
    |result_tile_U        |result_tile_RAM_2P_BRAM_1R1W      |        1|  0|   0|    0|    32|   32|     1|         1024|
    |result_tile_1_U      |result_tile_RAM_2P_BRAM_1R1W      |        1|  0|   0|    0|    32|   32|     1|         1024|
    |result_tile_2_U      |result_tile_RAM_2P_BRAM_1R1W      |        1|  0|   0|    0|    32|   32|     1|         1024|
    |result_tile_3_U      |result_tile_RAM_2P_BRAM_1R1W      |        1|  0|   0|    0|    32|   32|     1|         1024|
    |result_tile_4_U      |result_tile_RAM_2P_BRAM_1R1W      |        1|  0|   0|    0|    32|   32|     1|         1024|
    |result_tile_5_U      |result_tile_RAM_2P_BRAM_1R1W      |        1|  0|   0|    0|    32|   32|     1|         1024|
    |result_tile_6_U      |result_tile_RAM_2P_BRAM_1R1W      |        1|  0|   0|    0|    32|   32|     1|         1024|
    |result_tile_7_U      |result_tile_RAM_2P_BRAM_1R1W      |        1|  0|   0|    0|    32|   32|     1|         1024|
    |result_tile_8_U      |result_tile_RAM_2P_BRAM_1R1W      |        1|  0|   0|    0|    32|   32|     1|         1024|
    |result_tile_9_U      |result_tile_RAM_2P_BRAM_1R1W      |        1|  0|   0|    0|    32|   32|     1|         1024|
    |result_tile_10_U     |result_tile_RAM_2P_BRAM_1R1W      |        1|  0|   0|    0|    32|   32|     1|         1024|
    |result_tile_11_U     |result_tile_RAM_2P_BRAM_1R1W      |        1|  0|   0|    0|    32|   32|     1|         1024|
    |result_tile_12_U     |result_tile_RAM_2P_BRAM_1R1W      |        1|  0|   0|    0|    32|   32|     1|         1024|
    |result_tile_13_U     |result_tile_RAM_2P_BRAM_1R1W      |        1|  0|   0|    0|    32|   32|     1|         1024|
    |result_tile_14_U     |result_tile_RAM_2P_BRAM_1R1W      |        1|  0|   0|    0|    32|   32|     1|         1024|
    |result_tile_15_U     |result_tile_RAM_2P_BRAM_1R1W      |        1|  0|   0|    0|    32|   32|     1|         1024|
    |weight_tile_U        |weight_tile_RAM_2P_URAM_1R1W      |        0|  0|   0|    4|  4304|  128|     1|       550912|
    |weight_tile_1_U      |weight_tile_RAM_2P_URAM_1R1W      |        0|  0|   0|    4|  4304|  128|     1|       550912|
    +---------------------+----------------------------------+---------+---+----+-----+------+-----+------+-------------+
    |Total                |                                  |       16|  0|   0|   40| 26336| 2816|    26|      5525504|
    +---------------------+----------------------------------+---------+---+----+-----+------+-----+------+-------------+

    * FIFO: 
    N/A

    * Expression: 
    +----------------------------------+----------+----+---+----+------------+------------+
    |           Variable Name          | Operation| DSP| FF| LUT| Bitwidth P0| Bitwidth P1|
    +----------------------------------+----------+----+---+----+------------+------------+
    |add_ln189_fu_2139_p2              |         +|   0|  0|  25|          18|          18|
    |add_ln216_1_fu_2027_p2            |         +|   0|  0|  14|           7|           1|
    |add_ln216_2_fu_2021_p2            |         +|   0|  0|  31|          24|          18|
    |add_ln216_fu_2036_p2              |         +|   0|  0|  71|          64|          64|
    |add_ln217_fu_2073_p2              |         +|   0|  0|  13|           6|           1|
    |add_ln80_fu_2174_p2               |         +|   0|  0|  12|           5|           2|
    |add_ln81_fu_2680_p2               |         +|   0|  0|  13|           6|           4|
    |ap_block_state3_io                |       and|   0|  0|   2|           1|           1|
    |icmp_ln216_fu_2012_p2             |      icmp|   0|  0|  14|           7|           7|
    |icmp_ln217_fu_2067_p2             |      icmp|   0|  0|  13|           6|           6|
    |ap_block_state21_on_subcall_done  |        or|   0|  0|   2|           1|           1|
    +----------------------------------+----------+----+---+----+------------+------------+
    |Total                             |          |   0|  0| 210|         145|         123|
    +----------------------------------+----------+----+---+----+------------+------------+

    * Multiplexer: 
    +-------------------------------+-----+-----------+-----+-----------+
    |              Name             | LUT | Input Size| Bits| Total Bits|
    +-------------------------------+-----+-----------+-----+-----------+
    |activation_tile_1_ce0          |    9|          2|    1|          2|
    |activation_tile_1_ce1          |    9|          2|    1|          2|
    |activation_tile_1_we1          |    9|          2|    1|          2|
    |activation_tile_2_ce0          |    9|          2|    1|          2|
    |activation_tile_2_ce1          |    9|          2|    1|          2|
    |activation_tile_2_we1          |    9|          2|    1|          2|
    |activation_tile_3_ce0          |    9|          2|    1|          2|
    |activation_tile_3_ce1          |    9|          2|    1|          2|
    |activation_tile_3_we1          |    9|          2|    1|          2|
    |activation_tile_4_ce0          |    9|          2|    1|          2|
    |activation_tile_4_ce1          |    9|          2|    1|          2|
    |activation_tile_4_we1          |    9|          2|    1|          2|
    |activation_tile_5_ce0          |    9|          2|    1|          2|
    |activation_tile_5_ce1          |    9|          2|    1|          2|
    |activation_tile_5_we1          |    9|          2|    1|          2|
    |activation_tile_6_ce0          |    9|          2|    1|          2|
    |activation_tile_6_ce1          |    9|          2|    1|          2|
    |activation_tile_6_we1          |    9|          2|    1|          2|
    |activation_tile_7_ce0          |    9|          2|    1|          2|
    |activation_tile_7_ce1          |    9|          2|    1|          2|
    |activation_tile_7_we1          |    9|          2|    1|          2|
    |activation_tile_ce0            |    9|          2|    1|          2|
    |activation_tile_ce1            |    9|          2|    1|          2|
    |activation_tile_we1            |    9|          2|    1|          2|
    |ap_NS_fsm                      |  307|         67|    1|         67|
    |gmem_w_0_ARADDR                |   14|          3|   64|        192|
    |gmem_w_0_ARLEN                 |   14|          3|   32|         96|
    |gmem_w_0_ARVALID               |   14|          3|    1|          3|
    |gmem_w_0_RREADY                |    9|          2|    1|          2|
    |gmem_w_blk_n_AR                |    9|          2|    1|          2|
    |gmem_x_0_ARADDR                |   14|          3|   64|        192|
    |gmem_x_0_ARLEN                 |   14|          3|   32|         96|
    |gmem_x_0_ARVALID               |   14|          3|    1|          3|
    |gmem_x_0_RREADY                |    9|          2|    1|          2|
    |gmem_x_blk_n_AR                |    9|          2|    1|          2|
    |gmem_y_0_AWVALID               |    9|          2|    1|          2|
    |gmem_y_0_BREADY                |    9|          2|    1|          2|
    |gmem_y_0_WVALID                |    9|          2|    1|          2|
    |grp_fu_1709_p0                 |   26|          5|   32|        160|
    |grp_fu_1709_p1                 |   43|          8|   32|        256|
    |grp_fu_1714_p0                 |   26|          5|   32|        160|
    |grp_fu_1714_p1                 |   43|          8|   32|        256|
    |grp_fu_1719_p0                 |   14|          3|   32|         96|
    |grp_fu_1719_p1                 |   26|          5|   32|        160|
    |grp_fu_1724_p0                 |   14|          3|   32|         96|
    |grp_fu_1724_p1                 |   26|          5|   32|        160|
    |grp_fu_1729_p0                 |   14|          3|   32|         96|
    |grp_fu_1729_p1                 |   26|          5|   32|        160|
    |grp_fu_1734_p0                 |   14|          3|   32|         96|
    |grp_fu_1734_p1                 |   26|          5|   32|        160|
    |grp_fu_1739_p0                 |   14|          3|   32|         96|
    |grp_fu_1739_p1                 |   26|          5|   32|        160|
    |grp_fu_1744_p0                 |   14|          3|   32|         96|
    |grp_fu_1744_p1                 |   26|          5|   32|        160|
    |grp_fu_1749_p0                 |   14|          3|   32|         96|
    |grp_fu_1749_p1                 |   26|          5|   32|        160|
    |grp_fu_1754_p0                 |   14|          3|   32|         96|
    |grp_fu_1754_p1                 |   26|          5|   32|        160|
    |grp_fu_1759_p0                 |   14|          3|   32|         96|
    |grp_fu_1759_p1                 |   26|          5|   32|        160|
    |grp_fu_1764_p0                 |   14|          3|   32|         96|
    |grp_fu_1764_p1                 |   26|          5|   32|        160|
    |grp_fu_1769_p0                 |   14|          3|   32|         96|
    |grp_fu_1769_p1                 |   26|          5|   32|        160|
    |grp_fu_1774_p0                 |   14|          3|   32|         96|
    |grp_fu_1774_p1                 |   26|          5|   32|        160|
    |indvar5_reg_1544               |    9|          2|    6|         12|
    |indvar_fu_220                  |    9|          2|    7|         14|
    |mb_reg_1556                    |    9|          2|    5|         10|
    |nb_reg_1568                    |    9|          2|    6|         12|
    |phi_mul_fu_216                 |    9|          2|   24|         48|
    |result_tile_10_address1_local  |   49|          9|    5|         45|
    |result_tile_10_ce0             |    9|          2|    1|          2|
    |result_tile_10_d1_local        |   43|          8|   32|        256|
    |result_tile_11_address1_local  |   49|          9|    5|         45|
    |result_tile_11_ce0             |    9|          2|    1|          2|
    |result_tile_11_d1_local        |   49|          9|   32|        288|
    |result_tile_12_address1_local  |   49|          9|    5|         45|
    |result_tile_12_ce0             |    9|          2|    1|          2|
    |result_tile_12_d1_local        |   43|          8|   32|        256|
    |result_tile_13_address1_local  |   49|          9|    5|         45|
    |result_tile_13_ce0             |    9|          2|    1|          2|
    |result_tile_13_d1_local        |   49|          9|   32|        288|
    |result_tile_14_address1_local  |   49|          9|    5|         45|
    |result_tile_14_ce0             |    9|          2|    1|          2|
    |result_tile_14_d1_local        |   43|          8|   32|        256|
    |result_tile_15_address1_local  |   49|          9|    5|         45|
    |result_tile_15_ce0             |    9|          2|    1|          2|
    |result_tile_15_d1_local        |   49|          9|   32|        288|
    |result_tile_1_address1_local   |   49|          9|    5|         45|
    |result_tile_1_ce0              |    9|          2|    1|          2|
    |result_tile_1_d1_local         |   49|          9|   32|        288|
    |result_tile_2_address1_local   |   49|          9|    5|         45|
    |result_tile_2_ce0              |    9|          2|    1|          2|
    |result_tile_2_d1_local         |   43|          8|   32|        256|
    |result_tile_3_address1_local   |   49|          9|    5|         45|
    |result_tile_3_ce0              |    9|          2|    1|          2|
    |result_tile_3_d1_local         |   49|          9|   32|        288|
    |result_tile_4_address1_local   |   49|          9|    5|         45|
    |result_tile_4_ce0              |    9|          2|    1|          2|
    |result_tile_4_d1_local         |   43|          8|   32|        256|
    |result_tile_5_address1_local   |   49|          9|    5|         45|
    |result_tile_5_ce0              |    9|          2|    1|          2|
    |result_tile_5_d1_local         |   49|          9|   32|        288|
    |result_tile_6_address1_local   |   49|          9|    5|         45|
    |result_tile_6_ce0              |    9|          2|    1|          2|
    |result_tile_6_d1_local         |   43|          8|   32|        256|
    |result_tile_7_address1_local   |   49|          9|    5|         45|
    |result_tile_7_ce0              |    9|          2|    1|          2|
    |result_tile_7_d1_local         |   49|          9|   32|        288|
    |result_tile_8_address1_local   |   49|          9|    5|         45|
    |result_tile_8_ce0              |    9|          2|    1|          2|
    |result_tile_8_d1_local         |   43|          8|   32|        256|
    |result_tile_9_address1_local   |   49|          9|    5|         45|
    |result_tile_9_ce0              |    9|          2|    1|          2|
    |result_tile_9_d1_local         |   49|          9|   32|        288|
    |result_tile_address1_local     |   49|          9|    5|         45|
    |result_tile_ce0                |    9|          2|    1|          2|
    |result_tile_d1_local           |   43|          8|   32|        256|
    |weight_tile_1_ce0              |    9|          2|    1|          2|
    |weight_tile_1_ce1              |    9|          2|    1|          2|
    |weight_tile_1_we1              |    9|          2|    1|          2|
    |weight_tile_ce0                |    9|          2|    1|          2|
    |weight_tile_ce1                |    9|          2|    1|          2|
    |weight_tile_we1                |    9|          2|    1|          2|
    +-------------------------------+-----+-----------+-----+-----------+
    |Total                          | 3051|        603| 1784|       9827|
    +-------------------------------+-----+-----------+-----+-----------+

    * Register: 
    +-----------------------------------------------------------------------------------+----+----+-----+-----------+
    |                                        Name                                       | FF | LUT| Bits| Const Bits|
    +-----------------------------------------------------------------------------------+----+----+-----+-----------+
    |add_ln189_reg_3157                                                                 |   9|   0|   18|          9|
    |add_ln216_1_reg_3116                                                               |   7|   0|    7|          0|
    |add_ln216_2_reg_3111                                                               |  24|   0|   24|          0|
    |add_ln217_reg_3140                                                                 |   6|   0|    6|          0|
    |ap_CS_fsm                                                                          |  66|   0|   66|          0|
    |gmem_w_addr_reg_3132                                                               |  64|   0|   64|          0|
    |gmem_x_addr_reg_3099                                                               |  64|   0|   64|          0|
    |grp_vision_gemm_Pipeline_VITIS_LOOP_147_10_fu_1629_ap_start_reg                    |   1|   0|    1|          0|
    |grp_vision_gemm_Pipeline_VITIS_LOOP_189_17_VITIS_LOOP_190_18_fu_1604_ap_start_reg  |   1|   0|    1|          0|
    |grp_vision_gemm_Pipeline_VITIS_LOOP_63_1_VITIS_LOOP_64_2_fu_1580_ap_start_reg      |   1|   0|    1|          0|
    |grp_vision_gemm_Pipeline_VITIS_LOOP_70_3_VITIS_LOOP_71_4_fu_1589_ap_start_reg      |   1|   0|    1|          0|
    |icmp_ln216_reg_3107                                                                |   1|   0|    1|          0|
    |indvar5_reg_1544                                                                   |   6|   0|    6|          0|
    |indvar_fu_220                                                                      |   7|   0|    7|          0|
    |mb_reg_1556                                                                        |   5|   0|    5|          0|
    |mul_ln147_reg_3173                                                                 |  11|   0|   11|          0|
    |mul_ln160_reg_3152                                                                 |  12|   0|   12|          0|
    |nb_reg_1568                                                                        |   6|   0|    6|          0|
    |output_f32_packed_read_reg_2700                                                    |  64|   0|   64|          0|
    |p_cast1_reg_3121                                                                   |  60|   0|   60|          0|
    |p_cast_reg_3094                                                                    |  59|   0|   59|          0|
    |phi_mul_fu_216                                                                     |  24|   0|   24|          0|
    |reg_1779                                                                           |  32|   0|   32|          0|
    |reg_1792                                                                           |  32|   0|   32|          0|
    |reg_1813                                                                           |  32|   0|   32|          0|
    |reg_1818                                                                           |  32|   0|   32|          0|
    |reg_1823                                                                           |  32|   0|   32|          0|
    |reg_1836                                                                           |  32|   0|   32|          0|
    |reg_1849                                                                           |  32|   0|   32|          0|
    |reg_1862                                                                           |  32|   0|   32|          0|
    |reg_1875                                                                           |  32|   0|   32|          0|
    |reg_1888                                                                           |  32|   0|   32|          0|
    |reg_1901                                                                           |  32|   0|   32|          0|
    |reg_1914                                                                           |  32|   0|   32|          0|
    |reg_1927                                                                           |  32|   0|   32|          0|
    |reg_1940                                                                           |  32|   0|   32|          0|
    |reg_1953                                                                           |  32|   0|   32|          0|
    |reg_1966                                                                           |  32|   0|   32|          0|
    |result_tile_10_addr_1_reg_3400                                                     |   4|   0|    5|          1|
    |result_tile_10_addr_2_reg_3440                                                     |   3|   0|    5|          2|
    |result_tile_10_addr_3_reg_3480                                                     |   3|   0|    5|          2|
    |result_tile_10_addr_4_reg_3520                                                     |   2|   0|    5|          3|
    |result_tile_10_addr_5_reg_3560                                                     |   3|   0|    5|          2|
    |result_tile_10_addr_6_reg_3600                                                     |   2|   0|    5|          3|
    |result_tile_10_addr_7_reg_3640                                                     |   2|   0|    5|          3|
    |result_tile_11_addr_1_reg_3680                                                     |   4|   0|    5|          1|
    |result_tile_11_addr_2_reg_3720                                                     |   3|   0|    5|          2|
    |result_tile_11_addr_3_reg_3760                                                     |   3|   0|    5|          2|
    |result_tile_11_addr_4_reg_3800                                                     |   2|   0|    5|          3|
    |result_tile_11_addr_5_reg_3840                                                     |   3|   0|    5|          2|
    |result_tile_11_addr_6_reg_3880                                                     |   2|   0|    5|          3|
    |result_tile_11_addr_7_reg_3920                                                     |   2|   0|    5|          3|
    |result_tile_12_addr_1_reg_3405                                                     |   4|   0|    5|          1|
    |result_tile_12_addr_2_reg_3445                                                     |   3|   0|    5|          2|
    |result_tile_12_addr_3_reg_3485                                                     |   3|   0|    5|          2|
    |result_tile_12_addr_4_reg_3525                                                     |   2|   0|    5|          3|
    |result_tile_12_addr_5_reg_3565                                                     |   3|   0|    5|          2|
    |result_tile_12_addr_6_reg_3605                                                     |   2|   0|    5|          3|
    |result_tile_12_addr_7_reg_3645                                                     |   2|   0|    5|          3|
    |result_tile_13_addr_1_reg_3685                                                     |   4|   0|    5|          1|
    |result_tile_13_addr_2_reg_3725                                                     |   3|   0|    5|          2|
    |result_tile_13_addr_3_reg_3765                                                     |   3|   0|    5|          2|
    |result_tile_13_addr_4_reg_3805                                                     |   2|   0|    5|          3|
    |result_tile_13_addr_5_reg_3845                                                     |   3|   0|    5|          2|
    |result_tile_13_addr_6_reg_3885                                                     |   2|   0|    5|          3|
    |result_tile_13_addr_7_reg_3925                                                     |   2|   0|    5|          3|
    |result_tile_14_addr_1_reg_3410                                                     |   4|   0|    5|          1|
    |result_tile_14_addr_2_reg_3450                                                     |   3|   0|    5|          2|
    |result_tile_14_addr_3_reg_3490                                                     |   3|   0|    5|          2|
    |result_tile_14_addr_4_reg_3530                                                     |   2|   0|    5|          3|
    |result_tile_14_addr_5_reg_3570                                                     |   3|   0|    5|          2|
    |result_tile_14_addr_6_reg_3610                                                     |   2|   0|    5|          3|
    |result_tile_14_addr_7_reg_3650                                                     |   2|   0|    5|          3|
    |result_tile_15_addr_1_reg_3690                                                     |   4|   0|    5|          1|
    |result_tile_15_addr_2_reg_3730                                                     |   3|   0|    5|          2|
    |result_tile_15_addr_3_reg_3770                                                     |   3|   0|    5|          2|
    |result_tile_15_addr_4_reg_3810                                                     |   2|   0|    5|          3|
    |result_tile_15_addr_5_reg_3850                                                     |   3|   0|    5|          2|
    |result_tile_15_addr_6_reg_3890                                                     |   2|   0|    5|          3|
    |result_tile_15_addr_7_reg_3930                                                     |   2|   0|    5|          3|
    |result_tile_1_addr_1_reg_3655                                                      |   4|   0|    5|          1|
    |result_tile_1_addr_2_reg_3695                                                      |   3|   0|    5|          2|
    |result_tile_1_addr_3_reg_3735                                                      |   3|   0|    5|          2|
    |result_tile_1_addr_4_reg_3775                                                      |   2|   0|    5|          3|
    |result_tile_1_addr_5_reg_3815                                                      |   3|   0|    5|          2|
    |result_tile_1_addr_6_reg_3855                                                      |   2|   0|    5|          3|
    |result_tile_1_addr_7_reg_3895                                                      |   2|   0|    5|          3|
    |result_tile_2_addr_1_reg_3380                                                      |   4|   0|    5|          1|
    |result_tile_2_addr_2_reg_3420                                                      |   3|   0|    5|          2|
    |result_tile_2_addr_3_reg_3460                                                      |   3|   0|    5|          2|
    |result_tile_2_addr_4_reg_3500                                                      |   2|   0|    5|          3|
    |result_tile_2_addr_5_reg_3540                                                      |   3|   0|    5|          2|
    |result_tile_2_addr_6_reg_3580                                                      |   2|   0|    5|          3|
    |result_tile_2_addr_7_reg_3620                                                      |   2|   0|    5|          3|
    |result_tile_3_addr_1_reg_3660                                                      |   4|   0|    5|          1|
    |result_tile_3_addr_2_reg_3700                                                      |   3|   0|    5|          2|
    |result_tile_3_addr_3_reg_3740                                                      |   3|   0|    5|          2|
    |result_tile_3_addr_4_reg_3780                                                      |   2|   0|    5|          3|
    |result_tile_3_addr_5_reg_3820                                                      |   3|   0|    5|          2|
    |result_tile_3_addr_6_reg_3860                                                      |   2|   0|    5|          3|
    |result_tile_3_addr_7_reg_3900                                                      |   2|   0|    5|          3|
    |result_tile_4_addr_1_reg_3385                                                      |   4|   0|    5|          1|
    |result_tile_4_addr_2_reg_3425                                                      |   3|   0|    5|          2|
    |result_tile_4_addr_3_reg_3465                                                      |   3|   0|    5|          2|
    |result_tile_4_addr_4_reg_3505                                                      |   2|   0|    5|          3|
    |result_tile_4_addr_5_reg_3545                                                      |   3|   0|    5|          2|
    |result_tile_4_addr_6_reg_3585                                                      |   2|   0|    5|          3|
    |result_tile_4_addr_7_reg_3625                                                      |   2|   0|    5|          3|
    |result_tile_5_addr_1_reg_3665                                                      |   4|   0|    5|          1|
    |result_tile_5_addr_2_reg_3705                                                      |   3|   0|    5|          2|
    |result_tile_5_addr_3_reg_3745                                                      |   3|   0|    5|          2|
    |result_tile_5_addr_4_reg_3785                                                      |   2|   0|    5|          3|
    |result_tile_5_addr_5_reg_3825                                                      |   3|   0|    5|          2|
    |result_tile_5_addr_6_reg_3865                                                      |   2|   0|    5|          3|
    |result_tile_5_addr_7_reg_3905                                                      |   2|   0|    5|          3|
    |result_tile_6_addr_1_reg_3390                                                      |   4|   0|    5|          1|
    |result_tile_6_addr_2_reg_3430                                                      |   3|   0|    5|          2|
    |result_tile_6_addr_3_reg_3470                                                      |   3|   0|    5|          2|
    |result_tile_6_addr_4_reg_3510                                                      |   2|   0|    5|          3|
    |result_tile_6_addr_5_reg_3550                                                      |   3|   0|    5|          2|
    |result_tile_6_addr_6_reg_3590                                                      |   2|   0|    5|          3|
    |result_tile_6_addr_7_reg_3630                                                      |   2|   0|    5|          3|
    |result_tile_7_addr_1_reg_3670                                                      |   4|   0|    5|          1|
    |result_tile_7_addr_2_reg_3710                                                      |   3|   0|    5|          2|
    |result_tile_7_addr_3_reg_3750                                                      |   3|   0|    5|          2|
    |result_tile_7_addr_4_reg_3790                                                      |   2|   0|    5|          3|
    |result_tile_7_addr_5_reg_3830                                                      |   3|   0|    5|          2|
    |result_tile_7_addr_6_reg_3870                                                      |   2|   0|    5|          3|
    |result_tile_7_addr_7_reg_3910                                                      |   2|   0|    5|          3|
    |result_tile_8_addr_1_reg_3395                                                      |   4|   0|    5|          1|
    |result_tile_8_addr_2_reg_3435                                                      |   3|   0|    5|          2|
    |result_tile_8_addr_3_reg_3475                                                      |   3|   0|    5|          2|
    |result_tile_8_addr_4_reg_3515                                                      |   2|   0|    5|          3|
    |result_tile_8_addr_5_reg_3555                                                      |   3|   0|    5|          2|
    |result_tile_8_addr_6_reg_3595                                                      |   2|   0|    5|          3|
    |result_tile_8_addr_7_reg_3635                                                      |   2|   0|    5|          3|
    |result_tile_9_addr_1_reg_3675                                                      |   4|   0|    5|          1|
    |result_tile_9_addr_2_reg_3715                                                      |   3|   0|    5|          2|
    |result_tile_9_addr_3_reg_3755                                                      |   3|   0|    5|          2|
    |result_tile_9_addr_4_reg_3795                                                      |   2|   0|    5|          3|
    |result_tile_9_addr_5_reg_3835                                                      |   3|   0|    5|          2|
    |result_tile_9_addr_6_reg_3875                                                      |   2|   0|    5|          3|
    |result_tile_9_addr_7_reg_3915                                                      |   2|   0|    5|          3|
    |result_tile_addr_1_reg_3375                                                        |   4|   0|    5|          1|
    |result_tile_addr_2_reg_3415                                                        |   3|   0|    5|          2|
    |result_tile_addr_3_reg_3455                                                        |   3|   0|    5|          2|
    |result_tile_addr_4_reg_3495                                                        |   2|   0|    5|          3|
    |result_tile_addr_5_reg_3535                                                        |   3|   0|    5|          2|
    |result_tile_addr_6_reg_3575                                                        |   2|   0|    5|          3|
    |result_tile_addr_7_reg_3615                                                        |   2|   0|    5|          3|
    |shl_ln_reg_3127                                                                    |   7|   0|    8|          1|
    |tmp_2_reg_3165                                                                     |   2|   0|    2|          0|
    |trunc_ln80_reg_3148                                                                |   4|   0|    4|          0|
    |weights_f16_packed_read_reg_2705                                                   |  64|   0|   64|          0|
    +-----------------------------------------------------------------------------------+----+----+-----+-----------+
    |Total                                                                              |1392|   0| 1658|        266|
    +-----------------------------------------------------------------------------------+----+----+-----+-----------+



================================================================
== Interface
================================================================
* Summary: 
+-----------------------+-----+-----+------------+--------------+--------------+
|       RTL Ports       | Dir | Bits|  Protocol  | Source Object|    C Type    |
+-----------------------+-----+-----+------------+--------------+--------------+
|s_axi_control_AWVALID  |   in|    1|       s_axi|       control|        scalar|
|s_axi_control_AWREADY  |  out|    1|       s_axi|       control|        scalar|
|s_axi_control_AWADDR   |   in|    6|       s_axi|       control|        scalar|
|s_axi_control_WVALID   |   in|    1|       s_axi|       control|        scalar|
|s_axi_control_WREADY   |  out|    1|       s_axi|       control|        scalar|
|s_axi_control_WDATA    |   in|   32|       s_axi|       control|        scalar|
|s_axi_control_WSTRB    |   in|    4|       s_axi|       control|        scalar|
|s_axi_control_ARVALID  |   in|    1|       s_axi|       control|        scalar|
|s_axi_control_ARREADY  |  out|    1|       s_axi|       control|        scalar|
|s_axi_control_ARADDR   |   in|    6|       s_axi|       control|        scalar|
|s_axi_control_RVALID   |  out|    1|       s_axi|       control|        scalar|
|s_axi_control_RREADY   |   in|    1|       s_axi|       control|        scalar|
|s_axi_control_RDATA    |  out|   32|       s_axi|       control|        scalar|
|s_axi_control_RRESP    |  out|    2|       s_axi|       control|        scalar|
|s_axi_control_BVALID   |  out|    1|       s_axi|       control|        scalar|
|s_axi_control_BREADY   |   in|    1|       s_axi|       control|        scalar|
|s_axi_control_BRESP    |  out|    2|       s_axi|       control|        scalar|
|ap_clk                 |   in|    1|  ap_ctrl_hs|   vision_gemm|  return value|
|ap_rst_n               |   in|    1|  ap_ctrl_hs|   vision_gemm|  return value|
|interrupt              |  out|    1|  ap_ctrl_hs|   vision_gemm|  return value|
|m_axi_gmem_w_AWVALID   |  out|    1|       m_axi|        gmem_w|       pointer|
|m_axi_gmem_w_AWREADY   |   in|    1|       m_axi|        gmem_w|       pointer|
|m_axi_gmem_w_AWADDR    |  out|   64|       m_axi|        gmem_w|       pointer|
|m_axi_gmem_w_AWID      |  out|    1|       m_axi|        gmem_w|       pointer|
|m_axi_gmem_w_AWLEN     |  out|    8|       m_axi|        gmem_w|       pointer|
|m_axi_gmem_w_AWSIZE    |  out|    3|       m_axi|        gmem_w|       pointer|
|m_axi_gmem_w_AWBURST   |  out|    2|       m_axi|        gmem_w|       pointer|
|m_axi_gmem_w_AWLOCK    |  out|    2|       m_axi|        gmem_w|       pointer|
|m_axi_gmem_w_AWCACHE   |  out|    4|       m_axi|        gmem_w|       pointer|
|m_axi_gmem_w_AWPROT    |  out|    3|       m_axi|        gmem_w|       pointer|
|m_axi_gmem_w_AWQOS     |  out|    4|       m_axi|        gmem_w|       pointer|
|m_axi_gmem_w_AWREGION  |  out|    4|       m_axi|        gmem_w|       pointer|
|m_axi_gmem_w_AWUSER    |  out|    1|       m_axi|        gmem_w|       pointer|
|m_axi_gmem_w_WVALID    |  out|    1|       m_axi|        gmem_w|       pointer|
|m_axi_gmem_w_WREADY    |   in|    1|       m_axi|        gmem_w|       pointer|
|m_axi_gmem_w_WDATA     |  out|  128|       m_axi|        gmem_w|       pointer|
|m_axi_gmem_w_WSTRB     |  out|   16|       m_axi|        gmem_w|       pointer|
|m_axi_gmem_w_WLAST     |  out|    1|       m_axi|        gmem_w|       pointer|
|m_axi_gmem_w_WID       |  out|    1|       m_axi|        gmem_w|       pointer|
|m_axi_gmem_w_WUSER     |  out|    1|       m_axi|        gmem_w|       pointer|
|m_axi_gmem_w_ARVALID   |  out|    1|       m_axi|        gmem_w|       pointer|
|m_axi_gmem_w_ARREADY   |   in|    1|       m_axi|        gmem_w|       pointer|
|m_axi_gmem_w_ARADDR    |  out|   64|       m_axi|        gmem_w|       pointer|
|m_axi_gmem_w_ARID      |  out|    1|       m_axi|        gmem_w|       pointer|
|m_axi_gmem_w_ARLEN     |  out|    8|       m_axi|        gmem_w|       pointer|
|m_axi_gmem_w_ARSIZE    |  out|    3|       m_axi|        gmem_w|       pointer|
|m_axi_gmem_w_ARBURST   |  out|    2|       m_axi|        gmem_w|       pointer|
|m_axi_gmem_w_ARLOCK    |  out|    2|       m_axi|        gmem_w|       pointer|
|m_axi_gmem_w_ARCACHE   |  out|    4|       m_axi|        gmem_w|       pointer|
|m_axi_gmem_w_ARPROT    |  out|    3|       m_axi|        gmem_w|       pointer|
|m_axi_gmem_w_ARQOS     |  out|    4|       m_axi|        gmem_w|       pointer|
|m_axi_gmem_w_ARREGION  |  out|    4|       m_axi|        gmem_w|       pointer|
|m_axi_gmem_w_ARUSER    |  out|    1|       m_axi|        gmem_w|       pointer|
|m_axi_gmem_w_RVALID    |   in|    1|       m_axi|        gmem_w|       pointer|
|m_axi_gmem_w_RREADY    |  out|    1|       m_axi|        gmem_w|       pointer|
|m_axi_gmem_w_RDATA     |   in|  128|       m_axi|        gmem_w|       pointer|
|m_axi_gmem_w_RLAST     |   in|    1|       m_axi|        gmem_w|       pointer|
|m_axi_gmem_w_RID       |   in|    1|       m_axi|        gmem_w|       pointer|
|m_axi_gmem_w_RUSER     |   in|    1|       m_axi|        gmem_w|       pointer|
|m_axi_gmem_w_RRESP     |   in|    2|       m_axi|        gmem_w|       pointer|
|m_axi_gmem_w_BVALID    |   in|    1|       m_axi|        gmem_w|       pointer|
|m_axi_gmem_w_BREADY    |  out|    1|       m_axi|        gmem_w|       pointer|
|m_axi_gmem_w_BRESP     |   in|    2|       m_axi|        gmem_w|       pointer|
|m_axi_gmem_w_BID       |   in|    1|       m_axi|        gmem_w|       pointer|
|m_axi_gmem_w_BUSER     |   in|    1|       m_axi|        gmem_w|       pointer|
|m_axi_gmem_x_AWVALID   |  out|    1|       m_axi|        gmem_x|       pointer|
|m_axi_gmem_x_AWREADY   |   in|    1|       m_axi|        gmem_x|       pointer|
|m_axi_gmem_x_AWADDR    |  out|   64|       m_axi|        gmem_x|       pointer|
|m_axi_gmem_x_AWID      |  out|    1|       m_axi|        gmem_x|       pointer|
|m_axi_gmem_x_AWLEN     |  out|    8|       m_axi|        gmem_x|       pointer|
|m_axi_gmem_x_AWSIZE    |  out|    3|       m_axi|        gmem_x|       pointer|
|m_axi_gmem_x_AWBURST   |  out|    2|       m_axi|        gmem_x|       pointer|
|m_axi_gmem_x_AWLOCK    |  out|    2|       m_axi|        gmem_x|       pointer|
|m_axi_gmem_x_AWCACHE   |  out|    4|       m_axi|        gmem_x|       pointer|
|m_axi_gmem_x_AWPROT    |  out|    3|       m_axi|        gmem_x|       pointer|
|m_axi_gmem_x_AWQOS     |  out|    4|       m_axi|        gmem_x|       pointer|
|m_axi_gmem_x_AWREGION  |  out|    4|       m_axi|        gmem_x|       pointer|
|m_axi_gmem_x_AWUSER    |  out|    1|       m_axi|        gmem_x|       pointer|
|m_axi_gmem_x_WVALID    |  out|    1|       m_axi|        gmem_x|       pointer|
|m_axi_gmem_x_WREADY    |   in|    1|       m_axi|        gmem_x|       pointer|
|m_axi_gmem_x_WDATA     |  out|  256|       m_axi|        gmem_x|       pointer|
|m_axi_gmem_x_WSTRB     |  out|   32|       m_axi|        gmem_x|       pointer|
|m_axi_gmem_x_WLAST     |  out|    1|       m_axi|        gmem_x|       pointer|
|m_axi_gmem_x_WID       |  out|    1|       m_axi|        gmem_x|       pointer|
|m_axi_gmem_x_WUSER     |  out|    1|       m_axi|        gmem_x|       pointer|
|m_axi_gmem_x_ARVALID   |  out|    1|       m_axi|        gmem_x|       pointer|
|m_axi_gmem_x_ARREADY   |   in|    1|       m_axi|        gmem_x|       pointer|
|m_axi_gmem_x_ARADDR    |  out|   64|       m_axi|        gmem_x|       pointer|
|m_axi_gmem_x_ARID      |  out|    1|       m_axi|        gmem_x|       pointer|
|m_axi_gmem_x_ARLEN     |  out|    8|       m_axi|        gmem_x|       pointer|
|m_axi_gmem_x_ARSIZE    |  out|    3|       m_axi|        gmem_x|       pointer|
|m_axi_gmem_x_ARBURST   |  out|    2|       m_axi|        gmem_x|       pointer|
|m_axi_gmem_x_ARLOCK    |  out|    2|       m_axi|        gmem_x|       pointer|
|m_axi_gmem_x_ARCACHE   |  out|    4|       m_axi|        gmem_x|       pointer|
|m_axi_gmem_x_ARPROT    |  out|    3|       m_axi|        gmem_x|       pointer|
|m_axi_gmem_x_ARQOS     |  out|    4|       m_axi|        gmem_x|       pointer|
|m_axi_gmem_x_ARREGION  |  out|    4|       m_axi|        gmem_x|       pointer|
|m_axi_gmem_x_ARUSER    |  out|    1|       m_axi|        gmem_x|       pointer|
|m_axi_gmem_x_RVALID    |   in|    1|       m_axi|        gmem_x|       pointer|
|m_axi_gmem_x_RREADY    |  out|    1|       m_axi|        gmem_x|       pointer|
|m_axi_gmem_x_RDATA     |   in|  256|       m_axi|        gmem_x|       pointer|
|m_axi_gmem_x_RLAST     |   in|    1|       m_axi|        gmem_x|       pointer|
|m_axi_gmem_x_RID       |   in|    1|       m_axi|        gmem_x|       pointer|
|m_axi_gmem_x_RUSER     |   in|    1|       m_axi|        gmem_x|       pointer|
|m_axi_gmem_x_RRESP     |   in|    2|       m_axi|        gmem_x|       pointer|
|m_axi_gmem_x_BVALID    |   in|    1|       m_axi|        gmem_x|       pointer|
|m_axi_gmem_x_BREADY    |  out|    1|       m_axi|        gmem_x|       pointer|
|m_axi_gmem_x_BRESP     |   in|    2|       m_axi|        gmem_x|       pointer|
|m_axi_gmem_x_BID       |   in|    1|       m_axi|        gmem_x|       pointer|
|m_axi_gmem_x_BUSER     |   in|    1|       m_axi|        gmem_x|       pointer|
|m_axi_gmem_y_AWVALID   |  out|    1|       m_axi|        gmem_y|       pointer|
|m_axi_gmem_y_AWREADY   |   in|    1|       m_axi|        gmem_y|       pointer|
|m_axi_gmem_y_AWADDR    |  out|   64|       m_axi|        gmem_y|       pointer|
|m_axi_gmem_y_AWID      |  out|    1|       m_axi|        gmem_y|       pointer|
|m_axi_gmem_y_AWLEN     |  out|    8|       m_axi|        gmem_y|       pointer|
|m_axi_gmem_y_AWSIZE    |  out|    3|       m_axi|        gmem_y|       pointer|
|m_axi_gmem_y_AWBURST   |  out|    2|       m_axi|        gmem_y|       pointer|
|m_axi_gmem_y_AWLOCK    |  out|    2|       m_axi|        gmem_y|       pointer|
|m_axi_gmem_y_AWCACHE   |  out|    4|       m_axi|        gmem_y|       pointer|
|m_axi_gmem_y_AWPROT    |  out|    3|       m_axi|        gmem_y|       pointer|
|m_axi_gmem_y_AWQOS     |  out|    4|       m_axi|        gmem_y|       pointer|
|m_axi_gmem_y_AWREGION  |  out|    4|       m_axi|        gmem_y|       pointer|
|m_axi_gmem_y_AWUSER    |  out|    1|       m_axi|        gmem_y|       pointer|
|m_axi_gmem_y_WVALID    |  out|    1|       m_axi|        gmem_y|       pointer|
|m_axi_gmem_y_WREADY    |   in|    1|       m_axi|        gmem_y|       pointer|
|m_axi_gmem_y_WDATA     |  out|  256|       m_axi|        gmem_y|       pointer|
|m_axi_gmem_y_WSTRB     |  out|   32|       m_axi|        gmem_y|       pointer|
|m_axi_gmem_y_WLAST     |  out|    1|       m_axi|        gmem_y|       pointer|
|m_axi_gmem_y_WID       |  out|    1|       m_axi|        gmem_y|       pointer|
|m_axi_gmem_y_WUSER     |  out|    1|       m_axi|        gmem_y|       pointer|
|m_axi_gmem_y_ARVALID   |  out|    1|       m_axi|        gmem_y|       pointer|
|m_axi_gmem_y_ARREADY   |   in|    1|       m_axi|        gmem_y|       pointer|
|m_axi_gmem_y_ARADDR    |  out|   64|       m_axi|        gmem_y|       pointer|
|m_axi_gmem_y_ARID      |  out|    1|       m_axi|        gmem_y|       pointer|
|m_axi_gmem_y_ARLEN     |  out|    8|       m_axi|        gmem_y|       pointer|
|m_axi_gmem_y_ARSIZE    |  out|    3|       m_axi|        gmem_y|       pointer|
|m_axi_gmem_y_ARBURST   |  out|    2|       m_axi|        gmem_y|       pointer|
|m_axi_gmem_y_ARLOCK    |  out|    2|       m_axi|        gmem_y|       pointer|
|m_axi_gmem_y_ARCACHE   |  out|    4|       m_axi|        gmem_y|       pointer|
|m_axi_gmem_y_ARPROT    |  out|    3|       m_axi|        gmem_y|       pointer|
|m_axi_gmem_y_ARQOS     |  out|    4|       m_axi|        gmem_y|       pointer|
|m_axi_gmem_y_ARREGION  |  out|    4|       m_axi|        gmem_y|       pointer|
|m_axi_gmem_y_ARUSER    |  out|    1|       m_axi|        gmem_y|       pointer|
|m_axi_gmem_y_RVALID    |   in|    1|       m_axi|        gmem_y|       pointer|
|m_axi_gmem_y_RREADY    |  out|    1|       m_axi|        gmem_y|       pointer|
|m_axi_gmem_y_RDATA     |   in|  256|       m_axi|        gmem_y|       pointer|
|m_axi_gmem_y_RLAST     |   in|    1|       m_axi|        gmem_y|       pointer|
|m_axi_gmem_y_RID       |   in|    1|       m_axi|        gmem_y|       pointer|
|m_axi_gmem_y_RUSER     |   in|    1|       m_axi|        gmem_y|       pointer|
|m_axi_gmem_y_RRESP     |   in|    2|       m_axi|        gmem_y|       pointer|
|m_axi_gmem_y_BVALID    |   in|    1|       m_axi|        gmem_y|       pointer|
|m_axi_gmem_y_BREADY    |  out|    1|       m_axi|        gmem_y|       pointer|
|m_axi_gmem_y_BRESP     |   in|    2|       m_axi|        gmem_y|       pointer|
|m_axi_gmem_y_BID       |   in|    1|       m_axi|        gmem_y|       pointer|
|m_axi_gmem_y_BUSER     |   in|    1|       m_axi|        gmem_y|       pointer|
+-----------------------+-----+-----+------------+--------------+--------------+

