

================================================================
== Vitis HLS Report for 'vision_gemm'
================================================================
* Date:           Thu Sep 24 16:31:20 2026

* Version:        2024.2 (Build 5238294 on Nov  8 2024)
* Project:        project
* Solution:       solution1 (Vivado IP Flow Target)
* Product family: zynquplus
* Target device:  xck26-sfvc784-2LV-c


================================================================
== Performance Estimates
================================================================
+ Timing: 
    * Summary: 
    +--------+---------+----------+------------+
    |  Clock |  Target | Estimated| Uncertainty|
    +--------+---------+----------+------------+
    |ap_clk  |  5.00 ns|  4.175 ns|     1.35 ns|
    +--------+---------+----------+------------+

+ Latency: 
    * Summary: 
    +-----------+-----------+-----------+-----------+-----------+-----------+---------+
    |    Latency (cycles)   |   Latency (absolute)  |        Interval       | Pipeline|
    |    min    |    max    |    min    |    max    |    min    |    max    |   Type  |
    +-----------+-----------+-----------+-----------+-----------+-----------+---------+
    |  397802882|  397802882|  1.989 sec|  1.989 sec|  397802883|  397802883|       no|
    +-----------+-----------+-----------+-----------+-----------+-----------+---------+

    + Detail: 
        * Instance: 
        +----------------------------------------------------------------------+----------------------------------------------------------+---------+---------+-----------+-----------+-------+-------+------------------------------------------------+
        |                                                                      |                                                          |  Latency (cycles) |   Latency (absolute)  |    Interval   |                    Pipeline                    |
        |                               Instance                               |                          Module                          |   min   |   max   |    min    |    max    |  min  |  max  |                      Type                      |
        +----------------------------------------------------------------------+----------------------------------------------------------+---------+---------+-----------+-----------+-------+-------+------------------------------------------------+
        |grp_vision_gemm_Pipeline_VITIS_LOOP_63_1_VITIS_LOOP_64_2_fu_1424      |vision_gemm_Pipeline_VITIS_LOOP_63_1_VITIS_LOOP_64_2      |     8612|     8612|  43.060 us|  43.060 us|   8609|   8609|  loop auto-rewind stp (delay=0 clock cycles(s))|
        |grp_vision_gemm_Pipeline_VITIS_LOOP_70_3_VITIS_LOOP_71_4_fu_1435      |vision_gemm_Pipeline_VITIS_LOOP_70_3_VITIS_LOOP_71_4      |    17220|    17220|  86.100 us|  86.100 us|  17217|  17217|  loop auto-rewind stp (delay=0 clock cycles(s))|
        |grp_vision_gemm_Pipeline_VITIS_LOOP_189_16_VITIS_LOOP_190_17_fu_1446  |vision_gemm_Pipeline_VITIS_LOOP_189_16_VITIS_LOOP_190_17  |       73|       73|   0.365 us|   0.365 us|     65|     65|  loop auto-rewind stp (delay=0 clock cycles(s))|
        |grp_vision_gemm_Pipeline_VITIS_LOOP_98_10_fu_1471                     |vision_gemm_Pipeline_VITIS_LOOP_98_10                     |     4321|     4321|  21.605 us|  21.605 us|   4305|   4305|  loop auto-rewind stp (delay=0 clock cycles(s))|
        +----------------------------------------------------------------------+----------------------------------------------------------+---------+---------+-----------+-----------+-------+-------+------------------------------------------------+

        * Loop: 
        +------------------------+-----------+-----------+----------+-----------+-----------+------+----------+
        |                        |    Latency (cycles)   | Iteration|  Initiation Interval  | Trip |          |
        |        Loop Name       |    min    |    max    |  Latency |  achieved |   target  | Count| Pipelined|
        +------------------------+-----------+-----------+----------+-----------+-----------+------+----------+
        |- VITIS_LOOP_216_1      |  397802881|  397802881|   5525040|          -|          -|    72|        no|
        | + VITIS_LOOP_217_2     |    5525030|    5525030|    157858|          -|          -|    35|        no|
        |  ++ VITIS_LOOP_80_5    |     140552|     140552|     35138|          -|          -|     4|        no|
        |   +++ VITIS_LOOP_81_6  |      35136|      35136|      4392|          -|          -|     8|        no|
        +------------------------+-----------+-----------+----------+-----------+-----------+------+----------+



================================================================
== Utilization Estimates
================================================================
* Summary: 
+-----------------+---------+------+--------+--------+-----+
|       Name      | BRAM_18K|  DSP |   FF   |   LUT  | URAM|
+-----------------+---------+------+--------+--------+-----+
|DSP              |        -|     -|       -|       -|    -|
|Expression       |        -|     -|       0|     210|    -|
|FIFO             |        -|     -|       -|       -|    -|
|Instance         |       38|    82|   17480|   15708|    0|
|Memory           |       16|     -|       0|       0|   40|
|Multiplexer      |        -|     -|       0|    2989|    -|
|Register         |        -|     -|    1277|       -|    -|
+-----------------+---------+------+--------+--------+-----+
|Total            |       54|    82|   18757|   18907|   40|
+-----------------+---------+------+--------+--------+-----+
|Available        |      288|  1248|  234240|  117120|   64|
+-----------------+---------+------+--------+--------+-----+
|Utilization (%)  |       18|     6|       8|      16|   62|
+-----------------+---------+------+--------+--------+-----+

+ Detail: 
    * Instance: 
    +----------------------------------------------------------------------+----------------------------------------------------------+---------+----+------+------+-----+
    |                               Instance                               |                          Module                          | BRAM_18K| DSP|  FF  |  LUT | URAM|
    +----------------------------------------------------------------------+----------------------------------------------------------+---------+----+------+------+-----+
    |control_s_axi_U                                                       |control_s_axi                                             |        0|   0|   246|   424|    0|
    |fadd_32ns_32ns_32_8_full_dsp_1_U240                                   |fadd_32ns_32ns_32_8_full_dsp_1                            |        0|   2|   296|   239|    0|
    |fadd_32ns_32ns_32_8_full_dsp_1_U241                                   |fadd_32ns_32ns_32_8_full_dsp_1                            |        0|   2|   296|   239|    0|
    |fadd_32ns_32ns_32_8_full_dsp_1_U242                                   |fadd_32ns_32ns_32_8_full_dsp_1                            |        0|   2|   296|   239|    0|
    |fadd_32ns_32ns_32_8_full_dsp_1_U243                                   |fadd_32ns_32ns_32_8_full_dsp_1                            |        0|   2|   296|   239|    0|
    |fadd_32ns_32ns_32_8_full_dsp_1_U244                                   |fadd_32ns_32ns_32_8_full_dsp_1                            |        0|   2|   296|   239|    0|
    |fadd_32ns_32ns_32_8_full_dsp_1_U245                                   |fadd_32ns_32ns_32_8_full_dsp_1                            |        0|   2|   296|   239|    0|
    |fadd_32ns_32ns_32_8_full_dsp_1_U246                                   |fadd_32ns_32ns_32_8_full_dsp_1                            |        0|   2|   296|   239|    0|
    |fadd_32ns_32ns_32_8_full_dsp_1_U247                                   |fadd_32ns_32ns_32_8_full_dsp_1                            |        0|   2|   296|   239|    0|
    |fadd_32ns_32ns_32_8_full_dsp_1_U248                                   |fadd_32ns_32ns_32_8_full_dsp_1                            |        0|   2|   296|   239|    0|
    |fadd_32ns_32ns_32_8_full_dsp_1_U249                                   |fadd_32ns_32ns_32_8_full_dsp_1                            |        0|   2|   296|   239|    0|
    |fadd_32ns_32ns_32_8_full_dsp_1_U250                                   |fadd_32ns_32ns_32_8_full_dsp_1                            |        0|   2|   296|   239|    0|
    |fadd_32ns_32ns_32_8_full_dsp_1_U251                                   |fadd_32ns_32ns_32_8_full_dsp_1                            |        0|   2|   296|   239|    0|
    |gmem_w_m_axi_U                                                        |gmem_w_m_axi                                              |        8|   0|   776|   849|    0|
    |gmem_x_m_axi_U                                                        |gmem_x_m_axi                                              |       15|   0|  1044|  1114|    0|
    |gmem_y_m_axi_U                                                        |gmem_y_m_axi                                              |       15|   0|  1038|  1104|    0|
    |mul_2ns_11ns_11_1_1_U252                                              |mul_2ns_11ns_11_1_1                                       |        0|   0|     0|     5|    0|
    |mul_3ns_11ns_12_1_1_U253                                              |mul_3ns_11ns_12_1_1                                       |        0|   0|     0|     5|    0|
    |grp_vision_gemm_Pipeline_VITIS_LOOP_189_16_VITIS_LOOP_190_17_fu_1446  |vision_gemm_Pipeline_VITIS_LOOP_189_16_VITIS_LOOP_190_17  |        0|   0|   948|   657|    0|
    |grp_vision_gemm_Pipeline_VITIS_LOOP_63_1_VITIS_LOOP_64_2_fu_1424      |vision_gemm_Pipeline_VITIS_LOOP_63_1_VITIS_LOOP_64_2      |        0|   1|   250|   220|    0|
    |grp_vision_gemm_Pipeline_VITIS_LOOP_70_3_VITIS_LOOP_71_4_fu_1435      |vision_gemm_Pipeline_VITIS_LOOP_70_3_VITIS_LOOP_71_4      |        0|   1|   380|   224|    0|
    |grp_vision_gemm_Pipeline_VITIS_LOOP_98_10_fu_1471                     |vision_gemm_Pipeline_VITIS_LOOP_98_10                     |        0|  56|  9246|  8238|    0|
    +----------------------------------------------------------------------+----------------------------------------------------------+---------+----+------+------+-----+
    |Total                                                                 |                                                          |       38|  82| 17480| 15708|    0|
    +----------------------------------------------------------------------+----------------------------------------------------------+---------+----+------+------+-----+

    * DSP: 
    N/A

    * Memory: 
    +---------------------+----------------------------------+---------+---+----+-----+------+-----+------+-------------+
    |        Memory       |              Module              | BRAM_18K| FF| LUT| URAM| Words| Bits| Banks| W*Bits*Banks|
    +---------------------+----------------------------------+---------+---+----+-----+------+-----+------+-------------+
    |activation_tile_U    |activation_tile_RAM_2P_URAM_1R1W  |        0|  0|   0|    8|  4304|  256|     1|      1101824|
    |activation_tile_1_U  |activation_tile_RAM_2P_URAM_1R1W  |        0|  0|   0|    8|  4304|  256|     1|      1101824|
    |activation_tile_2_U  |activation_tile_RAM_2P_URAM_1R1W  |        0|  0|   0|    8|  4304|  256|     1|      1101824|
    |activation_tile_3_U  |activation_tile_RAM_2P_URAM_1R1W  |        0|  0|   0|    8|  4304|  256|     1|      1101824|
    |result_tile_U        |result_tile_RAM_2P_BRAM_1R1W      |        1|  0|   0|    0|    32|   32|     1|         1024|
    |result_tile_1_U      |result_tile_RAM_2P_BRAM_1R1W      |        1|  0|   0|    0|    32|   32|     1|         1024|
    |result_tile_2_U      |result_tile_RAM_2P_BRAM_1R1W      |        1|  0|   0|    0|    32|   32|     1|         1024|
    |result_tile_3_U      |result_tile_RAM_2P_BRAM_1R1W      |        1|  0|   0|    0|    32|   32|     1|         1024|
    |result_tile_4_U      |result_tile_RAM_2P_BRAM_1R1W      |        1|  0|   0|    0|    32|   32|     1|         1024|
    |result_tile_5_U      |result_tile_RAM_2P_BRAM_1R1W      |        1|  0|   0|    0|    32|   32|     1|         1024|
    |result_tile_6_U      |result_tile_RAM_2P_BRAM_1R1W      |        1|  0|   0|    0|    32|   32|     1|         1024|
    |result_tile_7_U      |result_tile_RAM_2P_BRAM_1R1W      |        1|  0|   0|    0|    32|   32|     1|         1024|
    |result_tile_8_U      |result_tile_RAM_2P_BRAM_1R1W      |        1|  0|   0|    0|    32|   32|     1|         1024|
    |result_tile_9_U      |result_tile_RAM_2P_BRAM_1R1W      |        1|  0|   0|    0|    32|   32|     1|         1024|
    |result_tile_10_U     |result_tile_RAM_2P_BRAM_1R1W      |        1|  0|   0|    0|    32|   32|     1|         1024|
    |result_tile_11_U     |result_tile_RAM_2P_BRAM_1R1W      |        1|  0|   0|    0|    32|   32|     1|         1024|
    |result_tile_12_U     |result_tile_RAM_2P_BRAM_1R1W      |        1|  0|   0|    0|    32|   32|     1|         1024|
    |result_tile_13_U     |result_tile_RAM_2P_BRAM_1R1W      |        1|  0|   0|    0|    32|   32|     1|         1024|
    |result_tile_14_U     |result_tile_RAM_2P_BRAM_1R1W      |        1|  0|   0|    0|    32|   32|     1|         1024|
    |result_tile_15_U     |result_tile_RAM_2P_BRAM_1R1W      |        1|  0|   0|    0|    32|   32|     1|         1024|
    |weight_tile_U        |weight_tile_RAM_2P_URAM_1R1W      |        0|  0|   0|    2|  2152|  128|     1|       275456|
    |weight_tile_1_U      |weight_tile_RAM_2P_URAM_1R1W      |        0|  0|   0|    2|  2152|  128|     1|       275456|
    |weight_tile_2_U      |weight_tile_RAM_2P_URAM_1R1W      |        0|  0|   0|    2|  2152|  128|     1|       275456|
    |weight_tile_3_U      |weight_tile_RAM_2P_URAM_1R1W      |        0|  0|   0|    2|  2152|  128|     1|       275456|
    +---------------------+----------------------------------+---------+---+----+-----+------+-----+------+-------------+
    |Total                |                                  |       16|  0|   0|   40| 26336| 2048|    24|      5525504|
    +---------------------+----------------------------------+---------+---+----+-----+------+-----+------+-------------+

    * FIFO: 
    N/A

    * Expression: 
    +----------------------------------+----------+----+---+----+------------+------------+
    |           Variable Name          | Operation| DSP| FF| LUT| Bitwidth P0| Bitwidth P1|
    +----------------------------------+----------+----+---+----+------------+------------+
    |add_ln189_fu_1973_p2              |         +|   0|  0|  25|          18|          18|
    |add_ln216_1_fu_1861_p2            |         +|   0|  0|  14|           7|           1|
    |add_ln216_2_fu_1855_p2            |         +|   0|  0|  31|          24|          18|
    |add_ln216_fu_1870_p2              |         +|   0|  0|  71|          64|          64|
    |add_ln217_fu_1907_p2              |         +|   0|  0|  13|           6|           1|
    |add_ln80_fu_2008_p2               |         +|   0|  0|  12|           5|           3|
    |add_ln81_fu_2638_p2               |         +|   0|  0|  13|           6|           3|
    |ap_block_state3_io                |       and|   0|  0|   2|           1|           1|
    |icmp_ln216_fu_1846_p2             |      icmp|   0|  0|  14|           7|           7|
    |icmp_ln217_fu_1901_p2             |      icmp|   0|  0|  13|           6|           6|
    |ap_block_state21_on_subcall_done  |        or|   0|  0|   2|           1|           1|
    +----------------------------------+----------+----+---+----+------------+------------+
    |Total                             |          |   0|  0| 210|         145|         123|
    +----------------------------------+----------+----+---+----+------------+------------+

    * Multiplexer: 
    +-------------------------------+-----+-----------+-----+-----------+
    |              Name             | LUT | Input Size| Bits| Total Bits|
    +-------------------------------+-----+-----------+-----+-----------+
    |activation_tile_1_ce0          |    9|          2|    1|          2|
    |activation_tile_1_ce1          |    9|          2|    1|          2|
    |activation_tile_1_we1          |    9|          2|    1|          2|
    |activation_tile_2_ce0          |    9|          2|    1|          2|
    |activation_tile_2_ce1          |    9|          2|    1|          2|
    |activation_tile_2_we1          |    9|          2|    1|          2|
    |activation_tile_3_ce0          |    9|          2|    1|          2|
    |activation_tile_3_ce1          |    9|          2|    1|          2|
    |activation_tile_3_we1          |    9|          2|    1|          2|
    |activation_tile_ce0            |    9|          2|    1|          2|
    |activation_tile_ce1            |    9|          2|    1|          2|
    |activation_tile_we1            |    9|          2|    1|          2|
    |ap_NS_fsm                      |  481|         95|    1|         95|
    |gmem_w_0_ARADDR                |   14|          3|   64|        192|
    |gmem_w_0_ARLEN                 |   14|          3|   32|         96|
    |gmem_w_0_ARVALID               |   14|          3|    1|          3|
    |gmem_w_0_RREADY                |    9|          2|    1|          2|
    |gmem_w_blk_n_AR                |    9|          2|    1|          2|
    |gmem_x_0_ARADDR                |   14|          3|   64|        192|
    |gmem_x_0_ARLEN                 |   14|          3|   32|         96|
    |gmem_x_0_ARVALID               |   14|          3|    1|          3|
    |gmem_x_0_RREADY                |    9|          2|    1|          2|
    |gmem_x_blk_n_AR                |    9|          2|    1|          2|
    |gmem_y_0_AWVALID               |    9|          2|    1|          2|
    |gmem_y_0_BREADY                |    9|          2|    1|          2|
    |gmem_y_0_WVALID                |    9|          2|    1|          2|
    |grp_fu_1613_ce                 |    9|          2|    1|          2|
    |grp_fu_1613_p0                 |   31|          6|   32|        192|
    |grp_fu_1613_p1                 |   81|         17|   32|        544|
    |grp_fu_1618_ce                 |    9|          2|    1|          2|
    |grp_fu_1618_p0                 |   31|          6|   32|        192|
    |grp_fu_1618_p1                 |   81|         17|   32|        544|
    |grp_fu_1623_ce                 |    9|          2|    1|          2|
    |grp_fu_1623_p0                 |   31|          6|   32|        192|
    |grp_fu_1623_p1                 |   81|         17|   32|        544|
    |grp_fu_1628_ce                 |    9|          2|    1|          2|
    |grp_fu_1628_p0                 |   31|          6|   32|        192|
    |grp_fu_1628_p1                 |   81|         17|   32|        544|
    |grp_fu_1633_ce                 |    9|          2|    1|          2|
    |grp_fu_1633_p0                 |   20|          4|   32|        128|
    |grp_fu_1633_p1                 |   54|         10|   32|        320|
    |grp_fu_1638_ce                 |    9|          2|    1|          2|
    |grp_fu_1638_p0                 |   20|          4|   32|        128|
    |grp_fu_1638_p1                 |   54|         10|   32|        320|
    |grp_fu_1643_ce                 |    9|          2|    1|          2|
    |grp_fu_1643_p0                 |   20|          4|   32|        128|
    |grp_fu_1643_p1                 |   54|         10|   32|        320|
    |grp_fu_1648_ce                 |    9|          2|    1|          2|
    |grp_fu_1648_p0                 |   20|          4|   32|        128|
    |grp_fu_1648_p1                 |   54|         10|   32|        320|
    |grp_fu_1653_ce                 |    9|          2|    1|          2|
    |grp_fu_1653_p0                 |   20|          4|   32|        128|
    |grp_fu_1653_p1                 |   54|         10|   32|        320|
    |grp_fu_1658_ce                 |    9|          2|    1|          2|
    |grp_fu_1658_p0                 |   20|          4|   32|        128|
    |grp_fu_1658_p1                 |   54|         10|   32|        320|
    |grp_fu_1663_ce                 |    9|          2|    1|          2|
    |grp_fu_1663_p0                 |   20|          4|   32|        128|
    |grp_fu_1663_p1                 |   54|         10|   32|        320|
    |grp_fu_1668_ce                 |    9|          2|    1|          2|
    |grp_fu_1668_p0                 |   20|          4|   32|        128|
    |grp_fu_1668_p1                 |   54|         10|   32|        320|
    |indvar453_reg_1388             |    9|          2|    6|         12|
    |indvar_fu_200                  |    9|          2|    7|         14|
    |mb_reg_1400                    |    9|          2|    5|         10|
    |nb_reg_1412                    |    9|          2|    6|         12|
    |phi_mul_fu_196                 |    9|          2|   24|         48|
    |result_tile_10_address1_local  |   26|          5|    5|         25|
    |result_tile_10_ce0             |    9|          2|    1|          2|
    |result_tile_10_d1_local        |   26|          5|   32|        160|
    |result_tile_11_address1_local  |   26|          5|    5|         25|
    |result_tile_11_ce0             |    9|          2|    1|          2|
    |result_tile_11_d1_local        |   26|          5|   32|        160|
    |result_tile_12_address1_local  |   26|          5|    5|         25|
    |result_tile_12_ce0             |    9|          2|    1|          2|
    |result_tile_12_d1_local        |   20|          4|   32|        128|
    |result_tile_13_address1_local  |   26|          5|    5|         25|
    |result_tile_13_ce0             |    9|          2|    1|          2|
    |result_tile_13_d1_local        |   26|          5|   32|        160|
    |result_tile_14_address1_local  |   26|          5|    5|         25|
    |result_tile_14_ce0             |    9|          2|    1|          2|
    |result_tile_14_d1_local        |   26|          5|   32|        160|
    |result_tile_15_address1_local  |   26|          5|    5|         25|
    |result_tile_15_ce0             |    9|          2|    1|          2|
    |result_tile_15_d1_local        |   26|          5|   32|        160|
    |result_tile_1_address1_local   |   26|          5|    5|         25|
    |result_tile_1_ce0              |    9|          2|    1|          2|
    |result_tile_1_d1_local         |   26|          5|   32|        160|
    |result_tile_2_address1_local   |   26|          5|    5|         25|
    |result_tile_2_ce0              |    9|          2|    1|          2|
    |result_tile_2_d1_local         |   26|          5|   32|        160|
    |result_tile_3_address1_local   |   26|          5|    5|         25|
    |result_tile_3_ce0              |    9|          2|    1|          2|
    |result_tile_3_d1_local         |   26|          5|   32|        160|
    |result_tile_4_address1_local   |   26|          5|    5|         25|
    |result_tile_4_ce0              |    9|          2|    1|          2|
    |result_tile_4_d1_local         |   20|          4|   32|        128|
    |result_tile_5_address1_local   |   26|          5|    5|         25|
    |result_tile_5_ce0              |    9|          2|    1|          2|
    |result_tile_5_d1_local         |   26|          5|   32|        160|
    |result_tile_6_address1_local   |   26|          5|    5|         25|
    |result_tile_6_ce0              |    9|          2|    1|          2|
    |result_tile_6_d1_local         |   26|          5|   32|        160|
    |result_tile_7_address1_local   |   26|          5|    5|         25|
    |result_tile_7_ce0              |    9|          2|    1|          2|
    |result_tile_7_d1_local         |   26|          5|   32|        160|
    |result_tile_8_address1_local   |   26|          5|    5|         25|
    |result_tile_8_ce0              |    9|          2|    1|          2|
    |result_tile_8_d1_local         |   20|          4|   32|        128|
    |result_tile_9_address1_local   |   26|          5|    5|         25|
    |result_tile_9_ce0              |    9|          2|    1|          2|
    |result_tile_9_d1_local         |   26|          5|   32|        160|
    |result_tile_address1_local     |   26|          5|    5|         25|
    |result_tile_ce0                |    9|          2|    1|          2|
    |result_tile_d1_local           |   20|          4|   32|        128|
    |weight_tile_1_ce0              |    9|          2|    1|          2|
    |weight_tile_1_ce1              |    9|          2|    1|          2|
    |weight_tile_1_we1              |    9|          2|    1|          2|
    |weight_tile_2_ce0              |    9|          2|    1|          2|
    |weight_tile_2_ce1              |    9|          2|    1|          2|
    |weight_tile_2_we1              |    9|          2|    1|          2|
    |weight_tile_3_ce0              |    9|          2|    1|          2|
    |weight_tile_3_ce1              |    9|          2|    1|          2|
    |weight_tile_3_we1              |    9|          2|    1|          2|
    |weight_tile_ce0                |    9|          2|    1|          2|
    |weight_tile_ce1                |    9|          2|    1|          2|
    |weight_tile_we1                |    9|          2|    1|          2|
    +-------------------------------+-----+-----------+-----+-----------+
    |Total                          | 2989|        601| 1662|      10251|
    +-------------------------------+-----+-----------+-----+-----------+

    * Register: 
    +-----------------------------------------------------------------------------------+----+----+-----+-----------+
    |                                        Name                                       | FF | LUT| Bits| Const Bits|
    +-----------------------------------------------------------------------------------+----+----+-----+-----------+
    |add_ln189_reg_3499                                                                 |   9|   0|   18|          9|
    |add_ln216_1_reg_3458                                                               |   7|   0|    7|          0|
    |add_ln216_2_reg_3453                                                               |  24|   0|   24|          0|
    |add_ln217_reg_3482                                                                 |   6|   0|    6|          0|
    |ap_CS_fsm                                                                          |  94|   0|   94|          0|
    |gmem_w_addr_reg_3474                                                               |  64|   0|   64|          0|
    |gmem_x_addr_reg_3441                                                               |  64|   0|   64|          0|
    |grp_vision_gemm_Pipeline_VITIS_LOOP_189_16_VITIS_LOOP_190_17_fu_1446_ap_start_reg  |   1|   0|    1|          0|
    |grp_vision_gemm_Pipeline_VITIS_LOOP_63_1_VITIS_LOOP_64_2_fu_1424_ap_start_reg      |   1|   0|    1|          0|
    |grp_vision_gemm_Pipeline_VITIS_LOOP_70_3_VITIS_LOOP_71_4_fu_1435_ap_start_reg      |   1|   0|    1|          0|
    |grp_vision_gemm_Pipeline_VITIS_LOOP_98_10_fu_1471_ap_start_reg                     |   1|   0|    1|          0|
    |icmp_ln216_reg_3449                                                                |   1|   0|    1|          0|
    |indvar453_reg_1388                                                                 |   6|   0|    6|          0|
    |indvar_fu_200                                                                      |   7|   0|    7|          0|
    |mb_reg_1400                                                                        |   5|   0|    5|          0|
    |mul_ln107_reg_3494                                                                 |  11|   0|   11|          0|
    |mul_ln112_reg_3513                                                                 |  12|   0|   12|          0|
    |nb_reg_1412                                                                        |   6|   0|    6|          0|
    |output_f32_packed_read_reg_2658                                                    |  64|   0|   64|          0|
    |p_cast1_reg_3463                                                                   |  60|   0|   60|          0|
    |p_cast_reg_3436                                                                    |  59|   0|   59|          0|
    |phi_mul_fu_196                                                                     |  24|   0|   24|          0|
    |reg_1673                                                                           |  32|   0|   32|          0|
    |reg_1682                                                                           |  32|   0|   32|          0|
    |reg_1695                                                                           |  32|   0|   32|          0|
    |reg_1708                                                                           |  32|   0|   32|          0|
    |reg_1721                                                                           |  32|   0|   32|          0|
    |reg_1726                                                                           |  32|   0|   32|          0|
    |reg_1731                                                                           |  32|   0|   32|          0|
    |reg_1736                                                                           |  32|   0|   32|          0|
    |reg_1741                                                                           |  32|   0|   32|          0|
    |reg_1750                                                                           |  32|   0|   32|          0|
    |reg_1759                                                                           |  32|   0|   32|          0|
    |reg_1768                                                                           |  32|   0|   32|          0|
    |reg_1777                                                                           |  32|   0|   32|          0|
    |reg_1786                                                                           |  32|   0|   32|          0|
    |reg_1795                                                                           |  32|   0|   32|          0|
    |reg_1804                                                                           |  32|   0|   32|          0|
    |result_tile_10_addr_1_reg_4037                                                     |   4|   0|    5|          1|
    |result_tile_10_addr_2_reg_4057                                                     |   3|   0|    5|          2|
    |result_tile_10_addr_3_reg_4077                                                     |   3|   0|    5|          2|
    |result_tile_11_addr_1_reg_4097                                                     |   4|   0|    5|          1|
    |result_tile_11_addr_2_reg_4117                                                     |   3|   0|    5|          2|
    |result_tile_11_addr_3_reg_4137                                                     |   3|   0|    5|          2|
    |result_tile_12_addr_1_reg_3922                                                     |   4|   0|    5|          1|
    |result_tile_12_addr_2_reg_3942                                                     |   3|   0|    5|          2|
    |result_tile_12_addr_3_reg_3962                                                     |   3|   0|    5|          2|
    |result_tile_13_addr_1_reg_3982                                                     |   4|   0|    5|          1|
    |result_tile_13_addr_2_reg_4002                                                     |   3|   0|    5|          2|
    |result_tile_13_addr_3_reg_4022                                                     |   3|   0|    5|          2|
    |result_tile_14_addr_1_reg_4042                                                     |   4|   0|    5|          1|
    |result_tile_14_addr_2_reg_4062                                                     |   3|   0|    5|          2|
    |result_tile_14_addr_3_reg_4082                                                     |   3|   0|    5|          2|
    |result_tile_15_addr_1_reg_4102                                                     |   4|   0|    5|          1|
    |result_tile_15_addr_2_reg_4122                                                     |   3|   0|    5|          2|
    |result_tile_15_addr_3_reg_4142                                                     |   3|   0|    5|          2|
    |result_tile_1_addr_1_reg_3967                                                      |   4|   0|    5|          1|
    |result_tile_1_addr_2_reg_3987                                                      |   3|   0|    5|          2|
    |result_tile_1_addr_3_reg_4007                                                      |   3|   0|    5|          2|
    |result_tile_2_addr_1_reg_4027                                                      |   4|   0|    5|          1|
    |result_tile_2_addr_2_reg_4047                                                      |   3|   0|    5|          2|
    |result_tile_2_addr_3_reg_4067                                                      |   3|   0|    5|          2|
    |result_tile_3_addr_1_reg_4087                                                      |   4|   0|    5|          1|
    |result_tile_3_addr_2_reg_4107                                                      |   3|   0|    5|          2|
    |result_tile_3_addr_3_reg_4127                                                      |   3|   0|    5|          2|
    |result_tile_4_addr_1_reg_3912                                                      |   4|   0|    5|          1|
    |result_tile_4_addr_2_reg_3932                                                      |   3|   0|    5|          2|
    |result_tile_4_addr_3_reg_3952                                                      |   3|   0|    5|          2|
    |result_tile_5_addr_1_reg_3972                                                      |   4|   0|    5|          1|
    |result_tile_5_addr_2_reg_3992                                                      |   3|   0|    5|          2|
    |result_tile_5_addr_3_reg_4012                                                      |   3|   0|    5|          2|
    |result_tile_6_addr_1_reg_4032                                                      |   4|   0|    5|          1|
    |result_tile_6_addr_2_reg_4052                                                      |   3|   0|    5|          2|
    |result_tile_6_addr_3_reg_4072                                                      |   3|   0|    5|          2|
    |result_tile_7_addr_1_reg_4092                                                      |   4|   0|    5|          1|
    |result_tile_7_addr_2_reg_4112                                                      |   3|   0|    5|          2|
    |result_tile_7_addr_3_reg_4132                                                      |   3|   0|    5|          2|
    |result_tile_8_addr_1_reg_3917                                                      |   4|   0|    5|          1|
    |result_tile_8_addr_2_reg_3937                                                      |   3|   0|    5|          2|
    |result_tile_8_addr_3_reg_3957                                                      |   3|   0|    5|          2|
    |result_tile_9_addr_1_reg_3977                                                      |   4|   0|    5|          1|
    |result_tile_9_addr_2_reg_3997                                                      |   3|   0|    5|          2|
    |result_tile_9_addr_3_reg_4017                                                      |   3|   0|    5|          2|
    |result_tile_addr_1_reg_3907                                                        |   4|   0|    5|          1|
    |result_tile_addr_2_reg_3927                                                        |   3|   0|    5|          2|
    |result_tile_addr_3_reg_3947                                                        |   3|   0|    5|          2|
    |shl_ln_reg_3469                                                                    |   7|   0|    8|          1|
    |tmp_17_reg_3507                                                                    |   3|   0|    3|          0|
    |trunc_ln80_reg_3490                                                                |   4|   0|    4|          0|
    |weights_f16_packed_read_reg_2663                                                   |  64|   0|   64|          0|
    +-----------------------------------------------------------------------------------+----+----+-----+-----------+
    |Total                                                                              |1277|   0| 1367|         90|
    +-----------------------------------------------------------------------------------+----+----+-----+-----------+



================================================================
== Interface
================================================================
* Summary: 
+-----------------------+-----+-----+------------+--------------+--------------+
|       RTL Ports       | Dir | Bits|  Protocol  | Source Object|    C Type    |
+-----------------------+-----+-----+------------+--------------+--------------+
|s_axi_control_AWVALID  |   in|    1|       s_axi|       control|        scalar|
|s_axi_control_AWREADY  |  out|    1|       s_axi|       control|        scalar|
|s_axi_control_AWADDR   |   in|    6|       s_axi|       control|        scalar|
|s_axi_control_WVALID   |   in|    1|       s_axi|       control|        scalar|
|s_axi_control_WREADY   |  out|    1|       s_axi|       control|        scalar|
|s_axi_control_WDATA    |   in|   32|       s_axi|       control|        scalar|
|s_axi_control_WSTRB    |   in|    4|       s_axi|       control|        scalar|
|s_axi_control_ARVALID  |   in|    1|       s_axi|       control|        scalar|
|s_axi_control_ARREADY  |  out|    1|       s_axi|       control|        scalar|
|s_axi_control_ARADDR   |   in|    6|       s_axi|       control|        scalar|
|s_axi_control_RVALID   |  out|    1|       s_axi|       control|        scalar|
|s_axi_control_RREADY   |   in|    1|       s_axi|       control|        scalar|
|s_axi_control_RDATA    |  out|   32|       s_axi|       control|        scalar|
|s_axi_control_RRESP    |  out|    2|       s_axi|       control|        scalar|
|s_axi_control_BVALID   |  out|    1|       s_axi|       control|        scalar|
|s_axi_control_BREADY   |   in|    1|       s_axi|       control|        scalar|
|s_axi_control_BRESP    |  out|    2|       s_axi|       control|        scalar|
|ap_clk                 |   in|    1|  ap_ctrl_hs|   vision_gemm|  return value|
|ap_rst_n               |   in|    1|  ap_ctrl_hs|   vision_gemm|  return value|
|interrupt              |  out|    1|  ap_ctrl_hs|   vision_gemm|  return value|
|m_axi_gmem_w_AWVALID   |  out|    1|       m_axi|        gmem_w|       pointer|
|m_axi_gmem_w_AWREADY   |   in|    1|       m_axi|        gmem_w|       pointer|
|m_axi_gmem_w_AWADDR    |  out|   64|       m_axi|        gmem_w|       pointer|
|m_axi_gmem_w_AWID      |  out|    1|       m_axi|        gmem_w|       pointer|
|m_axi_gmem_w_AWLEN     |  out|    8|       m_axi|        gmem_w|       pointer|
|m_axi_gmem_w_AWSIZE    |  out|    3|       m_axi|        gmem_w|       pointer|
|m_axi_gmem_w_AWBURST   |  out|    2|       m_axi|        gmem_w|       pointer|
|m_axi_gmem_w_AWLOCK    |  out|    2|       m_axi|        gmem_w|       pointer|
|m_axi_gmem_w_AWCACHE   |  out|    4|       m_axi|        gmem_w|       pointer|
|m_axi_gmem_w_AWPROT    |  out|    3|       m_axi|        gmem_w|       pointer|
|m_axi_gmem_w_AWQOS     |  out|    4|       m_axi|        gmem_w|       pointer|
|m_axi_gmem_w_AWREGION  |  out|    4|       m_axi|        gmem_w|       pointer|
|m_axi_gmem_w_AWUSER    |  out|    1|       m_axi|        gmem_w|       pointer|
|m_axi_gmem_w_WVALID    |  out|    1|       m_axi|        gmem_w|       pointer|
|m_axi_gmem_w_WREADY    |   in|    1|       m_axi|        gmem_w|       pointer|
|m_axi_gmem_w_WDATA     |  out|  128|       m_axi|        gmem_w|       pointer|
|m_axi_gmem_w_WSTRB     |  out|   16|       m_axi|        gmem_w|       pointer|
|m_axi_gmem_w_WLAST     |  out|    1|       m_axi|        gmem_w|       pointer|
|m_axi_gmem_w_WID       |  out|    1|       m_axi|        gmem_w|       pointer|
|m_axi_gmem_w_WUSER     |  out|    1|       m_axi|        gmem_w|       pointer|
|m_axi_gmem_w_ARVALID   |  out|    1|       m_axi|        gmem_w|       pointer|
|m_axi_gmem_w_ARREADY   |   in|    1|       m_axi|        gmem_w|       pointer|
|m_axi_gmem_w_ARADDR    |  out|   64|       m_axi|        gmem_w|       pointer|
|m_axi_gmem_w_ARID      |  out|    1|       m_axi|        gmem_w|       pointer|
|m_axi_gmem_w_ARLEN     |  out|    8|       m_axi|        gmem_w|       pointer|
|m_axi_gmem_w_ARSIZE    |  out|    3|       m_axi|        gmem_w|       pointer|
|m_axi_gmem_w_ARBURST   |  out|    2|       m_axi|        gmem_w|       pointer|
|m_axi_gmem_w_ARLOCK    |  out|    2|       m_axi|        gmem_w|       pointer|
|m_axi_gmem_w_ARCACHE   |  out|    4|       m_axi|        gmem_w|       pointer|
|m_axi_gmem_w_ARPROT    |  out|    3|       m_axi|        gmem_w|       pointer|
|m_axi_gmem_w_ARQOS     |  out|    4|       m_axi|        gmem_w|       pointer|
|m_axi_gmem_w_ARREGION  |  out|    4|       m_axi|        gmem_w|       pointer|
|m_axi_gmem_w_ARUSER    |  out|    1|       m_axi|        gmem_w|       pointer|
|m_axi_gmem_w_RVALID    |   in|    1|       m_axi|        gmem_w|       pointer|
|m_axi_gmem_w_RREADY    |  out|    1|       m_axi|        gmem_w|       pointer|
|m_axi_gmem_w_RDATA     |   in|  128|       m_axi|        gmem_w|       pointer|
|m_axi_gmem_w_RLAST     |   in|    1|       m_axi|        gmem_w|       pointer|
|m_axi_gmem_w_RID       |   in|    1|       m_axi|        gmem_w|       pointer|
|m_axi_gmem_w_RUSER     |   in|    1|       m_axi|        gmem_w|       pointer|
|m_axi_gmem_w_RRESP     |   in|    2|       m_axi|        gmem_w|       pointer|
|m_axi_gmem_w_BVALID    |   in|    1|       m_axi|        gmem_w|       pointer|
|m_axi_gmem_w_BREADY    |  out|    1|       m_axi|        gmem_w|       pointer|
|m_axi_gmem_w_BRESP     |   in|    2|       m_axi|        gmem_w|       pointer|
|m_axi_gmem_w_BID       |   in|    1|       m_axi|        gmem_w|       pointer|
|m_axi_gmem_w_BUSER     |   in|    1|       m_axi|        gmem_w|       pointer|
|m_axi_gmem_x_AWVALID   |  out|    1|       m_axi|        gmem_x|       pointer|
|m_axi_gmem_x_AWREADY   |   in|    1|       m_axi|        gmem_x|       pointer|
|m_axi_gmem_x_AWADDR    |  out|   64|       m_axi|        gmem_x|       pointer|
|m_axi_gmem_x_AWID      |  out|    1|       m_axi|        gmem_x|       pointer|
|m_axi_gmem_x_AWLEN     |  out|    8|       m_axi|        gmem_x|       pointer|
|m_axi_gmem_x_AWSIZE    |  out|    3|       m_axi|        gmem_x|       pointer|
|m_axi_gmem_x_AWBURST   |  out|    2|       m_axi|        gmem_x|       pointer|
|m_axi_gmem_x_AWLOCK    |  out|    2|       m_axi|        gmem_x|       pointer|
|m_axi_gmem_x_AWCACHE   |  out|    4|       m_axi|        gmem_x|       pointer|
|m_axi_gmem_x_AWPROT    |  out|    3|       m_axi|        gmem_x|       pointer|
|m_axi_gmem_x_AWQOS     |  out|    4|       m_axi|        gmem_x|       pointer|
|m_axi_gmem_x_AWREGION  |  out|    4|       m_axi|        gmem_x|       pointer|
|m_axi_gmem_x_AWUSER    |  out|    1|       m_axi|        gmem_x|       pointer|
|m_axi_gmem_x_WVALID    |  out|    1|       m_axi|        gmem_x|       pointer|
|m_axi_gmem_x_WREADY    |   in|    1|       m_axi|        gmem_x|       pointer|
|m_axi_gmem_x_WDATA     |  out|  256|       m_axi|        gmem_x|       pointer|
|m_axi_gmem_x_WSTRB     |  out|   32|       m_axi|        gmem_x|       pointer|
|m_axi_gmem_x_WLAST     |  out|    1|       m_axi|        gmem_x|       pointer|
|m_axi_gmem_x_WID       |  out|    1|       m_axi|        gmem_x|       pointer|
|m_axi_gmem_x_WUSER     |  out|    1|       m_axi|        gmem_x|       pointer|
|m_axi_gmem_x_ARVALID   |  out|    1|       m_axi|        gmem_x|       pointer|
|m_axi_gmem_x_ARREADY   |   in|    1|       m_axi|        gmem_x|       pointer|
|m_axi_gmem_x_ARADDR    |  out|   64|       m_axi|        gmem_x|       pointer|
|m_axi_gmem_x_ARID      |  out|    1|       m_axi|        gmem_x|       pointer|
|m_axi_gmem_x_ARLEN     |  out|    8|       m_axi|        gmem_x|       pointer|
|m_axi_gmem_x_ARSIZE    |  out|    3|       m_axi|        gmem_x|       pointer|
|m_axi_gmem_x_ARBURST   |  out|    2|       m_axi|        gmem_x|       pointer|
|m_axi_gmem_x_ARLOCK    |  out|    2|       m_axi|        gmem_x|       pointer|
|m_axi_gmem_x_ARCACHE   |  out|    4|       m_axi|        gmem_x|       pointer|
|m_axi_gmem_x_ARPROT    |  out|    3|       m_axi|        gmem_x|       pointer|
|m_axi_gmem_x_ARQOS     |  out|    4|       m_axi|        gmem_x|       pointer|
|m_axi_gmem_x_ARREGION  |  out|    4|       m_axi|        gmem_x|       pointer|
|m_axi_gmem_x_ARUSER    |  out|    1|       m_axi|        gmem_x|       pointer|
|m_axi_gmem_x_RVALID    |   in|    1|       m_axi|        gmem_x|       pointer|
|m_axi_gmem_x_RREADY    |  out|    1|       m_axi|        gmem_x|       pointer|
|m_axi_gmem_x_RDATA     |   in|  256|       m_axi|        gmem_x|       pointer|
|m_axi_gmem_x_RLAST     |   in|    1|       m_axi|        gmem_x|       pointer|
|m_axi_gmem_x_RID       |   in|    1|       m_axi|        gmem_x|       pointer|
|m_axi_gmem_x_RUSER     |   in|    1|       m_axi|        gmem_x|       pointer|
|m_axi_gmem_x_RRESP     |   in|    2|       m_axi|        gmem_x|       pointer|
|m_axi_gmem_x_BVALID    |   in|    1|       m_axi|        gmem_x|       pointer|
|m_axi_gmem_x_BREADY    |  out|    1|       m_axi|        gmem_x|       pointer|
|m_axi_gmem_x_BRESP     |   in|    2|       m_axi|        gmem_x|       pointer|
|m_axi_gmem_x_BID       |   in|    1|       m_axi|        gmem_x|       pointer|
|m_axi_gmem_x_BUSER     |   in|    1|       m_axi|        gmem_x|       pointer|
|m_axi_gmem_y_AWVALID   |  out|    1|       m_axi|        gmem_y|       pointer|
|m_axi_gmem_y_AWREADY   |   in|    1|       m_axi|        gmem_y|       pointer|
|m_axi_gmem_y_AWADDR    |  out|   64|       m_axi|        gmem_y|       pointer|
|m_axi_gmem_y_AWID      |  out|    1|       m_axi|        gmem_y|       pointer|
|m_axi_gmem_y_AWLEN     |  out|    8|       m_axi|        gmem_y|       pointer|
|m_axi_gmem_y_AWSIZE    |  out|    3|       m_axi|        gmem_y|       pointer|
|m_axi_gmem_y_AWBURST   |  out|    2|       m_axi|        gmem_y|       pointer|
|m_axi_gmem_y_AWLOCK    |  out|    2|       m_axi|        gmem_y|       pointer|
|m_axi_gmem_y_AWCACHE   |  out|    4|       m_axi|        gmem_y|       pointer|
|m_axi_gmem_y_AWPROT    |  out|    3|       m_axi|        gmem_y|       pointer|
|m_axi_gmem_y_AWQOS     |  out|    4|       m_axi|        gmem_y|       pointer|
|m_axi_gmem_y_AWREGION  |  out|    4|       m_axi|        gmem_y|       pointer|
|m_axi_gmem_y_AWUSER    |  out|    1|       m_axi|        gmem_y|       pointer|
|m_axi_gmem_y_WVALID    |  out|    1|       m_axi|        gmem_y|       pointer|
|m_axi_gmem_y_WREADY    |   in|    1|       m_axi|        gmem_y|       pointer|
|m_axi_gmem_y_WDATA     |  out|  256|       m_axi|        gmem_y|       pointer|
|m_axi_gmem_y_WSTRB     |  out|   32|       m_axi|        gmem_y|       pointer|
|m_axi_gmem_y_WLAST     |  out|    1|       m_axi|        gmem_y|       pointer|
|m_axi_gmem_y_WID       |  out|    1|       m_axi|        gmem_y|       pointer|
|m_axi_gmem_y_WUSER     |  out|    1|       m_axi|        gmem_y|       pointer|
|m_axi_gmem_y_ARVALID   |  out|    1|       m_axi|        gmem_y|       pointer|
|m_axi_gmem_y_ARREADY   |   in|    1|       m_axi|        gmem_y|       pointer|
|m_axi_gmem_y_ARADDR    |  out|   64|       m_axi|        gmem_y|       pointer|
|m_axi_gmem_y_ARID      |  out|    1|       m_axi|        gmem_y|       pointer|
|m_axi_gmem_y_ARLEN     |  out|    8|       m_axi|        gmem_y|       pointer|
|m_axi_gmem_y_ARSIZE    |  out|    3|       m_axi|        gmem_y|       pointer|
|m_axi_gmem_y_ARBURST   |  out|    2|       m_axi|        gmem_y|       pointer|
|m_axi_gmem_y_ARLOCK    |  out|    2|       m_axi|        gmem_y|       pointer|
|m_axi_gmem_y_ARCACHE   |  out|    4|       m_axi|        gmem_y|       pointer|
|m_axi_gmem_y_ARPROT    |  out|    3|       m_axi|        gmem_y|       pointer|
|m_axi_gmem_y_ARQOS     |  out|    4|       m_axi|        gmem_y|       pointer|
|m_axi_gmem_y_ARREGION  |  out|    4|       m_axi|        gmem_y|       pointer|
|m_axi_gmem_y_ARUSER    |  out|    1|       m_axi|        gmem_y|       pointer|
|m_axi_gmem_y_RVALID    |   in|    1|       m_axi|        gmem_y|       pointer|
|m_axi_gmem_y_RREADY    |  out|    1|       m_axi|        gmem_y|       pointer|
|m_axi_gmem_y_RDATA     |   in|  256|       m_axi|        gmem_y|       pointer|
|m_axi_gmem_y_RLAST     |   in|    1|       m_axi|        gmem_y|       pointer|
|m_axi_gmem_y_RID       |   in|    1|       m_axi|        gmem_y|       pointer|
|m_axi_gmem_y_RUSER     |   in|    1|       m_axi|        gmem_y|       pointer|
|m_axi_gmem_y_RRESP     |   in|    2|       m_axi|        gmem_y|       pointer|
|m_axi_gmem_y_BVALID    |   in|    1|       m_axi|        gmem_y|       pointer|
|m_axi_gmem_y_BREADY    |  out|    1|       m_axi|        gmem_y|       pointer|
|m_axi_gmem_y_BRESP     |   in|    2|       m_axi|        gmem_y|       pointer|
|m_axi_gmem_y_BID       |   in|    1|       m_axi|        gmem_y|       pointer|
|m_axi_gmem_y_BUSER     |   in|    1|       m_axi|        gmem_y|       pointer|
+-----------------------+-----+-----+------------+--------------+--------------+

