Copyright 1986-2022 Xilinx, Inc. All Rights Reserved. Copyright 2022-2024 Advanced Micro Devices, Inc. All Rights Reserved.
-------------------------------------------------------------------------------------------------------------------------------------------------------------------------
| Tool Version      : Vivado v.2024.2 (lin64) Build 5239630 Fri Nov 08 22:34:34 MST 2024
| Date              : Fri Sep 25 19:41:13 2026
| Host              : zhiro-ThinkBook-16p-G5-IRX running 64-bit Ubuntu 24.04.5 LTS
| Command           : report_timing_summary -delay_type max -report_unconstrained -file /tmp/rm09-static-board-system-20260925T112858Z-129110/rm09_timing_post_route.rpt
| Design            : kv260_rm09_static_extent_wrapper
| Device            : xck26-sfvc784
| Speed File        : -2LV  PRODUCTION 1.30 05-15-2022
| Design State      : Routed
| Temperature Grade : C
-------------------------------------------------------------------------------------------------------------------------------------------------------------------------

Timing Summary Report

------------------------------------------------------------------------------------------------
| Timer Settings
| --------------
------------------------------------------------------------------------------------------------

  Enable Multi Corner Analysis               :  Yes
  Enable Pessimism Removal                   :  Yes
  Pessimism Removal Resolution               :  Nearest Common Node
  Enable Input Delay Default Clock           :  No
  Enable Preset / Clear Arcs                 :  No
  Disable Flight Delays                      :  No
  Ignore I/O Paths                           :  No
  Timing Early Launch at Borrowing Latches   :  No
  Borrow Time for Max Delay Exceptions       :  Yes
  Merge Timing Exceptions                    :  Yes
  Inter-SLR Compensation                     :  Conservative

  Corner  Analyze    Analyze    
  Name    Max Paths  Min Paths  
  ------  ---------  ---------  
  Slow    Yes        Yes        
  Fast    Yes        Yes        


------------------------------------------------------------------------------------------------
| Report Methodology
| ------------------
------------------------------------------------------------------------------------------------

No report available as report_methodology has not been run prior. Run report_methodology on the current design for the summary of methodology violations.



check_timing report

Table of Contents
-----------------
1. checking no_clock (0)
2. checking constant_clock (0)
3. checking pulse_width_clock (0)
4. checking unconstrained_internal_endpoints (564)
5. checking no_input_delay (0)
6. checking no_output_delay (0)
7. checking multiple_clock (0)
8. checking generated_clocks (0)
9. checking loops (0)
10. checking partial_input_delay (0)
11. checking partial_output_delay (0)
12. checking latch_loops (0)

1. checking no_clock (0)
------------------------
 There are 0 register/latch pins with no clock.


2. checking constant_clock (0)
------------------------------
 There are 0 register/latch pins with constant_clock.


3. checking pulse_width_clock (0)
---------------------------------
 There are 0 register/latch pins which need pulse_width check


4. checking unconstrained_internal_endpoints (564)
--------------------------------------------------
 There are 0 pins that are not constrained for maximum delay.

 There are 564 pins that are not constrained for maximum delay due to constant clock. (MEDIUM)


5. checking no_input_delay (0)
------------------------------
 There are 0 input ports with no input delay specified.

 There are 0 input ports with no input delay but user has a false path constraint.


6. checking no_output_delay (0)
-------------------------------
 There are 0 ports with no output delay specified.

 There are 0 ports with no output delay but user has a false path constraint

 There are 0 ports with no output delay but with a timing clock defined on it or propagating through it


7. checking multiple_clock (0)
------------------------------
 There are 0 register/latch pins with multiple clocks.


8. checking generated_clocks (0)
--------------------------------
 There are 0 generated clocks that are not connected to a clock source.


9. checking loops (0)
---------------------
 There are 0 combinational loops in the design.


10. checking partial_input_delay (0)
------------------------------------
 There are 0 input ports with partial input delay specified.


11. checking partial_output_delay (0)
-------------------------------------
 There are 0 ports with partial output delay specified.


12. checking latch_loops (0)
----------------------------
 There are 0 combinational latch loops in the design through latch input



------------------------------------------------------------------------------------------------
| Design Timing Summary
| ---------------------
------------------------------------------------------------------------------------------------

    WNS(ns)      TNS(ns)  TNS Failing Endpoints  TNS Total Endpoints     WPWS(ns)     TPWS(ns)  TPWS Failing Endpoints  TPWS Total Endpoints  
    -------      -------  ---------------------  -------------------     --------     --------  ----------------------  --------------------  
      1.264        0.000                      0               161170        3.500        0.000                       0                 71926  


All user specified timing constraints are met.


------------------------------------------------------------------------------------------------
| Clock Summary
| -------------
------------------------------------------------------------------------------------------------

Clock     Waveform(ns)       Period(ns)      Frequency(MHz)
-----     ------------       ----------      --------------
clk_pl_0  {0.000 5.000}      10.000          100.000         
clk_pl_1  {0.000 5.000}      10.000          100.000         


------------------------------------------------------------------------------------------------
| Intra Clock Table
| -----------------
------------------------------------------------------------------------------------------------

Clock             WNS(ns)      TNS(ns)  TNS Failing Endpoints  TNS Total Endpoints     WPWS(ns)     TPWS(ns)  TPWS Failing Endpoints  TPWS Total Endpoints  
-----             -------      -------  ---------------------  -------------------     --------     --------  ----------------------  --------------------  
clk_pl_0            1.264        0.000                      0               161137        3.500        0.000                       0                 71926  


------------------------------------------------------------------------------------------------
| Inter Clock Table
| -----------------
------------------------------------------------------------------------------------------------

From Clock    To Clock          WNS(ns)      TNS(ns)  TNS Failing Endpoints  TNS Total Endpoints  
----------    --------          -------      -------  ---------------------  -------------------  


------------------------------------------------------------------------------------------------
| Other Path Groups Table
| -----------------------
------------------------------------------------------------------------------------------------

Path Group    From Clock    To Clock          WNS(ns)      TNS(ns)  TNS Failing Endpoints  TNS Total Endpoints  
----------    ----------    --------          -------      -------  ---------------------  -------------------  
**default**   clk_pl_0                          9.513        0.000                      0                   33  


------------------------------------------------------------------------------------------------
| User Ignored Path Table
| -----------------------
------------------------------------------------------------------------------------------------

Path Group    From Clock    To Clock    
----------    ----------    --------    
(none)                      clk_pl_0      
(none)        clk_pl_0      clk_pl_0      


------------------------------------------------------------------------------------------------
| Unconstrained Path Table
| ------------------------
------------------------------------------------------------------------------------------------

Path Group    From Clock    To Clock    
----------    ----------    --------    
(none)                      clk_pl_0      


------------------------------------------------------------------------------------------------
| Timing Details
| --------------
------------------------------------------------------------------------------------------------


---------------------------------------------------------------------------------------------------
From Clock:  clk_pl_0
  To Clock:  clk_pl_0

Setup :            0  Failing Endpoints,  Worst Slack        1.264ns,  Total Violation        0.000ns
Hold  :           NA  Failing Endpoints,  Worst Slack           NA  ,  Total Violation           NA
PW    :            0  Failing Endpoints,  Worst Slack        3.500ns,  Total Violation        0.000ns
---------------------------------------------------------------------------------------------------


Max Delay Paths
--------------------------------------------------------------------------------------
Slack (MET) :             1.264ns  (required time - arrival time)
  Source:                 kv260_rm09_static_extent_i/vision_ffn_down_tile_0/inst/grp_p_anonymous_namespace_compute_weight_batch_fu_247/grp_p_anonymous_namespace_compute_weight_batch_Pipeline_VITIS_LOOP_97_9_fu_1861/ap_enable_reg_pp0_iter3_reg/C
                            (rising edge-triggered cell FDRE clocked by clk_pl_0  {rise@0.000ns fall@5.000ns period=10.000ns})
  Destination:            kv260_rm09_static_extent_i/vision_ffn_down_tile_0/inst/grp_p_anonymous_namespace_compute_weight_batch_fu_247/grp_p_anonymous_namespace_compute_weight_batch_Pipeline_VITIS_LOOP_97_9_fu_1861/empty_398_fu_1662_reg[8]/D
                            (rising edge-triggered cell FDRE clocked by clk_pl_0  {rise@0.000ns fall@5.000ns period=10.000ns})
  Path Group:             clk_pl_0
  Path Type:              Setup (Max at Slow Process Corner)
  Requirement:            10.000ns  (clk_pl_0 rise@10.000ns - clk_pl_0 rise@0.000ns)
  Data Path Delay:        8.357ns  (logic 0.314ns (3.758%)  route 8.043ns (96.242%))
  Logic Levels:           1  (LUT4=1)
  Clock Path Skew:        -0.294ns (DCD - SCD + CPR)
    Destination Clock Delay (DCD):    2.883ns = ( 12.883 - 10.000 ) 
    Source Clock Delay      (SCD):    3.363ns
    Clock Pessimism Removal (CPR):    0.185ns
  Clock Uncertainty:      0.130ns  ((TSJ^2 + DJ^2)^1/2) / 2 + PE
    Total System Jitter     (TSJ):    0.071ns
    Discrete Jitter          (DJ):    0.250ns
    Phase Error              (PE):    0.000ns
  Clock Net Delay (Source):      3.096ns (routing 1.584ns, distribution 1.512ns)
  Clock Net Delay (Destination): 2.667ns (routing 1.450ns, distribution 1.217ns)

    Location             Delay type                Incr(ns)  Path(ns)    Netlist Resource(s)
  -------------------------------------------------------------------    -------------------
                         (clock clk_pl_0 rise edge)
                                                      0.000     0.000 r  
    PS8_X0Y0             PS8                          0.000     0.000 r  kv260_rm09_static_extent_i/zynq_ultra_ps_e_0/inst/PS8_i/PLCLK[0]
                         net (fo=1, routed)           0.229     0.229    kv260_rm09_static_extent_i/zynq_ultra_ps_e_0/inst/pl_clk_unbuffered[0]
    BUFG_PS_X0Y80        BUFG_PS (Prop_BUFG_PS_I_O)
                                                      0.038     0.267 r  kv260_rm09_static_extent_i/zynq_ultra_ps_e_0/inst/buffer_pl_clk_0.PL_CLK_0_BUFG/O
    X1Y1 (CLOCK_ROOT)    net (fo=72968, routed)       3.096     3.363    kv260_rm09_static_extent_i/vision_ffn_down_tile_0/inst/grp_p_anonymous_namespace_compute_weight_batch_fu_247/grp_p_anonymous_namespace_compute_weight_batch_Pipeline_VITIS_LOOP_97_9_fu_1861/ap_clk
    SLICE_X56Y25         FDRE                                         r  kv260_rm09_static_extent_i/vision_ffn_down_tile_0/inst/grp_p_anonymous_namespace_compute_weight_batch_fu_247/grp_p_anonymous_namespace_compute_weight_batch_Pipeline_VITIS_LOOP_97_9_fu_1861/ap_enable_reg_pp0_iter3_reg/C
  -------------------------------------------------------------------    -------------------
    SLICE_X56Y25         FDRE (Prop_DFF2_SLICEL_C_Q)
                                                      0.115     3.478 r  kv260_rm09_static_extent_i/vision_ffn_down_tile_0/inst/grp_p_anonymous_namespace_compute_weight_batch_fu_247/grp_p_anonymous_namespace_compute_weight_batch_Pipeline_VITIS_LOOP_97_9_fu_1861/ap_enable_reg_pp0_iter3_reg/Q
                         net (fo=5595, routed)        7.604    11.081    kv260_rm09_static_extent_i/vision_ffn_down_tile_0/inst/grp_p_anonymous_namespace_compute_weight_batch_fu_247/grp_p_anonymous_namespace_compute_weight_batch_Pipeline_VITIS_LOOP_97_9_fu_1861/fadd_32ns_32ns_32_6_no_dsp_1_U19/vision_ffn_down_tile_fadd_32ns_32ns_32_6_no_dsp_1_ip_u/ap_enable_reg_pp0_iter3_0
    SLICE_X24Y142        LUT4 (Prop_B5LUT_SLICEM_I0_O)
                                                      0.199    11.280 r  kv260_rm09_static_extent_i/vision_ffn_down_tile_0/inst/grp_p_anonymous_namespace_compute_weight_batch_fu_247/grp_p_anonymous_namespace_compute_weight_batch_Pipeline_VITIS_LOOP_97_9_fu_1861/fadd_32ns_32ns_32_6_no_dsp_1_U19/vision_ffn_down_tile_fadd_32ns_32ns_32_6_no_dsp_1_ip_u/empty_398_fu_1662[8]_i_1/O
                         net (fo=1, routed)           0.439    11.719    kv260_rm09_static_extent_i/vision_ffn_down_tile_0/inst/grp_p_anonymous_namespace_compute_weight_batch_fu_247/grp_p_anonymous_namespace_compute_weight_batch_Pipeline_VITIS_LOOP_97_9_fu_1861/ap_sig_allocacmp_p_load333[8]
    SLICE_X24Y142        FDRE                                         r  kv260_rm09_static_extent_i/vision_ffn_down_tile_0/inst/grp_p_anonymous_namespace_compute_weight_batch_fu_247/grp_p_anonymous_namespace_compute_weight_batch_Pipeline_VITIS_LOOP_97_9_fu_1861/empty_398_fu_1662_reg[8]/D
  -------------------------------------------------------------------    -------------------

                         (clock clk_pl_0 rise edge)
                                                     10.000    10.000 r  
    PS8_X0Y0             PS8                          0.000    10.000 r  kv260_rm09_static_extent_i/zynq_ultra_ps_e_0/inst/PS8_i/PLCLK[0]
                         net (fo=1, routed)           0.181    10.181    kv260_rm09_static_extent_i/zynq_ultra_ps_e_0/inst/pl_clk_unbuffered[0]
    BUFG_PS_X0Y80        BUFG_PS (Prop_BUFG_PS_I_O)
                                                      0.035    10.216 r  kv260_rm09_static_extent_i/zynq_ultra_ps_e_0/inst/buffer_pl_clk_0.PL_CLK_0_BUFG/O
    X1Y1 (CLOCK_ROOT)    net (fo=72968, routed)       2.667    12.883    kv260_rm09_static_extent_i/vision_ffn_down_tile_0/inst/grp_p_anonymous_namespace_compute_weight_batch_fu_247/grp_p_anonymous_namespace_compute_weight_batch_Pipeline_VITIS_LOOP_97_9_fu_1861/ap_clk
    SLICE_X24Y142        FDRE                                         r  kv260_rm09_static_extent_i/vision_ffn_down_tile_0/inst/grp_p_anonymous_namespace_compute_weight_batch_fu_247/grp_p_anonymous_namespace_compute_weight_batch_Pipeline_VITIS_LOOP_97_9_fu_1861/empty_398_fu_1662_reg[8]/C
                         clock pessimism              0.185    13.068    
                         clock uncertainty           -0.130    12.938    
    SLICE_X24Y142        FDRE (Setup_FFF2_SLICEM_C_D)
                                                      0.045    12.983    kv260_rm09_static_extent_i/vision_ffn_down_tile_0/inst/grp_p_anonymous_namespace_compute_weight_batch_fu_247/grp_p_anonymous_namespace_compute_weight_batch_Pipeline_VITIS_LOOP_97_9_fu_1861/empty_398_fu_1662_reg[8]
  -------------------------------------------------------------------
                         required time                         12.983    
                         arrival time                         -11.719    
  -------------------------------------------------------------------
                         slack                                  1.264    





Pulse Width Checks
--------------------------------------------------------------------------------------
Clock Name:         clk_pl_0
Waveform(ns):       { 0.000 5.000 }
Period(ns):         10.000
Sources:            { kv260_rm09_static_extent_i/zynq_ultra_ps_e_0/inst/PS8_i/PLCLK[0] }

Check Type        Corner  Lib Pin          Reference Pin  Required(ns)  Actual(ns)  Slack(ns)  Location  Pin
Min Period        n/a     PS8/MAXIGP0ACLK  n/a            3.000         10.000      7.000      PS8_X0Y0  kv260_rm09_static_extent_i/zynq_ultra_ps_e_0/inst/PS8_i/MAXIGP0ACLK
Low Pulse Width   Slow    PS8/MAXIGP0ACLK  n/a            1.500         5.000       3.500      PS8_X0Y0  kv260_rm09_static_extent_i/zynq_ultra_ps_e_0/inst/PS8_i/MAXIGP0ACLK
High Pulse Width  Slow    PS8/MAXIGP0ACLK  n/a            1.500         5.000       3.500      PS8_X0Y0  kv260_rm09_static_extent_i/zynq_ultra_ps_e_0/inst/PS8_i/MAXIGP0ACLK



---------------------------------------------------------------------------------------------------
Path Group:  **default**
From Clock:  clk_pl_0
  To Clock:  

Setup :            0  Failing Endpoints,  Worst Slack        9.513ns,  Total Violation        0.000ns
Hold  :           NA  Failing Endpoints,  Worst Slack           NA  ,  Total Violation           NA
---------------------------------------------------------------------------------------------------


Max Delay Paths
--------------------------------------------------------------------------------------
Slack (MET) :             9.513ns  (required time - arrival time)
  Source:                 kv260_rm09_static_extent_i/axi_perf_mon_0/inst/GEN_Advanced_Mode.adavnced_mode_inst/mon_fifo_ext_event0_inst/USE_MON_FIFO.async_fifo_inst/XPM_ASYNC.inst/gnuram_async_fifo.xpm_fifo_base_inst/gen_cdc_pntr.rd_pntr_cdc_dc_inst/src_gray_ff_reg[1]/C
                            (rising edge-triggered cell FDRE clocked by clk_pl_0  {rise@0.000ns fall@5.000ns period=10.000ns})
  Destination:            kv260_rm09_static_extent_i/axi_perf_mon_0/inst/GEN_Advanced_Mode.adavnced_mode_inst/mon_fifo_ext_event0_inst/USE_MON_FIFO.async_fifo_inst/XPM_ASYNC.inst/gnuram_async_fifo.xpm_fifo_base_inst/gen_cdc_pntr.rd_pntr_cdc_dc_inst/dest_graysync_ff_reg[0][1]/D
  Path Group:             **default**
  Path Type:              Max at Slow Process Corner
  Requirement:            10.000ns  (MaxDelay Path 10.000ns)
  Data Path Delay:        0.487ns  (logic 0.114ns (23.409%)  route 0.373ns (76.591%))
  Logic Levels:           0  
  Output Delay:           0.000ns
  Timing Exception:       MaxDelay Path 10.000ns -datapath_only

    Location             Delay type                Incr(ns)  Path(ns)    Netlist Resource(s)
  -------------------------------------------------------------------    -------------------
    SLICE_X59Y208                                     0.000     0.000 r  kv260_rm09_static_extent_i/axi_perf_mon_0/inst/GEN_Advanced_Mode.adavnced_mode_inst/mon_fifo_ext_event0_inst/USE_MON_FIFO.async_fifo_inst/XPM_ASYNC.inst/gnuram_async_fifo.xpm_fifo_base_inst/gen_cdc_pntr.rd_pntr_cdc_dc_inst/src_gray_ff_reg[1]/C
    SLICE_X59Y208        FDRE (Prop_GFF_SLICEL_C_Q)
                                                      0.114     0.114 r  kv260_rm09_static_extent_i/axi_perf_mon_0/inst/GEN_Advanced_Mode.adavnced_mode_inst/mon_fifo_ext_event0_inst/USE_MON_FIFO.async_fifo_inst/XPM_ASYNC.inst/gnuram_async_fifo.xpm_fifo_base_inst/gen_cdc_pntr.rd_pntr_cdc_dc_inst/src_gray_ff_reg[1]/Q
                         net (fo=1, routed)           0.373     0.487    kv260_rm09_static_extent_i/axi_perf_mon_0/inst/GEN_Advanced_Mode.adavnced_mode_inst/mon_fifo_ext_event0_inst/USE_MON_FIFO.async_fifo_inst/XPM_ASYNC.inst/gnuram_async_fifo.xpm_fifo_base_inst/gen_cdc_pntr.rd_pntr_cdc_dc_inst/async_path[1]
    SLICE_X60Y207        FDRE                                         r  kv260_rm09_static_extent_i/axi_perf_mon_0/inst/GEN_Advanced_Mode.adavnced_mode_inst/mon_fifo_ext_event0_inst/USE_MON_FIFO.async_fifo_inst/XPM_ASYNC.inst/gnuram_async_fifo.xpm_fifo_base_inst/gen_cdc_pntr.rd_pntr_cdc_dc_inst/dest_graysync_ff_reg[0][1]/D
  -------------------------------------------------------------------    -------------------

                         max delay                   10.000    10.000    
    SLICE_X60Y207        FDRE                         0.000    10.000    kv260_rm09_static_extent_i/axi_perf_mon_0/inst/GEN_Advanced_Mode.adavnced_mode_inst/mon_fifo_ext_event0_inst/USE_MON_FIFO.async_fifo_inst/XPM_ASYNC.inst/gnuram_async_fifo.xpm_fifo_base_inst/gen_cdc_pntr.rd_pntr_cdc_dc_inst/dest_graysync_ff_reg[0][1]
                         output delay                -0.000    10.000    
  -------------------------------------------------------------------
                         required time                         10.000    
                         arrival time                          -0.487    
  -------------------------------------------------------------------
                         slack                                  9.513    





--------------------------------------------------------------------------------------
Path Group:  (none)
From Clock:  
  To Clock:  clk_pl_0

Max Delay             2 Endpoints
Min Delay             0 Endpoints
--------------------------------------------------------------------------------------


Max Delay Paths
--------------------------------------------------------------------------------------
Slack:                    inf
  Source:                 kv260_rm09_static_extent_i/zynq_ultra_ps_e_0/inst/PS8_i/EMIOGPIOO[95]
                            (internal pin)
  Destination:            kv260_rm09_static_extent_i/axi_smc_data/inst/clk_map/psr_aclk/U0/EXT_LPF/ACTIVE_LOW_AUX.ACT_LO_AUX/GENERATE_LEVEL_P_S_CDC.SINGLE_BIT.CROSS_PLEVEL_IN2SCNDRY_IN_cdc_to/D
                            (rising edge-triggered cell FDRE clocked by clk_pl_0  {rise@0.000ns fall@5.000ns period=10.000ns})
  Path Group:             (none)
  Path Type:              Setup (Max at Slow Process Corner)
  Data Path Delay:        4.075ns  (logic 0.084ns (2.061%)  route 3.991ns (97.939%))
  Logic Levels:           1  (LUT1=1)
  Clock Uncertainty:      0.127ns  ((TSJ^2 + DJ^2)^1/2) / 2 + PE
    Total System Jitter     (TSJ):    0.050ns
    Discrete Jitter          (DJ):    0.250ns
    Phase Error              (PE):    0.000ns
  Clock Net Delay (Destination): 2.827ns (routing 1.450ns, distribution 1.377ns)
  Timing Exception:       False Path

    Location             Delay type                Incr(ns)  Path(ns)    Netlist Resource(s)
  -------------------------------------------------------------------    -------------------
    PS8_X0Y0             PS8                          0.000     0.000 f  kv260_rm09_static_extent_i/zynq_ultra_ps_e_0/inst/PS8_i/EMIOGPIOO[95]
                         net (fo=4822, routed)        3.616     3.616    kv260_rm09_static_extent_i/axi_smc_data/inst/clk_map/psr_aclk/U0/EXT_LPF/ACTIVE_LOW_AUX.ACT_LO_AUX/aresetn
    SLICE_X4Y39          LUT1 (Prop_H6LUT_SLICEM_I0_O)
                                                      0.084     3.700 r  kv260_rm09_static_extent_i/axi_smc_data/inst/clk_map/psr_aclk/U0/EXT_LPF/ACTIVE_LOW_AUX.ACT_LO_AUX/GENERATE_LEVEL_P_S_CDC.SINGLE_BIT.CROSS_PLEVEL_IN2SCNDRY_IN_cdc_to_i_1/O
                         net (fo=1, routed)           0.375     4.075    kv260_rm09_static_extent_i/axi_smc_data/inst/clk_map/psr_aclk/U0/EXT_LPF/ACTIVE_LOW_AUX.ACT_LO_AUX/asr_d1
    SLICE_X4Y39          FDRE                                         r  kv260_rm09_static_extent_i/axi_smc_data/inst/clk_map/psr_aclk/U0/EXT_LPF/ACTIVE_LOW_AUX.ACT_LO_AUX/GENERATE_LEVEL_P_S_CDC.SINGLE_BIT.CROSS_PLEVEL_IN2SCNDRY_IN_cdc_to/D
  -------------------------------------------------------------------    -------------------

                         (clock clk_pl_0 rise edge)
                                                      0.000     0.000 r  
    PS8_X0Y0             PS8                          0.000     0.000 r  kv260_rm09_static_extent_i/zynq_ultra_ps_e_0/inst/PS8_i/PLCLK[0]
                         net (fo=1, routed)           0.181     0.181    kv260_rm09_static_extent_i/zynq_ultra_ps_e_0/inst/pl_clk_unbuffered[0]
    BUFG_PS_X0Y80        BUFG_PS (Prop_BUFG_PS_I_O)
                                                      0.035     0.216 r  kv260_rm09_static_extent_i/zynq_ultra_ps_e_0/inst/buffer_pl_clk_0.PL_CLK_0_BUFG/O
    X1Y1 (CLOCK_ROOT)    net (fo=72968, routed)       2.827     3.043    kv260_rm09_static_extent_i/axi_smc_data/inst/clk_map/psr_aclk/U0/EXT_LPF/ACTIVE_LOW_AUX.ACT_LO_AUX/aclk
    SLICE_X4Y39          FDRE                                         r  kv260_rm09_static_extent_i/axi_smc_data/inst/clk_map/psr_aclk/U0/EXT_LPF/ACTIVE_LOW_AUX.ACT_LO_AUX/GENERATE_LEVEL_P_S_CDC.SINGLE_BIT.CROSS_PLEVEL_IN2SCNDRY_IN_cdc_to/C





--------------------------------------------------------------------------------------
Path Group:  (none)
From Clock:  clk_pl_0
  To Clock:  clk_pl_0

Max Delay           145 Endpoints
Min Delay             0 Endpoints
--------------------------------------------------------------------------------------


Max Delay Paths
--------------------------------------------------------------------------------------
Slack:                    inf
  Source:                 kv260_rm09_static_extent_i/axi_smc_data/inst/clk_map/psr_aclk/U0/ACTIVE_LOW_BSR_OUT_DFF[0].FDRE_BSR_N/C
                            (rising edge-triggered cell FDRE clocked by clk_pl_0  {rise@0.000ns fall@5.000ns period=10.000ns})
  Destination:            <hidden>
                            (recovery check against rising-edge clock clk_pl_0  {rise@0.000ns fall@5.000ns period=10.000ns})
  Path Group:             (none)
  Path Type:              Recovery (Max at Slow Process Corner)
  Data Path Delay:        2.242ns  (logic 0.113ns (5.040%)  route 2.129ns (94.960%))
  Logic Levels:           0  
  Clock Path Skew:        -0.311ns (DCD - SCD + CPR)
    Destination Clock Delay (DCD):    3.077ns
    Source Clock Delay      (SCD):    3.388ns
    Clock Pessimism Removal (CPR):    0.000ns
  Clock Uncertainty:      0.130ns  ((TSJ^2 + DJ^2)^1/2) / 2 + PE
    Total System Jitter     (TSJ):    0.071ns
    Discrete Jitter          (DJ):    0.250ns
    Phase Error              (PE):    0.000ns
  Clock Net Delay (Source):      3.121ns (routing 1.584ns, distribution 1.537ns)
  Clock Net Delay (Destination): 2.861ns (routing 1.450ns, distribution 1.411ns)
  Timing Exception:       False Path

    Location             Delay type                Incr(ns)  Path(ns)    Netlist Resource(s)
  -------------------------------------------------------------------    -------------------
                         (clock clk_pl_0 rise edge)
                                                      0.000     0.000 r  
    PS8_X0Y0             PS8                          0.000     0.000 r  kv260_rm09_static_extent_i/zynq_ultra_ps_e_0/inst/PS8_i/PLCLK[0]
                         net (fo=1, routed)           0.229     0.229    kv260_rm09_static_extent_i/zynq_ultra_ps_e_0/inst/pl_clk_unbuffered[0]
    BUFG_PS_X0Y80        BUFG_PS (Prop_BUFG_PS_I_O)
                                                      0.038     0.267 r  kv260_rm09_static_extent_i/zynq_ultra_ps_e_0/inst/buffer_pl_clk_0.PL_CLK_0_BUFG/O
    X1Y1 (CLOCK_ROOT)    net (fo=72968, routed)       3.121     3.388    kv260_rm09_static_extent_i/axi_smc_data/inst/clk_map/psr_aclk/U0/aclk
    SLICE_X0Y47          FDRE                                         r  kv260_rm09_static_extent_i/axi_smc_data/inst/clk_map/psr_aclk/U0/ACTIVE_LOW_BSR_OUT_DFF[0].FDRE_BSR_N/C
  -------------------------------------------------------------------    -------------------
    SLICE_X0Y47          FDRE (Prop_HFF_SLICEL_C_Q)
                                                      0.113     3.501 r  kv260_rm09_static_extent_i/axi_smc_data/inst/clk_map/psr_aclk/U0/ACTIVE_LOW_BSR_OUT_DFF[0].FDRE_BSR_N/Q
                         net (fo=66, routed)          2.129     5.630    <hidden>
    SLICE_X0Y143         FDCE                                         f  <hidden>  (IS_INVERTED)
  -------------------------------------------------------------------    -------------------

                         (clock clk_pl_0 rise edge)
                                                      0.000     0.000 r  
    PS8_X0Y0             PS8                          0.000     0.000 r  kv260_rm09_static_extent_i/zynq_ultra_ps_e_0/inst/PS8_i/PLCLK[0]
                         net (fo=1, routed)           0.181     0.181    kv260_rm09_static_extent_i/zynq_ultra_ps_e_0/inst/pl_clk_unbuffered[0]
    BUFG_PS_X0Y80        BUFG_PS (Prop_BUFG_PS_I_O)
                                                      0.035     0.216 r  kv260_rm09_static_extent_i/zynq_ultra_ps_e_0/inst/buffer_pl_clk_0.PL_CLK_0_BUFG/O
    X1Y1 (CLOCK_ROOT)    net (fo=72968, routed)       2.861     3.077    <hidden>
    SLICE_X0Y143         FDCE                                         r  <hidden>





--------------------------------------------------------------------------------------
Path Group:  (none)
From Clock:  
  To Clock:  clk_pl_0

Max Delay          8061 Endpoints
Min Delay             0 Endpoints
--------------------------------------------------------------------------------------


Max Delay Paths
--------------------------------------------------------------------------------------
Slack:                    inf
  Source:                 kv260_rm09_static_extent_i/zynq_ultra_ps_e_0/inst/PS8_i/EMIOGPIOO[95]
                            (internal pin)
  Destination:            kv260_rm09_static_extent_i/vision_ffn_down_tile_0/inst/gmem_w_m_axi_U/load_unit_0/buff_rdata/U_fifo_mem/mem_reg_0/ENARDEN
                            (rising edge-triggered cell RAMB36E2 clocked by clk_pl_0  {rise@0.000ns fall@5.000ns period=10.000ns})
  Path Group:             (none)
  Path Type:              Setup (Max at Slow Process Corner)
  Data Path Delay:        6.737ns  (logic 0.083ns (1.232%)  route 6.654ns (98.768%))
  Logic Levels:           1  (LUT6=1)
  Clock Uncertainty:      0.127ns  ((TSJ^2 + DJ^2)^1/2) / 2 + PE
    Total System Jitter     (TSJ):    0.050ns
    Discrete Jitter          (DJ):    0.250ns
    Phase Error              (PE):    0.000ns
  Clock Net Delay (Destination): 2.653ns (routing 1.450ns, distribution 1.203ns)

    Location             Delay type                Incr(ns)  Path(ns)    Netlist Resource(s)
  -------------------------------------------------------------------    -------------------
    PS8_X0Y0             PS8                          0.000     0.000 f  kv260_rm09_static_extent_i/zynq_ultra_ps_e_0/inst/PS8_i/EMIOGPIOO[95]
                         net (fo=4822, routed)        4.910     4.910    kv260_rm09_static_extent_i/vision_ffn_down_tile_0/inst/gmem_w_m_axi_U/load_unit_0/buff_rdata/U_fifo_mem/ap_rst_n
    SLICE_X11Y61         LUT6 (Prop_H6LUT_SLICEL_I5_O)
                                                      0.083     4.993 r  kv260_rm09_static_extent_i/vision_ffn_down_tile_0/inst/gmem_w_m_axi_U/load_unit_0/buff_rdata/U_fifo_mem/mem_reg_0_i_1__0/O
                         net (fo=2, routed)           1.744     6.737    kv260_rm09_static_extent_i/vision_ffn_down_tile_0/inst/gmem_w_m_axi_U/load_unit_0/buff_rdata/U_fifo_mem/mem_reg_0_i_1__0_n_0
    RAMB36_X0Y7          RAMB36E2                                     r  kv260_rm09_static_extent_i/vision_ffn_down_tile_0/inst/gmem_w_m_axi_U/load_unit_0/buff_rdata/U_fifo_mem/mem_reg_0/ENARDEN
  -------------------------------------------------------------------    -------------------

                         (clock clk_pl_0 rise edge)
                                                      0.000     0.000 r  
    PS8_X0Y0             PS8                          0.000     0.000 r  kv260_rm09_static_extent_i/zynq_ultra_ps_e_0/inst/PS8_i/PLCLK[0]
                         net (fo=1, routed)           0.181     0.181    kv260_rm09_static_extent_i/zynq_ultra_ps_e_0/inst/pl_clk_unbuffered[0]
    BUFG_PS_X0Y80        BUFG_PS (Prop_BUFG_PS_I_O)
                                                      0.035     0.216 r  kv260_rm09_static_extent_i/zynq_ultra_ps_e_0/inst/buffer_pl_clk_0.PL_CLK_0_BUFG/O
    X1Y1 (CLOCK_ROOT)    net (fo=72968, routed)       2.653     2.869    kv260_rm09_static_extent_i/vision_ffn_down_tile_0/inst/gmem_w_m_axi_U/load_unit_0/buff_rdata/U_fifo_mem/ap_clk
    RAMB36_X0Y7          RAMB36E2                                     r  kv260_rm09_static_extent_i/vision_ffn_down_tile_0/inst/gmem_w_m_axi_U/load_unit_0/buff_rdata/U_fifo_mem/mem_reg_0/CLKARDCLK





