

================================================================
== Vitis HLS Report for 'vision_gemm'
================================================================
* Date:           Thu Sep 24 16:33:35 2026

* Version:        2024.2 (Build 5238294 on Nov  8 2024)
* Project:        project
* Solution:       solution1 (Vivado IP Flow Target)
* Product family: zynquplus
* Target device:  xck26-sfvc784-2LV-c


================================================================
== Performance Estimates
================================================================
+ Timing: 
    * Summary: 
    +--------+---------+----------+------------+
    |  Clock |  Target | Estimated| Uncertainty|
    +--------+---------+----------+------------+
    |ap_clk  |  5.00 ns|  3.769 ns|     1.35 ns|
    +--------+---------+----------+------------+

+ Latency: 
    * Summary: 
    +-----------+-----------+-----------+-----------+-----------+-----------+---------+
    |    Latency (cycles)   |   Latency (absolute)  |        Interval       | Pipeline|
    |    min    |    max    |    min    |    max    |    min    |    max    |   Type  |
    +-----------+-----------+-----------+-----------+-----------+-----------+---------+
    |  164188802|  164188802|  0.821 sec|  0.821 sec|  164188803|  164188803|       no|
    +-----------+-----------+-----------+-----------+-----------+-----------+---------+

    + Detail: 
        * Instance: 
        +----------------------------------------------------------------------+----------------------------------------------------------+---------+---------+-----------+-----------+-------+-------+------------------------------------------------+
        |                                                                      |                                                          |  Latency (cycles) |   Latency (absolute)  |    Interval   |                    Pipeline                    |
        |                               Instance                               |                          Module                          |   min   |   max   |    min    |    max    |  min  |  max  |                      Type                      |
        +----------------------------------------------------------------------+----------------------------------------------------------+---------+---------+-----------+-----------+-------+-------+------------------------------------------------+
        |grp_vision_gemm_Pipeline_VITIS_LOOP_63_1_VITIS_LOOP_64_2_fu_1936      |vision_gemm_Pipeline_VITIS_LOOP_63_1_VITIS_LOOP_64_2      |     8612|     8612|  43.060 us|  43.060 us|   8609|   8609|  loop auto-rewind stp (delay=0 clock cycles(s))|
        |grp_vision_gemm_Pipeline_VITIS_LOOP_70_3_VITIS_LOOP_71_4_fu_1947      |vision_gemm_Pipeline_VITIS_LOOP_70_3_VITIS_LOOP_71_4      |    17220|    17220|  86.100 us|  86.100 us|  17217|  17217|  loop auto-rewind stp (delay=0 clock cycles(s))|
        |grp_vision_gemm_Pipeline_VITIS_LOOP_189_17_VITIS_LOOP_190_18_fu_1958  |vision_gemm_Pipeline_VITIS_LOOP_189_17_VITIS_LOOP_190_18  |       73|       73|   0.365 us|   0.365 us|     65|     65|  loop auto-rewind stp (delay=0 clock cycles(s))|
        |grp_vision_gemm_Pipeline_VITIS_LOOP_147_10_fu_1983                    |vision_gemm_Pipeline_VITIS_LOOP_147_10                    |     1360|     1360|   6.800 us|   6.800 us|   1350|   1350|  loop auto-rewind stp (delay=0 clock cycles(s))|
        +----------------------------------------------------------------------+----------------------------------------------------------+---------+---------+-----------+-----------+-------+-------+------------------------------------------------+

        * Loop: 
        +------------------------+-----------+-----------+----------+-----------+-----------+------+----------+
        |                        |    Latency (cycles)   | Iteration|  Initiation Interval  | Trip |          |
        |        Loop Name       |    min    |    max    |  Latency |  achieved |   target  | Count| Pipelined|
        +------------------------+-----------+-----------+----------+-----------+-----------+------+----------+
        |- VITIS_LOOP_216_1      |  164188801|  164188801|   2280400|          -|          -|    72|        no|
        | + VITIS_LOOP_217_2     |    2280390|    2280390|     65154|          -|          -|    35|        no|
        |  ++ VITIS_LOOP_80_5    |      47848|      47848|     11962|          -|          -|     4|        no|
        |   +++ VITIS_LOOP_81_6  |      11960|      11960|      1495|          -|          -|     8|        no|
        +------------------------+-----------+-----------+----------+-----------+-----------+------+----------+



================================================================
== Utilization Estimates
================================================================
* Summary: 
+-----------------+---------+------+--------+--------+-----+
|       Name      | BRAM_18K|  DSP |   FF   |   LUT  | URAM|
+-----------------+---------+------+--------+--------+-----+
|DSP              |        -|     -|       -|       -|    -|
|Expression       |        -|     -|       0|     210|    -|
|FIFO             |        -|     -|       -|       -|    -|
|Instance         |       38|   182|   58639|   68901|    0|
|Memory           |       16|     -|       0|       0|   40|
|Multiplexer      |        -|     -|       0|    3807|    -|
|Register         |        -|     -|    1341|       -|    -|
+-----------------+---------+------+--------+--------+-----+
|Total            |       54|   182|   59980|   72918|   40|
+-----------------+---------+------+--------+--------+-----+
|Available        |      288|  1248|  234240|  117120|   64|
+-----------------+---------+------+--------+--------+-----+
|Utilization (%)  |       18|    14|      25|      62|   62|
+-----------------+---------+------+--------+--------+-----+

+ Detail: 
    * Instance: 
    +----------------------------------------------------------------------+----------------------------------------------------------+---------+-----+-------+-------+-----+
    |                               Instance                               |                          Module                          | BRAM_18K| DSP |   FF  |  LUT  | URAM|
    +----------------------------------------------------------------------+----------------------------------------------------------+---------+-----+-------+-------+-----+
    |control_s_axi_U                                                       |control_s_axi                                             |        0|    0|    246|    424|    0|
    |fadd_32ns_32ns_32_8_full_dsp_1_U474                                   |fadd_32ns_32ns_32_8_full_dsp_1                            |        0|    2|    296|    239|    0|
    |fadd_32ns_32ns_32_8_full_dsp_1_U475                                   |fadd_32ns_32ns_32_8_full_dsp_1                            |        0|    2|    296|    239|    0|
    |fadd_32ns_32ns_32_8_full_dsp_1_U476                                   |fadd_32ns_32ns_32_8_full_dsp_1                            |        0|    2|    296|    239|    0|
    |fadd_32ns_32ns_32_8_full_dsp_1_U477                                   |fadd_32ns_32ns_32_8_full_dsp_1                            |        0|    2|    296|    239|    0|
    |fadd_32ns_32ns_32_8_full_dsp_1_U478                                   |fadd_32ns_32ns_32_8_full_dsp_1                            |        0|    2|    296|    239|    0|
    |fadd_32ns_32ns_32_8_full_dsp_1_U479                                   |fadd_32ns_32ns_32_8_full_dsp_1                            |        0|    2|    296|    239|    0|
    |fadd_32ns_32ns_32_8_full_dsp_1_U480                                   |fadd_32ns_32ns_32_8_full_dsp_1                            |        0|    2|    296|    239|    0|
    |fadd_32ns_32ns_32_8_full_dsp_1_U481                                   |fadd_32ns_32ns_32_8_full_dsp_1                            |        0|    2|    296|    239|    0|
    |fadd_32ns_32ns_32_8_full_dsp_1_U482                                   |fadd_32ns_32ns_32_8_full_dsp_1                            |        0|    2|    296|    239|    0|
    |fadd_32ns_32ns_32_8_full_dsp_1_U483                                   |fadd_32ns_32ns_32_8_full_dsp_1                            |        0|    2|    296|    239|    0|
    |fadd_32ns_32ns_32_8_full_dsp_1_U484                                   |fadd_32ns_32ns_32_8_full_dsp_1                            |        0|    2|    296|    239|    0|
    |fadd_32ns_32ns_32_8_full_dsp_1_U485                                   |fadd_32ns_32ns_32_8_full_dsp_1                            |        0|    2|    296|    239|    0|
    |gmem_w_m_axi_U                                                        |gmem_w_m_axi                                              |        8|    0|    776|    849|    0|
    |gmem_x_m_axi_U                                                        |gmem_x_m_axi                                              |       15|    0|   1044|   1114|    0|
    |gmem_y_m_axi_U                                                        |gmem_y_m_axi                                              |       15|    0|   1038|   1104|    0|
    |mul_2ns_11ns_11_1_1_U486                                              |mul_2ns_11ns_11_1_1                                       |        0|    0|      0|      5|    0|
    |mul_3ns_11ns_12_1_1_U487                                              |mul_3ns_11ns_12_1_1                                       |        0|    0|      0|      5|    0|
    |grp_vision_gemm_Pipeline_VITIS_LOOP_147_10_fu_1983                    |vision_gemm_Pipeline_VITIS_LOOP_147_10                    |        0|  156|  50405|  61431|    0|
    |grp_vision_gemm_Pipeline_VITIS_LOOP_189_17_VITIS_LOOP_190_18_fu_1958  |vision_gemm_Pipeline_VITIS_LOOP_189_17_VITIS_LOOP_190_18  |        0|    0|    948|    657|    0|
    |grp_vision_gemm_Pipeline_VITIS_LOOP_63_1_VITIS_LOOP_64_2_fu_1936      |vision_gemm_Pipeline_VITIS_LOOP_63_1_VITIS_LOOP_64_2      |        0|    1|    250|    220|    0|
    |grp_vision_gemm_Pipeline_VITIS_LOOP_70_3_VITIS_LOOP_71_4_fu_1947      |vision_gemm_Pipeline_VITIS_LOOP_70_3_VITIS_LOOP_71_4      |        0|    1|    380|    224|    0|
    +----------------------------------------------------------------------+----------------------------------------------------------+---------+-----+-------+-------+-----+
    |Total                                                                 |                                                          |       38|  182|  58639|  68901|    0|
    +----------------------------------------------------------------------+----------------------------------------------------------+---------+-----+-------+-------+-----+

    * DSP: 
    N/A

    * Memory: 
    +---------------------+----------------------------------+---------+---+----+-----+------+-----+------+-------------+
    |        Memory       |              Module              | BRAM_18K| FF| LUT| URAM| Words| Bits| Banks| W*Bits*Banks|
    +---------------------+----------------------------------+---------+---+----+-----+------+-----+------+-------------+
    |activation_tile_U    |activation_tile_RAM_2P_URAM_1R1W  |        0|  0|   0|    8|  4304|  256|     1|      1101824|
    |activation_tile_1_U  |activation_tile_RAM_2P_URAM_1R1W  |        0|  0|   0|    8|  4304|  256|     1|      1101824|
    |activation_tile_2_U  |activation_tile_RAM_2P_URAM_1R1W  |        0|  0|   0|    8|  4304|  256|     1|      1101824|
    |activation_tile_3_U  |activation_tile_RAM_2P_URAM_1R1W  |        0|  0|   0|    8|  4304|  256|     1|      1101824|
    |result_tile_U        |result_tile_RAM_2P_BRAM_1R1W      |        1|  0|   0|    0|    32|   32|     1|         1024|
    |result_tile_1_U      |result_tile_RAM_2P_BRAM_1R1W      |        1|  0|   0|    0|    32|   32|     1|         1024|
    |result_tile_2_U      |result_tile_RAM_2P_BRAM_1R1W      |        1|  0|   0|    0|    32|   32|     1|         1024|
    |result_tile_3_U      |result_tile_RAM_2P_BRAM_1R1W      |        1|  0|   0|    0|    32|   32|     1|         1024|
    |result_tile_4_U      |result_tile_RAM_2P_BRAM_1R1W      |        1|  0|   0|    0|    32|   32|     1|         1024|
    |result_tile_5_U      |result_tile_RAM_2P_BRAM_1R1W      |        1|  0|   0|    0|    32|   32|     1|         1024|
    |result_tile_6_U      |result_tile_RAM_2P_BRAM_1R1W      |        1|  0|   0|    0|    32|   32|     1|         1024|
    |result_tile_7_U      |result_tile_RAM_2P_BRAM_1R1W      |        1|  0|   0|    0|    32|   32|     1|         1024|
    |result_tile_8_U      |result_tile_RAM_2P_BRAM_1R1W      |        1|  0|   0|    0|    32|   32|     1|         1024|
    |result_tile_9_U      |result_tile_RAM_2P_BRAM_1R1W      |        1|  0|   0|    0|    32|   32|     1|         1024|
    |result_tile_10_U     |result_tile_RAM_2P_BRAM_1R1W      |        1|  0|   0|    0|    32|   32|     1|         1024|
    |result_tile_11_U     |result_tile_RAM_2P_BRAM_1R1W      |        1|  0|   0|    0|    32|   32|     1|         1024|
    |result_tile_12_U     |result_tile_RAM_2P_BRAM_1R1W      |        1|  0|   0|    0|    32|   32|     1|         1024|
    |result_tile_13_U     |result_tile_RAM_2P_BRAM_1R1W      |        1|  0|   0|    0|    32|   32|     1|         1024|
    |result_tile_14_U     |result_tile_RAM_2P_BRAM_1R1W      |        1|  0|   0|    0|    32|   32|     1|         1024|
    |result_tile_15_U     |result_tile_RAM_2P_BRAM_1R1W      |        1|  0|   0|    0|    32|   32|     1|         1024|
    |weight_tile_U        |weight_tile_RAM_2P_URAM_1R1W      |        0|  0|   0|    2|  2152|  128|     1|       275456|
    |weight_tile_1_U      |weight_tile_RAM_2P_URAM_1R1W      |        0|  0|   0|    2|  2152|  128|     1|       275456|
    |weight_tile_2_U      |weight_tile_RAM_2P_URAM_1R1W      |        0|  0|   0|    2|  2152|  128|     1|       275456|
    |weight_tile_3_U      |weight_tile_RAM_2P_URAM_1R1W      |        0|  0|   0|    2|  2152|  128|     1|       275456|
    +---------------------+----------------------------------+---------+---+----+-----+------+-----+------+-------------+
    |Total                |                                  |       16|  0|   0|   40| 26336| 2048|    24|      5525504|
    +---------------------+----------------------------------+---------+---+----+-----+------+-----+------+-------------+

    * FIFO: 
    N/A

    * Expression: 
    +----------------------------------+----------+----+---+----+------------+------------+
    |           Variable Name          | Operation| DSP| FF| LUT| Bitwidth P0| Bitwidth P1|
    +----------------------------------+----------+----+---+----+------------+------------+
    |add_ln189_fu_2613_p2              |         +|   0|  0|  25|          18|          18|
    |add_ln216_1_fu_2501_p2            |         +|   0|  0|  14|           7|           1|
    |add_ln216_2_fu_2495_p2            |         +|   0|  0|  31|          24|          18|
    |add_ln216_fu_2510_p2              |         +|   0|  0|  71|          64|          64|
    |add_ln217_fu_2547_p2              |         +|   0|  0|  13|           6|           1|
    |add_ln80_fu_2648_p2               |         +|   0|  0|  12|           5|           3|
    |add_ln81_fu_3790_p2               |         +|   0|  0|  13|           6|           3|
    |ap_block_state3_io                |       and|   0|  0|   2|           1|           1|
    |icmp_ln216_fu_2486_p2             |      icmp|   0|  0|  14|           7|           7|
    |icmp_ln217_fu_2541_p2             |      icmp|   0|  0|  13|           6|           6|
    |ap_block_state21_on_subcall_done  |        or|   0|  0|   2|           1|           1|
    +----------------------------------+----------+----+---+----+------------+------------+
    |Total                             |          |   0|  0| 210|         145|         123|
    +----------------------------------+----------+----+---+----+------------+------------+

    * Multiplexer: 
    +-------------------------------+-----+-----------+-----+-----------+
    |              Name             | LUT | Input Size| Bits| Total Bits|
    +-------------------------------+-----+-----------+-----+-----------+
    |activation_tile_1_address1     |   14|          3|   13|         39|
    |activation_tile_1_ce0          |    9|          2|    1|          2|
    |activation_tile_1_ce1          |   14|          3|    1|          3|
    |activation_tile_1_we1          |    9|          2|    1|          2|
    |activation_tile_2_address1     |   14|          3|   13|         39|
    |activation_tile_2_ce0          |    9|          2|    1|          2|
    |activation_tile_2_ce1          |   14|          3|    1|          3|
    |activation_tile_2_we1          |    9|          2|    1|          2|
    |activation_tile_3_address1     |   14|          3|   13|         39|
    |activation_tile_3_ce0          |    9|          2|    1|          2|
    |activation_tile_3_ce1          |   14|          3|    1|          3|
    |activation_tile_3_we1          |    9|          2|    1|          2|
    |activation_tile_address1       |   14|          3|   13|         39|
    |activation_tile_ce0            |    9|          2|    1|          2|
    |activation_tile_ce1            |   14|          3|    1|          3|
    |activation_tile_we1            |    9|          2|    1|          2|
    |ap_NS_fsm                      |  839|        159|    1|        159|
    |gmem_w_0_ARADDR                |   14|          3|   64|        192|
    |gmem_w_0_ARLEN                 |   14|          3|   32|         96|
    |gmem_w_0_ARVALID               |   14|          3|    1|          3|
    |gmem_w_0_RREADY                |    9|          2|    1|          2|
    |gmem_w_blk_n_AR                |    9|          2|    1|          2|
    |gmem_x_0_ARADDR                |   14|          3|   64|        192|
    |gmem_x_0_ARLEN                 |   14|          3|   32|         96|
    |gmem_x_0_ARVALID               |   14|          3|    1|          3|
    |gmem_x_0_RREADY                |    9|          2|    1|          2|
    |gmem_x_blk_n_AR                |    9|          2|    1|          2|
    |gmem_y_0_AWVALID               |    9|          2|    1|          2|
    |gmem_y_0_BREADY                |    9|          2|    1|          2|
    |gmem_y_0_WVALID                |    9|          2|    1|          2|
    |grp_fu_2253_p0                 |   26|          5|   32|        160|
    |grp_fu_2253_p1                 |  148|         32|   32|       1024|
    |grp_fu_2258_p0                 |   26|          5|   32|        160|
    |grp_fu_2258_p1                 |  148|         32|   32|       1024|
    |grp_fu_2263_p0                 |   26|          5|   32|        160|
    |grp_fu_2263_p1                 |  148|         32|   32|       1024|
    |grp_fu_2268_p0                 |   26|          5|   32|        160|
    |grp_fu_2268_p1                 |  148|         32|   32|       1024|
    |grp_fu_2273_p0                 |   14|          3|   32|         96|
    |grp_fu_2273_p1                 |   81|         17|   32|        544|
    |grp_fu_2278_p0                 |   14|          3|   32|         96|
    |grp_fu_2278_p1                 |   81|         17|   32|        544|
    |grp_fu_2283_p0                 |   14|          3|   32|         96|
    |grp_fu_2283_p1                 |   81|         17|   32|        544|
    |grp_fu_2288_p0                 |   14|          3|   32|         96|
    |grp_fu_2288_p1                 |   81|         17|   32|        544|
    |grp_fu_2293_p0                 |   14|          3|   32|         96|
    |grp_fu_2293_p1                 |   81|         17|   32|        544|
    |grp_fu_2298_p0                 |   14|          3|   32|         96|
    |grp_fu_2298_p1                 |   81|         17|   32|        544|
    |grp_fu_2303_p0                 |   14|          3|   32|         96|
    |grp_fu_2303_p1                 |   81|         17|   32|        544|
    |grp_fu_2308_p0                 |   14|          3|   32|         96|
    |grp_fu_2308_p1                 |   81|         17|   32|        544|
    |indvar5_reg_1900               |    9|          2|    6|         12|
    |indvar_fu_200                  |    9|          2|    7|         14|
    |mb_reg_1912                    |    9|          2|    5|         10|
    |nb_reg_1924                    |    9|          2|    6|         12|
    |phi_mul_fu_196                 |    9|          2|   24|         48|
    |result_tile_10_address1_local  |   26|          5|    5|         25|
    |result_tile_10_ce0             |    9|          2|    1|          2|
    |result_tile_10_d1_local        |   26|          5|   32|        160|
    |result_tile_11_address1_local  |   26|          5|    5|         25|
    |result_tile_11_ce0             |    9|          2|    1|          2|
    |result_tile_11_d1_local        |   26|          5|   32|        160|
    |result_tile_12_address1_local  |   26|          5|    5|         25|
    |result_tile_12_ce0             |    9|          2|    1|          2|
    |result_tile_12_d1_local        |   20|          4|   32|        128|
    |result_tile_13_address1_local  |   26|          5|    5|         25|
    |result_tile_13_ce0             |    9|          2|    1|          2|
    |result_tile_13_d1_local        |   26|          5|   32|        160|
    |result_tile_14_address1_local  |   26|          5|    5|         25|
    |result_tile_14_ce0             |    9|          2|    1|          2|
    |result_tile_14_d1_local        |   26|          5|   32|        160|
    |result_tile_15_address1_local  |   26|          5|    5|         25|
    |result_tile_15_ce0             |    9|          2|    1|          2|
    |result_tile_15_d1_local        |   26|          5|   32|        160|
    |result_tile_1_address1_local   |   26|          5|    5|         25|
    |result_tile_1_ce0              |    9|          2|    1|          2|
    |result_tile_1_d1_local         |   26|          5|   32|        160|
    |result_tile_2_address1_local   |   26|          5|    5|         25|
    |result_tile_2_ce0              |    9|          2|    1|          2|
    |result_tile_2_d1_local         |   26|          5|   32|        160|
    |result_tile_3_address1_local   |   26|          5|    5|         25|
    |result_tile_3_ce0              |    9|          2|    1|          2|
    |result_tile_3_d1_local         |   26|          5|   32|        160|
    |result_tile_4_address1_local   |   26|          5|    5|         25|
    |result_tile_4_ce0              |    9|          2|    1|          2|
    |result_tile_4_d1_local         |   20|          4|   32|        128|
    |result_tile_5_address1_local   |   26|          5|    5|         25|
    |result_tile_5_ce0              |    9|          2|    1|          2|
    |result_tile_5_d1_local         |   26|          5|   32|        160|
    |result_tile_6_address1_local   |   26|          5|    5|         25|
    |result_tile_6_ce0              |    9|          2|    1|          2|
    |result_tile_6_d1_local         |   26|          5|   32|        160|
    |result_tile_7_address1_local   |   26|          5|    5|         25|
    |result_tile_7_ce0              |    9|          2|    1|          2|
    |result_tile_7_d1_local         |   26|          5|   32|        160|
    |result_tile_8_address1_local   |   26|          5|    5|         25|
    |result_tile_8_ce0              |    9|          2|    1|          2|
    |result_tile_8_d1_local         |   20|          4|   32|        128|
    |result_tile_9_address1_local   |   26|          5|    5|         25|
    |result_tile_9_ce0              |    9|          2|    1|          2|
    |result_tile_9_d1_local         |   26|          5|   32|        160|
    |result_tile_address1_local     |   26|          5|    5|         25|
    |result_tile_ce0                |    9|          2|    1|          2|
    |result_tile_d1_local           |   20|          4|   32|        128|
    |weight_tile_1_address1         |   14|          3|   12|         36|
    |weight_tile_1_ce0              |    9|          2|    1|          2|
    |weight_tile_1_ce1              |   14|          3|    1|          3|
    |weight_tile_1_we1              |    9|          2|    1|          2|
    |weight_tile_2_address1         |   14|          3|   12|         36|
    |weight_tile_2_ce0              |    9|          2|    1|          2|
    |weight_tile_2_ce1              |   14|          3|    1|          3|
    |weight_tile_2_we1              |    9|          2|    1|          2|
    |weight_tile_3_address1         |   14|          3|   12|         36|
    |weight_tile_3_ce0              |    9|          2|    1|          2|
    |weight_tile_3_ce1              |   14|          3|    1|          3|
    |weight_tile_3_we1              |    9|          2|    1|          2|
    |weight_tile_address1           |   14|          3|   12|         36|
    |weight_tile_ce0                |    9|          2|    1|          2|
    |weight_tile_ce1                |   14|          3|    1|          3|
    |weight_tile_we1                |    9|          2|    1|          2|
    +-------------------------------+-----+-----------+-----+-----------+
    |Total                          | 3807|        777| 1750|      13927|
    +-------------------------------+-----+-----------+-----+-----------+

    * Register: 
    +-----------------------------------------------------------------------------------+-----+----+-----+-----------+
    |                                        Name                                       |  FF | LUT| Bits| Const Bits|
    +-----------------------------------------------------------------------------------+-----+----+-----+-----------+
    |add_ln189_reg_5419                                                                 |    9|   0|   18|          9|
    |add_ln216_1_reg_5378                                                               |    7|   0|    7|          0|
    |add_ln216_2_reg_5373                                                               |   24|   0|   24|          0|
    |add_ln217_reg_5402                                                                 |    6|   0|    6|          0|
    |ap_CS_fsm                                                                          |  158|   0|  158|          0|
    |gmem_w_addr_reg_5394                                                               |   64|   0|   64|          0|
    |gmem_x_addr_reg_5361                                                               |   64|   0|   64|          0|
    |grp_vision_gemm_Pipeline_VITIS_LOOP_147_10_fu_1983_ap_start_reg                    |    1|   0|    1|          0|
    |grp_vision_gemm_Pipeline_VITIS_LOOP_189_17_VITIS_LOOP_190_18_fu_1958_ap_start_reg  |    1|   0|    1|          0|
    |grp_vision_gemm_Pipeline_VITIS_LOOP_63_1_VITIS_LOOP_64_2_fu_1936_ap_start_reg      |    1|   0|    1|          0|
    |grp_vision_gemm_Pipeline_VITIS_LOOP_70_3_VITIS_LOOP_71_4_fu_1947_ap_start_reg      |    1|   0|    1|          0|
    |icmp_ln216_reg_5369                                                                |    1|   0|    1|          0|
    |indvar5_reg_1900                                                                   |    6|   0|    6|          0|
    |indvar_fu_200                                                                      |    7|   0|    7|          0|
    |mb_reg_1912                                                                        |    5|   0|    5|          0|
    |mul_ln147_reg_5433                                                                 |   12|   0|   12|          0|
    |mul_ln160_reg_5414                                                                 |   11|   0|   11|          0|
    |nb_reg_1924                                                                        |    6|   0|    6|          0|
    |output_f32_packed_read_reg_3810                                                    |   64|   0|   64|          0|
    |p_cast1_reg_5383                                                                   |   60|   0|   60|          0|
    |p_cast_reg_5356                                                                    |   59|   0|   59|          0|
    |phi_mul_fu_196                                                                     |   24|   0|   24|          0|
    |reg_2313                                                                           |   32|   0|   32|          0|
    |reg_2322                                                                           |   32|   0|   32|          0|
    |reg_2335                                                                           |   32|   0|   32|          0|
    |reg_2348                                                                           |   32|   0|   32|          0|
    |reg_2361                                                                           |   32|   0|   32|          0|
    |reg_2366                                                                           |   32|   0|   32|          0|
    |reg_2371                                                                           |   32|   0|   32|          0|
    |reg_2376                                                                           |   32|   0|   32|          0|
    |reg_2381                                                                           |   32|   0|   32|          0|
    |reg_2390                                                                           |   32|   0|   32|          0|
    |reg_2399                                                                           |   32|   0|   32|          0|
    |reg_2408                                                                           |   32|   0|   32|          0|
    |reg_2417                                                                           |   32|   0|   32|          0|
    |reg_2426                                                                           |   32|   0|   32|          0|
    |reg_2435                                                                           |   32|   0|   32|          0|
    |reg_2444                                                                           |   32|   0|   32|          0|
    |result_tile_10_addr_1_reg_6341                                                     |    4|   0|    5|          1|
    |result_tile_10_addr_2_reg_6361                                                     |    3|   0|    5|          2|
    |result_tile_10_addr_3_reg_6381                                                     |    3|   0|    5|          2|
    |result_tile_11_addr_1_reg_6401                                                     |    4|   0|    5|          1|
    |result_tile_11_addr_2_reg_6421                                                     |    3|   0|    5|          2|
    |result_tile_11_addr_3_reg_6441                                                     |    3|   0|    5|          2|
    |result_tile_12_addr_1_reg_6226                                                     |    4|   0|    5|          1|
    |result_tile_12_addr_2_reg_6246                                                     |    3|   0|    5|          2|
    |result_tile_12_addr_3_reg_6266                                                     |    3|   0|    5|          2|
    |result_tile_13_addr_1_reg_6286                                                     |    4|   0|    5|          1|
    |result_tile_13_addr_2_reg_6306                                                     |    3|   0|    5|          2|
    |result_tile_13_addr_3_reg_6326                                                     |    3|   0|    5|          2|
    |result_tile_14_addr_1_reg_6346                                                     |    4|   0|    5|          1|
    |result_tile_14_addr_2_reg_6366                                                     |    3|   0|    5|          2|
    |result_tile_14_addr_3_reg_6386                                                     |    3|   0|    5|          2|
    |result_tile_15_addr_1_reg_6406                                                     |    4|   0|    5|          1|
    |result_tile_15_addr_2_reg_6426                                                     |    3|   0|    5|          2|
    |result_tile_15_addr_3_reg_6446                                                     |    3|   0|    5|          2|
    |result_tile_1_addr_1_reg_6271                                                      |    4|   0|    5|          1|
    |result_tile_1_addr_2_reg_6291                                                      |    3|   0|    5|          2|
    |result_tile_1_addr_3_reg_6311                                                      |    3|   0|    5|          2|
    |result_tile_2_addr_1_reg_6331                                                      |    4|   0|    5|          1|
    |result_tile_2_addr_2_reg_6351                                                      |    3|   0|    5|          2|
    |result_tile_2_addr_3_reg_6371                                                      |    3|   0|    5|          2|
    |result_tile_3_addr_1_reg_6391                                                      |    4|   0|    5|          1|
    |result_tile_3_addr_2_reg_6411                                                      |    3|   0|    5|          2|
    |result_tile_3_addr_3_reg_6431                                                      |    3|   0|    5|          2|
    |result_tile_4_addr_1_reg_6216                                                      |    4|   0|    5|          1|
    |result_tile_4_addr_2_reg_6236                                                      |    3|   0|    5|          2|
    |result_tile_4_addr_3_reg_6256                                                      |    3|   0|    5|          2|
    |result_tile_5_addr_1_reg_6276                                                      |    4|   0|    5|          1|
    |result_tile_5_addr_2_reg_6296                                                      |    3|   0|    5|          2|
    |result_tile_5_addr_3_reg_6316                                                      |    3|   0|    5|          2|
    |result_tile_6_addr_1_reg_6336                                                      |    4|   0|    5|          1|
    |result_tile_6_addr_2_reg_6356                                                      |    3|   0|    5|          2|
    |result_tile_6_addr_3_reg_6376                                                      |    3|   0|    5|          2|
    |result_tile_7_addr_1_reg_6396                                                      |    4|   0|    5|          1|
    |result_tile_7_addr_2_reg_6416                                                      |    3|   0|    5|          2|
    |result_tile_7_addr_3_reg_6436                                                      |    3|   0|    5|          2|
    |result_tile_8_addr_1_reg_6221                                                      |    4|   0|    5|          1|
    |result_tile_8_addr_2_reg_6241                                                      |    3|   0|    5|          2|
    |result_tile_8_addr_3_reg_6261                                                      |    3|   0|    5|          2|
    |result_tile_9_addr_1_reg_6281                                                      |    4|   0|    5|          1|
    |result_tile_9_addr_2_reg_6301                                                      |    3|   0|    5|          2|
    |result_tile_9_addr_3_reg_6321                                                      |    3|   0|    5|          2|
    |result_tile_addr_1_reg_6211                                                        |    4|   0|    5|          1|
    |result_tile_addr_2_reg_6231                                                        |    3|   0|    5|          2|
    |result_tile_addr_3_reg_6251                                                        |    3|   0|    5|          2|
    |shl_ln_reg_5389                                                                    |    7|   0|    8|          1|
    |tmp_2_reg_5427                                                                     |    3|   0|    3|          0|
    |trunc_ln80_reg_5410                                                                |    4|   0|    4|          0|
    |weights_f16_packed_read_reg_3815                                                   |   64|   0|   64|          0|
    +-----------------------------------------------------------------------------------+-----+----+-----+-----------+
    |Total                                                                              | 1341|   0| 1431|         90|
    +-----------------------------------------------------------------------------------+-----+----+-----+-----------+



================================================================
== Interface
================================================================
* Summary: 
+-----------------------+-----+-----+------------+--------------+--------------+
|       RTL Ports       | Dir | Bits|  Protocol  | Source Object|    C Type    |
+-----------------------+-----+-----+------------+--------------+--------------+
|s_axi_control_AWVALID  |   in|    1|       s_axi|       control|        scalar|
|s_axi_control_AWREADY  |  out|    1|       s_axi|       control|        scalar|
|s_axi_control_AWADDR   |   in|    6|       s_axi|       control|        scalar|
|s_axi_control_WVALID   |   in|    1|       s_axi|       control|        scalar|
|s_axi_control_WREADY   |  out|    1|       s_axi|       control|        scalar|
|s_axi_control_WDATA    |   in|   32|       s_axi|       control|        scalar|
|s_axi_control_WSTRB    |   in|    4|       s_axi|       control|        scalar|
|s_axi_control_ARVALID  |   in|    1|       s_axi|       control|        scalar|
|s_axi_control_ARREADY  |  out|    1|       s_axi|       control|        scalar|
|s_axi_control_ARADDR   |   in|    6|       s_axi|       control|        scalar|
|s_axi_control_RVALID   |  out|    1|       s_axi|       control|        scalar|
|s_axi_control_RREADY   |   in|    1|       s_axi|       control|        scalar|
|s_axi_control_RDATA    |  out|   32|       s_axi|       control|        scalar|
|s_axi_control_RRESP    |  out|    2|       s_axi|       control|        scalar|
|s_axi_control_BVALID   |  out|    1|       s_axi|       control|        scalar|
|s_axi_control_BREADY   |   in|    1|       s_axi|       control|        scalar|
|s_axi_control_BRESP    |  out|    2|       s_axi|       control|        scalar|
|ap_clk                 |   in|    1|  ap_ctrl_hs|   vision_gemm|  return value|
|ap_rst_n               |   in|    1|  ap_ctrl_hs|   vision_gemm|  return value|
|interrupt              |  out|    1|  ap_ctrl_hs|   vision_gemm|  return value|
|m_axi_gmem_w_AWVALID   |  out|    1|       m_axi|        gmem_w|       pointer|
|m_axi_gmem_w_AWREADY   |   in|    1|       m_axi|        gmem_w|       pointer|
|m_axi_gmem_w_AWADDR    |  out|   64|       m_axi|        gmem_w|       pointer|
|m_axi_gmem_w_AWID      |  out|    1|       m_axi|        gmem_w|       pointer|
|m_axi_gmem_w_AWLEN     |  out|    8|       m_axi|        gmem_w|       pointer|
|m_axi_gmem_w_AWSIZE    |  out|    3|       m_axi|        gmem_w|       pointer|
|m_axi_gmem_w_AWBURST   |  out|    2|       m_axi|        gmem_w|       pointer|
|m_axi_gmem_w_AWLOCK    |  out|    2|       m_axi|        gmem_w|       pointer|
|m_axi_gmem_w_AWCACHE   |  out|    4|       m_axi|        gmem_w|       pointer|
|m_axi_gmem_w_AWPROT    |  out|    3|       m_axi|        gmem_w|       pointer|
|m_axi_gmem_w_AWQOS     |  out|    4|       m_axi|        gmem_w|       pointer|
|m_axi_gmem_w_AWREGION  |  out|    4|       m_axi|        gmem_w|       pointer|
|m_axi_gmem_w_AWUSER    |  out|    1|       m_axi|        gmem_w|       pointer|
|m_axi_gmem_w_WVALID    |  out|    1|       m_axi|        gmem_w|       pointer|
|m_axi_gmem_w_WREADY    |   in|    1|       m_axi|        gmem_w|       pointer|
|m_axi_gmem_w_WDATA     |  out|  128|       m_axi|        gmem_w|       pointer|
|m_axi_gmem_w_WSTRB     |  out|   16|       m_axi|        gmem_w|       pointer|
|m_axi_gmem_w_WLAST     |  out|    1|       m_axi|        gmem_w|       pointer|
|m_axi_gmem_w_WID       |  out|    1|       m_axi|        gmem_w|       pointer|
|m_axi_gmem_w_WUSER     |  out|    1|       m_axi|        gmem_w|       pointer|
|m_axi_gmem_w_ARVALID   |  out|    1|       m_axi|        gmem_w|       pointer|
|m_axi_gmem_w_ARREADY   |   in|    1|       m_axi|        gmem_w|       pointer|
|m_axi_gmem_w_ARADDR    |  out|   64|       m_axi|        gmem_w|       pointer|
|m_axi_gmem_w_ARID      |  out|    1|       m_axi|        gmem_w|       pointer|
|m_axi_gmem_w_ARLEN     |  out|    8|       m_axi|        gmem_w|       pointer|
|m_axi_gmem_w_ARSIZE    |  out|    3|       m_axi|        gmem_w|       pointer|
|m_axi_gmem_w_ARBURST   |  out|    2|       m_axi|        gmem_w|       pointer|
|m_axi_gmem_w_ARLOCK    |  out|    2|       m_axi|        gmem_w|       pointer|
|m_axi_gmem_w_ARCACHE   |  out|    4|       m_axi|        gmem_w|       pointer|
|m_axi_gmem_w_ARPROT    |  out|    3|       m_axi|        gmem_w|       pointer|
|m_axi_gmem_w_ARQOS     |  out|    4|       m_axi|        gmem_w|       pointer|
|m_axi_gmem_w_ARREGION  |  out|    4|       m_axi|        gmem_w|       pointer|
|m_axi_gmem_w_ARUSER    |  out|    1|       m_axi|        gmem_w|       pointer|
|m_axi_gmem_w_RVALID    |   in|    1|       m_axi|        gmem_w|       pointer|
|m_axi_gmem_w_RREADY    |  out|    1|       m_axi|        gmem_w|       pointer|
|m_axi_gmem_w_RDATA     |   in|  128|       m_axi|        gmem_w|       pointer|
|m_axi_gmem_w_RLAST     |   in|    1|       m_axi|        gmem_w|       pointer|
|m_axi_gmem_w_RID       |   in|    1|       m_axi|        gmem_w|       pointer|
|m_axi_gmem_w_RUSER     |   in|    1|       m_axi|        gmem_w|       pointer|
|m_axi_gmem_w_RRESP     |   in|    2|       m_axi|        gmem_w|       pointer|
|m_axi_gmem_w_BVALID    |   in|    1|       m_axi|        gmem_w|       pointer|
|m_axi_gmem_w_BREADY    |  out|    1|       m_axi|        gmem_w|       pointer|
|m_axi_gmem_w_BRESP     |   in|    2|       m_axi|        gmem_w|       pointer|
|m_axi_gmem_w_BID       |   in|    1|       m_axi|        gmem_w|       pointer|
|m_axi_gmem_w_BUSER     |   in|    1|       m_axi|        gmem_w|       pointer|
|m_axi_gmem_x_AWVALID   |  out|    1|       m_axi|        gmem_x|       pointer|
|m_axi_gmem_x_AWREADY   |   in|    1|       m_axi|        gmem_x|       pointer|
|m_axi_gmem_x_AWADDR    |  out|   64|       m_axi|        gmem_x|       pointer|
|m_axi_gmem_x_AWID      |  out|    1|       m_axi|        gmem_x|       pointer|
|m_axi_gmem_x_AWLEN     |  out|    8|       m_axi|        gmem_x|       pointer|
|m_axi_gmem_x_AWSIZE    |  out|    3|       m_axi|        gmem_x|       pointer|
|m_axi_gmem_x_AWBURST   |  out|    2|       m_axi|        gmem_x|       pointer|
|m_axi_gmem_x_AWLOCK    |  out|    2|       m_axi|        gmem_x|       pointer|
|m_axi_gmem_x_AWCACHE   |  out|    4|       m_axi|        gmem_x|       pointer|
|m_axi_gmem_x_AWPROT    |  out|    3|       m_axi|        gmem_x|       pointer|
|m_axi_gmem_x_AWQOS     |  out|    4|       m_axi|        gmem_x|       pointer|
|m_axi_gmem_x_AWREGION  |  out|    4|       m_axi|        gmem_x|       pointer|
|m_axi_gmem_x_AWUSER    |  out|    1|       m_axi|        gmem_x|       pointer|
|m_axi_gmem_x_WVALID    |  out|    1|       m_axi|        gmem_x|       pointer|
|m_axi_gmem_x_WREADY    |   in|    1|       m_axi|        gmem_x|       pointer|
|m_axi_gmem_x_WDATA     |  out|  256|       m_axi|        gmem_x|       pointer|
|m_axi_gmem_x_WSTRB     |  out|   32|       m_axi|        gmem_x|       pointer|
|m_axi_gmem_x_WLAST     |  out|    1|       m_axi|        gmem_x|       pointer|
|m_axi_gmem_x_WID       |  out|    1|       m_axi|        gmem_x|       pointer|
|m_axi_gmem_x_WUSER     |  out|    1|       m_axi|        gmem_x|       pointer|
|m_axi_gmem_x_ARVALID   |  out|    1|       m_axi|        gmem_x|       pointer|
|m_axi_gmem_x_ARREADY   |   in|    1|       m_axi|        gmem_x|       pointer|
|m_axi_gmem_x_ARADDR    |  out|   64|       m_axi|        gmem_x|       pointer|
|m_axi_gmem_x_ARID      |  out|    1|       m_axi|        gmem_x|       pointer|
|m_axi_gmem_x_ARLEN     |  out|    8|       m_axi|        gmem_x|       pointer|
|m_axi_gmem_x_ARSIZE    |  out|    3|       m_axi|        gmem_x|       pointer|
|m_axi_gmem_x_ARBURST   |  out|    2|       m_axi|        gmem_x|       pointer|
|m_axi_gmem_x_ARLOCK    |  out|    2|       m_axi|        gmem_x|       pointer|
|m_axi_gmem_x_ARCACHE   |  out|    4|       m_axi|        gmem_x|       pointer|
|m_axi_gmem_x_ARPROT    |  out|    3|       m_axi|        gmem_x|       pointer|
|m_axi_gmem_x_ARQOS     |  out|    4|       m_axi|        gmem_x|       pointer|
|m_axi_gmem_x_ARREGION  |  out|    4|       m_axi|        gmem_x|       pointer|
|m_axi_gmem_x_ARUSER    |  out|    1|       m_axi|        gmem_x|       pointer|
|m_axi_gmem_x_RVALID    |   in|    1|       m_axi|        gmem_x|       pointer|
|m_axi_gmem_x_RREADY    |  out|    1|       m_axi|        gmem_x|       pointer|
|m_axi_gmem_x_RDATA     |   in|  256|       m_axi|        gmem_x|       pointer|
|m_axi_gmem_x_RLAST     |   in|    1|       m_axi|        gmem_x|       pointer|
|m_axi_gmem_x_RID       |   in|    1|       m_axi|        gmem_x|       pointer|
|m_axi_gmem_x_RUSER     |   in|    1|       m_axi|        gmem_x|       pointer|
|m_axi_gmem_x_RRESP     |   in|    2|       m_axi|        gmem_x|       pointer|
|m_axi_gmem_x_BVALID    |   in|    1|       m_axi|        gmem_x|       pointer|
|m_axi_gmem_x_BREADY    |  out|    1|       m_axi|        gmem_x|       pointer|
|m_axi_gmem_x_BRESP     |   in|    2|       m_axi|        gmem_x|       pointer|
|m_axi_gmem_x_BID       |   in|    1|       m_axi|        gmem_x|       pointer|
|m_axi_gmem_x_BUSER     |   in|    1|       m_axi|        gmem_x|       pointer|
|m_axi_gmem_y_AWVALID   |  out|    1|       m_axi|        gmem_y|       pointer|
|m_axi_gmem_y_AWREADY   |   in|    1|       m_axi|        gmem_y|       pointer|
|m_axi_gmem_y_AWADDR    |  out|   64|       m_axi|        gmem_y|       pointer|
|m_axi_gmem_y_AWID      |  out|    1|       m_axi|        gmem_y|       pointer|
|m_axi_gmem_y_AWLEN     |  out|    8|       m_axi|        gmem_y|       pointer|
|m_axi_gmem_y_AWSIZE    |  out|    3|       m_axi|        gmem_y|       pointer|
|m_axi_gmem_y_AWBURST   |  out|    2|       m_axi|        gmem_y|       pointer|
|m_axi_gmem_y_AWLOCK    |  out|    2|       m_axi|        gmem_y|       pointer|
|m_axi_gmem_y_AWCACHE   |  out|    4|       m_axi|        gmem_y|       pointer|
|m_axi_gmem_y_AWPROT    |  out|    3|       m_axi|        gmem_y|       pointer|
|m_axi_gmem_y_AWQOS     |  out|    4|       m_axi|        gmem_y|       pointer|
|m_axi_gmem_y_AWREGION  |  out|    4|       m_axi|        gmem_y|       pointer|
|m_axi_gmem_y_AWUSER    |  out|    1|       m_axi|        gmem_y|       pointer|
|m_axi_gmem_y_WVALID    |  out|    1|       m_axi|        gmem_y|       pointer|
|m_axi_gmem_y_WREADY    |   in|    1|       m_axi|        gmem_y|       pointer|
|m_axi_gmem_y_WDATA     |  out|  256|       m_axi|        gmem_y|       pointer|
|m_axi_gmem_y_WSTRB     |  out|   32|       m_axi|        gmem_y|       pointer|
|m_axi_gmem_y_WLAST     |  out|    1|       m_axi|        gmem_y|       pointer|
|m_axi_gmem_y_WID       |  out|    1|       m_axi|        gmem_y|       pointer|
|m_axi_gmem_y_WUSER     |  out|    1|       m_axi|        gmem_y|       pointer|
|m_axi_gmem_y_ARVALID   |  out|    1|       m_axi|        gmem_y|       pointer|
|m_axi_gmem_y_ARREADY   |   in|    1|       m_axi|        gmem_y|       pointer|
|m_axi_gmem_y_ARADDR    |  out|   64|       m_axi|        gmem_y|       pointer|
|m_axi_gmem_y_ARID      |  out|    1|       m_axi|        gmem_y|       pointer|
|m_axi_gmem_y_ARLEN     |  out|    8|       m_axi|        gmem_y|       pointer|
|m_axi_gmem_y_ARSIZE    |  out|    3|       m_axi|        gmem_y|       pointer|
|m_axi_gmem_y_ARBURST   |  out|    2|       m_axi|        gmem_y|       pointer|
|m_axi_gmem_y_ARLOCK    |  out|    2|       m_axi|        gmem_y|       pointer|
|m_axi_gmem_y_ARCACHE   |  out|    4|       m_axi|        gmem_y|       pointer|
|m_axi_gmem_y_ARPROT    |  out|    3|       m_axi|        gmem_y|       pointer|
|m_axi_gmem_y_ARQOS     |  out|    4|       m_axi|        gmem_y|       pointer|
|m_axi_gmem_y_ARREGION  |  out|    4|       m_axi|        gmem_y|       pointer|
|m_axi_gmem_y_ARUSER    |  out|    1|       m_axi|        gmem_y|       pointer|
|m_axi_gmem_y_RVALID    |   in|    1|       m_axi|        gmem_y|       pointer|
|m_axi_gmem_y_RREADY    |  out|    1|       m_axi|        gmem_y|       pointer|
|m_axi_gmem_y_RDATA     |   in|  256|       m_axi|        gmem_y|       pointer|
|m_axi_gmem_y_RLAST     |   in|    1|       m_axi|        gmem_y|       pointer|
|m_axi_gmem_y_RID       |   in|    1|       m_axi|        gmem_y|       pointer|
|m_axi_gmem_y_RUSER     |   in|    1|       m_axi|        gmem_y|       pointer|
|m_axi_gmem_y_RRESP     |   in|    2|       m_axi|        gmem_y|       pointer|
|m_axi_gmem_y_BVALID    |   in|    1|       m_axi|        gmem_y|       pointer|
|m_axi_gmem_y_BREADY    |  out|    1|       m_axi|        gmem_y|       pointer|
|m_axi_gmem_y_BRESP     |   in|    2|       m_axi|        gmem_y|       pointer|
|m_axi_gmem_y_BID       |   in|    1|       m_axi|        gmem_y|       pointer|
|m_axi_gmem_y_BUSER     |   in|    1|       m_axi|        gmem_y|       pointer|
+-----------------------+-----+-----+------------+--------------+--------------+

