
****** Vitis HLS - High-Level Synthesis from C, C++ and OpenCL v2024.2 (64-bit)
  **** SW Build 5238294 on Nov  8 2024
  **** IP Build 5239520 on Sun Nov 10 16:12:51 MST 2024
  **** SharedData Build 5239561 on Fri Nov 08 14:39:27 MST 2024
  **** Start of session at: Thu Sep 24 16:32:46 2026
    ** Copyright 1986-2022 Xilinx, Inc. All Rights Reserved.
    ** Copyright 2022-2024 Advanced Micro Devices, Inc. All Rights Reserved.

source /home/zhiro/research/kv260-vlm/tools/Xilinx/Vitis/2024.2/scripts/vitis_hls/hls.tcl -notrace
INFO: [HLS 200-10] For user 'zhiro' on host 'zhiro-ThinkBook-16p-G5-IRX' (Linux_x86_64 version 7.0.0-31-generic) on Thu Sep 24 16:32:47 CST 2026
INFO: [HLS 200-10] On os Ubuntu 24.04.5 LTS
INFO: [HLS 200-10] In directory '/home/zhiro/research/kv260-vlm-workers/RM02-B-hls-baseline'
WARNING: [HLS 200-2053] The vitis_hls executable is deprecated. Consider using vitis-run --mode hls --tcl
Sourcing Tcl script 'experiments/rm03_hls_mapping/source/run_hls.tcl'
INFO: [HLS 200-1510] Running: open_project -reset /home/zhiro/research/kv260-vlm-workers/RM02-B-hls-baseline/experiments/rm03_hls_mapping/reports/rm03_pe4x4_k16_noflat/project 
INFO: [HLS 200-10] Creating and opening project '/home/zhiro/research/kv260-vlm-workers/RM02-B-hls-baseline/experiments/rm03_hls_mapping/reports/rm03_pe4x4_k16_noflat/project'.
INFO: [HLS 200-1510] Running: set_top vision_gemm 
INFO: [HLS 200-1510] Running: add_files /home/zhiro/research/kv260-vlm-workers/RM02-B-hls-baseline/experiments/rm03_hls_mapping/source/vision_gemm.cpp -cflags -DTILE_M=16 -DTILE_N=32 -DHLS_PE_M=4 -DHLS_PE_N=4 -DHLS_K_LANES=16 -DHLS_NO_FLATTEN=1 
INFO: [HLS 200-10] Adding design file '/home/zhiro/research/kv260-vlm-workers/RM02-B-hls-baseline/experiments/rm03_hls_mapping/source/vision_gemm.cpp' to the project
INFO: [HLS 200-1510] Running: add_files -tb /home/zhiro/research/kv260-vlm-workers/RM02-B-hls-baseline/experiments/rm03_hls_mapping/source/tb.cpp -cflags -DTILE_M=16 -DTILE_N=32 -DHLS_PE_M=4 -DHLS_PE_N=4 -DHLS_K_LANES=16 -DHLS_NO_FLATTEN=1 
INFO: [HLS 200-10] Adding test bench file '/home/zhiro/research/kv260-vlm-workers/RM02-B-hls-baseline/experiments/rm03_hls_mapping/source/tb.cpp' to the project
INFO: [HLS 200-1510] Running: open_solution -reset solution1 
INFO: [HLS 200-10] Creating and opening solution '/home/zhiro/research/kv260-vlm-workers/RM02-B-hls-baseline/experiments/rm03_hls_mapping/reports/rm03_pe4x4_k16_noflat/project/solution1'.
INFO: [HLS 200-10] Cleaning up the solution database.
INFO: [HLS 200-1505] Using default flow_target 'vivado'
Resolution: For help on HLS 200-1505 see docs.xilinx.com/access/sources/dita/topic?Doc_Version=2024.2%20English&url=ug1448-hls-guidance&resourceid=200-1505.html
INFO: [HLS 200-1510] Running: set_part xck26-sfvc784-2LV-c 
INFO: [HLS 200-1611] Setting target device to 'xck26-sfvc784-2LV-c'
INFO: [HLS 200-1510] Running: create_clock -period 5.0 -name default 
INFO: [SYN 201-201] Setting up clock 'default' with a period of 5ns.
INFO: [HLS 200-1510] Running: config_interface -m_axi_max_widen_bitwidth 512 
INFO: [HLS 200-1510] Running: csim_design 
INFO: [SIM 211-2] *************** CSIM start ***************
INFO: [SIM 211-4] CSIM will launch CLANG as the compiler.
INFO: [HLS 200-2036] Building debug C Simulation binaries
   Compiling ../../../../../../source/tb.cpp in debug mode
   Compiling ../../../../../../source/vision_gemm.cpp in debug mode
   Generating csim.exe
C-SIM_TILE_PASS reduction=4304 tokens=1120 outputs=1152 tile=16x32 pe=4x4 outputs=512 k_lanes=16 max_abs_error=0 max_rel_error=0 max_delta_vs_serial_f32=0
INFO: [SIM 211-1] CSim done with 0 errors.
INFO: [SIM 211-3] *************** CSIM finish ***************
INFO: [HLS 200-2161] Finished Command csim_design Elapsed time: 00:00:02; Allocated memory: 0.219 MB.
INFO: [HLS 200-1510] Running: csynth_design 
INFO: [HLS 200-111] Finished File checks and directory preparation: CPU user time: 0.04 seconds. CPU system time: 0.01 seconds. Elapsed time: 0.03 seconds; current allocated memory: 310.539 MB.
INFO: [HLS 200-10] Analyzing design file '/home/zhiro/research/kv260-vlm-workers/RM02-B-hls-baseline/experiments/rm03_hls_mapping/source/vision_gemm.cpp' ... 
INFO: [HLS 200-111] Finished Source Code Analysis and Preprocessing: CPU user time: 1.31 seconds. CPU system time: 0.23 seconds. Elapsed time: 1.54 seconds; current allocated memory: 313.328 MB.
INFO: [HLS 200-777] Using interface defaults for 'Vivado' flow target.
INFO: [HLS 200-1995] There were 567 instructions in the design after the 'Compile/Link' phase of compilation. See the Design Size Report for more details: /home/zhiro/research/kv260-vlm-workers/RM02-B-hls-baseline/experiments/rm03_hls_mapping/reports/rm03_pe4x4_k16_noflat/project/solution1/syn/report/csynth_design_size.rpt
INFO: [HLS 200-1995] There were 35,364 instructions in the design after the 'Unroll/Inline (step 1)' phase of compilation. See the Design Size Report for more details: /home/zhiro/research/kv260-vlm-workers/RM02-B-hls-baseline/experiments/rm03_hls_mapping/reports/rm03_pe4x4_k16_noflat/project/solution1/syn/report/csynth_design_size.rpt
INFO: [HLS 200-1995] There were 22,572 instructions in the design after the 'Unroll/Inline (step 2)' phase of compilation. See the Design Size Report for more details: /home/zhiro/research/kv260-vlm-workers/RM02-B-hls-baseline/experiments/rm03_hls_mapping/reports/rm03_pe4x4_k16_noflat/project/solution1/syn/report/csynth_design_size.rpt
INFO: [HLS 200-1995] There were 22,099 instructions in the design after the 'Unroll/Inline (step 3)' phase of compilation. See the Design Size Report for more details: /home/zhiro/research/kv260-vlm-workers/RM02-B-hls-baseline/experiments/rm03_hls_mapping/reports/rm03_pe4x4_k16_noflat/project/solution1/syn/report/csynth_design_size.rpt
INFO: [HLS 200-1995] There were 22,100 instructions in the design after the 'Unroll/Inline (step 4)' phase of compilation. See the Design Size Report for more details: /home/zhiro/research/kv260-vlm-workers/RM02-B-hls-baseline/experiments/rm03_hls_mapping/reports/rm03_pe4x4_k16_noflat/project/solution1/syn/report/csynth_design_size.rpt
INFO: [HLS 200-1995] There were 21,714 instructions in the design after the 'Array/Struct' phase of compilation. See the Design Size Report for more details: /home/zhiro/research/kv260-vlm-workers/RM02-B-hls-baseline/experiments/rm03_hls_mapping/reports/rm03_pe4x4_k16_noflat/project/solution1/syn/report/csynth_design_size.rpt
INFO: [HLS 200-1995] There were 21,580 instructions in the design after the 'Array/Struct (step 2)' phase of compilation. See the Design Size Report for more details: /home/zhiro/research/kv260-vlm-workers/RM02-B-hls-baseline/experiments/rm03_hls_mapping/reports/rm03_pe4x4_k16_noflat/project/solution1/syn/report/csynth_design_size.rpt
INFO: [HLS 200-1995] There were 21,580 instructions in the design after the 'Array/Struct (step 3)' phase of compilation. See the Design Size Report for more details: /home/zhiro/research/kv260-vlm-workers/RM02-B-hls-baseline/experiments/rm03_hls_mapping/reports/rm03_pe4x4_k16_noflat/project/solution1/syn/report/csynth_design_size.rpt
INFO: [HLS 200-1995] There were 21,580 instructions in the design after the 'Array/Struct (step 4)' phase of compilation. See the Design Size Report for more details: /home/zhiro/research/kv260-vlm-workers/RM02-B-hls-baseline/experiments/rm03_hls_mapping/reports/rm03_pe4x4_k16_noflat/project/solution1/syn/report/csynth_design_size.rpt
INFO: [HLS 200-1995] There were 21,848 instructions in the design after the 'Array/Struct (step 5)' phase of compilation. See the Design Size Report for more details: /home/zhiro/research/kv260-vlm-workers/RM02-B-hls-baseline/experiments/rm03_hls_mapping/reports/rm03_pe4x4_k16_noflat/project/solution1/syn/report/csynth_design_size.rpt
INFO: [HLS 200-1995] There were 21,843 instructions in the design after the 'Performance (step 1)' phase of compilation. See the Design Size Report for more details: /home/zhiro/research/kv260-vlm-workers/RM02-B-hls-baseline/experiments/rm03_hls_mapping/reports/rm03_pe4x4_k16_noflat/project/solution1/syn/report/csynth_design_size.rpt
INFO: [HLS 200-1995] There were 21,587 instructions in the design after the 'Performance (step 2)' phase of compilation. See the Design Size Report for more details: /home/zhiro/research/kv260-vlm-workers/RM02-B-hls-baseline/experiments/rm03_hls_mapping/reports/rm03_pe4x4_k16_noflat/project/solution1/syn/report/csynth_design_size.rpt
INFO: [HLS 200-1995] There were 22,311 instructions in the design after the 'Performance (step 3)' phase of compilation. See the Design Size Report for more details: /home/zhiro/research/kv260-vlm-workers/RM02-B-hls-baseline/experiments/rm03_hls_mapping/reports/rm03_pe4x4_k16_noflat/project/solution1/syn/report/csynth_design_size.rpt
INFO: [HLS 200-1995] There were 21,873 instructions in the design after the 'Performance (step 4)' phase of compilation. See the Design Size Report for more details: /home/zhiro/research/kv260-vlm-workers/RM02-B-hls-baseline/experiments/rm03_hls_mapping/reports/rm03_pe4x4_k16_noflat/project/solution1/syn/report/csynth_design_size.rpt
INFO: [HLS 200-1995] There were 21,884 instructions in the design after the 'HW Transforms (step 1)' phase of compilation. See the Design Size Report for more details: /home/zhiro/research/kv260-vlm-workers/RM02-B-hls-baseline/experiments/rm03_hls_mapping/reports/rm03_pe4x4_k16_noflat/project/solution1/syn/report/csynth_design_size.rpt
INFO: [HLS 200-1995] There were 21,843 instructions in the design after the 'HW Transforms (step 2)' phase of compilation. See the Design Size Report for more details: /home/zhiro/research/kv260-vlm-workers/RM02-B-hls-baseline/experiments/rm03_hls_mapping/reports/rm03_pe4x4_k16_noflat/project/solution1/syn/report/csynth_design_size.rpt
INFO: [HLS 214-131] Inlining function '(anonymous namespace)::half_to_float(unsigned short)' into 'vision_macro_tile(ap_uint<128> const*, ap_uint<256> const*, ap_uint<256>*, int, int)' (/home/zhiro/research/kv260-vlm-workers/RM02-B-hls-baseline/experiments/rm03_hls_mapping/source/vision_gemm.cpp:161:50)
INFO: [HLS 214-131] Inlining function 'vision_macro_tile(ap_uint<128> const*, ap_uint<256> const*, ap_uint<256>*, int, int)' into 'vision_gemm' (/home/zhiro/research/kv260-vlm-workers/RM02-B-hls-baseline/experiments/rm03_hls_mapping/source/vision_gemm.cpp:218:13)
INFO: [HLS 214-291] Loop 'VITIS_LOOP_149_11' is marked as complete unroll implied by the pipeline pragma (/home/zhiro/research/kv260-vlm-workers/RM02-B-hls-baseline/experiments/rm03_hls_mapping/source/vision_gemm.cpp:149:21)
INFO: [HLS 214-291] Loop 'VITIS_LOOP_151_12' is marked as complete unroll implied by the pipeline pragma (/home/zhiro/research/kv260-vlm-workers/RM02-B-hls-baseline/experiments/rm03_hls_mapping/source/vision_gemm.cpp:151:21)
INFO: [HLS 214-291] Loop 'VITIS_LOOP_153_13' is marked as complete unroll implied by the pipeline pragma (/home/zhiro/research/kv260-vlm-workers/RM02-B-hls-baseline/experiments/rm03_hls_mapping/source/vision_gemm.cpp:153:21)
INFO: [HLS 214-291] Loop 'VITIS_LOOP_18_1' is marked as complete unroll implied by the pipeline pragma (/home/zhiro/research/kv260-vlm-workers/RM02-B-hls-baseline/experiments/rm03_hls_mapping/source/vision_gemm.cpp:18:30)
INFO: [HLS 214-291] Loop 'VITIS_LOOP_193_19' is marked as complete unroll implied by the pipeline pragma (/home/zhiro/research/kv260-vlm-workers/RM02-B-hls-baseline/experiments/rm03_hls_mapping/source/vision_gemm.cpp:193:32)
INFO: [HLS 214-186] Unrolling loop 'VITIS_LOOP_134_7' (/home/zhiro/research/kv260-vlm-workers/RM02-B-hls-baseline/experiments/rm03_hls_mapping/source/vision_gemm.cpp:134:20) in function 'vision_gemm' completely with a factor of 4 (/home/zhiro/research/kv260-vlm-workers/RM02-B-hls-baseline/experiments/rm03_hls_mapping/source/vision_gemm.cpp:207:0)
INFO: [HLS 214-186] Unrolling loop 'VITIS_LOOP_136_8' (/home/zhiro/research/kv260-vlm-workers/RM02-B-hls-baseline/experiments/rm03_hls_mapping/source/vision_gemm.cpp:136:20) in function 'vision_gemm' completely with a factor of 4 (/home/zhiro/research/kv260-vlm-workers/RM02-B-hls-baseline/experiments/rm03_hls_mapping/source/vision_gemm.cpp:207:0)
INFO: [HLS 214-186] Unrolling loop 'VITIS_LOOP_138_9' (/home/zhiro/research/kv260-vlm-workers/RM02-B-hls-baseline/experiments/rm03_hls_mapping/source/vision_gemm.cpp:138:20) in function 'vision_gemm' completely with a factor of 16 (/home/zhiro/research/kv260-vlm-workers/RM02-B-hls-baseline/experiments/rm03_hls_mapping/source/vision_gemm.cpp:207:0)
INFO: [HLS 214-186] Unrolling loop 'VITIS_LOOP_149_11' (/home/zhiro/research/kv260-vlm-workers/RM02-B-hls-baseline/experiments/rm03_hls_mapping/source/vision_gemm.cpp:149:21) in function 'vision_gemm' completely with a factor of 4 (/home/zhiro/research/kv260-vlm-workers/RM02-B-hls-baseline/experiments/rm03_hls_mapping/source/vision_gemm.cpp:207:0)
INFO: [HLS 214-186] Unrolling loop 'VITIS_LOOP_151_12' (/home/zhiro/research/kv260-vlm-workers/RM02-B-hls-baseline/experiments/rm03_hls_mapping/source/vision_gemm.cpp:151:21) in function 'vision_gemm' completely with a factor of 4 (/home/zhiro/research/kv260-vlm-workers/RM02-B-hls-baseline/experiments/rm03_hls_mapping/source/vision_gemm.cpp:207:0)
INFO: [HLS 214-186] Unrolling loop 'VITIS_LOOP_153_13' (/home/zhiro/research/kv260-vlm-workers/RM02-B-hls-baseline/experiments/rm03_hls_mapping/source/vision_gemm.cpp:153:21) in function 'vision_gemm' completely with a factor of 16 (/home/zhiro/research/kv260-vlm-workers/RM02-B-hls-baseline/experiments/rm03_hls_mapping/source/vision_gemm.cpp:207:0)
INFO: [HLS 214-186] Unrolling loop 'VITIS_LOOP_18_1' (/home/zhiro/research/kv260-vlm-workers/RM02-B-hls-baseline/experiments/rm03_hls_mapping/source/vision_gemm.cpp:18:30) in function 'vision_gemm' completely with a factor of 10 (/home/zhiro/research/kv260-vlm-workers/RM02-B-hls-baseline/experiments/rm03_hls_mapping/source/vision_gemm.cpp:207:0)
INFO: [HLS 214-186] Unrolling loop 'VITIS_LOOP_171_14' (/home/zhiro/research/kv260-vlm-workers/RM02-B-hls-baseline/experiments/rm03_hls_mapping/source/vision_gemm.cpp:171:32) in function 'vision_gemm' completely with a factor of 4 (/home/zhiro/research/kv260-vlm-workers/RM02-B-hls-baseline/experiments/rm03_hls_mapping/source/vision_gemm.cpp:207:0)
INFO: [HLS 214-186] Unrolling loop 'VITIS_LOOP_173_15' (/home/zhiro/research/kv260-vlm-workers/RM02-B-hls-baseline/experiments/rm03_hls_mapping/source/vision_gemm.cpp:173:21) in function 'vision_gemm' completely with a factor of 4 (/home/zhiro/research/kv260-vlm-workers/RM02-B-hls-baseline/experiments/rm03_hls_mapping/source/vision_gemm.cpp:207:0)
INFO: [HLS 214-186] Unrolling loop 'VITIS_LOOP_176_16' (/home/zhiro/research/kv260-vlm-workers/RM02-B-hls-baseline/experiments/rm03_hls_mapping/source/vision_gemm.cpp:176:40) in function 'vision_gemm' completely with a factor of 16 (/home/zhiro/research/kv260-vlm-workers/RM02-B-hls-baseline/experiments/rm03_hls_mapping/source/vision_gemm.cpp:207:0)
INFO: [HLS 214-186] Unrolling loop 'VITIS_LOOP_193_19' (/home/zhiro/research/kv260-vlm-workers/RM02-B-hls-baseline/experiments/rm03_hls_mapping/source/vision_gemm.cpp:193:32) in function 'vision_gemm' completely with a factor of 8 (/home/zhiro/research/kv260-vlm-workers/RM02-B-hls-baseline/experiments/rm03_hls_mapping/source/vision_gemm.cpp:207:0)
INFO: [HLS 214-248] Applying array_partition to 'weight_tile.i': Complete partitioning on dimension 1. (/home/zhiro/research/kv260-vlm-workers/RM02-B-hls-baseline/experiments/rm03_hls_mapping/source/vision_gemm.cpp:52:15)
INFO: [HLS 214-248] Applying array_partition to 'activation_tile.i': Complete partitioning on dimension 1. (/home/zhiro/research/kv260-vlm-workers/RM02-B-hls-baseline/experiments/rm03_hls_mapping/source/vision_gemm.cpp:53:18)
INFO: [HLS 214-270] Inferring pragma 'array_partition type=complete dim=2' for array 'result_tile.i' due to pipeline pragma (/home/zhiro/research/kv260-vlm-workers/RM02-B-hls-baseline/experiments/rm03_hls_mapping/source/vision_gemm.cpp:191:9)
INFO: [HLS 214-248] Applying array_partition to 'result_tile.i': Complete partitioning on dimension 2. (/home/zhiro/research/kv260-vlm-workers/RM02-B-hls-baseline/experiments/rm03_hls_mapping/source/vision_gemm.cpp:54:11)
INFO: [HLS 214-115] Multiple burst reads of length 602560 and bit width 256 in loop 'VITIS_LOOP_217_2'(/home/zhiro/research/kv260-vlm-workers/RM02-B-hls-baseline/experiments/rm03_hls_mapping/source/vision_gemm.cpp:217:27) has been inferred on bundle 'gmem_x'. These burst requests might be further partitioned into multiple requests during RTL generation, based on max_read_burst_length or max_write_burst_length settings. (/home/zhiro/research/kv260-vlm-workers/RM02-B-hls-baseline/experiments/rm03_hls_mapping/source/vision_gemm.cpp:217:27)
INFO: [HLS 214-115] Multiple burst reads of length 8608 and bit width 128 in loop 'VITIS_LOOP_63_1'(/home/zhiro/research/kv260-vlm-workers/RM02-B-hls-baseline/experiments/rm03_hls_mapping/source/vision_gemm.cpp:63:19) has been inferred on bundle 'gmem_w'. These burst requests might be further partitioned into multiple requests during RTL generation, based on max_read_burst_length or max_write_burst_length settings. (/home/zhiro/research/kv260-vlm-workers/RM02-B-hls-baseline/experiments/rm03_hls_mapping/source/vision_gemm.cpp:63:19)
INFO: [HLS 214-115] Multiple burst writes of length 2 and bit width 256 in loop 'VITIS_LOOP_190_18'(/home/zhiro/research/kv260-vlm-workers/RM02-B-hls-baseline/experiments/rm03_hls_mapping/source/vision_gemm.cpp:190:28) has been inferred on bundle 'gmem_y'. These burst requests might be further partitioned into multiple requests during RTL generation, based on max_read_burst_length or max_write_burst_length settings. (/home/zhiro/research/kv260-vlm-workers/RM02-B-hls-baseline/experiments/rm03_hls_mapping/source/vision_gemm.cpp:190:28)
INFO: [HLS 200-111] Finished Compiling Optimization and Transform: CPU user time: 11.83 seconds. CPU system time: 0.29 seconds. Elapsed time: 12.17 seconds; current allocated memory: 327.820 MB.
INFO: [HLS 200-111] Finished Checking Pragmas: CPU user time: 0 seconds. CPU system time: 0 seconds. Elapsed time: 0 seconds; current allocated memory: 327.820 MB.
INFO: [HLS 200-10] Starting code transformations ...
INFO: [HLS 200-111] Finished Standard Transforms: CPU user time: 0.59 seconds. CPU system time: 0.01 seconds. Elapsed time: 0.61 seconds; current allocated memory: 370.406 MB.
INFO: [HLS 200-10] Checking synthesizability ...
INFO: [HLS 200-111] Finished Checking Synthesizability: CPU user time: 0.8 seconds. CPU system time: 0.01 seconds. Elapsed time: 0.8 seconds; current allocated memory: 378.246 MB.
INFO: [XFORM 203-401] Performing if-conversion on hyperblock from (/home/zhiro/research/kv260-vlm-workers/RM02-B-hls-baseline/experiments/rm03_hls_mapping/source/vision_gemm.cpp:11:19) to (/home/zhiro/research/kv260-vlm-workers/RM02-B-hls-baseline/experiments/rm03_hls_mapping/source/vision_gemm.cpp:147:21) in function 'vision_gemm'... converting 1276 basic blocks.
INFO: [HLS 200-111] Finished Loop, function and other optimizations: CPU user time: 3.65 seconds. CPU system time: 0.02 seconds. Elapsed time: 3.69 seconds; current allocated memory: 463.461 MB.
INFO: [HLS 200-2061] Successfully converted nested loops 'VITIS_LOOP_63_1'(/home/zhiro/research/kv260-vlm-workers/RM02-B-hls-baseline/experiments/rm03_hls_mapping/source/vision_gemm.cpp:63:19) and 'VITIS_LOOP_64_2'(/home/zhiro/research/kv260-vlm-workers/RM02-B-hls-baseline/experiments/rm03_hls_mapping/source/vision_gemm.cpp:64:26) in function 'vision_gemm' into perfectly nested loops.
INFO: [HLS 200-2061] Successfully converted nested loops 'VITIS_LOOP_70_3'(/home/zhiro/research/kv260-vlm-workers/RM02-B-hls-baseline/experiments/rm03_hls_mapping/source/vision_gemm.cpp:70:22) and 'VITIS_LOOP_71_4'(/home/zhiro/research/kv260-vlm-workers/RM02-B-hls-baseline/experiments/rm03_hls_mapping/source/vision_gemm.cpp:71:26) in function 'vision_gemm' into perfectly nested loops.
INFO: [HLS 200-2061] Successfully converted nested loops 'VITIS_LOOP_189_17'(/home/zhiro/research/kv260-vlm-workers/RM02-B-hls-baseline/experiments/rm03_hls_mapping/source/vision_gemm.cpp:189:24) and 'VITIS_LOOP_190_18'(/home/zhiro/research/kv260-vlm-workers/RM02-B-hls-baseline/experiments/rm03_hls_mapping/source/vision_gemm.cpp:190:28) in function 'vision_gemm' into perfectly nested loops.
INFO: [XFORM 203-541] Flattening a loop nest 'VITIS_LOOP_63_1' (/home/zhiro/research/kv260-vlm-workers/RM02-B-hls-baseline/experiments/rm03_hls_mapping/source/vision_gemm.cpp:63:19) in function 'vision_gemm'.
INFO: [XFORM 203-541] Flattening a loop nest 'VITIS_LOOP_70_3' (/home/zhiro/research/kv260-vlm-workers/RM02-B-hls-baseline/experiments/rm03_hls_mapping/source/vision_gemm.cpp:70:22) in function 'vision_gemm'.
INFO: [XFORM 203-541] Flattening a loop nest 'VITIS_LOOP_189_17' (/home/zhiro/research/kv260-vlm-workers/RM02-B-hls-baseline/experiments/rm03_hls_mapping/source/vision_gemm.cpp:189:24) in function 'vision_gemm'.
INFO: [HLS 200-111] Finished Architecture Synthesis: CPU user time: 5.17 seconds. CPU system time: 0.01 seconds. Elapsed time: 5.19 seconds; current allocated memory: 487.457 MB.
INFO: [HLS 200-10] Starting hardware synthesis ...
INFO: [HLS 200-10] Synthesizing 'vision_gemm' ...
INFO: [HLS 200-10] ----------------------------------------------------------------
INFO: [HLS 200-42] -- Implementing module 'vision_gemm_Pipeline_VITIS_LOOP_63_1_VITIS_LOOP_64_2' 
INFO: [HLS 200-10] ----------------------------------------------------------------
INFO: [SCHED 204-11] Starting scheduling ...
INFO: [HLS 200-486] Changing DSP latency (root=add_ln67) to 3 in order to utilize available DSP registers.
WARNING: [HLS 200-2042] Usage of URAM can potentially cause worse II as Vitis HLS does not exploit read-first mode for URAMs. Consider using BRAMs instead.
WARNING: [HLS 200-2042] Usage of URAM can potentially cause worse II as Vitis HLS does not exploit read-first mode for URAMs. Consider using BRAMs instead.
WARNING: [HLS 200-2042] Usage of URAM can potentially cause worse II as Vitis HLS does not exploit read-first mode for URAMs. Consider using BRAMs instead.
WARNING: [HLS 200-2042] Usage of URAM can potentially cause worse II as Vitis HLS does not exploit read-first mode for URAMs. Consider using BRAMs instead.
INFO: [SCHED 204-61] Pipelining loop 'VITIS_LOOP_63_1_VITIS_LOOP_64_2'.
INFO: [HLS 200-1470] Pipelining result : Target II = 1, Final II = 1, Depth = 4, loop 'VITIS_LOOP_63_1_VITIS_LOOP_64_2'
INFO: [SCHED 204-11] Finished scheduling.
INFO: [HLS 200-111] Finished Scheduling: CPU user time: 0.46 seconds. CPU system time: 0.02 seconds. Elapsed time: 0.49 seconds; current allocated memory: 487.457 MB.
INFO: [BIND 205-100] Starting micro-architecture generation ...
INFO: [BIND 205-101] Performing variable lifetime analysis.
INFO: [BIND 205-101] Exploring resource sharing.
INFO: [BIND 205-101] Binding ...
INFO: [BIND 205-100] Finished micro-architecture generation.
INFO: [HLS 200-111] Finished Binding: CPU user time: 0.01 seconds. CPU system time: 0 seconds. Elapsed time: 0.01 seconds; current allocated memory: 487.457 MB.
INFO: [HLS 200-10] ----------------------------------------------------------------
INFO: [HLS 200-42] -- Implementing module 'vision_gemm_Pipeline_VITIS_LOOP_70_3_VITIS_LOOP_71_4' 
INFO: [HLS 200-10] ----------------------------------------------------------------
INFO: [SCHED 204-11] Starting scheduling ...
INFO: [HLS 200-486] Changing DSP latency (root=add_ln74) to 3 in order to utilize available DSP registers.
WARNING: [HLS 200-2042] Usage of URAM can potentially cause worse II as Vitis HLS does not exploit read-first mode for URAMs. Consider using BRAMs instead.
WARNING: [HLS 200-2042] Usage of URAM can potentially cause worse II as Vitis HLS does not exploit read-first mode for URAMs. Consider using BRAMs instead.
WARNING: [HLS 200-2042] Usage of URAM can potentially cause worse II as Vitis HLS does not exploit read-first mode for URAMs. Consider using BRAMs instead.
WARNING: [HLS 200-2042] Usage of URAM can potentially cause worse II as Vitis HLS does not exploit read-first mode for URAMs. Consider using BRAMs instead.
INFO: [SCHED 204-61] Pipelining loop 'VITIS_LOOP_70_3_VITIS_LOOP_71_4'.
INFO: [HLS 200-1470] Pipelining result : Target II = 1, Final II = 1, Depth = 4, loop 'VITIS_LOOP_70_3_VITIS_LOOP_71_4'
INFO: [SCHED 204-11] Finished scheduling.
INFO: [HLS 200-111] Finished Scheduling: CPU user time: 0.03 seconds. CPU system time: 0 seconds. Elapsed time: 0.03 seconds; current allocated memory: 487.457 MB.
INFO: [BIND 205-100] Starting micro-architecture generation ...
INFO: [BIND 205-101] Performing variable lifetime analysis.
INFO: [BIND 205-101] Exploring resource sharing.
INFO: [BIND 205-101] Binding ...
INFO: [BIND 205-100] Finished micro-architecture generation.
INFO: [HLS 200-111] Finished Binding: CPU user time: 0.01 seconds. CPU system time: 0 seconds. Elapsed time: 0.01 seconds; current allocated memory: 487.457 MB.
INFO: [HLS 200-10] ----------------------------------------------------------------
INFO: [HLS 200-42] -- Implementing module 'vision_gemm_Pipeline_VITIS_LOOP_147_10' 
INFO: [HLS 200-10] ----------------------------------------------------------------
INFO: [SCHED 204-11] Starting scheduling ...
WARNING: [HLS 200-2042] Usage of URAM can potentially cause worse II as Vitis HLS does not exploit read-first mode for URAMs. Consider using BRAMs instead.
WARNING: [HLS 200-2042] Usage of URAM can potentially cause worse II as Vitis HLS does not exploit read-first mode for URAMs. Consider using BRAMs instead.
WARNING: [HLS 200-2042] Usage of URAM can potentially cause worse II as Vitis HLS does not exploit read-first mode for URAMs. Consider using BRAMs instead.
WARNING: [HLS 200-2042] Usage of URAM can potentially cause worse II as Vitis HLS does not exploit read-first mode for URAMs. Consider using BRAMs instead.
WARNING: [HLS 200-2042] Usage of URAM can potentially cause worse II as Vitis HLS does not exploit read-first mode for URAMs. Consider using BRAMs instead.
WARNING: [HLS 200-2042] Usage of URAM can potentially cause worse II as Vitis HLS does not exploit read-first mode for URAMs. Consider using BRAMs instead.
WARNING: [HLS 200-2042] Usage of URAM can potentially cause worse II as Vitis HLS does not exploit read-first mode for URAMs. Consider using BRAMs instead.
WARNING: [HLS 200-2042] Usage of URAM can potentially cause worse II as Vitis HLS does not exploit read-first mode for URAMs. Consider using BRAMs instead.
WARNING: [HLS 200-2042] Usage of URAM can potentially cause worse II as Vitis HLS does not exploit read-first mode for URAMs. Consider using BRAMs instead.
WARNING: [HLS 200-2042] Usage of URAM can potentially cause worse II as Vitis HLS does not exploit read-first mode for URAMs. Consider using BRAMs instead.
WARNING: [HLS 200-2042] Usage of URAM can potentially cause worse II as Vitis HLS does not exploit read-first mode for URAMs. Consider using BRAMs instead.
WARNING: [HLS 200-2042] Usage of URAM can potentially cause worse II as Vitis HLS does not exploit read-first mode for URAMs. Consider using BRAMs instead.
WARNING: [HLS 200-2042] Usage of URAM can potentially cause worse II as Vitis HLS does not exploit read-first mode for URAMs. Consider using BRAMs instead.
WARNING: [HLS 200-2042] Usage of URAM can potentially cause worse II as Vitis HLS does not exploit read-first mode for URAMs. Consider using BRAMs instead.
WARNING: [HLS 200-2042] Usage of URAM can potentially cause worse II as Vitis HLS does not exploit read-first mode for URAMs. Consider using BRAMs instead.
WARNING: [HLS 200-2042] Usage of URAM can potentially cause worse II as Vitis HLS does not exploit read-first mode for URAMs. Consider using BRAMs instead.
INFO: [SCHED 204-61] Pipelining loop 'VITIS_LOOP_147_10'.
WARNING: [HLS 200-880] The II Violation in module 'vision_gemm_Pipeline_VITIS_LOOP_147_10' (loop 'VITIS_LOOP_147_10'): Unable to enforce a carried dependence constraint (II = 1, distance = 1, offset = 0) between 'store' operation 0 bit ('empty_write_ln166', /home/zhiro/research/kv260-vlm-workers/RM02-B-hls-baseline/experiments/rm03_hls_mapping/source/vision_gemm.cpp:166->/home/zhiro/research/kv260-vlm-workers/RM02-B-hls-baseline/experiments/rm03_hls_mapping/source/vision_gemm.cpp:218) of variable 'add129_i', /home/zhiro/research/kv260-vlm-workers/RM02-B-hls-baseline/experiments/rm03_hls_mapping/source/vision_gemm.cpp:166->/home/zhiro/research/kv260-vlm-workers/RM02-B-hls-baseline/experiments/rm03_hls_mapping/source/vision_gemm.cpp:218 on local variable 'empty' and 'load' operation 32 bit ('p_load769', /home/zhiro/research/kv260-vlm-workers/RM02-B-hls-baseline/experiments/rm03_hls_mapping/source/vision_gemm.cpp:166->/home/zhiro/research/kv260-vlm-workers/RM02-B-hls-baseline/experiments/rm03_hls_mapping/source/vision_gemm.cpp:218) on local variable 'empty'.
Resolution: For help on HLS 200-880 see docs.xilinx.com/access/sources/dita/topic?Doc_Version=2024.2%20English&url=ug1448-hls-guidance&resourceid=200-880.html
WARNING: [HLS 200-880] The II Violation in module 'vision_gemm_Pipeline_VITIS_LOOP_147_10' (loop 'VITIS_LOOP_147_10'): Unable to enforce a carried dependence constraint (II = 2, distance = 1, offset = 0) between 'store' operation 0 bit ('empty_write_ln166', /home/zhiro/research/kv260-vlm-workers/RM02-B-hls-baseline/experiments/rm03_hls_mapping/source/vision_gemm.cpp:166->/home/zhiro/research/kv260-vlm-workers/RM02-B-hls-baseline/experiments/rm03_hls_mapping/source/vision_gemm.cpp:218) of variable 'add129_i', /home/zhiro/research/kv260-vlm-workers/RM02-B-hls-baseline/experiments/rm03_hls_mapping/source/vision_gemm.cpp:166->/home/zhiro/research/kv260-vlm-workers/RM02-B-hls-baseline/experiments/rm03_hls_mapping/source/vision_gemm.cpp:218 on local variable 'empty' and 'load' operation 32 bit ('p_load769', /home/zhiro/research/kv260-vlm-workers/RM02-B-hls-baseline/experiments/rm03_hls_mapping/source/vision_gemm.cpp:166->/home/zhiro/research/kv260-vlm-workers/RM02-B-hls-baseline/experiments/rm03_hls_mapping/source/vision_gemm.cpp:218) on local variable 'empty'.
Resolution: For help on HLS 200-880 see docs.xilinx.com/access/sources/dita/topic?Doc_Version=2024.2%20English&url=ug1448-hls-guidance&resourceid=200-880.html
WARNING: [HLS 200-880] The II Violation in module 'vision_gemm_Pipeline_VITIS_LOOP_147_10' (loop 'VITIS_LOOP_147_10'): Unable to enforce a carried dependence constraint (II = 3, distance = 1, offset = 0) between 'store' operation 0 bit ('empty_write_ln166', /home/zhiro/research/kv260-vlm-workers/RM02-B-hls-baseline/experiments/rm03_hls_mapping/source/vision_gemm.cpp:166->/home/zhiro/research/kv260-vlm-workers/RM02-B-hls-baseline/experiments/rm03_hls_mapping/source/vision_gemm.cpp:218) of variable 'add129_i', /home/zhiro/research/kv260-vlm-workers/RM02-B-hls-baseline/experiments/rm03_hls_mapping/source/vision_gemm.cpp:166->/home/zhiro/research/kv260-vlm-workers/RM02-B-hls-baseline/experiments/rm03_hls_mapping/source/vision_gemm.cpp:218 on local variable 'empty' and 'load' operation 32 bit ('p_load769', /home/zhiro/research/kv260-vlm-workers/RM02-B-hls-baseline/experiments/rm03_hls_mapping/source/vision_gemm.cpp:166->/home/zhiro/research/kv260-vlm-workers/RM02-B-hls-baseline/experiments/rm03_hls_mapping/source/vision_gemm.cpp:218) on local variable 'empty'.
Resolution: For help on HLS 200-880 see docs.xilinx.com/access/sources/dita/topic?Doc_Version=2024.2%20English&url=ug1448-hls-guidance&resourceid=200-880.html
WARNING: [HLS 200-880] The II Violation in module 'vision_gemm_Pipeline_VITIS_LOOP_147_10' (loop 'VITIS_LOOP_147_10'): Unable to enforce a carried dependence constraint (II = 4, distance = 1, offset = 0) between 'store' operation 0 bit ('empty_write_ln166', /home/zhiro/research/kv260-vlm-workers/RM02-B-hls-baseline/experiments/rm03_hls_mapping/source/vision_gemm.cpp:166->/home/zhiro/research/kv260-vlm-workers/RM02-B-hls-baseline/experiments/rm03_hls_mapping/source/vision_gemm.cpp:218) of variable 'add129_i', /home/zhiro/research/kv260-vlm-workers/RM02-B-hls-baseline/experiments/rm03_hls_mapping/source/vision_gemm.cpp:166->/home/zhiro/research/kv260-vlm-workers/RM02-B-hls-baseline/experiments/rm03_hls_mapping/source/vision_gemm.cpp:218 on local variable 'empty' and 'load' operation 32 bit ('p_load769', /home/zhiro/research/kv260-vlm-workers/RM02-B-hls-baseline/experiments/rm03_hls_mapping/source/vision_gemm.cpp:166->/home/zhiro/research/kv260-vlm-workers/RM02-B-hls-baseline/experiments/rm03_hls_mapping/source/vision_gemm.cpp:218) on local variable 'empty'.
Resolution: For help on HLS 200-880 see docs.xilinx.com/access/sources/dita/topic?Doc_Version=2024.2%20English&url=ug1448-hls-guidance&resourceid=200-880.html
INFO: [HLS 200-1470] Pipelining result : Target II = 1, Final II = 5, Depth = 19, loop 'VITIS_LOOP_147_10'
INFO: [SCHED 204-11] Finished scheduling.
INFO: [HLS 200-111] Finished Scheduling: CPU user time: 12.97 seconds. CPU system time: 0.02 seconds. Elapsed time: 13.01 seconds; current allocated memory: 525.582 MB.
INFO: [BIND 205-100] Starting micro-architecture generation ...
INFO: [BIND 205-101] Performing variable lifetime analysis.
INFO: [BIND 205-101] Exploring resource sharing.
INFO: [BIND 205-101] Binding ...
INFO: [BIND 205-100] Finished micro-architecture generation.
INFO: [HLS 200-111] Finished Binding: CPU user time: 1.8 seconds. CPU system time: 0.01 seconds. Elapsed time: 1.81 seconds; current allocated memory: 541.215 MB.
INFO: [HLS 200-10] ----------------------------------------------------------------
INFO: [HLS 200-42] -- Implementing module 'vision_gemm_Pipeline_VITIS_LOOP_189_17_VITIS_LOOP_190_18' 
INFO: [HLS 200-10] ----------------------------------------------------------------
INFO: [SCHED 204-11] Starting scheduling ...
INFO: [SCHED 204-61] Pipelining loop 'VITIS_LOOP_189_17_VITIS_LOOP_190_18'.
INFO: [HLS 200-1470] Pipelining result : Target II = 1, Final II = 1, Depth = 9, loop 'VITIS_LOOP_189_17_VITIS_LOOP_190_18'
INFO: [SCHED 204-11] Finished scheduling.
INFO: [HLS 200-111] Finished Scheduling: CPU user time: 0.94 seconds. CPU system time: 0.02 seconds. Elapsed time: 0.95 seconds; current allocated memory: 541.215 MB.
INFO: [BIND 205-100] Starting micro-architecture generation ...
INFO: [BIND 205-101] Performing variable lifetime analysis.
INFO: [BIND 205-101] Exploring resource sharing.
INFO: [BIND 205-101] Binding ...
INFO: [BIND 205-100] Finished micro-architecture generation.
INFO: [HLS 200-111] Finished Binding: CPU user time: 0.02 seconds. CPU system time: 0 seconds. Elapsed time: 0.02 seconds; current allocated memory: 541.215 MB.
INFO: [HLS 200-10] ----------------------------------------------------------------
INFO: [HLS 200-42] -- Implementing module 'vision_gemm' 
INFO: [HLS 200-10] ----------------------------------------------------------------
INFO: [SCHED 204-11] Starting scheduling ...
INFO: [SCHED 204-11] Finished scheduling.
INFO: [HLS 200-111] Finished Scheduling: CPU user time: 0.29 seconds. CPU system time: 0 seconds. Elapsed time: 0.29 seconds; current allocated memory: 547.820 MB.
INFO: [BIND 205-100] Starting micro-architecture generation ...
INFO: [BIND 205-101] Performing variable lifetime analysis.
INFO: [BIND 205-101] Exploring resource sharing.
WARNING: [BIND 205-102] The specified resource core for memory 'result_tile' will be ignored if a simpler one can be used.
WARNING: [BIND 205-102] The specified resource core for memory 'result_tile_1' will be ignored if a simpler one can be used.
WARNING: [BIND 205-102] The specified resource core for memory 'result_tile_2' will be ignored if a simpler one can be used.
WARNING: [BIND 205-102] The specified resource core for memory 'result_tile_3' will be ignored if a simpler one can be used.
WARNING: [BIND 205-102] The specified resource core for memory 'result_tile_4' will be ignored if a simpler one can be used.
WARNING: [BIND 205-102] The specified resource core for memory 'result_tile_5' will be ignored if a simpler one can be used.
WARNING: [BIND 205-102] The specified resource core for memory 'result_tile_6' will be ignored if a simpler one can be used.
WARNING: [BIND 205-102] The specified resource core for memory 'result_tile_7' will be ignored if a simpler one can be used.
WARNING: [BIND 205-102] The specified resource core for memory 'result_tile_8' will be ignored if a simpler one can be used.
WARNING: [BIND 205-102] The specified resource core for memory 'result_tile_9' will be ignored if a simpler one can be used.
WARNING: [BIND 205-102] The specified resource core for memory 'result_tile_10' will be ignored if a simpler one can be used.
WARNING: [BIND 205-102] The specified resource core for memory 'result_tile_11' will be ignored if a simpler one can be used.
WARNING: [BIND 205-102] The specified resource core for memory 'result_tile_12' will be ignored if a simpler one can be used.
WARNING: [BIND 205-102] The specified resource core for memory 'result_tile_13' will be ignored if a simpler one can be used.
WARNING: [BIND 205-102] The specified resource core for memory 'result_tile_14' will be ignored if a simpler one can be used.
WARNING: [BIND 205-102] The specified resource core for memory 'result_tile_15' will be ignored if a simpler one can be used.
INFO: [BIND 205-101] Binding ...
INFO: [BIND 205-100] Finished micro-architecture generation.
INFO: [HLS 200-111] Finished Binding: CPU user time: 0.15 seconds. CPU system time: 0 seconds. Elapsed time: 0.16 seconds; current allocated memory: 548.547 MB.
INFO: [HLS 200-10] ----------------------------------------------------------------
INFO: [HLS 200-10] -- Generating RTL for module 'vision_gemm_Pipeline_VITIS_LOOP_63_1_VITIS_LOOP_64_2' 
INFO: [HLS 200-10] ----------------------------------------------------------------
INFO: [HLS 200-1030] Apply Unified Pipeline Control on module 'vision_gemm_Pipeline_VITIS_LOOP_63_1_VITIS_LOOP_64_2' pipeline 'VITIS_LOOP_63_1_VITIS_LOOP_64_2' pipeline type 'loop pipeline'
WARNING: [RTGEN 206-101] Setting dangling out port 'vision_gemm_Pipeline_VITIS_LOOP_63_1_VITIS_LOOP_64_2/m_axi_gmem_w_0_ARVALID' to 0.
WARNING: [RTGEN 206-101] Setting dangling out port 'vision_gemm_Pipeline_VITIS_LOOP_63_1_VITIS_LOOP_64_2/m_axi_gmem_w_0_ARADDR' to 0.
WARNING: [RTGEN 206-101] Setting dangling out port 'vision_gemm_Pipeline_VITIS_LOOP_63_1_VITIS_LOOP_64_2/m_axi_gmem_w_0_ARID' to 0.
WARNING: [RTGEN 206-101] Setting dangling out port 'vision_gemm_Pipeline_VITIS_LOOP_63_1_VITIS_LOOP_64_2/m_axi_gmem_w_0_ARLEN' to 0.
WARNING: [RTGEN 206-101] Setting dangling out port 'vision_gemm_Pipeline_VITIS_LOOP_63_1_VITIS_LOOP_64_2/m_axi_gmem_w_0_ARSIZE' to 0.
WARNING: [RTGEN 206-101] Setting dangling out port 'vision_gemm_Pipeline_VITIS_LOOP_63_1_VITIS_LOOP_64_2/m_axi_gmem_w_0_ARBURST' to 0.
WARNING: [RTGEN 206-101] Setting dangling out port 'vision_gemm_Pipeline_VITIS_LOOP_63_1_VITIS_LOOP_64_2/m_axi_gmem_w_0_ARLOCK' to 0.
WARNING: [RTGEN 206-101] Setting dangling out port 'vision_gemm_Pipeline_VITIS_LOOP_63_1_VITIS_LOOP_64_2/m_axi_gmem_w_0_ARCACHE' to 0.
WARNING: [RTGEN 206-101] Setting dangling out port 'vision_gemm_Pipeline_VITIS_LOOP_63_1_VITIS_LOOP_64_2/m_axi_gmem_w_0_ARPROT' to 0.
WARNING: [RTGEN 206-101] Setting dangling out port 'vision_gemm_Pipeline_VITIS_LOOP_63_1_VITIS_LOOP_64_2/m_axi_gmem_w_0_ARQOS' to 0.
WARNING: [RTGEN 206-101] Setting dangling out port 'vision_gemm_Pipeline_VITIS_LOOP_63_1_VITIS_LOOP_64_2/m_axi_gmem_w_0_ARREGION' to 0.
WARNING: [RTGEN 206-101] Setting dangling out port 'vision_gemm_Pipeline_VITIS_LOOP_63_1_VITIS_LOOP_64_2/m_axi_gmem_w_0_ARUSER' to 0.
INFO: [RTGEN 206-100] Generating core module 'mac_muladd_10ns_2ns_10ns_12_4_1': 1 instance(s).
INFO: [RTGEN 206-100] Finished creating RTL model for 'vision_gemm_Pipeline_VITIS_LOOP_63_1_VITIS_LOOP_64_2'.
INFO: [HLS 200-111] Finished Creating RTL model: CPU user time: 0.14 seconds. CPU system time: 0.01 seconds. Elapsed time: 0.14 seconds; current allocated memory: 549.203 MB.
INFO: [HLS 200-10] ----------------------------------------------------------------
INFO: [HLS 200-10] -- Generating RTL for module 'vision_gemm_Pipeline_VITIS_LOOP_70_3_VITIS_LOOP_71_4' 
INFO: [HLS 200-10] ----------------------------------------------------------------
INFO: [HLS 200-1030] Apply Unified Pipeline Control on module 'vision_gemm_Pipeline_VITIS_LOOP_70_3_VITIS_LOOP_71_4' pipeline 'VITIS_LOOP_70_3_VITIS_LOOP_71_4' pipeline type 'loop pipeline'
WARNING: [RTGEN 206-101] Setting dangling out port 'vision_gemm_Pipeline_VITIS_LOOP_70_3_VITIS_LOOP_71_4/m_axi_gmem_x_0_ARVALID' to 0.
WARNING: [RTGEN 206-101] Setting dangling out port 'vision_gemm_Pipeline_VITIS_LOOP_70_3_VITIS_LOOP_71_4/m_axi_gmem_x_0_ARADDR' to 0.
WARNING: [RTGEN 206-101] Setting dangling out port 'vision_gemm_Pipeline_VITIS_LOOP_70_3_VITIS_LOOP_71_4/m_axi_gmem_x_0_ARID' to 0.
WARNING: [RTGEN 206-101] Setting dangling out port 'vision_gemm_Pipeline_VITIS_LOOP_70_3_VITIS_LOOP_71_4/m_axi_gmem_x_0_ARLEN' to 0.
WARNING: [RTGEN 206-101] Setting dangling out port 'vision_gemm_Pipeline_VITIS_LOOP_70_3_VITIS_LOOP_71_4/m_axi_gmem_x_0_ARSIZE' to 0.
WARNING: [RTGEN 206-101] Setting dangling out port 'vision_gemm_Pipeline_VITIS_LOOP_70_3_VITIS_LOOP_71_4/m_axi_gmem_x_0_ARBURST' to 0.
WARNING: [RTGEN 206-101] Setting dangling out port 'vision_gemm_Pipeline_VITIS_LOOP_70_3_VITIS_LOOP_71_4/m_axi_gmem_x_0_ARLOCK' to 0.
WARNING: [RTGEN 206-101] Setting dangling out port 'vision_gemm_Pipeline_VITIS_LOOP_70_3_VITIS_LOOP_71_4/m_axi_gmem_x_0_ARCACHE' to 0.
WARNING: [RTGEN 206-101] Setting dangling out port 'vision_gemm_Pipeline_VITIS_LOOP_70_3_VITIS_LOOP_71_4/m_axi_gmem_x_0_ARPROT' to 0.
WARNING: [RTGEN 206-101] Setting dangling out port 'vision_gemm_Pipeline_VITIS_LOOP_70_3_VITIS_LOOP_71_4/m_axi_gmem_x_0_ARQOS' to 0.
WARNING: [RTGEN 206-101] Setting dangling out port 'vision_gemm_Pipeline_VITIS_LOOP_70_3_VITIS_LOOP_71_4/m_axi_gmem_x_0_ARREGION' to 0.
WARNING: [RTGEN 206-101] Setting dangling out port 'vision_gemm_Pipeline_VITIS_LOOP_70_3_VITIS_LOOP_71_4/m_axi_gmem_x_0_ARUSER' to 0.
INFO: [RTGEN 206-100] Generating core module 'mac_muladd_10ns_3ns_10ns_13_4_1': 1 instance(s).
INFO: [RTGEN 206-100] Finished creating RTL model for 'vision_gemm_Pipeline_VITIS_LOOP_70_3_VITIS_LOOP_71_4'.
INFO: [HLS 200-111] Finished Creating RTL model: CPU user time: 0.06 seconds. CPU system time: 0 seconds. Elapsed time: 0.07 seconds; current allocated memory: 550.832 MB.
INFO: [HLS 200-10] ----------------------------------------------------------------
INFO: [HLS 200-10] -- Generating RTL for module 'vision_gemm_Pipeline_VITIS_LOOP_147_10' 
INFO: [HLS 200-10] ----------------------------------------------------------------
INFO: [HLS 200-1030] Apply Unified Pipeline Control on module 'vision_gemm_Pipeline_VITIS_LOOP_147_10' pipeline 'VITIS_LOOP_147_10' pipeline type 'loop pipeline'
INFO: [RTGEN 206-104] Estimated max fanout for 'vision_gemm_Pipeline_VITIS_LOOP_147_10' is 8192 from HDL expression: ((ap_loop_exit_ready_pp0_iter2_reg == 1'b1) & (1'b0 == ap_block_pp0_stage3_01001) & (1'b1 == ap_CS_fsm_pp0_stage3) & (icmp_ln147_reg_47461_pp0_iter2_reg == 1'd0))
INFO: [RTGEN 206-100] Generating core module 'fadd_32ns_32ns_32_6_no_dsp_1': 52 instance(s).
INFO: [RTGEN 206-100] Generating core module 'fmul_32ns_32ns_32_5_max_dsp_1': 52 instance(s).
INFO: [RTGEN 206-100] Generating core module 'sparsemux_9_3_32_1_1': 64 instance(s).
INFO: [RTGEN 206-100] Finished creating RTL model for 'vision_gemm_Pipeline_VITIS_LOOP_147_10'.
INFO: [HLS 200-111] Finished Creating RTL model: CPU user time: 1.13 seconds. CPU system time: 0.02 seconds. Elapsed time: 1.15 seconds; current allocated memory: 612.531 MB.
INFO: [HLS 200-10] ----------------------------------------------------------------
INFO: [HLS 200-10] -- Generating RTL for module 'vision_gemm_Pipeline_VITIS_LOOP_189_17_VITIS_LOOP_190_18' 
INFO: [HLS 200-10] ----------------------------------------------------------------
INFO: [HLS 200-1030] Apply Unified Pipeline Control on module 'vision_gemm_Pipeline_VITIS_LOOP_189_17_VITIS_LOOP_190_18' pipeline 'VITIS_LOOP_189_17_VITIS_LOOP_190_18' pipeline type 'loop pipeline'
INFO: [RTGEN 206-100] Finished creating RTL model for 'vision_gemm_Pipeline_VITIS_LOOP_189_17_VITIS_LOOP_190_18'.
INFO: [HLS 200-111] Finished Creating RTL model: CPU user time: 2.28 seconds. CPU system time: 0.12 seconds. Elapsed time: 2.4 seconds; current allocated memory: 727.816 MB.
INFO: [HLS 200-10] ----------------------------------------------------------------
INFO: [HLS 200-10] -- Generating RTL for module 'vision_gemm' 
INFO: [HLS 200-10] ----------------------------------------------------------------
WARNING: [RTGEN 206-101] Design contains AXI ports. Reset is fixed to synchronous and active low.
INFO: [RTGEN 206-500] Setting interface mode on port 'vision_gemm/gmem_w' to 'm_axi'.
INFO: [RTGEN 206-500] Setting interface mode on port 'vision_gemm/gmem_x' to 'm_axi'.
INFO: [RTGEN 206-500] Setting interface mode on port 'vision_gemm/gmem_y' to 'm_axi'.
INFO: [RTGEN 206-500] Setting interface mode on port 'vision_gemm/weights_f16_packed' to 's_axilite & ap_none'.
INFO: [RTGEN 206-500] Setting interface mode on port 'vision_gemm/activations_f32_packed' to 's_axilite & ap_none'.
INFO: [RTGEN 206-500] Setting interface mode on port 'vision_gemm/output_f32_packed' to 's_axilite & ap_none'.
INFO: [RTGEN 206-500] Setting interface mode on function 'vision_gemm' to 's_axilite & ap_ctrl_hs'.
INFO: [RTGEN 206-100] Bundling port 'weights_f16_packed', 'activations_f32_packed', 'output_f32_packed' to AXI-Lite port control.
INFO: [RTGEN 206-100] Generating core module 'fadd_32ns_32ns_32_8_full_dsp_1': 12 instance(s).
INFO: [RTGEN 206-100] Generating core module 'mul_2ns_11ns_11_1_1': 1 instance(s).
INFO: [RTGEN 206-100] Generating core module 'mul_3ns_11ns_12_1_1': 1 instance(s).
INFO: [RTGEN 206-100] Finished creating RTL model for 'vision_gemm'.
INFO: [RTMG 210-278] Implementing memory 'vision_gemm_weight_tile_RAM_2P_URAM_1R1W' using ultra RAMs.
INFO: [RTMG 210-278] Implementing memory 'vision_gemm_activation_tile_RAM_2P_URAM_1R1W' using ultra RAMs.
INFO: [RTMG 210-278] Implementing memory 'vision_gemm_result_tile_RAM_2P_BRAM_1R1W' using block RAMs.
INFO: [HLS 200-111] Finished Creating RTL model: CPU user time: 0.18 seconds. CPU system time: 0.01 seconds. Elapsed time: 0.19 seconds; current allocated memory: 749.422 MB.
INFO: [HLS 200-111] Finished Generating all RTL models: CPU user time: 0.48 seconds. CPU system time: 0.02 seconds. Elapsed time: 0.51 seconds; current allocated memory: 762.223 MB.
INFO: [HLS 200-1603] Design has inferred MAXI bursts and missed bursts, see Vitis HLS GUI synthesis summary report for detailed information.
INFO: [HLS 200-111] Finished Updating report files: CPU user time: 0.9 seconds. CPU system time: 0.02 seconds. Elapsed time: 0.92 seconds; current allocated memory: 825.684 MB.
INFO: [VHDL 208-304] Generating VHDL RTL for vision_gemm.
INFO: [VLOG 209-307] Generating Verilog RTL for vision_gemm.
INFO: [HLS 200-790] **** Loop Constraint Status: All loop constraints were NOT satisfied.
INFO: [HLS 200-789] **** Estimated Fmax: 265.32 MHz
INFO: [HLS 200-2161] Finished Command csynth_design Elapsed time: 00:00:46; Allocated memory: 515.598 MB.
INFO: [HLS 200-112] Total CPU user time: 49.35 seconds. Total CPU system time: 1.23 seconds. Total elapsed time: 50.53 seconds; peak allocated memory: 825.684 MB.
