

================================================================
== Vitis HLS Report for 'rm13_w4a8_tile'
================================================================
* Date:           Sat Sep 26 20:42:42 2026

* Version:        2024.2 (Build 5238294 on Nov  8 2024)
* Project:        project
* Solution:       solution1 (Vivado IP Flow Target)
* Product family: zynquplus
* Target device:  xck26-sfvc784-2LV-c


================================================================
== Performance Estimates
================================================================
+ Timing: 
    * Summary: 
    +--------+---------+-----------+------------+
    |  Clock |  Target | Estimated | Uncertainty|
    +--------+---------+-----------+------------+
    |ap_clk  |  5.00 ns|  15.222 ns|     1.35 ns|
    +--------+---------+-----------+------------+

+ Latency: 
    * Summary: 
    +---------+---------+----------+----------+-----+-----+---------+
    |  Latency (cycles) |  Latency (absolute) |  Interval | Pipeline|
    |   min   |   max   |    min   |    max   | min | max |   Type  |
    +---------+---------+----------+----------+-----+-----+---------+
    |        ?|        ?|         ?|         ?|    ?|    ?|       no|
    +---------+---------+----------+----------+-----+-----+---------+

    + Detail: 
        * Instance: 
        +----------------------------------------------------------------------------------------+----------------------------------------------------------------------------+---------+---------+-----------+-----------+-----+-----+------------------------------------------------+
        |                                                                                        |                                                                            |  Latency (cycles) |   Latency (absolute)  |  Interval |                    Pipeline                    |
        |                                        Instance                                        |                                   Module                                   |   min   |   max   |    min    |    max    | min | max |                      Type                      |
        +----------------------------------------------------------------------------------------+----------------------------------------------------------------------------+---------+---------+-----------+-----------+-----+-----+------------------------------------------------+
        |grp_rm13_w4a8_tile_Pipeline_VITIS_LOOP_128_4_VITIS_LOOP_129_5_VITIS_LOOP_133_6_fu_1330  |rm13_w4a8_tile_Pipeline_VITIS_LOOP_128_4_VITIS_LOOP_129_5_VITIS_LOOP_133_6  |      139|        ?|   2.116 us|          ?|  137|    0|  loop auto-rewind stp (delay=0 clock cycles(s))|
        |grp_rm13_w4a8_tile_Pipeline_VITIS_LOOP_119_3_fu_1340                                    |rm13_w4a8_tile_Pipeline_VITIS_LOOP_119_3                                    |        7|        7|  35.000 ns|  35.000 ns|    5|    5|  loop auto-rewind stp (delay=0 clock cycles(s))|
        |grp_rm13_w4a8_tile_Pipeline_VITIS_LOOP_254_22_fu_1353                                   |rm13_w4a8_tile_Pipeline_VITIS_LOOP_254_22                                   |      133|      133|   0.665 us|   0.665 us|  129|  129|  loop auto-rewind stp (delay=0 clock cycles(s))|
        |grp_rm13_w4a8_tile_Pipeline_VITIS_LOOP_155_8_VITIS_LOOP_156_9_fu_1396                   |rm13_w4a8_tile_Pipeline_VITIS_LOOP_155_8_VITIS_LOOP_156_9                   |      541|        ?|   2.705 us|          ?|  539|    0|  loop auto-rewind stp (delay=0 clock cycles(s))|
        |grp_rm13_w4a8_tile_Pipeline_VITIS_LOOP_171_12_fu_1408                                   |rm13_w4a8_tile_Pipeline_VITIS_LOOP_171_12                                   |       25|       25|   0.125 us|   0.125 us|   17|   17|  loop auto-rewind stp (delay=0 clock cycles(s))|
        |grp_rm13_w4a8_tile_Pipeline_VITIS_LOOP_204_14_fu_1421                                   |rm13_w4a8_tile_Pipeline_VITIS_LOOP_204_14                                   |      168|      168|   0.840 us|   0.840 us|  129|  129|  loop auto-rewind stp (delay=0 clock cycles(s))|
        +----------------------------------------------------------------------------------------+----------------------------------------------------------------------------+---------+---------+-----------+-----------+-----+-----+------------------------------------------------+

        * Loop: 
        +------------------------+---------+---------+-------------+-----------+-----------+--------+----------+
        |                        |  Latency (cycles) |  Iteration  |  Initiation Interval  |  Trip  |          |
        |        Loop Name       |   min   |   max   |   Latency   |  achieved |   target  |  Count | Pipelined|
        +------------------------+---------+---------+-------------+-----------+-----------+--------+----------+
        |- VITIS_LOOP_113_1      |        ?|        ?|     2 ~ 1000|          -|          -|       ?|        no|
        | + VITIS_LOOP_114_2     |        0|      998|           29|          -|          -|  0 ~ 34|        no|
        |- VITIS_LOOP_164_10     |        ?|        ?|     2 ~ 7281|          -|          -|       ?|        no|
        | + VITIS_LOOP_165_11    |        0|     7279|          214|          -|          -|  0 ~ 34|        no|
        |- VITIS_LOOP_230_15     |        ?|        ?|            ?|          -|          -|       ?|        no|
        | + VITIS_LOOP_231_16    |        ?|        ?|  5498 ~ 5588|          -|          -|       ?|        no|
        |  ++ VITIS_LOOP_241_19  |     5474|     5474|          161|          -|          -|      34|        no|
        +------------------------+---------+---------+-------------+-----------+-----------+--------+----------+



================================================================
== Utilization Estimates
================================================================
* Summary: 
+-----------------+---------+------+--------+--------+-----+
|       Name      | BRAM_18K|  DSP |   FF   |   LUT  | URAM|
+-----------------+---------+------+--------+--------+-----+
|DSP              |        -|     -|       -|       -|    -|
|Expression       |        -|     -|       0|    5024|    -|
|FIFO             |        -|     -|       -|       -|    -|
|Instance         |       27|   100|   14350|   18458|    0|
|Memory           |        8|     -|       0|       0|   32|
|Multiplexer      |        -|     -|       0|    2927|    -|
|Register         |        -|     -|    5503|       -|    -|
+-----------------+---------+------+--------+--------+-----+
|Total            |       35|   100|   19853|   26409|   32|
+-----------------+---------+------+--------+--------+-----+
|Available        |      288|  1248|  234240|  117120|   64|
+-----------------+---------+------+--------+--------+-----+
|Utilization (%)  |       12|     8|       8|      22|   50|
+-----------------+---------+------+--------+--------+-----+

+ Detail: 
    * Instance: 
    +----------------------------------------------------------------------------------------+----------------------------------------------------------------------------+---------+----+------+------+-----+
    |                                        Instance                                        |                                   Module                                   | BRAM_18K| DSP|  FF  |  LUT | URAM|
    +----------------------------------------------------------------------------------------+----------------------------------------------------------------------------+---------+----+------+------+-----+
    |control_s_axi_U                                                                         |control_s_axi                                                               |        0|   0|   462|   808|    0|
    |fadd_32ns_32ns_32_8_full_dsp_1_U126                                                     |fadd_32ns_32ns_32_8_full_dsp_1                                              |        0|   2|   296|   239|    0|
    |fadd_32ns_32ns_32_8_full_dsp_1_U127                                                     |fadd_32ns_32ns_32_8_full_dsp_1                                              |        0|   2|   296|   239|    0|
    |fadd_32ns_32ns_32_8_full_dsp_1_U128                                                     |fadd_32ns_32ns_32_8_full_dsp_1                                              |        0|   2|   296|   239|    0|
    |fadd_32ns_32ns_32_8_full_dsp_1_U129                                                     |fadd_32ns_32ns_32_8_full_dsp_1                                              |        0|   2|   296|   239|    0|
    |fadd_32ns_32ns_32_8_full_dsp_1_U130                                                     |fadd_32ns_32ns_32_8_full_dsp_1                                              |        0|   2|   296|   239|    0|
    |fadd_32ns_32ns_32_8_full_dsp_1_U131                                                     |fadd_32ns_32ns_32_8_full_dsp_1                                              |        0|   2|   296|   239|    0|
    |fadd_32ns_32ns_32_8_full_dsp_1_U132                                                     |fadd_32ns_32ns_32_8_full_dsp_1                                              |        0|   2|   296|   239|    0|
    |fadd_32ns_32ns_32_8_full_dsp_1_U133                                                     |fadd_32ns_32ns_32_8_full_dsp_1                                              |        0|   2|   296|   239|    0|
    |fadd_32ns_32ns_32_8_full_dsp_1_U134                                                     |fadd_32ns_32ns_32_8_full_dsp_1                                              |        0|   2|   296|   239|    0|
    |fadd_32ns_32ns_32_8_full_dsp_1_U135                                                     |fadd_32ns_32ns_32_8_full_dsp_1                                              |        0|   2|   296|   239|    0|
    |fadd_32ns_32ns_32_8_full_dsp_1_U136                                                     |fadd_32ns_32ns_32_8_full_dsp_1                                              |        0|   2|   296|   239|    0|
    |fadd_32ns_32ns_32_8_full_dsp_1_U137                                                     |fadd_32ns_32ns_32_8_full_dsp_1                                              |        0|   2|   296|   239|    0|
    |fadd_32ns_32ns_32_8_full_dsp_1_U138                                                     |fadd_32ns_32ns_32_8_full_dsp_1                                              |        0|   2|   296|   239|    0|
    |fadd_32ns_32ns_32_8_full_dsp_1_U139                                                     |fadd_32ns_32ns_32_8_full_dsp_1                                              |        0|   2|   296|   239|    0|
    |fadd_32ns_32ns_32_8_full_dsp_1_U140                                                     |fadd_32ns_32ns_32_8_full_dsp_1                                              |        0|   2|   296|   239|    0|
    |faddfsub_32ns_32ns_32_8_full_dsp_1_U125                                                 |faddfsub_32ns_32ns_32_8_full_dsp_1                                          |        0|   2|   296|   239|    0|
    |fcmp_32ns_32ns_1_2_no_dsp_1_U174                                                        |fcmp_32ns_32ns_1_2_no_dsp_1                                                 |        0|   0|     0|     0|    0|
    |fcmp_32ns_32ns_1_2_no_dsp_1_U176                                                        |fcmp_32ns_32ns_1_2_no_dsp_1                                                 |        0|   0|     0|     0|    0|
    |fcmp_32ns_32ns_1_2_no_dsp_1_U177                                                        |fcmp_32ns_32ns_1_2_no_dsp_1                                                 |        0|   0|     0|     0|    0|
    |fdiv_32ns_32ns_32_16_no_dsp_1_U157                                                      |fdiv_32ns_32ns_32_16_no_dsp_1                                               |        0|   0|     0|     0|    0|
    |fmul_32ns_32ns_32_5_max_dsp_1_U141                                                      |fmul_32ns_32ns_32_5_max_dsp_1                                               |        0|   3|   151|   145|    0|
    |fmul_32ns_32ns_32_5_max_dsp_1_U142                                                      |fmul_32ns_32ns_32_5_max_dsp_1                                               |        0|   3|   151|   145|    0|
    |fmul_32ns_32ns_32_5_max_dsp_1_U143                                                      |fmul_32ns_32ns_32_5_max_dsp_1                                               |        0|   3|   151|   145|    0|
    |fmul_32ns_32ns_32_5_max_dsp_1_U144                                                      |fmul_32ns_32ns_32_5_max_dsp_1                                               |        0|   3|   151|   145|    0|
    |fmul_32ns_32ns_32_5_max_dsp_1_U145                                                      |fmul_32ns_32ns_32_5_max_dsp_1                                               |        0|   3|   151|   145|    0|
    |fmul_32ns_32ns_32_5_max_dsp_1_U146                                                      |fmul_32ns_32ns_32_5_max_dsp_1                                               |        0|   3|   151|   145|    0|
    |fmul_32ns_32ns_32_5_max_dsp_1_U147                                                      |fmul_32ns_32ns_32_5_max_dsp_1                                               |        0|   3|   151|   145|    0|
    |fmul_32ns_32ns_32_5_max_dsp_1_U148                                                      |fmul_32ns_32ns_32_5_max_dsp_1                                               |        0|   3|   151|   145|    0|
    |fmul_32ns_32ns_32_5_max_dsp_1_U149                                                      |fmul_32ns_32ns_32_5_max_dsp_1                                               |        0|   3|   151|   145|    0|
    |fmul_32ns_32ns_32_5_max_dsp_1_U150                                                      |fmul_32ns_32ns_32_5_max_dsp_1                                               |        0|   3|   151|   145|    0|
    |fmul_32ns_32ns_32_5_max_dsp_1_U151                                                      |fmul_32ns_32ns_32_5_max_dsp_1                                               |        0|   3|   151|   145|    0|
    |fmul_32ns_32ns_32_5_max_dsp_1_U152                                                      |fmul_32ns_32ns_32_5_max_dsp_1                                               |        0|   3|   151|   145|    0|
    |fmul_32ns_32ns_32_5_max_dsp_1_U153                                                      |fmul_32ns_32ns_32_5_max_dsp_1                                               |        0|   3|   151|   145|    0|
    |fmul_32ns_32ns_32_5_max_dsp_1_U154                                                      |fmul_32ns_32ns_32_5_max_dsp_1                                               |        0|   3|   151|   145|    0|
    |fmul_32ns_32ns_32_5_max_dsp_1_U155                                                      |fmul_32ns_32ns_32_5_max_dsp_1                                               |        0|   3|   151|   145|    0|
    |fmul_32ns_32ns_32_5_max_dsp_1_U156                                                      |fmul_32ns_32ns_32_5_max_dsp_1                                               |        0|   3|   151|   145|    0|
    |gmem_w_m_axi_U                                                                          |gmem_w_m_axi                                                                |        8|   0|   774|   843|    0|
    |gmem_ws_m_axi_U                                                                         |gmem_ws_m_axi                                                               |        2|   0|   673|   636|    0|
    |gmem_x_m_axi_U                                                                          |gmem_x_m_axi                                                                |       15|   0|  1042|  1108|    0|
    |gmem_y_m_axi_U                                                                          |gmem_y_m_axi                                                                |        2|   0|   669|   632|    0|
    |mul_32ns_32s_62_1_1_U175                                                                |mul_32ns_32s_62_1_1                                                         |        0|   4|     0|    20|    0|
    |grp_rm13_w4a8_tile_Pipeline_VITIS_LOOP_119_3_fu_1340                                    |rm13_w4a8_tile_Pipeline_VITIS_LOOP_119_3                                    |        0|   0|   143|    88|    0|
    |grp_rm13_w4a8_tile_Pipeline_VITIS_LOOP_128_4_VITIS_LOOP_129_5_VITIS_LOOP_133_6_fu_1330  |rm13_w4a8_tile_Pipeline_VITIS_LOOP_128_4_VITIS_LOOP_129_5_VITIS_LOOP_133_6  |        0|   0|   201|  3296|    0|
    |grp_rm13_w4a8_tile_Pipeline_VITIS_LOOP_155_8_VITIS_LOOP_156_9_fu_1396                   |rm13_w4a8_tile_Pipeline_VITIS_LOOP_155_8_VITIS_LOOP_156_9                   |        0|   0|   345|   276|    0|
    |grp_rm13_w4a8_tile_Pipeline_VITIS_LOOP_171_12_fu_1408                                   |rm13_w4a8_tile_Pipeline_VITIS_LOOP_171_12                                   |        0|   0|   954|  1867|    0|
    |grp_rm13_w4a8_tile_Pipeline_VITIS_LOOP_204_14_fu_1421                                   |rm13_w4a8_tile_Pipeline_VITIS_LOOP_204_14                                   |        0|   0|   753|  1366|    0|
    |grp_rm13_w4a8_tile_Pipeline_VITIS_LOOP_254_22_fu_1353                                   |rm13_w4a8_tile_Pipeline_VITIS_LOOP_254_22                                   |        0|  16|  1182|  1374|    0|
    |sitofp_32ns_32_6_no_dsp_1_U158                                                          |sitofp_32ns_32_6_no_dsp_1                                                   |        0|   0|     0|     0|    0|
    |sitofp_32ns_32_6_no_dsp_1_U159                                                          |sitofp_32ns_32_6_no_dsp_1                                                   |        0|   0|     0|     0|    0|
    |sitofp_32ns_32_6_no_dsp_1_U160                                                          |sitofp_32ns_32_6_no_dsp_1                                                   |        0|   0|     0|     0|    0|
    |sitofp_32ns_32_6_no_dsp_1_U161                                                          |sitofp_32ns_32_6_no_dsp_1                                                   |        0|   0|     0|     0|    0|
    |sitofp_32ns_32_6_no_dsp_1_U162                                                          |sitofp_32ns_32_6_no_dsp_1                                                   |        0|   0|     0|     0|    0|
    |sitofp_32ns_32_6_no_dsp_1_U163                                                          |sitofp_32ns_32_6_no_dsp_1                                                   |        0|   0|     0|     0|    0|
    |sitofp_32ns_32_6_no_dsp_1_U164                                                          |sitofp_32ns_32_6_no_dsp_1                                                   |        0|   0|     0|     0|    0|
    |sitofp_32ns_32_6_no_dsp_1_U165                                                          |sitofp_32ns_32_6_no_dsp_1                                                   |        0|   0|     0|     0|    0|
    |sitofp_32ns_32_6_no_dsp_1_U166                                                          |sitofp_32ns_32_6_no_dsp_1                                                   |        0|   0|     0|     0|    0|
    |sitofp_32ns_32_6_no_dsp_1_U167                                                          |sitofp_32ns_32_6_no_dsp_1                                                   |        0|   0|     0|     0|    0|
    |sitofp_32ns_32_6_no_dsp_1_U168                                                          |sitofp_32ns_32_6_no_dsp_1                                                   |        0|   0|     0|     0|    0|
    |sitofp_32ns_32_6_no_dsp_1_U169                                                          |sitofp_32ns_32_6_no_dsp_1                                                   |        0|   0|     0|     0|    0|
    |sitofp_32ns_32_6_no_dsp_1_U170                                                          |sitofp_32ns_32_6_no_dsp_1                                                   |        0|   0|     0|     0|    0|
    |sitofp_32ns_32_6_no_dsp_1_U171                                                          |sitofp_32ns_32_6_no_dsp_1                                                   |        0|   0|     0|     0|    0|
    |sitofp_32ns_32_6_no_dsp_1_U172                                                          |sitofp_32ns_32_6_no_dsp_1                                                   |        0|   0|     0|     0|    0|
    |sitofp_32ns_32_6_no_dsp_1_U173                                                          |sitofp_32ns_32_6_no_dsp_1                                                   |        0|   0|     0|     0|    0|
    +----------------------------------------------------------------------------------------+----------------------------------------------------------------------------+---------+----+------+------+-----+
    |Total                                                                                   |                                                                            |       27| 100| 14350| 18458|    0|
    +----------------------------------------------------------------------------------------+----------------------------------------------------------------------------+---------+----+------+------+-----+

    * DSP: 
    N/A

    * Memory: 
    +------------------+-------------------------------+---------+---+----+-----+------+-----+------+-------------+
    |      Memory      |             Module            | BRAM_18K| FF| LUT| URAM| Words| Bits| Banks| W*Bits*Banks|
    +------------------+-------------------------------+---------+---+----+-----+------+-----+------+-------------+
    |w_cache_U         |w_cache_RAM_2P_URAM_1R1W       |        0|  0|   0|    2|   544|  128|     1|        69632|
    |w_cache_1_U       |w_cache_RAM_2P_URAM_1R1W       |        0|  0|   0|    2|   544|  128|     1|        69632|
    |w_cache_2_U       |w_cache_RAM_2P_URAM_1R1W       |        0|  0|   0|    2|   544|  128|     1|        69632|
    |w_cache_3_U       |w_cache_RAM_2P_URAM_1R1W       |        0|  0|   0|    2|   544|  128|     1|        69632|
    |ws_cache_U        |ws_cache_RAM_2P_BRAM_1R1W      |        1|  0|   0|    0|   136|   32|     1|         4352|
    |ws_cache_1_U      |ws_cache_RAM_2P_BRAM_1R1W      |        1|  0|   0|    0|   136|   32|     1|         4352|
    |ws_cache_2_U      |ws_cache_RAM_2P_BRAM_1R1W      |        1|  0|   0|    0|   136|   32|     1|         4352|
    |ws_cache_3_U      |ws_cache_RAM_2P_BRAM_1R1W      |        1|  0|   0|    0|   136|   32|     1|         4352|
    |x_cache_U         |x_cache_RAM_2P_URAM_1R1W       |        0|  0|   0|    2|  4304|    8|     1|        34432|
    |x_cache_1_U       |x_cache_RAM_2P_URAM_1R1W       |        0|  0|   0|    2|  4304|    8|     1|        34432|
    |x_cache_2_U       |x_cache_RAM_2P_URAM_1R1W       |        0|  0|   0|    2|  4304|    8|     1|        34432|
    |x_cache_3_U       |x_cache_RAM_2P_URAM_1R1W       |        0|  0|   0|    2|  4304|    8|     1|        34432|
    |x_word_cache_U    |x_word_cache_RAM_2P_URAM_1R1W  |        0|  0|   0|    4|   538|  256|     1|       137728|
    |x_word_cache_1_U  |x_word_cache_RAM_2P_URAM_1R1W  |        0|  0|   0|    4|   538|  256|     1|       137728|
    |x_word_cache_2_U  |x_word_cache_RAM_2P_URAM_1R1W  |        0|  0|   0|    4|   538|  256|     1|       137728|
    |x_word_cache_3_U  |x_word_cache_RAM_2P_URAM_1R1W  |        0|  0|   0|    4|   538|  256|     1|       137728|
    |xs_cache_U        |xs_cache_RAM_2P_BRAM_1R1W      |        1|  0|   0|    0|    34|   32|     1|         1088|
    |xs_cache_4_U      |xs_cache_RAM_2P_BRAM_1R1W      |        1|  0|   0|    0|    34|   32|     1|         1088|
    |xs_cache_5_U      |xs_cache_RAM_2P_BRAM_1R1W      |        1|  0|   0|    0|    34|   32|     1|         1088|
    |xs_cache_6_U      |xs_cache_RAM_2P_BRAM_1R1W      |        1|  0|   0|    0|    34|   32|     1|         1088|
    +------------------+-------------------------------+---------+---+----+-----+------+-----+------+-------------+
    |Total             |                               |        8|  0|   0|   32| 22224| 1824|    20|       988928|
    +------------------+-------------------------------+---------+---+----+-----+------+-----+------+-------------+

    * FIFO: 
    N/A

    * Expression: 
    +-----------------------------------+----------+----+---+----+------------+------------+
    |           Variable Name           | Operation| DSP| FF| LUT| Bitwidth P0| Bitwidth P1|
    +-----------------------------------+----------+----+---+----+------------+------------+
    |add_ln113_1_fu_1879_p2             |         +|   0|  0|  46|          39|          39|
    |add_ln113_fu_1845_p2               |         +|   0|  0|  38|          31|           1|
    |add_ln114_1_fu_2024_p2             |         +|   0|  0|  71|          64|          64|
    |add_ln114_2_fu_1976_p2             |         +|   0|  0|  13|           6|           1|
    |add_ln114_fu_2007_p2               |         +|   0|  0|  46|          39|          39|
    |add_ln115_1_fu_2046_p2             |         +|   0|  0|  71|          64|          64|
    |add_ln115_fu_2029_p2               |         +|   0|  0|  44|          37|          37|
    |add_ln121_fu_1986_p2               |         +|   0|  0|  15|           8|           8|
    |add_ln128_fu_1963_p2               |         +|   0|  0|  46|          39|          39|
    |add_ln155_2_fu_2273_p2             |         +|   0|  0|  41|          41|          41|
    |add_ln155_3_fu_3561_p2             |         +|   0|  0|  48|          41|          41|
    |add_ln155_4_fu_3594_p2             |         +|   0|  0|  41|          41|          41|
    |add_ln155_fu_2239_p2               |         +|   0|  0|  48|          41|          41|
    |add_ln164_fu_3613_p2               |         +|   0|  0|  38|          31|           1|
    |add_ln165_fu_3634_p2               |         +|   0|  0|  13|           6|           1|
    |add_ln230_fu_2600_p2               |         +|   0|  0|  39|          32|           3|
    |add_ln231_fu_3514_p2               |         +|   0|  0|  39|          32|           3|
    |add_ln241_fu_2616_p2               |         +|   0|  0|  13|           6|           1|
    |add_ln265_fu_2626_p2               |         +|   0|  0|  15|           8|           8|
    |add_ln301_10_fu_3052_p2            |         +|   0|  0|  69|          62|          62|
    |add_ln301_11_fu_3064_p2            |         +|   0|  0|  71|          64|          64|
    |add_ln301_12_fu_3094_p2            |         +|   0|  0|  69|          62|          62|
    |add_ln301_13_fu_3106_p2            |         +|   0|  0|  71|          64|          64|
    |add_ln301_14_fu_3136_p2            |         +|   0|  0|  69|          62|          62|
    |add_ln301_15_fu_3148_p2            |         +|   0|  0|  71|          64|          64|
    |add_ln301_16_fu_3178_p2            |         +|   0|  0|  69|          62|          62|
    |add_ln301_17_fu_3190_p2            |         +|   0|  0|  71|          64|          64|
    |add_ln301_18_fu_3220_p2            |         +|   0|  0|  69|          62|          62|
    |add_ln301_19_fu_3232_p2            |         +|   0|  0|  71|          64|          64|
    |add_ln301_1_fu_2685_p2             |         +|   0|  0|  71|          64|          64|
    |add_ln301_20_fu_3262_p2            |         +|   0|  0|  69|          62|          62|
    |add_ln301_21_fu_3274_p2            |         +|   0|  0|  71|          64|          64|
    |add_ln301_22_fu_3304_p2            |         +|   0|  0|  69|          62|          62|
    |add_ln301_23_fu_3316_p2            |         +|   0|  0|  71|          64|          64|
    |add_ln301_24_fu_3346_p2            |         +|   0|  0|  69|          62|          62|
    |add_ln301_25_fu_3358_p2            |         +|   0|  0|  71|          64|          64|
    |add_ln301_26_fu_3388_p2            |         +|   0|  0|  69|          62|          62|
    |add_ln301_27_fu_3400_p2            |         +|   0|  0|  71|          64|          64|
    |add_ln301_28_fu_3430_p2            |         +|   0|  0|  69|          62|          62|
    |add_ln301_29_fu_3442_p2            |         +|   0|  0|  71|          64|          64|
    |add_ln301_2_fu_2401_p2             |         +|   0|  0|  69|          62|          62|
    |add_ln301_30_fu_3472_p2            |         +|   0|  0|  69|          62|          62|
    |add_ln301_31_fu_3484_p2            |         +|   0|  0|  71|          64|          64|
    |add_ln301_32_fu_2884_p2            |         +|   0|  0|  69|          62|          62|
    |add_ln301_33_fu_2926_p2            |         +|   0|  0|  69|          62|          62|
    |add_ln301_34_fu_2968_p2            |         +|   0|  0|  69|          62|          62|
    |add_ln301_3_fu_2896_p2             |         +|   0|  0|  71|          64|          64|
    |add_ln301_4_fu_2406_p2             |         +|   0|  0|  69|          62|          62|
    |add_ln301_5_fu_2938_p2             |         +|   0|  0|  71|          64|          64|
    |add_ln301_6_fu_2673_p2             |         +|   0|  0|  69|          62|          62|
    |add_ln301_7_fu_2980_p2             |         +|   0|  0|  71|          64|          64|
    |add_ln301_8_fu_3010_p2             |         +|   0|  0|  69|          62|          62|
    |add_ln301_9_fu_3022_p2             |         +|   0|  0|  71|          64|          64|
    |add_ln301_fu_2397_p2               |         +|   0|  0|  69|          62|          62|
    |add_ln86_1_fu_1780_p2              |         +|   0|  0|  39|          32|           2|
    |add_ln86_fu_1759_p2                |         +|   0|  0|  39|          32|           2|
    |empty_fu_1935_p2                   |         +|   0|  0|  44|          37|          37|
    |sub_ln155_1_fu_3579_p2             |         -|   0|  0|  41|          41|          41|
    |sub_ln155_fu_2256_p2               |         -|   0|  0|  41|          41|          41|
    |sub_ln167_fu_3648_p2               |         -|   0|  0|  20|          13|          13|
    |sub_ln243_fu_2639_p2               |         -|   0|  0|  20|          13|          13|
    |and_ln116_fu_2120_p2               |       and|   0|  0|   2|           1|           1|
    |and_ln198_fu_3760_p2               |       and|   0|  0|   2|           1|           1|
    |and_ln225_fu_2196_p2               |       and|   0|  0|   2|           1|           1|
    |ap_block_state100                  |       and|   0|  0|   2|           1|           1|
    |ap_block_state107                  |       and|   0|  0|   2|           1|           1|
    |ap_block_state114                  |       and|   0|  0|   2|           1|           1|
    |ap_block_state121                  |       and|   0|  0|   2|           1|           1|
    |ap_block_state128                  |       and|   0|  0|   2|           1|           1|
    |ap_block_state135                  |       and|   0|  0|   2|           1|           1|
    |ap_block_state142                  |       and|   0|  0|   2|           1|           1|
    |ap_block_state149                  |       and|   0|  0|   2|           1|           1|
    |ap_block_state156                  |       and|   0|  0|   2|           1|           1|
    |ap_block_state163                  |       and|   0|  0|   2|           1|           1|
    |ap_block_state16_io                |       and|   0|  0|   2|           1|           1|
    |ap_block_state170                  |       and|   0|  0|   2|           1|           1|
    |ap_block_state72                   |       and|   0|  0|   2|           1|           1|
    |ap_block_state79                   |       and|   0|  0|   2|           1|           1|
    |ap_block_state86                   |       and|   0|  0|   2|           1|           1|
    |ap_block_state93                   |       and|   0|  0|   2|           1|           1|
    |icmp_ln108_fu_1807_p2              |      icmp|   0|  0|  39|          32|           1|
    |icmp_ln113_1_fu_1840_p2            |      icmp|   0|  0|  38|          31|          31|
    |icmp_ln113_fu_1819_p2              |      icmp|   0|  0|  39|          32|           1|
    |icmp_ln114_fu_1970_p2              |      icmp|   0|  0|  13|           6|           6|
    |icmp_ln116_1_fu_2111_p2            |      icmp|   0|  0|  30|          23|           1|
    |icmp_ln116_fu_2106_p2              |      icmp|   0|  0|  15|           8|           2|
    |icmp_ln148_fu_2168_p2              |      icmp|   0|  0|  39|          32|           1|
    |icmp_ln154_fu_2182_p2              |      icmp|   0|  0|  39|          32|           1|
    |icmp_ln155_fu_2216_p2              |      icmp|   0|  0|  39|          32|           1|
    |icmp_ln164_fu_3608_p2              |      icmp|   0|  0|  39|          32|          32|
    |icmp_ln165_fu_3628_p2              |      icmp|   0|  0|  13|           6|           6|
    |icmp_ln167_fu_3664_p2              |      icmp|   0|  0|  13|           6|           1|
    |icmp_ln196_fu_3720_p2              |      icmp|   0|  0|  39|          32|           1|
    |icmp_ln198_1_fu_3750_p2            |      icmp|   0|  0|  30|          23|           1|
    |icmp_ln198_fu_3744_p2              |      icmp|   0|  0|  15|           8|           2|
    |icmp_ln225_fu_2191_p2              |      icmp|   0|  0|  39|          32|          32|
    |icmp_ln230_fu_2300_p2              |      icmp|   0|  0|  40|          33|          33|
    |icmp_ln231_fu_2415_p2              |      icmp|   0|  0|  40|          33|          33|
    |icmp_ln241_fu_2610_p2              |      icmp|   0|  0|  13|           6|           6|
    |icmp_ln243_fu_2655_p2              |      icmp|   0|  0|  13|           6|           1|
    |icmp_ln30_fu_2100_p2               |      icmp|   0|  0|  38|          31|          25|
    |icmp_ln84_fu_1753_p2               |      icmp|   0|  0|  38|          31|           1|
    |icmp_ln86_1_fu_1795_p2             |      icmp|   0|  0|  37|          30|           1|
    |icmp_ln86_fu_1774_p2               |      icmp|   0|  0|  35|          28|           1|
    |slt202_fu_2375_p2                  |      icmp|   0|  0|  39|          32|          32|
    |slt204_fu_2386_p2                  |      icmp|   0|  0|  39|          32|          32|
    |slt206_fu_2522_p2                  |      icmp|   0|  0|  39|          32|          32|
    |slt208_fu_2533_p2                  |      icmp|   0|  0|  39|          32|          32|
    |slt210_fu_2544_p2                  |      icmp|   0|  0|  39|          32|          32|
    |slt_fu_2364_p2                     |      icmp|   0|  0|  39|          32|          32|
    |brmerge199_fu_2555_p2              |        or|   0|  0|   2|           1|           1|
    |brmerge201_fu_2560_p2              |        or|   0|  0|   2|           1|           1|
    |brmerge203_fu_2565_p2              |        or|   0|  0|   2|           1|           1|
    |brmerge206_fu_2570_p2              |        or|   0|  0|   2|           1|           1|
    |brmerge208_fu_2575_p2              |        or|   0|  0|   2|           1|           1|
    |brmerge210_fu_2580_p2              |        or|   0|  0|   2|           1|           1|
    |brmerge213_fu_2585_p2              |        or|   0|  0|   2|           1|           1|
    |brmerge215_fu_2590_p2              |        or|   0|  0|   2|           1|           1|
    |brmerge217_fu_2595_p2              |        or|   0|  0|   2|           1|           1|
    |or_ln116_1_fu_2116_p2              |        or|   0|  0|   2|           1|           1|
    |or_ln116_fu_2126_p2                |        or|   0|  0|   2|           1|           1|
    |or_ln198_fu_3756_p2                |        or|   0|  0|   2|           1|           1|
    |or_ln86_fu_1801_p2                 |        or|   0|  0|   2|           1|           1|
    |empty_105_fu_2789_p3               |    select|   0|  0|  32|           1|          32|
    |empty_106_fu_2795_p3               |    select|   0|  0|  32|           1|          32|
    |empty_107_fu_2801_p3               |    select|   0|  0|  32|           1|          32|
    |empty_108_fu_2807_p3               |    select|   0|  0|  32|           1|          32|
    |empty_109_fu_2813_p3               |    select|   0|  0|  32|           1|          32|
    |empty_110_fu_2819_p3               |    select|   0|  0|  32|           1|          32|
    |empty_111_fu_2825_p3               |    select|   0|  0|  32|           1|          32|
    |empty_112_fu_2831_p3               |    select|   0|  0|  32|           1|          32|
    |empty_113_fu_2837_p3               |    select|   0|  0|  32|           1|          32|
    |empty_114_fu_2843_p3               |    select|   0|  0|  32|           1|          32|
    |empty_115_fu_2849_p3               |    select|   0|  0|  32|           1|          32|
    |empty_116_fu_2855_p3               |    select|   0|  0|  32|           1|          32|
    |empty_117_fu_2861_p3               |    select|   0|  0|  32|           1|          32|
    |empty_118_fu_2867_p3               |    select|   0|  0|  32|           1|          32|
    |empty_119_fu_2873_p3               |    select|   0|  0|  32|           1|          32|
    |scale_fu_3765_p3                   |    select|   0|  0|  32|           1|          30|
    |select_ln113_fu_1824_p3            |    select|   0|  0|  31|           1|           1|
    |select_ln148_cast_cast_fu_2174_p3  |    select|   0|  0|   4|           1|           3|
    |valid_k_1_fu_2665_p3               |    select|   0|  0|   9|           1|           8|
    |valid_k_fu_3678_p3                 |    select|   0|  0|   9|           1|           8|
    |rev203_fu_2380_p2                  |       xor|   0|  0|   2|           1|           2|
    |rev205_fu_2391_p2                  |       xor|   0|  0|   2|           1|           2|
    |rev207_fu_2527_p2                  |       xor|   0|  0|   2|           1|           2|
    |rev209_fu_2538_p2                  |       xor|   0|  0|   2|           1|           2|
    |rev211_fu_2549_p2                  |       xor|   0|  0|   2|           1|           2|
    |rev_fu_2369_p2                     |       xor|   0|  0|   2|           1|           2|
    +-----------------------------------+----------+----+---+----+------------+------------+
    |Total                              |          |   0|  0|5024|        3832|        3811|
    +-----------------------------------+----------+----+---+----+------------+------------+

    * Multiplexer: 
    +--------------------------------------------------+------+-----------+-----+-----------+
    |                       Name                       |  LUT | Input Size| Bits| Total Bits|
    +--------------------------------------------------+------+-----------+-----+-----------+
    |activation_ready_flag_1_reg_1234                  |    20|          4|    1|          4|
    |activation_ready_loc_0_reg_995                    |     9|          2|    1|          2|
    |ap_NS_fsm                                         |  1082|        204|    1|        204|
    |ap_phi_mux_activation_ready_flag_0_phi_fu_986_p4  |     9|          2|    1|          2|
    |ap_phi_mux_activation_ready_loc_0_phi_fu_999_p4   |     9|          2|    1|          2|
    |empty_100_reg_1162                                |     9|          2|   32|         64|
    |empty_101_reg_1174                                |     9|          2|   32|         64|
    |empty_102_reg_1186                                |     9|          2|   32|         64|
    |empty_103_reg_1198                                |     9|          2|   32|         64|
    |empty_104_reg_1210                                |     9|          2|   32|         64|
    |empty_89_reg_1030                                 |     9|          2|   32|         64|
    |empty_90_reg_1042                                 |     9|          2|   32|         64|
    |empty_91_reg_1054                                 |     9|          2|   32|         64|
    |empty_92_reg_1066                                 |     9|          2|   32|         64|
    |empty_93_reg_1078                                 |     9|          2|   32|         64|
    |empty_94_reg_1090                                 |     9|          2|   32|         64|
    |empty_95_reg_1102                                 |     9|          2|   32|         64|
    |empty_96_reg_1114                                 |     9|          2|   32|         64|
    |empty_97_reg_1126                                 |     9|          2|   32|         64|
    |empty_98_reg_1138                                 |     9|          2|   32|         64|
    |empty_99_reg_1150                                 |     9|          2|   32|         64|
    |g_1_reg_1222                                      |     9|          2|    6|         12|
    |g_2_reg_1018                                      |     9|          2|    6|         12|
    |g_reg_971                                         |     9|          2|    6|         12|
    |gmem_w_0_ARADDR                                   |    14|          3|   64|        192|
    |gmem_w_0_ARLEN                                    |    14|          3|   32|         96|
    |gmem_w_0_ARVALID                                  |    14|          3|    1|          3|
    |gmem_w_0_RREADY                                   |     9|          2|    1|          2|
    |gmem_w_blk_n_AR                                   |     9|          2|    1|          2|
    |gmem_ws_blk_n_AR                                  |     9|          2|    1|          2|
    |gmem_ws_blk_n_R                                   |     9|          2|    1|          2|
    |gmem_x_0_ARADDR                                   |    14|          3|   64|        192|
    |gmem_x_0_ARLEN                                    |    14|          3|   32|         96|
    |gmem_x_0_ARVALID                                  |    14|          3|    1|          3|
    |gmem_x_0_RREADY                                   |     9|          2|    1|          2|
    |gmem_x_blk_n_AR                                   |     9|          2|    1|          2|
    |gmem_y_0_AWADDR                                   |    81|         17|   64|       1088|
    |gmem_y_0_WDATA                                    |    81|         17|   32|        544|
    |gmem_y_blk_n_AW                                   |     9|          2|    1|          2|
    |gmem_y_blk_n_B                                    |     9|          2|    1|          2|
    |gmem_y_blk_n_W                                    |     9|          2|    1|          2|
    |grp_fu_1441_ce                                    |     9|          2|    1|          2|
    |grp_fu_1441_opcode                                |    14|          3|    2|          6|
    |grp_fu_1441_p0                                    |    14|          3|   32|         96|
    |grp_fu_1441_p1                                    |    14|          3|   32|         96|
    |grp_fu_1521_p0                                    |    14|          3|   32|         96|
    |grp_fu_1521_p1                                    |    14|          3|   32|         96|
    |grp_fu_1525_p0                                    |    14|          3|   32|         96|
    |grp_fu_1525_p1                                    |    14|          3|   32|         96|
    |grp_fu_1529_p0                                    |    14|          3|   32|         96|
    |grp_fu_1529_p1                                    |    14|          3|   32|         96|
    |grp_fu_1533_p0                                    |    14|          3|   32|         96|
    |grp_fu_1533_p1                                    |    14|          3|   32|         96|
    |grp_fu_1537_p0                                    |    14|          3|   32|         96|
    |grp_fu_1537_p1                                    |    14|          3|   32|         96|
    |grp_fu_1541_p0                                    |    14|          3|   32|         96|
    |grp_fu_1541_p1                                    |    14|          3|   32|         96|
    |grp_fu_1545_p0                                    |    14|          3|   32|         96|
    |grp_fu_1545_p1                                    |    14|          3|   32|         96|
    |grp_fu_1549_p0                                    |    14|          3|   32|         96|
    |grp_fu_1549_p1                                    |    14|          3|   32|         96|
    |grp_fu_1553_p0                                    |    14|          3|   32|         96|
    |grp_fu_1553_p1                                    |    14|          3|   32|         96|
    |grp_fu_1557_p0                                    |    14|          3|   32|         96|
    |grp_fu_1557_p1                                    |    14|          3|   32|         96|
    |grp_fu_1561_p0                                    |    14|          3|   32|         96|
    |grp_fu_1561_p1                                    |    14|          3|   32|         96|
    |grp_fu_1565_p0                                    |    14|          3|   32|         96|
    |grp_fu_1565_p1                                    |    14|          3|   32|         96|
    |grp_fu_1569_p0                                    |    14|          3|   32|         96|
    |grp_fu_1569_p1                                    |    14|          3|   32|         96|
    |grp_fu_1573_p0                                    |    14|          3|   32|         96|
    |grp_fu_1573_p1                                    |    14|          3|   32|         96|
    |grp_fu_1577_p0                                    |    14|          3|   32|         96|
    |grp_fu_1577_p1                                    |    14|          3|   32|         96|
    |grp_fu_1581_p0                                    |    14|          3|   32|         96|
    |grp_fu_1581_p1                                    |    14|          3|   32|         96|
    |grp_fu_1585_ce                                    |     9|          2|    1|          2|
    |grp_fu_1585_p0                                    |    14|          3|   32|         96|
    |grp_fu_1585_p1                                    |    14|          3|   32|         96|
    |grp_fu_1590_ce                                    |     9|          2|    1|          2|
    |grp_fu_1590_p0                                    |    14|          3|   32|         96|
    |grp_fu_1638_ce                                    |    14|          3|    1|          3|
    |grp_fu_1638_opcode                                |    26|          5|    5|         25|
    |grp_fu_1638_p0                                    |    26|          5|   32|        160|
    |grp_fu_1638_p1                                    |    20|          4|   32|        128|
    |grp_fu_5005_ce                                    |    14|          3|    1|          3|
    |grp_fu_5005_opcode                                |    14|          3|    5|         15|
    |grp_fu_5005_p0                                    |    14|          3|   32|         96|
    |grp_fu_5005_p1                                    |    14|          3|   32|         96|
    |grp_fu_5009_ce                                    |    14|          3|    1|          3|
    |grp_fu_5009_opcode                                |    14|          3|    5|         15|
    |grp_fu_5009_p0                                    |    14|          3|   32|         96|
    |grp_fu_5009_p1                                    |    14|          3|   32|         96|
    |m_fu_448                                          |     9|          2|   31|         62|
    |mbase_reg_1006                                    |     9|          2|   32|         64|
    |n_1_fu_452                                        |     9|          2|   32|         64|
    |n_fu_456                                          |     9|          2|   31|         62|
    |retval_13_reg_1297                                |    31|          6|    4|         24|
    |w_cache_1_address0                                |    14|          3|   10|         30|
    |w_cache_1_ce0                                     |    14|          3|    1|          3|
    |w_cache_1_ce1                                     |     9|          2|    1|          2|
    |w_cache_1_we1                                     |     9|          2|    1|          2|
    |w_cache_2_address0                                |    14|          3|   10|         30|
    |w_cache_2_ce0                                     |    14|          3|    1|          3|
    |w_cache_2_ce1                                     |     9|          2|    1|          2|
    |w_cache_2_we1                                     |     9|          2|    1|          2|
    |w_cache_3_address0                                |    14|          3|   10|         30|
    |w_cache_3_ce0                                     |    14|          3|    1|          3|
    |w_cache_3_ce1                                     |     9|          2|    1|          2|
    |w_cache_3_we1                                     |     9|          2|    1|          2|
    |w_cache_address0                                  |    14|          3|   10|         30|
    |w_cache_ce0                                       |    14|          3|    1|          3|
    |w_cache_ce1                                       |     9|          2|    1|          2|
    |w_cache_we1                                       |     9|          2|    1|          2|
    |x_cache_1_ce0                                     |     9|          2|    1|          2|
    |x_cache_1_ce1                                     |     9|          2|    1|          2|
    |x_cache_1_we1                                     |     9|          2|    1|          2|
    |x_cache_2_ce0                                     |     9|          2|    1|          2|
    |x_cache_2_ce1                                     |     9|          2|    1|          2|
    |x_cache_2_we1                                     |     9|          2|    1|          2|
    |x_cache_3_ce0                                     |     9|          2|    1|          2|
    |x_cache_3_ce1                                     |     9|          2|    1|          2|
    |x_cache_3_we1                                     |     9|          2|    1|          2|
    |x_cache_ce0                                       |     9|          2|    1|          2|
    |x_cache_ce1                                       |     9|          2|    1|          2|
    |x_cache_we1                                       |     9|          2|    1|          2|
    |x_word_cache_1_address0                           |    14|          3|   10|         30|
    |x_word_cache_1_ce0                                |    14|          3|    1|          3|
    |x_word_cache_1_ce1                                |     9|          2|    1|          2|
    |x_word_cache_1_we1                                |     9|          2|    1|          2|
    |x_word_cache_2_address0                           |    14|          3|   10|         30|
    |x_word_cache_2_ce0                                |    14|          3|    1|          3|
    |x_word_cache_2_ce1                                |     9|          2|    1|          2|
    |x_word_cache_2_we1                                |     9|          2|    1|          2|
    |x_word_cache_3_address0                           |    14|          3|   10|         30|
    |x_word_cache_3_ce0                                |    14|          3|    1|          3|
    |x_word_cache_3_ce1                                |     9|          2|    1|          2|
    |x_word_cache_3_we1                                |     9|          2|    1|          2|
    |x_word_cache_address0                             |    14|          3|   10|         30|
    |x_word_cache_ce0                                  |    14|          3|    1|          3|
    |x_word_cache_ce1                                  |     9|          2|    1|          2|
    |x_word_cache_we1                                  |     9|          2|    1|          2|
    +--------------------------------------------------+------+-----------+-----+-----------+
    |Total                                             |  2927|        601| 2479|       8402|
    +--------------------------------------------------+------+-----------+-----+-----------+

    * Register: 
    +-----------------------------------------------------------------------------------------------------+-----+----+-----+-----------+
    |                                                 Name                                                |  FF | LUT| Bits| Const Bits|
    +-----------------------------------------------------------------------------------------------------+-----+----+-----+-----------+
    |activation_ready                                                                                     |    1|   0|    1|          0|
    |activation_ready_flag_0_reg_982                                                                      |    1|   0|    1|          0|
    |activation_ready_flag_1_reg_1234                                                                     |    1|   0|    1|          0|
    |activation_ready_loc_0_reg_995                                                                       |    1|   0|    1|          0|
    |activation_ready_new_1_reg_1265                                                                      |    1|   0|    1|          0|
    |active_m_read_reg_3803                                                                               |   32|   0|   32|          0|
    |active_n_read_reg_3783                                                                               |   32|   0|   32|          0|
    |add501_1_1_reg_4663                                                                                  |   32|   0|   32|          0|
    |add501_1_2_reg_4668                                                                                  |   32|   0|   32|          0|
    |add501_1_3_reg_4673                                                                                  |   32|   0|   32|          0|
    |add501_1_reg_4658                                                                                    |   32|   0|   32|          0|
    |add501_2_1_reg_4683                                                                                  |   32|   0|   32|          0|
    |add501_2_2_reg_4688                                                                                  |   32|   0|   32|          0|
    |add501_2_3_reg_4693                                                                                  |   32|   0|   32|          0|
    |add501_2_reg_4678                                                                                    |   32|   0|   32|          0|
    |add501_3_1_reg_4703                                                                                  |   32|   0|   32|          0|
    |add501_3_2_reg_4708                                                                                  |   32|   0|   32|          0|
    |add501_3_3_reg_4713                                                                                  |   32|   0|   32|          0|
    |add501_3_reg_4698                                                                                    |   32|   0|   32|          0|
    |add501_4_reg_4648                                                                                    |   32|   0|   32|          0|
    |add501_5_reg_4653                                                                                    |   32|   0|   32|          0|
    |add501_s_reg_4643                                                                                    |   32|   0|   32|          0|
    |add_ln113_1_reg_4011                                                                                 |   36|   0|   39|          3|
    |add_ln113_reg_4001                                                                                   |   31|   0|   31|          0|
    |add_ln114_1_reg_4045                                                                                 |   64|   0|   64|          0|
    |add_ln114_2_reg_4034                                                                                 |    6|   0|    6|          0|
    |add_ln121_reg_4039                                                                                   |    8|   0|    8|          0|
    |add_ln128_reg_4026                                                                                   |   36|   0|   39|          3|
    |add_ln155_2_reg_4160                                                                                 |   40|   0|   41|          1|
    |add_ln155_4_reg_4898                                                                                 |   41|   0|   41|          0|
    |add_ln164_reg_4906                                                                                   |   31|   0|   31|          0|
    |add_ln165_reg_4920                                                                                   |    6|   0|    6|          0|
    |add_ln241_reg_4379                                                                                   |    6|   0|    6|          0|
    |add_ln265_reg_4384                                                                                   |    8|   0|    8|          0|
    |add_ln301_2_reg_4245                                                                                 |   62|   0|   62|          0|
    |add_ln301_4_reg_4253                                                                                 |   62|   0|   62|          0|
    |add_ln301_reg_4237                                                                                   |   62|   0|   62|          0|
    |add_reg_4638                                                                                         |   32|   0|   32|          0|
    |ap_CS_fsm                                                                                            |  203|   0|  203|          0|
    |brmerge199_reg_4331                                                                                  |    1|   0|    1|          0|
    |brmerge201_reg_4336                                                                                  |    1|   0|    1|          0|
    |brmerge203_reg_4341                                                                                  |    1|   0|    1|          0|
    |brmerge206_reg_4346                                                                                  |    1|   0|    1|          0|
    |brmerge208_reg_4351                                                                                  |    1|   0|    1|          0|
    |brmerge210_reg_4356                                                                                  |    1|   0|    1|          0|
    |brmerge213_reg_4361                                                                                  |    1|   0|    1|          0|
    |brmerge215_reg_4366                                                                                  |    1|   0|    1|          0|
    |brmerge217_reg_4371                                                                                  |    1|   0|    1|          0|
    |cached_active_n                                                                                      |   32|   0|   32|          0|
    |empty_100_reg_1162                                                                                   |   32|   0|   32|          0|
    |empty_101_reg_1174                                                                                   |   32|   0|   32|          0|
    |empty_102_reg_1186                                                                                   |   32|   0|   32|          0|
    |empty_103_reg_1198                                                                                   |   32|   0|   32|          0|
    |empty_104_reg_1210                                                                                   |   32|   0|   32|          0|
    |empty_88_reg_4177                                                                                    |   62|   0|   62|          0|
    |empty_89_reg_1030                                                                                    |   32|   0|   32|          0|
    |empty_90_reg_1042                                                                                    |   32|   0|   32|          0|
    |empty_91_reg_1054                                                                                    |   32|   0|   32|          0|
    |empty_92_reg_1066                                                                                    |   32|   0|   32|          0|
    |empty_93_reg_1078                                                                                    |   32|   0|   32|          0|
    |empty_94_reg_1090                                                                                    |   32|   0|   32|          0|
    |empty_95_reg_1102                                                                                    |   32|   0|   32|          0|
    |empty_96_reg_1114                                                                                    |   32|   0|   32|          0|
    |empty_97_reg_1126                                                                                    |   32|   0|   32|          0|
    |empty_98_reg_1138                                                                                    |   32|   0|   32|          0|
    |empty_99_reg_1150                                                                                    |   32|   0|   32|          0|
    |empty_reg_4021                                                                                       |   36|   0|   37|          1|
    |g_1_reg_1222                                                                                         |    6|   0|    6|          0|
    |g_2_reg_1018                                                                                         |    6|   0|    6|          0|
    |g_reg_971                                                                                            |    6|   0|    6|          0|
    |gmem_ws_addr_reg_4050                                                                                |   64|   0|   64|          0|
    |gmem_y_addr_10_reg_4847                                                                              |   64|   0|   64|          0|
    |gmem_y_addr_11_reg_4853                                                                              |   64|   0|   64|          0|
    |gmem_y_addr_12_reg_4859                                                                              |   64|   0|   64|          0|
    |gmem_y_addr_13_reg_4865                                                                              |   64|   0|   64|          0|
    |gmem_y_addr_14_reg_4871                                                                              |   64|   0|   64|          0|
    |gmem_y_addr_15_reg_4877                                                                              |   64|   0|   64|          0|
    |gmem_y_addr_1_reg_4793                                                                               |   64|   0|   64|          0|
    |gmem_y_addr_2_reg_4799                                                                               |   64|   0|   64|          0|
    |gmem_y_addr_3_reg_4805                                                                               |   64|   0|   64|          0|
    |gmem_y_addr_4_reg_4811                                                                               |   64|   0|   64|          0|
    |gmem_y_addr_5_reg_4817                                                                               |   64|   0|   64|          0|
    |gmem_y_addr_6_reg_4823                                                                               |   64|   0|   64|          0|
    |gmem_y_addr_7_reg_4829                                                                               |   64|   0|   64|          0|
    |gmem_y_addr_8_reg_4835                                                                               |   64|   0|   64|          0|
    |gmem_y_addr_9_reg_4841                                                                               |   64|   0|   64|          0|
    |gmem_y_addr_reg_4400                                                                                 |   64|   0|   64|          0|
    |grp_rm13_w4a8_tile_Pipeline_VITIS_LOOP_119_3_fu_1340_ap_start_reg                                    |    1|   0|    1|          0|
    |grp_rm13_w4a8_tile_Pipeline_VITIS_LOOP_128_4_VITIS_LOOP_129_5_VITIS_LOOP_133_6_fu_1330_ap_start_reg  |    1|   0|    1|          0|
    |grp_rm13_w4a8_tile_Pipeline_VITIS_LOOP_155_8_VITIS_LOOP_156_9_fu_1396_ap_start_reg                   |    1|   0|    1|          0|
    |grp_rm13_w4a8_tile_Pipeline_VITIS_LOOP_171_12_fu_1408_ap_start_reg                                   |    1|   0|    1|          0|
    |grp_rm13_w4a8_tile_Pipeline_VITIS_LOOP_204_14_fu_1421_ap_start_reg                                   |    1|   0|    1|          0|
    |grp_rm13_w4a8_tile_Pipeline_VITIS_LOOP_254_22_fu_1353_ap_start_reg                                   |    1|   0|    1|          0|
    |icmp_ln108_reg_3977                                                                                  |    1|   0|    1|          0|
    |icmp_ln116_1_reg_4086                                                                                |    1|   0|    1|          0|
    |icmp_ln116_reg_4081                                                                                  |    1|   0|    1|          0|
    |icmp_ln155_reg_4149                                                                                  |    1|   0|    1|          0|
    |icmp_ln167_reg_4930                                                                                  |    1|   0|    1|          0|
    |icmp_ln198_1_reg_4966                                                                                |    1|   0|    1|          0|
    |icmp_ln198_reg_4961                                                                                  |    1|   0|    1|          0|
    |icmp_ln30_reg_4076                                                                                   |    1|   0|    1|          0|
    |m_fu_448                                                                                             |   31|   0|   31|          0|
    |mbase_reg_1006                                                                                       |   32|   0|   32|          0|
    |n_1_fu_452                                                                                           |   32|   0|   32|          0|
    |n_fu_456                                                                                             |   31|   0|   31|          0|
    |or_ln116_reg_4091                                                                                    |    1|   0|    1|          0|
    |output_f32_read_reg_3822                                                                             |   64|   0|   64|          0|
    |p_cast84_reg_4282                                                                                    |   30|   0|   62|         32|
    |p_cast85_reg_4295                                                                                    |   29|   0|   62|         33|
    |p_cast88_reg_4308                                                                                    |   29|   0|   62|         33|
    |packed_w4_read_reg_3852                                                                              |   64|   0|   64|          0|
    |packed_x_f32_read_reg_3842                                                                           |   64|   0|   64|          0|
    |reg_1647                                                                                             |   32|   0|   32|          0|
    |reg_1653                                                                                             |   32|   0|   32|          0|
    |reg_1659                                                                                             |   32|   0|   32|          0|
    |reg_1665                                                                                             |   32|   0|   32|          0|
    |reg_1671                                                                                             |   32|   0|   32|          0|
    |reg_1677                                                                                             |   32|   0|   32|          0|
    |reg_1683                                                                                             |   32|   0|   32|          0|
    |reg_1689                                                                                             |   32|   0|   32|          0|
    |reg_1695                                                                                             |   32|   0|   32|          0|
    |reg_1701                                                                                             |   32|   0|   32|          0|
    |reg_1707                                                                                             |   32|   0|   32|          0|
    |reg_1713                                                                                             |   32|   0|   32|          0|
    |reg_1719                                                                                             |   32|   0|   32|          0|
    |reg_1725                                                                                             |   32|   0|   32|          0|
    |reg_1731                                                                                             |   32|   0|   32|          0|
    |reg_1737                                                                                             |   32|   0|   32|          0|
    |retval_13_reg_1297                                                                                   |    4|   0|    4|          0|
    |rev203_reg_4218                                                                                      |    1|   0|    1|          0|
    |rev205_reg_4230                                                                                      |    1|   0|    1|          0|
    |rev_reg_4206                                                                                         |    1|   0|    1|          0|
    |scale_1_reg_4056                                                                                     |   32|   0|   32|          0|
    |scale_reg_4996                                                                                       |   32|   0|   32|          0|
    |select_ln113_reg_3991                                                                                |   31|   0|   31|          0|
    |sext_ln230_1_reg_4136                                                                                |   62|   0|   62|          0|
    |sext_ln230_2_reg_4144                                                                                |   33|   0|   33|          0|
    |sext_ln230_reg_4131                                                                                  |   33|   0|   33|          0|
    |shl_ln4_reg_4925                                                                                     |    6|   0|   13|          7|
    |shl_ln6_reg_4390                                                                                     |    6|   0|   13|          7|
    |slt202_reg_4213                                                                                      |    1|   0|    1|          0|
    |slt204_reg_4225                                                                                      |    1|   0|    1|          0|
    |slt206_reg_4316                                                                                      |    1|   0|    1|          0|
    |slt208_reg_4321                                                                                      |    1|   0|    1|          0|
    |slt210_reg_4326                                                                                      |    1|   0|    1|          0|
    |slt_reg_4201                                                                                         |    1|   0|    1|          0|
    |task_r_read_reg_3816                                                                                 |   32|   0|   32|          0|
    |term_12_reg_4526                                                                                     |   32|   0|   32|          0|
    |term_15_reg_4531                                                                                     |   32|   0|   32|          0|
    |term_18_reg_4536                                                                                     |   32|   0|   32|          0|
    |term_21_reg_4541                                                                                     |   32|   0|   32|          0|
    |term_24_reg_4546                                                                                     |   32|   0|   32|          0|
    |term_27_reg_4551                                                                                     |   32|   0|   32|          0|
    |term_30_reg_4556                                                                                     |   32|   0|   32|          0|
    |term_33_reg_4561                                                                                     |   32|   0|   32|          0|
    |term_36_reg_4566                                                                                     |   32|   0|   32|          0|
    |term_39_reg_4571                                                                                     |   32|   0|   32|          0|
    |term_3_reg_4487                                                                                      |   32|   0|   32|          0|
    |term_42_reg_4576                                                                                     |   32|   0|   32|          0|
    |term_45_reg_4581                                                                                     |   32|   0|   32|          0|
    |term_6_reg_4500                                                                                      |   32|   0|   32|          0|
    |term_9_reg_4513                                                                                      |   32|   0|   32|          0|
    |term_reg_4474                                                                                        |   32|   0|   32|          0|
    |tmp_43_reg_4095                                                                                      |    8|   0|   10|          2|
    |tmp_51_reg_4186                                                                                      |   30|   0|   31|          1|
    |tmp_53_reg_4191                                                                                      |   29|   0|   31|          2|
    |tmp_54_reg_4196                                                                                      |   29|   0|   31|          2|
    |tmp_56_reg_4945                                                                                      |    6|   0|   10|          4|
    |tmp_59_reg_4277                                                                                      |   30|   0|   31|          1|
    |tmp_61_reg_4290                                                                                      |   29|   0|   31|          2|
    |tmp_62_reg_4303                                                                                      |   29|   0|   31|          2|
    |tmp_64_reg_4991                                                                                      |    1|   0|    1|          0|
    |tmp_s_reg_4065                                                                                       |    8|   0|    8|          0|
    |trunc_ln113_1_reg_4006                                                                               |    2|   0|    2|          0|
    |trunc_ln116_reg_4071                                                                                 |   23|   0|   23|          0|
    |trunc_ln164_reg_4911                                                                                 |    2|   0|    2|          0|
    |trunc_ln167_reg_4935                                                                                 |    1|   0|    8|          7|
    |trunc_ln5_reg_4100                                                                                   |   60|   0|   60|          0|
    |trunc_ln6_reg_4165                                                                                   |   59|   0|   59|          0|
    |trunc_ln_reg_4950                                                                                    |    3|   0|    5|          2|
    |valid_k_1_reg_4395                                                                                   |    3|   0|    8|          5|
    |valid_k_reg_4940                                                                                     |    3|   0|    8|          5|
    |weight_scales_read_reg_3847                                                                          |   64|   0|   64|          0|
    |ws_cache_1_load_reg_4492                                                                             |   32|   0|   32|          0|
    |ws_cache_2_load_reg_4505                                                                             |   32|   0|   32|          0|
    |ws_cache_3_load_reg_4518                                                                             |   32|   0|   32|          0|
    |ws_cache_load_reg_4479                                                                               |   32|   0|   32|          0|
    |xs_cache_4_addr_reg_4976                                                                             |    6|   0|    6|          0|
    |xs_cache_4_load_reg_4614                                                                             |   32|   0|   32|          0|
    |xs_cache_5_addr_reg_4981                                                                             |    6|   0|    6|          0|
    |xs_cache_5_load_reg_4622                                                                             |   32|   0|   32|          0|
    |xs_cache_6_addr_reg_4986                                                                             |    6|   0|    6|          0|
    |xs_cache_6_load_reg_4630                                                                             |   32|   0|   32|          0|
    |xs_cache_addr_1_reg_4971                                                                             |    6|   0|    6|          0|
    |xs_cache_load_reg_4606                                                                               |   32|   0|   32|          0|
    |zext_ln121_reg_4016                                                                                  |    4|   0|    8|          4|
    |zext_ln231_1_reg_4264                                                                                |   31|   0|   62|         31|
    |zext_ln265_reg_4272                                                                                  |    4|   0|    8|          4|
    +-----------------------------------------------------------------------------------------------------+-----+----+-----+-----------+
    |Total                                                                                                | 5503|   0| 5697|        194|
    +-----------------------------------------------------------------------------------------------------+-----+----+-----+-----------+



================================================================
== Interface
================================================================
* Summary: 
+------------------------+-----+-----+------------+----------------+--------------+
|        RTL Ports       | Dir | Bits|  Protocol  |  Source Object |    C Type    |
+------------------------+-----+-----+------------+----------------+--------------+
|s_axi_control_AWVALID   |   in|    1|       s_axi|         control|        scalar|
|s_axi_control_AWREADY   |  out|    1|       s_axi|         control|        scalar|
|s_axi_control_AWADDR    |   in|    7|       s_axi|         control|        scalar|
|s_axi_control_WVALID    |   in|    1|       s_axi|         control|        scalar|
|s_axi_control_WREADY    |  out|    1|       s_axi|         control|        scalar|
|s_axi_control_WDATA     |   in|   32|       s_axi|         control|        scalar|
|s_axi_control_WSTRB     |   in|    4|       s_axi|         control|        scalar|
|s_axi_control_ARVALID   |   in|    1|       s_axi|         control|        scalar|
|s_axi_control_ARREADY   |  out|    1|       s_axi|         control|        scalar|
|s_axi_control_ARADDR    |   in|    7|       s_axi|         control|        scalar|
|s_axi_control_RVALID    |  out|    1|       s_axi|         control|        scalar|
|s_axi_control_RREADY    |   in|    1|       s_axi|         control|        scalar|
|s_axi_control_RDATA     |  out|   32|       s_axi|         control|        scalar|
|s_axi_control_RRESP     |  out|    2|       s_axi|         control|        scalar|
|s_axi_control_BVALID    |  out|    1|       s_axi|         control|        scalar|
|s_axi_control_BREADY    |   in|    1|       s_axi|         control|        scalar|
|s_axi_control_BRESP     |  out|    2|       s_axi|         control|        scalar|
|ap_clk                  |   in|    1|  ap_ctrl_hs|  rm13_w4a8_tile|  return value|
|ap_rst_n                |   in|    1|  ap_ctrl_hs|  rm13_w4a8_tile|  return value|
|interrupt               |  out|    1|  ap_ctrl_hs|  rm13_w4a8_tile|  return value|
|m_axi_gmem_w_AWVALID    |  out|    1|       m_axi|          gmem_w|       pointer|
|m_axi_gmem_w_AWREADY    |   in|    1|       m_axi|          gmem_w|       pointer|
|m_axi_gmem_w_AWADDR     |  out|   64|       m_axi|          gmem_w|       pointer|
|m_axi_gmem_w_AWID       |  out|    1|       m_axi|          gmem_w|       pointer|
|m_axi_gmem_w_AWLEN      |  out|    8|       m_axi|          gmem_w|       pointer|
|m_axi_gmem_w_AWSIZE     |  out|    3|       m_axi|          gmem_w|       pointer|
|m_axi_gmem_w_AWBURST    |  out|    2|       m_axi|          gmem_w|       pointer|
|m_axi_gmem_w_AWLOCK     |  out|    2|       m_axi|          gmem_w|       pointer|
|m_axi_gmem_w_AWCACHE    |  out|    4|       m_axi|          gmem_w|       pointer|
|m_axi_gmem_w_AWPROT     |  out|    3|       m_axi|          gmem_w|       pointer|
|m_axi_gmem_w_AWQOS      |  out|    4|       m_axi|          gmem_w|       pointer|
|m_axi_gmem_w_AWREGION   |  out|    4|       m_axi|          gmem_w|       pointer|
|m_axi_gmem_w_AWUSER     |  out|    1|       m_axi|          gmem_w|       pointer|
|m_axi_gmem_w_WVALID     |  out|    1|       m_axi|          gmem_w|       pointer|
|m_axi_gmem_w_WREADY     |   in|    1|       m_axi|          gmem_w|       pointer|
|m_axi_gmem_w_WDATA      |  out|  128|       m_axi|          gmem_w|       pointer|
|m_axi_gmem_w_WSTRB      |  out|   16|       m_axi|          gmem_w|       pointer|
|m_axi_gmem_w_WLAST      |  out|    1|       m_axi|          gmem_w|       pointer|
|m_axi_gmem_w_WID        |  out|    1|       m_axi|          gmem_w|       pointer|
|m_axi_gmem_w_WUSER      |  out|    1|       m_axi|          gmem_w|       pointer|
|m_axi_gmem_w_ARVALID    |  out|    1|       m_axi|          gmem_w|       pointer|
|m_axi_gmem_w_ARREADY    |   in|    1|       m_axi|          gmem_w|       pointer|
|m_axi_gmem_w_ARADDR     |  out|   64|       m_axi|          gmem_w|       pointer|
|m_axi_gmem_w_ARID       |  out|    1|       m_axi|          gmem_w|       pointer|
|m_axi_gmem_w_ARLEN      |  out|    8|       m_axi|          gmem_w|       pointer|
|m_axi_gmem_w_ARSIZE     |  out|    3|       m_axi|          gmem_w|       pointer|
|m_axi_gmem_w_ARBURST    |  out|    2|       m_axi|          gmem_w|       pointer|
|m_axi_gmem_w_ARLOCK     |  out|    2|       m_axi|          gmem_w|       pointer|
|m_axi_gmem_w_ARCACHE    |  out|    4|       m_axi|          gmem_w|       pointer|
|m_axi_gmem_w_ARPROT     |  out|    3|       m_axi|          gmem_w|       pointer|
|m_axi_gmem_w_ARQOS      |  out|    4|       m_axi|          gmem_w|       pointer|
|m_axi_gmem_w_ARREGION   |  out|    4|       m_axi|          gmem_w|       pointer|
|m_axi_gmem_w_ARUSER     |  out|    1|       m_axi|          gmem_w|       pointer|
|m_axi_gmem_w_RVALID     |   in|    1|       m_axi|          gmem_w|       pointer|
|m_axi_gmem_w_RREADY     |  out|    1|       m_axi|          gmem_w|       pointer|
|m_axi_gmem_w_RDATA      |   in|  128|       m_axi|          gmem_w|       pointer|
|m_axi_gmem_w_RLAST      |   in|    1|       m_axi|          gmem_w|       pointer|
|m_axi_gmem_w_RID        |   in|    1|       m_axi|          gmem_w|       pointer|
|m_axi_gmem_w_RUSER      |   in|    1|       m_axi|          gmem_w|       pointer|
|m_axi_gmem_w_RRESP      |   in|    2|       m_axi|          gmem_w|       pointer|
|m_axi_gmem_w_BVALID     |   in|    1|       m_axi|          gmem_w|       pointer|
|m_axi_gmem_w_BREADY     |  out|    1|       m_axi|          gmem_w|       pointer|
|m_axi_gmem_w_BRESP      |   in|    2|       m_axi|          gmem_w|       pointer|
|m_axi_gmem_w_BID        |   in|    1|       m_axi|          gmem_w|       pointer|
|m_axi_gmem_w_BUSER      |   in|    1|       m_axi|          gmem_w|       pointer|
|m_axi_gmem_ws_AWVALID   |  out|    1|       m_axi|         gmem_ws|       pointer|
|m_axi_gmem_ws_AWREADY   |   in|    1|       m_axi|         gmem_ws|       pointer|
|m_axi_gmem_ws_AWADDR    |  out|   64|       m_axi|         gmem_ws|       pointer|
|m_axi_gmem_ws_AWID      |  out|    1|       m_axi|         gmem_ws|       pointer|
|m_axi_gmem_ws_AWLEN     |  out|    8|       m_axi|         gmem_ws|       pointer|
|m_axi_gmem_ws_AWSIZE    |  out|    3|       m_axi|         gmem_ws|       pointer|
|m_axi_gmem_ws_AWBURST   |  out|    2|       m_axi|         gmem_ws|       pointer|
|m_axi_gmem_ws_AWLOCK    |  out|    2|       m_axi|         gmem_ws|       pointer|
|m_axi_gmem_ws_AWCACHE   |  out|    4|       m_axi|         gmem_ws|       pointer|
|m_axi_gmem_ws_AWPROT    |  out|    3|       m_axi|         gmem_ws|       pointer|
|m_axi_gmem_ws_AWQOS     |  out|    4|       m_axi|         gmem_ws|       pointer|
|m_axi_gmem_ws_AWREGION  |  out|    4|       m_axi|         gmem_ws|       pointer|
|m_axi_gmem_ws_AWUSER    |  out|    1|       m_axi|         gmem_ws|       pointer|
|m_axi_gmem_ws_WVALID    |  out|    1|       m_axi|         gmem_ws|       pointer|
|m_axi_gmem_ws_WREADY    |   in|    1|       m_axi|         gmem_ws|       pointer|
|m_axi_gmem_ws_WDATA     |  out|   32|       m_axi|         gmem_ws|       pointer|
|m_axi_gmem_ws_WSTRB     |  out|    4|       m_axi|         gmem_ws|       pointer|
|m_axi_gmem_ws_WLAST     |  out|    1|       m_axi|         gmem_ws|       pointer|
|m_axi_gmem_ws_WID       |  out|    1|       m_axi|         gmem_ws|       pointer|
|m_axi_gmem_ws_WUSER     |  out|    1|       m_axi|         gmem_ws|       pointer|
|m_axi_gmem_ws_ARVALID   |  out|    1|       m_axi|         gmem_ws|       pointer|
|m_axi_gmem_ws_ARREADY   |   in|    1|       m_axi|         gmem_ws|       pointer|
|m_axi_gmem_ws_ARADDR    |  out|   64|       m_axi|         gmem_ws|       pointer|
|m_axi_gmem_ws_ARID      |  out|    1|       m_axi|         gmem_ws|       pointer|
|m_axi_gmem_ws_ARLEN     |  out|    8|       m_axi|         gmem_ws|       pointer|
|m_axi_gmem_ws_ARSIZE    |  out|    3|       m_axi|         gmem_ws|       pointer|
|m_axi_gmem_ws_ARBURST   |  out|    2|       m_axi|         gmem_ws|       pointer|
|m_axi_gmem_ws_ARLOCK    |  out|    2|       m_axi|         gmem_ws|       pointer|
|m_axi_gmem_ws_ARCACHE   |  out|    4|       m_axi|         gmem_ws|       pointer|
|m_axi_gmem_ws_ARPROT    |  out|    3|       m_axi|         gmem_ws|       pointer|
|m_axi_gmem_ws_ARQOS     |  out|    4|       m_axi|         gmem_ws|       pointer|
|m_axi_gmem_ws_ARREGION  |  out|    4|       m_axi|         gmem_ws|       pointer|
|m_axi_gmem_ws_ARUSER    |  out|    1|       m_axi|         gmem_ws|       pointer|
|m_axi_gmem_ws_RVALID    |   in|    1|       m_axi|         gmem_ws|       pointer|
|m_axi_gmem_ws_RREADY    |  out|    1|       m_axi|         gmem_ws|       pointer|
|m_axi_gmem_ws_RDATA     |   in|   32|       m_axi|         gmem_ws|       pointer|
|m_axi_gmem_ws_RLAST     |   in|    1|       m_axi|         gmem_ws|       pointer|
|m_axi_gmem_ws_RID       |   in|    1|       m_axi|         gmem_ws|       pointer|
|m_axi_gmem_ws_RUSER     |   in|    1|       m_axi|         gmem_ws|       pointer|
|m_axi_gmem_ws_RRESP     |   in|    2|       m_axi|         gmem_ws|       pointer|
|m_axi_gmem_ws_BVALID    |   in|    1|       m_axi|         gmem_ws|       pointer|
|m_axi_gmem_ws_BREADY    |  out|    1|       m_axi|         gmem_ws|       pointer|
|m_axi_gmem_ws_BRESP     |   in|    2|       m_axi|         gmem_ws|       pointer|
|m_axi_gmem_ws_BID       |   in|    1|       m_axi|         gmem_ws|       pointer|
|m_axi_gmem_ws_BUSER     |   in|    1|       m_axi|         gmem_ws|       pointer|
|m_axi_gmem_x_AWVALID    |  out|    1|       m_axi|          gmem_x|       pointer|
|m_axi_gmem_x_AWREADY    |   in|    1|       m_axi|          gmem_x|       pointer|
|m_axi_gmem_x_AWADDR     |  out|   64|       m_axi|          gmem_x|       pointer|
|m_axi_gmem_x_AWID       |  out|    1|       m_axi|          gmem_x|       pointer|
|m_axi_gmem_x_AWLEN      |  out|    8|       m_axi|          gmem_x|       pointer|
|m_axi_gmem_x_AWSIZE     |  out|    3|       m_axi|          gmem_x|       pointer|
|m_axi_gmem_x_AWBURST    |  out|    2|       m_axi|          gmem_x|       pointer|
|m_axi_gmem_x_AWLOCK     |  out|    2|       m_axi|          gmem_x|       pointer|
|m_axi_gmem_x_AWCACHE    |  out|    4|       m_axi|          gmem_x|       pointer|
|m_axi_gmem_x_AWPROT     |  out|    3|       m_axi|          gmem_x|       pointer|
|m_axi_gmem_x_AWQOS      |  out|    4|       m_axi|          gmem_x|       pointer|
|m_axi_gmem_x_AWREGION   |  out|    4|       m_axi|          gmem_x|       pointer|
|m_axi_gmem_x_AWUSER     |  out|    1|       m_axi|          gmem_x|       pointer|
|m_axi_gmem_x_WVALID     |  out|    1|       m_axi|          gmem_x|       pointer|
|m_axi_gmem_x_WREADY     |   in|    1|       m_axi|          gmem_x|       pointer|
|m_axi_gmem_x_WDATA      |  out|  256|       m_axi|          gmem_x|       pointer|
|m_axi_gmem_x_WSTRB      |  out|   32|       m_axi|          gmem_x|       pointer|
|m_axi_gmem_x_WLAST      |  out|    1|       m_axi|          gmem_x|       pointer|
|m_axi_gmem_x_WID        |  out|    1|       m_axi|          gmem_x|       pointer|
|m_axi_gmem_x_WUSER      |  out|    1|       m_axi|          gmem_x|       pointer|
|m_axi_gmem_x_ARVALID    |  out|    1|       m_axi|          gmem_x|       pointer|
|m_axi_gmem_x_ARREADY    |   in|    1|       m_axi|          gmem_x|       pointer|
|m_axi_gmem_x_ARADDR     |  out|   64|       m_axi|          gmem_x|       pointer|
|m_axi_gmem_x_ARID       |  out|    1|       m_axi|          gmem_x|       pointer|
|m_axi_gmem_x_ARLEN      |  out|    8|       m_axi|          gmem_x|       pointer|
|m_axi_gmem_x_ARSIZE     |  out|    3|       m_axi|          gmem_x|       pointer|
|m_axi_gmem_x_ARBURST    |  out|    2|       m_axi|          gmem_x|       pointer|
|m_axi_gmem_x_ARLOCK     |  out|    2|       m_axi|          gmem_x|       pointer|
|m_axi_gmem_x_ARCACHE    |  out|    4|       m_axi|          gmem_x|       pointer|
|m_axi_gmem_x_ARPROT     |  out|    3|       m_axi|          gmem_x|       pointer|
|m_axi_gmem_x_ARQOS      |  out|    4|       m_axi|          gmem_x|       pointer|
|m_axi_gmem_x_ARREGION   |  out|    4|       m_axi|          gmem_x|       pointer|
|m_axi_gmem_x_ARUSER     |  out|    1|       m_axi|          gmem_x|       pointer|
|m_axi_gmem_x_RVALID     |   in|    1|       m_axi|          gmem_x|       pointer|
|m_axi_gmem_x_RREADY     |  out|    1|       m_axi|          gmem_x|       pointer|
|m_axi_gmem_x_RDATA      |   in|  256|       m_axi|          gmem_x|       pointer|
|m_axi_gmem_x_RLAST      |   in|    1|       m_axi|          gmem_x|       pointer|
|m_axi_gmem_x_RID        |   in|    1|       m_axi|          gmem_x|       pointer|
|m_axi_gmem_x_RUSER      |   in|    1|       m_axi|          gmem_x|       pointer|
|m_axi_gmem_x_RRESP      |   in|    2|       m_axi|          gmem_x|       pointer|
|m_axi_gmem_x_BVALID     |   in|    1|       m_axi|          gmem_x|       pointer|
|m_axi_gmem_x_BREADY     |  out|    1|       m_axi|          gmem_x|       pointer|
|m_axi_gmem_x_BRESP      |   in|    2|       m_axi|          gmem_x|       pointer|
|m_axi_gmem_x_BID        |   in|    1|       m_axi|          gmem_x|       pointer|
|m_axi_gmem_x_BUSER      |   in|    1|       m_axi|          gmem_x|       pointer|
|m_axi_gmem_y_AWVALID    |  out|    1|       m_axi|          gmem_y|       pointer|
|m_axi_gmem_y_AWREADY    |   in|    1|       m_axi|          gmem_y|       pointer|
|m_axi_gmem_y_AWADDR     |  out|   64|       m_axi|          gmem_y|       pointer|
|m_axi_gmem_y_AWID       |  out|    1|       m_axi|          gmem_y|       pointer|
|m_axi_gmem_y_AWLEN      |  out|    8|       m_axi|          gmem_y|       pointer|
|m_axi_gmem_y_AWSIZE     |  out|    3|       m_axi|          gmem_y|       pointer|
|m_axi_gmem_y_AWBURST    |  out|    2|       m_axi|          gmem_y|       pointer|
|m_axi_gmem_y_AWLOCK     |  out|    2|       m_axi|          gmem_y|       pointer|
|m_axi_gmem_y_AWCACHE    |  out|    4|       m_axi|          gmem_y|       pointer|
|m_axi_gmem_y_AWPROT     |  out|    3|       m_axi|          gmem_y|       pointer|
|m_axi_gmem_y_AWQOS      |  out|    4|       m_axi|          gmem_y|       pointer|
|m_axi_gmem_y_AWREGION   |  out|    4|       m_axi|          gmem_y|       pointer|
|m_axi_gmem_y_AWUSER     |  out|    1|       m_axi|          gmem_y|       pointer|
|m_axi_gmem_y_WVALID     |  out|    1|       m_axi|          gmem_y|       pointer|
|m_axi_gmem_y_WREADY     |   in|    1|       m_axi|          gmem_y|       pointer|
|m_axi_gmem_y_WDATA      |  out|   32|       m_axi|          gmem_y|       pointer|
|m_axi_gmem_y_WSTRB      |  out|    4|       m_axi|          gmem_y|       pointer|
|m_axi_gmem_y_WLAST      |  out|    1|       m_axi|          gmem_y|       pointer|
|m_axi_gmem_y_WID        |  out|    1|       m_axi|          gmem_y|       pointer|
|m_axi_gmem_y_WUSER      |  out|    1|       m_axi|          gmem_y|       pointer|
|m_axi_gmem_y_ARVALID    |  out|    1|       m_axi|          gmem_y|       pointer|
|m_axi_gmem_y_ARREADY    |   in|    1|       m_axi|          gmem_y|       pointer|
|m_axi_gmem_y_ARADDR     |  out|   64|       m_axi|          gmem_y|       pointer|
|m_axi_gmem_y_ARID       |  out|    1|       m_axi|          gmem_y|       pointer|
|m_axi_gmem_y_ARLEN      |  out|    8|       m_axi|          gmem_y|       pointer|
|m_axi_gmem_y_ARSIZE     |  out|    3|       m_axi|          gmem_y|       pointer|
|m_axi_gmem_y_ARBURST    |  out|    2|       m_axi|          gmem_y|       pointer|
|m_axi_gmem_y_ARLOCK     |  out|    2|       m_axi|          gmem_y|       pointer|
|m_axi_gmem_y_ARCACHE    |  out|    4|       m_axi|          gmem_y|       pointer|
|m_axi_gmem_y_ARPROT     |  out|    3|       m_axi|          gmem_y|       pointer|
|m_axi_gmem_y_ARQOS      |  out|    4|       m_axi|          gmem_y|       pointer|
|m_axi_gmem_y_ARREGION   |  out|    4|       m_axi|          gmem_y|       pointer|
|m_axi_gmem_y_ARUSER     |  out|    1|       m_axi|          gmem_y|       pointer|
|m_axi_gmem_y_RVALID     |   in|    1|       m_axi|          gmem_y|       pointer|
|m_axi_gmem_y_RREADY     |  out|    1|       m_axi|          gmem_y|       pointer|
|m_axi_gmem_y_RDATA      |   in|   32|       m_axi|          gmem_y|       pointer|
|m_axi_gmem_y_RLAST      |   in|    1|       m_axi|          gmem_y|       pointer|
|m_axi_gmem_y_RID        |   in|    1|       m_axi|          gmem_y|       pointer|
|m_axi_gmem_y_RUSER      |   in|    1|       m_axi|          gmem_y|       pointer|
|m_axi_gmem_y_RRESP      |   in|    2|       m_axi|          gmem_y|       pointer|
|m_axi_gmem_y_BVALID     |   in|    1|       m_axi|          gmem_y|       pointer|
|m_axi_gmem_y_BREADY     |  out|    1|       m_axi|          gmem_y|       pointer|
|m_axi_gmem_y_BRESP      |   in|    2|       m_axi|          gmem_y|       pointer|
|m_axi_gmem_y_BID        |   in|    1|       m_axi|          gmem_y|       pointer|
|m_axi_gmem_y_BUSER      |   in|    1|       m_axi|          gmem_y|       pointer|
+------------------------+-----+-----+------------+----------------+--------------+

