
****** Vitis HLS - High-Level Synthesis from C, C++ and OpenCL v2024.2 (64-bit)
  **** SW Build 5238294 on Nov  8 2024
  **** IP Build 5239520 on Sun Nov 10 16:12:51 MST 2024
  **** SharedData Build 5239561 on Fri Nov 08 14:39:27 MST 2024
  **** Start of session at: Sat Sep 26 20:42:28 2026
    ** Copyright 1986-2022 Xilinx, Inc. All Rights Reserved.
    ** Copyright 2022-2024 Advanced Micro Devices, Inc. All Rights Reserved.

source /home/zhiro/research/kv260-vlm/tools/Xilinx/Vitis/2024.2/scripts/vitis_hls/hls.tcl -notrace
INFO: [HLS 200-10] For user 'zhiro' on host 'zhiro-ThinkBook-16p-G5-IRX' (Linux_x86_64 version 7.0.0-34-generic) on Sat Sep 26 20:42:29 CST 2026
INFO: [HLS 200-10] On os Ubuntu 24.04.5 LTS
INFO: [HLS 200-10] In directory '/home/zhiro/research/kv260-vlm-workers/RM13-H-integer'
WARNING: [HLS 200-2053] The vitis_hls executable is deprecated. Consider using vitis-run --mode hls --tcl
Sourcing Tcl script '/home/zhiro/research/kv260-vlm-workers/RM13-H-integer/experiments/rm13/hardware/run_hls.tcl'
INFO: [HLS 200-1510] Running: open_project -reset /tmp/rm13-w4a8-k4304-20260926T124227Z-164534/project 
INFO: [HLS 200-10] Creating and opening project '/tmp/rm13-w4a8-k4304-20260926T124227Z-164534/project'.
INFO: [HLS 200-1510] Running: set_top rm13_w4a8_tile 
INFO: [HLS 200-1510] Running: add_files /home/zhiro/research/kv260-vlm-workers/RM13-H-integer/experiments/rm13/hardware/w4a8_tile.cpp -cflags -I/home/zhiro/research/kv260-vlm-workers/RM13-H-integer/experiments/rm13/hardware -DRM13_K=4304 -DRM13_DEBUG_OUTPUTS=0 -ffp-contract=off 
INFO: [HLS 200-10] Adding design file '/home/zhiro/research/kv260-vlm-workers/RM13-H-integer/experiments/rm13/hardware/w4a8_tile.cpp' to the project
INFO: [HLS 200-1510] Running: add_files -tb /home/zhiro/research/kv260-vlm-workers/RM13-H-integer/experiments/rm13/hardware/tb_w4a8_tile.cpp -cflags -I/home/zhiro/research/kv260-vlm-workers/RM13-H-integer/experiments/rm13/hardware -DRM13_K=4304 -DRM13_DEBUG_OUTPUTS=0 -ffp-contract=off 
INFO: [HLS 200-10] Adding test bench file '/home/zhiro/research/kv260-vlm-workers/RM13-H-integer/experiments/rm13/hardware/tb_w4a8_tile.cpp' to the project
INFO: [HLS 200-1510] Running: open_solution -reset solution1 
INFO: [HLS 200-10] Creating and opening solution '/tmp/rm13-w4a8-k4304-20260926T124227Z-164534/project/solution1'.
INFO: [HLS 200-10] Cleaning up the solution database.
INFO: [HLS 200-1505] Using default flow_target 'vivado'
Resolution: For help on HLS 200-1505 see docs.xilinx.com/access/sources/dita/topic?Doc_Version=2024.2%20English&url=ug1448-hls-guidance&resourceid=200-1505.html
INFO: [HLS 200-1510] Running: set_part xck26-sfvc784-2LV-c 
INFO: [HLS 200-1611] Setting target device to 'xck26-sfvc784-2LV-c'
INFO: [HLS 200-1510] Running: create_clock -period 5.0 -name default 
INFO: [SYN 201-201] Setting up clock 'default' with a period of 5ns.
INFO: [HLS 200-1510] Running: config_interface -m_axi_max_widen_bitwidth 512 
INFO: [HLS 200-1510] Running: csynth_design 
INFO: [HLS 200-111] Finished File checks and directory preparation: CPU user time: 0.05 seconds. CPU system time: 0 seconds. Elapsed time: 0.05 seconds; current allocated memory: 309.879 MB.
INFO: [HLS 200-10] Analyzing design file '/home/zhiro/research/kv260-vlm-workers/RM13-H-integer/experiments/rm13/hardware/w4a8_tile.cpp' ... 
INFO: [HLS 200-111] Finished Source Code Analysis and Preprocessing: CPU user time: 1.85 seconds. CPU system time: 0.31 seconds. Elapsed time: 2.16 seconds; current allocated memory: 312.672 MB.
INFO: [HLS 200-777] Using interface defaults for 'Vivado' flow target.
INFO: [HLS 200-1995] There were 3,170 instructions in the design after the 'Compile/Link' phase of compilation. See the Design Size Report for more details: /tmp/rm13-w4a8-k4304-20260926T124227Z-164534/project/solution1/syn/report/csynth_design_size.rpt
INFO: [HLS 200-1995] There were 2,114 instructions in the design after the 'Unroll/Inline (step 1)' phase of compilation. See the Design Size Report for more details: /tmp/rm13-w4a8-k4304-20260926T124227Z-164534/project/solution1/syn/report/csynth_design_size.rpt
INFO: [HLS 200-1995] There were 1,439 instructions in the design after the 'Unroll/Inline (step 2)' phase of compilation. See the Design Size Report for more details: /tmp/rm13-w4a8-k4304-20260926T124227Z-164534/project/solution1/syn/report/csynth_design_size.rpt
INFO: [HLS 200-1995] There were 1,307 instructions in the design after the 'Unroll/Inline (step 3)' phase of compilation. See the Design Size Report for more details: /tmp/rm13-w4a8-k4304-20260926T124227Z-164534/project/solution1/syn/report/csynth_design_size.rpt
INFO: [HLS 200-1995] There were 1,281 instructions in the design after the 'Unroll/Inline (step 4)' phase of compilation. See the Design Size Report for more details: /tmp/rm13-w4a8-k4304-20260926T124227Z-164534/project/solution1/syn/report/csynth_design_size.rpt
INFO: [HLS 200-1995] There were 1,635 instructions in the design after the 'Array/Struct (step 1)' phase of compilation. See the Design Size Report for more details: /tmp/rm13-w4a8-k4304-20260926T124227Z-164534/project/solution1/syn/report/csynth_design_size.rpt
INFO: [HLS 200-1995] There were 1,352 instructions in the design after the 'Array/Struct (step 2)' phase of compilation. See the Design Size Report for more details: /tmp/rm13-w4a8-k4304-20260926T124227Z-164534/project/solution1/syn/report/csynth_design_size.rpt
INFO: [HLS 200-1995] There were 1,352 instructions in the design after the 'Array/Struct (step 3)' phase of compilation. See the Design Size Report for more details: /tmp/rm13-w4a8-k4304-20260926T124227Z-164534/project/solution1/syn/report/csynth_design_size.rpt
INFO: [HLS 200-1995] There were 1,352 instructions in the design after the 'Array/Struct (step 4)' phase of compilation. See the Design Size Report for more details: /tmp/rm13-w4a8-k4304-20260926T124227Z-164534/project/solution1/syn/report/csynth_design_size.rpt
INFO: [HLS 200-1995] There were 1,400 instructions in the design after the 'Array/Struct (step 5)' phase of compilation. See the Design Size Report for more details: /tmp/rm13-w4a8-k4304-20260926T124227Z-164534/project/solution1/syn/report/csynth_design_size.rpt
INFO: [HLS 200-1995] There were 1,397 instructions in the design after the 'Performance (step 1)' phase of compilation. See the Design Size Report for more details: /tmp/rm13-w4a8-k4304-20260926T124227Z-164534/project/solution1/syn/report/csynth_design_size.rpt
INFO: [HLS 200-1995] There were 1,360 instructions in the design after the 'Performance (step 2)' phase of compilation. See the Design Size Report for more details: /tmp/rm13-w4a8-k4304-20260926T124227Z-164534/project/solution1/syn/report/csynth_design_size.rpt
INFO: [HLS 200-1995] There were 1,355 instructions in the design after the 'Performance (step 3)' phase of compilation. See the Design Size Report for more details: /tmp/rm13-w4a8-k4304-20260926T124227Z-164534/project/solution1/syn/report/csynth_design_size.rpt
INFO: [HLS 200-1995] There were 1,355 instructions in the design after the 'Performance (step 4)' phase of compilation. See the Design Size Report for more details: /tmp/rm13-w4a8-k4304-20260926T124227Z-164534/project/solution1/syn/report/csynth_design_size.rpt
INFO: [HLS 200-1995] There were 1,437 instructions in the design after the 'HW Transforms (step 1)' phase of compilation. See the Design Size Report for more details: /tmp/rm13-w4a8-k4304-20260926T124227Z-164534/project/solution1/syn/report/csynth_design_size.rpt
INFO: [HLS 200-1995] There were 1,446 instructions in the design after the 'HW Transforms (step 2)' phase of compilation. See the Design Size Report for more details: /tmp/rm13-w4a8-k4304-20260926T124227Z-164534/project/solution1/syn/report/csynth_design_size.rpt
INFO: [HLS 214-131] Inlining function '(anonymous namespace)::float_bits(float)' into '(anonymous namespace)::is_finite_bits(float)' (/home/zhiro/research/kv260-vlm-workers/RM13-H-integer/experiments/rm13/hardware/w4a8_tile.cpp:30:10)
INFO: [HLS 214-131] Inlining function '(anonymous namespace)::is_finite_bits(float)' into 'rm13_w4a8_tile' (/home/zhiro/research/kv260-vlm-workers/RM13-H-integer/experiments/rm13/hardware/w4a8_tile.cpp:116:18)
INFO: [HLS 214-131] Inlining function '(anonymous namespace)::decode_w4(ap_uint<128>, int)' into 'rm13_w4a8_tile' (/home/zhiro/research/kv260-vlm-workers/RM13-H-integer/experiments/rm13/hardware/w4a8_tile.cpp:266:42)
INFO: [HLS 214-131] Inlining function '(anonymous namespace)::round_ties_to_even(float)' into 'rm13_w4a8_tile' (/home/zhiro/research/kv260-vlm-workers/RM13-H-integer/experiments/rm13/hardware/w4a8_tile.cpp:212:29)
INFO: [HLS 214-131] Inlining function '(anonymous namespace)::bits_float(unsigned int)' into 'rm13_w4a8_tile' (/home/zhiro/research/kv260-vlm-workers/RM13-H-integer/experiments/rm13/hardware/w4a8_tile.cpp:210:41)
INFO: [HLS 214-291] Loop 'VITIS_LOOP_177_13' is marked as complete unroll implied by the pipeline pragma (/home/zhiro/research/kv260-vlm-workers/RM13-H-integer/experiments/rm13/hardware/w4a8_tile.cpp:177:21)
INFO: [HLS 214-291] Loop 'VITIS_LOOP_257_23' is marked as complete unroll implied by the pipeline pragma (/home/zhiro/research/kv260-vlm-workers/RM13-H-integer/experiments/rm13/hardware/w4a8_tile.cpp:257:42)
INFO: [HLS 214-291] Loop 'VITIS_LOOP_259_24' is marked as complete unroll implied by the pipeline pragma (/home/zhiro/research/kv260-vlm-workers/RM13-H-integer/experiments/rm13/hardware/w4a8_tile.cpp:259:21)
INFO: [HLS 214-291] Loop 'VITIS_LOOP_137_7' is marked as complete unroll implied by the pipeline pragma (/home/zhiro/research/kv260-vlm-workers/RM13-H-integer/experiments/rm13/hardware/w4a8_tile.cpp:137:39)
INFO: [HLS 214-186] Unrolling loop 'VITIS_LOOP_177_13' (/home/zhiro/research/kv260-vlm-workers/RM13-H-integer/experiments/rm13/hardware/w4a8_tile.cpp:177:21) in function 'rm13_w4a8_tile' completely with a factor of 8 (/home/zhiro/research/kv260-vlm-workers/RM13-H-integer/experiments/rm13/hardware/w4a8_tile.cpp:62:0)
INFO: [HLS 214-186] Unrolling loop 'VITIS_LOOP_234_17' (/home/zhiro/research/kv260-vlm-workers/RM13-H-integer/experiments/rm13/hardware/w4a8_tile.cpp:234:21) in function 'rm13_w4a8_tile' completely with a factor of 4 (/home/zhiro/research/kv260-vlm-workers/RM13-H-integer/experiments/rm13/hardware/w4a8_tile.cpp:62:0)
INFO: [HLS 214-186] Unrolling loop 'VITIS_LOOP_236_18' (/home/zhiro/research/kv260-vlm-workers/RM13-H-integer/experiments/rm13/hardware/w4a8_tile.cpp:236:21) in function 'rm13_w4a8_tile' completely with a factor of 4 (/home/zhiro/research/kv260-vlm-workers/RM13-H-integer/experiments/rm13/hardware/w4a8_tile.cpp:62:0)
INFO: [HLS 214-186] Unrolling loop 'VITIS_LOOP_247_20' (/home/zhiro/research/kv260-vlm-workers/RM13-H-integer/experiments/rm13/hardware/w4a8_tile.cpp:247:21) in function 'rm13_w4a8_tile' completely with a factor of 4 (/home/zhiro/research/kv260-vlm-workers/RM13-H-integer/experiments/rm13/hardware/w4a8_tile.cpp:62:0)
INFO: [HLS 214-186] Unrolling loop 'VITIS_LOOP_249_21' (/home/zhiro/research/kv260-vlm-workers/RM13-H-integer/experiments/rm13/hardware/w4a8_tile.cpp:249:21) in function 'rm13_w4a8_tile' completely with a factor of 4 (/home/zhiro/research/kv260-vlm-workers/RM13-H-integer/experiments/rm13/hardware/w4a8_tile.cpp:62:0)
INFO: [HLS 214-186] Unrolling loop 'VITIS_LOOP_257_23' (/home/zhiro/research/kv260-vlm-workers/RM13-H-integer/experiments/rm13/hardware/w4a8_tile.cpp:257:42) in function 'rm13_w4a8_tile' completely with a factor of 4 (/home/zhiro/research/kv260-vlm-workers/RM13-H-integer/experiments/rm13/hardware/w4a8_tile.cpp:62:0)
INFO: [HLS 214-186] Unrolling loop 'VITIS_LOOP_259_24' (/home/zhiro/research/kv260-vlm-workers/RM13-H-integer/experiments/rm13/hardware/w4a8_tile.cpp:259:21) in function 'rm13_w4a8_tile' completely with a factor of 4 (/home/zhiro/research/kv260-vlm-workers/RM13-H-integer/experiments/rm13/hardware/w4a8_tile.cpp:62:0)
INFO: [HLS 214-186] Unrolling loop 'VITIS_LOOP_275_25' (/home/zhiro/research/kv260-vlm-workers/RM13-H-integer/experiments/rm13/hardware/w4a8_tile.cpp:275:36) in function 'rm13_w4a8_tile' completely with a factor of 4 (/home/zhiro/research/kv260-vlm-workers/RM13-H-integer/experiments/rm13/hardware/w4a8_tile.cpp:62:0)
INFO: [HLS 214-186] Unrolling loop 'VITIS_LOOP_277_26' (/home/zhiro/research/kv260-vlm-workers/RM13-H-integer/experiments/rm13/hardware/w4a8_tile.cpp:277:21) in function 'rm13_w4a8_tile' completely with a factor of 4 (/home/zhiro/research/kv260-vlm-workers/RM13-H-integer/experiments/rm13/hardware/w4a8_tile.cpp:62:0)
INFO: [HLS 214-186] Unrolling loop 'VITIS_LOOP_294_27' (/home/zhiro/research/kv260-vlm-workers/RM13-H-integer/experiments/rm13/hardware/w4a8_tile.cpp:294:32) in function 'rm13_w4a8_tile' completely with a factor of 4 (/home/zhiro/research/kv260-vlm-workers/RM13-H-integer/experiments/rm13/hardware/w4a8_tile.cpp:62:0)
INFO: [HLS 214-186] Unrolling loop 'VITIS_LOOP_296_28' (/home/zhiro/research/kv260-vlm-workers/RM13-H-integer/experiments/rm13/hardware/w4a8_tile.cpp:296:21) in function 'rm13_w4a8_tile' completely with a factor of 4 (/home/zhiro/research/kv260-vlm-workers/RM13-H-integer/experiments/rm13/hardware/w4a8_tile.cpp:62:0)
INFO: [HLS 214-186] Unrolling loop 'VITIS_LOOP_137_7' (/home/zhiro/research/kv260-vlm-workers/RM13-H-integer/experiments/rm13/hardware/w4a8_tile.cpp:137:39) in function 'rm13_w4a8_tile' completely with a factor of 32 (/home/zhiro/research/kv260-vlm-workers/RM13-H-integer/experiments/rm13/hardware/w4a8_tile.cpp:62:0)
INFO: [HLS 214-178] Inlining function 'fp_struct<float>::fp_struct(float)' into 'int generic_cast_IEEE754<int, (ap_q_mode)6, float>(float, bool, hls::enable_if<std::numeric_limits<int>::is_signed, bool>::type)' (/wrk/ci/prod/2024.2/hls_product/continuous/495/2024.2/src/shared/hls/clib/hlsmath/include/FloatingPoint/hls_case_IEEE754.h:12:0)
INFO: [HLS 214-178] Inlining function 'fp_struct<float>::mantissa() const' into 'int generic_cast_IEEE754<int, (ap_q_mode)6, float>(float, bool, hls::enable_if<std::numeric_limits<int>::is_signed, bool>::type)' (/wrk/ci/prod/2024.2/hls_product/continuous/495/2024.2/src/shared/hls/clib/hlsmath/include/FloatingPoint/hls_case_IEEE754.h:12:0)
INFO: [HLS 214-178] Inlining function 'fp_struct<float>::expv() const' into 'int generic_cast_IEEE754<int, (ap_q_mode)6, float>(float, bool, hls::enable_if<std::numeric_limits<int>::is_signed, bool>::type)' (/wrk/ci/prod/2024.2/hls_product/continuous/495/2024.2/src/shared/hls/clib/hlsmath/include/FloatingPoint/hls_case_IEEE754.h:12:0)
INFO: [HLS 214-178] Inlining function 'fp_struct<float>::__signbit() const' into 'int generic_cast_IEEE754<int, (ap_q_mode)6, float>(float, bool, hls::enable_if<std::numeric_limits<int>::is_signed, bool>::type)' (/wrk/ci/prod/2024.2/hls_product/continuous/495/2024.2/src/shared/hls/clib/hlsmath/include/FloatingPoint/hls_case_IEEE754.h:12:0)
INFO: [HLS 214-178] Inlining function 'int generic_cast_IEEE754<int, (ap_q_mode)6, float>(float, bool, hls::enable_if<std::numeric_limits<int>::is_signed, bool>::type)' into 'int generic_cast_IEEE754<int, float>(float, bool)' (/wrk/ci/prod/2024.2/hls_product/continuous/495/2024.2/src/shared/hls/clib/hlsmath/include/FloatingPoint/hls_case_IEEE754.h:116:0)
INFO: [HLS 214-178] Inlining function 'int generic_cast_IEEE754<int, float>(float, bool)' into '__hls_fptosi_float_i32' (/wrk/ci/prod/2024.2/hls_product/continuous/495/2024.2/src/shared/hls/clib/hlsmath/src/lib_floatconversion.cpp:51:0)
INFO: [HLS 214-178] Inlining function '__hls_fptosi_float_i32' into 'rm13_w4a8_tile' (/home/zhiro/research/kv260-vlm-workers/RM13-H-integer/experiments/rm13/hardware/w4a8_tile.cpp:62:0)
INFO: [HLS 214-248] Applying array_partition to '_ZZ14rm13_w4a8_tileE8xs_cache': Complete partitioning on dimension 1. (/home/zhiro/research/kv260-vlm-workers/RM13-H-integer/experiments/rm13/hardware/w4a8_tile.cpp:94:0)
INFO: [HLS 214-248] Applying array_partition to '_ZZ14rm13_w4a8_tileE7x_cache': Complete partitioning on dimension 1. (/home/zhiro/research/kv260-vlm-workers/RM13-H-integer/experiments/rm13/hardware/w4a8_tile.cpp:93:0)
INFO: [HLS 214-248] Applying array_partition to 'w_cache': Cyclic partitioning with factor 4 on dimension 1. (/home/zhiro/research/kv260-vlm-workers/RM13-H-integer/experiments/rm13/hardware/w4a8_tile.cpp:90:18)
INFO: [HLS 214-248] Applying array_partition to 'ws_cache': Cyclic partitioning with factor 4 on dimension 1. (/home/zhiro/research/kv260-vlm-workers/RM13-H-integer/experiments/rm13/hardware/w4a8_tile.cpp:91:11)
INFO: [HLS 214-248] Applying array_partition to 'x_word_cache': Complete partitioning on dimension 1. (/home/zhiro/research/kv260-vlm-workers/RM13-H-integer/experiments/rm13/hardware/w4a8_tile.cpp:92:18)
INFO: [HLS 214-437] Automatically disabling loop flattening for loop 'VITIS_LOOP_241_19'. (/home/zhiro/research/kv260-vlm-workers/RM13-H-integer/experiments/rm13/hardware/w4a8_tile.cpp:241:32)
INFO: [HLS 214-115] Multiple burst reads of length 4 and bit width 128 in loop 'VITIS_LOOP_119_3'(/home/zhiro/research/kv260-vlm-workers/RM13-H-integer/experiments/rm13/hardware/w4a8_tile.cpp:119:31) has been inferred on bundle 'gmem_w'. These burst requests might be further partitioned into multiple requests during RTL generation, based on max_read_burst_length or max_write_burst_length settings. (/home/zhiro/research/kv260-vlm-workers/RM13-H-integer/experiments/rm13/hardware/w4a8_tile.cpp:119:31)
INFO: [HLS 214-115] Multiple burst reads of variable length and bit width 256 has been inferred on bundle 'gmem_x'. These burst requests might be further partitioned into multiple requests during RTL generation, based on max_read_burst_length or max_write_burst_length settings. (/home/zhiro/research/kv260-vlm-workers/RM13-H-integer/experiments/rm13/hardware/w4a8_tile.cpp:155:23)
INFO: [HLS 200-111] Finished Compiling Optimization and Transform: CPU user time: 2.59 seconds. CPU system time: 0.32 seconds. Elapsed time: 7.09 seconds; current allocated memory: 323.211 MB.
INFO: [HLS 200-111] Finished Checking Pragmas: CPU user time: 0 seconds. CPU system time: 0 seconds. Elapsed time: 0 seconds; current allocated memory: 323.211 MB.
INFO: [HLS 200-10] Starting code transformations ...
INFO: [HLS 200-111] Finished Standard Transforms: CPU user time: 0.07 seconds. CPU system time: 0 seconds. Elapsed time: 0.08 seconds; current allocated memory: 327.574 MB.
INFO: [HLS 200-10] Checking synthesizability ...
WARNING: [SYNCHK 200-23] /home/zhiro/research/kv260-vlm-workers/RM13-H-integer/experiments/rm13/hardware/w4a8_tile.cpp:209: variable-indexed range selection may cause suboptimal QoR.
INFO: [SYNCHK 200-10] 0 error(s), 1 warning(s).
INFO: [HLS 200-111] Finished Checking Synthesizability: CPU user time: 0.08 seconds. CPU system time: 0 seconds. Elapsed time: 0.07 seconds; current allocated memory: 328.777 MB.
INFO: [XFORM 203-401] Performing if-conversion on hyperblock from (/home/zhiro/research/kv260-vlm-workers/RM13-H-integer/experiments/rm13/hardware/w4a8_tile.cpp:134:9) to (/home/zhiro/research/kv260-vlm-workers/RM13-H-integer/experiments/rm13/hardware/w4a8_tile.cpp:133:31) in function 'rm13_w4a8_tile'... converting 64 basic blocks.
INFO: [XFORM 203-401] Performing if-conversion on hyperblock from (/home/zhiro/research/kv260-vlm-workers/RM13-H-integer/experiments/rm13/hardware/w4a8_tile.cpp:172:9) to (/home/zhiro/research/kv260-vlm-workers/RM13-H-integer/experiments/rm13/hardware/w4a8_tile.cpp:171:32) in function 'rm13_w4a8_tile'... converting 3 basic blocks.
INFO: [XFORM 203-401] Performing if-conversion on hyperblock from (/home/zhiro/research/kv260-vlm-workers/RM13-H-integer/experiments/rm13/hardware/w4a8_tile.cpp:207:72) to (/home/zhiro/research/kv260-vlm-workers/RM13-H-integer/experiments/rm13/hardware/w4a8_tile.cpp:215:44) in function 'rm13_w4a8_tile'... converting 4 basic blocks.
INFO: [XFORM 203-401] Performing if-conversion on hyperblock from (/home/zhiro/research/kv260-vlm-workers/RM13-H-integer/experiments/rm13/hardware/w4a8_tile.cpp:255:9) to (/home/zhiro/research/kv260-vlm-workers/RM13-H-integer/experiments/rm13/hardware/w4a8_tile.cpp:254:36) in function 'rm13_w4a8_tile'... converting 51 basic blocks.
INFO: [XFORM 203-401] Performing if-conversion on hyperblock to (/home/zhiro/research/kv260-vlm-workers/RM13-H-integer/experiments/rm13/hardware/w4a8_tile.cpp:241:32) in function 'rm13_w4a8_tile'... converting 31 basic blocks.
INFO: [HLS 200-111] Finished Loop, function and other optimizations: CPU user time: 0.37 seconds. CPU system time: 0.01 seconds. Elapsed time: 0.37 seconds; current allocated memory: 359.906 MB.
INFO: [HLS 200-2061] Successfully converted nested loops 'VITIS_LOOP_129_5'(/home/zhiro/research/kv260-vlm-workers/RM13-H-integer/experiments/rm13/hardware/w4a8_tile.cpp:129:27) and 'VITIS_LOOP_133_6'(/home/zhiro/research/kv260-vlm-workers/RM13-H-integer/experiments/rm13/hardware/w4a8_tile.cpp:133:31) in function 'rm13_w4a8_tile' into perfectly nested loops.
INFO: [HLS 200-2061] Successfully converted nested loops 'VITIS_LOOP_128_4'(/home/zhiro/research/kv260-vlm-workers/RM13-H-integer/experiments/rm13/hardware/w4a8_tile.cpp:128:23) and 'VITIS_LOOP_129_5'(/home/zhiro/research/kv260-vlm-workers/RM13-H-integer/experiments/rm13/hardware/w4a8_tile.cpp:129:27) in function 'rm13_w4a8_tile' into perfectly nested loops.
INFO: [HLS 200-2061] Successfully converted nested loops 'VITIS_LOOP_155_8'(/home/zhiro/research/kv260-vlm-workers/RM13-H-integer/experiments/rm13/hardware/w4a8_tile.cpp:155:23) and 'VITIS_LOOP_156_9'(/home/zhiro/research/kv260-vlm-workers/RM13-H-integer/experiments/rm13/hardware/w4a8_tile.cpp:156:27) in function 'rm13_w4a8_tile' into perfectly nested loops.
WARNING: [HLS 200-960] Cannot flatten loop 'VITIS_LOOP_114_2' (/home/zhiro/research/kv260-vlm-workers/RM13-H-integer/experiments/rm13/hardware/w4a8_tile.cpp:114:27) in function 'rm13_w4a8_tile' the outer loop is not a perfect loop because there is nontrivial logic before entering the inner loop.
Resolution: For help on HLS 200-960 see docs.xilinx.com/access/sources/dita/topic?Doc_Version=2024.2%20English&url=ug1448-hls-guidance&resourceid=200-960.html
INFO: [XFORM 203-541] Flattening a loop nest 'VITIS_LOOP_129_5' (/home/zhiro/research/kv260-vlm-workers/RM13-H-integer/experiments/rm13/hardware/w4a8_tile.cpp:129:27) in function 'rm13_w4a8_tile'.
INFO: [XFORM 203-541] Flattening a loop nest 'VITIS_LOOP_128_4' (/home/zhiro/research/kv260-vlm-workers/RM13-H-integer/experiments/rm13/hardware/w4a8_tile.cpp:128:23) in function 'rm13_w4a8_tile'.
INFO: [XFORM 203-541] Flattening a loop nest 'VITIS_LOOP_155_8' (/home/zhiro/research/kv260-vlm-workers/RM13-H-integer/experiments/rm13/hardware/w4a8_tile.cpp:155:23) in function 'rm13_w4a8_tile'.
INFO: [HLS 200-111] Finished Architecture Synthesis: CPU user time: 0.48 seconds. CPU system time: 0.02 seconds. Elapsed time: 0.5 seconds; current allocated memory: 409.410 MB.
INFO: [HLS 200-10] Starting hardware synthesis ...
INFO: [HLS 200-10] Synthesizing 'rm13_w4a8_tile' ...
INFO: [HLS 200-10] ----------------------------------------------------------------
INFO: [HLS 200-42] -- Implementing module 'rm13_w4a8_tile_Pipeline_VITIS_LOOP_119_3' 
INFO: [HLS 200-10] ----------------------------------------------------------------
INFO: [SCHED 204-11] Starting scheduling ...
WARNING: [HLS 200-2042] Usage of URAM can potentially cause worse II as Vitis HLS does not exploit read-first mode for URAMs. Consider using BRAMs instead.
WARNING: [HLS 200-2042] Usage of URAM can potentially cause worse II as Vitis HLS does not exploit read-first mode for URAMs. Consider using BRAMs instead.
WARNING: [HLS 200-2042] Usage of URAM can potentially cause worse II as Vitis HLS does not exploit read-first mode for URAMs. Consider using BRAMs instead.
WARNING: [HLS 200-2042] Usage of URAM can potentially cause worse II as Vitis HLS does not exploit read-first mode for URAMs. Consider using BRAMs instead.
INFO: [SCHED 204-61] Pipelining loop 'VITIS_LOOP_119_3'.
INFO: [HLS 200-1470] Pipelining result : Target II = 1, Final II = 1, Depth = 3, loop 'VITIS_LOOP_119_3'
INFO: [SCHED 204-11] Finished scheduling.
INFO: [HLS 200-111] Finished Scheduling: CPU user time: 0.06 seconds. CPU system time: 0.03 seconds. Elapsed time: 0.08 seconds; current allocated memory: 409.410 MB.
INFO: [BIND 205-100] Starting micro-architecture generation ...
INFO: [BIND 205-101] Performing variable lifetime analysis.
INFO: [BIND 205-101] Exploring resource sharing.
INFO: [BIND 205-101] Binding ...
INFO: [BIND 205-100] Finished micro-architecture generation.
INFO: [HLS 200-111] Finished Binding: CPU user time: 0.01 seconds. CPU system time: 0 seconds. Elapsed time: 0.02 seconds; current allocated memory: 409.410 MB.
INFO: [HLS 200-10] ----------------------------------------------------------------
INFO: [HLS 200-42] -- Implementing module 'rm13_w4a8_tile_Pipeline_VITIS_LOOP_128_4_VITIS_LOOP_129_5_VITIS_LOOP_133_6' 
INFO: [HLS 200-10] ----------------------------------------------------------------
INFO: [SCHED 204-11] Starting scheduling ...
WARNING: [HLS 200-2042] Usage of URAM can potentially cause worse II as Vitis HLS does not exploit read-first mode for URAMs. Consider using BRAMs instead.
WARNING: [HLS 200-2042] Usage of URAM can potentially cause worse II as Vitis HLS does not exploit read-first mode for URAMs. Consider using BRAMs instead.
WARNING: [HLS 200-2042] Usage of URAM can potentially cause worse II as Vitis HLS does not exploit read-first mode for URAMs. Consider using BRAMs instead.
WARNING: [HLS 200-2042] Usage of URAM can potentially cause worse II as Vitis HLS does not exploit read-first mode for URAMs. Consider using BRAMs instead.
INFO: [SCHED 204-61] Pipelining loop 'VITIS_LOOP_128_4_VITIS_LOOP_129_5_VITIS_LOOP_133_6'.
INFO: [HLS 200-1470] Pipelining result : Target II = 1, Final II = 1, Depth = 4, loop 'VITIS_LOOP_128_4_VITIS_LOOP_129_5_VITIS_LOOP_133_6'
WARNING: [HLS 200-871] Estimated clock period (15.222 ns) exceeds the target (target clock period: 5.000 ns, clock uncertainty: 1.350 ns, effective delay budget: 3.650 ns).
Resolution: For help on HLS 200-871 see docs.xilinx.com/access/sources/dita/topic?Doc_Version=2024.2%20English&url=ug1448-hls-guidance&resourceid=200-871.html
WARNING: [HLS 200-1016] The critical path in module 'rm13_w4a8_tile_Pipeline_VITIS_LOOP_128_4_VITIS_LOOP_129_5_VITIS_LOOP_133_6' consists of the following:
	'load' operation 32 bit ('reserved_code_seen_1_load_1') on local variable 'reserved_code_seen', /home/zhiro/research/kv260-vlm-workers/RM13-H-integer/experiments/rm13/hardware/w4a8_tile.cpp:127 [32]  (0.000 ns)
	'select' operation 32 bit ('reserved_code_seen', /home/zhiro/research/kv260-vlm-workers/RM13-H-integer/experiments/rm13/hardware/w4a8_tile.cpp:140) [81]  (0.449 ns)
	'select' operation 32 bit ('reserved_code_seen', /home/zhiro/research/kv260-vlm-workers/RM13-H-integer/experiments/rm13/hardware/w4a8_tile.cpp:140) [88]  (0.449 ns)
	'select' operation 32 bit ('reserved_code_seen', /home/zhiro/research/kv260-vlm-workers/RM13-H-integer/experiments/rm13/hardware/w4a8_tile.cpp:140) [95]  (0.449 ns)
	'select' operation 32 bit ('reserved_code_seen', /home/zhiro/research/kv260-vlm-workers/RM13-H-integer/experiments/rm13/hardware/w4a8_tile.cpp:140) [102]  (0.449 ns)
	'select' operation 32 bit ('reserved_code_seen', /home/zhiro/research/kv260-vlm-workers/RM13-H-integer/experiments/rm13/hardware/w4a8_tile.cpp:140) [109]  (0.449 ns)
	'select' operation 32 bit ('reserved_code_seen', /home/zhiro/research/kv260-vlm-workers/RM13-H-integer/experiments/rm13/hardware/w4a8_tile.cpp:140) [116]  (0.449 ns)
	'select' operation 32 bit ('reserved_code_seen', /home/zhiro/research/kv260-vlm-workers/RM13-H-integer/experiments/rm13/hardware/w4a8_tile.cpp:140) [123]  (0.449 ns)
	'select' operation 32 bit ('reserved_code_seen', /home/zhiro/research/kv260-vlm-workers/RM13-H-integer/experiments/rm13/hardware/w4a8_tile.cpp:140) [130]  (0.449 ns)
	'select' operation 32 bit ('reserved_code_seen', /home/zhiro/research/kv260-vlm-workers/RM13-H-integer/experiments/rm13/hardware/w4a8_tile.cpp:140) [137]  (0.449 ns)
	'select' operation 32 bit ('reserved_code_seen', /home/zhiro/research/kv260-vlm-workers/RM13-H-integer/experiments/rm13/hardware/w4a8_tile.cpp:140) [144]  (0.449 ns)
	'select' operation 32 bit ('reserved_code_seen', /home/zhiro/research/kv260-vlm-workers/RM13-H-integer/experiments/rm13/hardware/w4a8_tile.cpp:140) [151]  (0.449 ns)
	'select' operation 32 bit ('reserved_code_seen', /home/zhiro/research/kv260-vlm-workers/RM13-H-integer/experiments/rm13/hardware/w4a8_tile.cpp:140) [158]  (0.449 ns)
	'select' operation 32 bit ('reserved_code_seen', /home/zhiro/research/kv260-vlm-workers/RM13-H-integer/experiments/rm13/hardware/w4a8_tile.cpp:140) [165]  (0.449 ns)
	'select' operation 32 bit ('reserved_code_seen', /home/zhiro/research/kv260-vlm-workers/RM13-H-integer/experiments/rm13/hardware/w4a8_tile.cpp:140) [172]  (0.449 ns)
	'select' operation 32 bit ('reserved_code_seen', /home/zhiro/research/kv260-vlm-workers/RM13-H-integer/experiments/rm13/hardware/w4a8_tile.cpp:140) [179]  (0.449 ns)
	'select' operation 32 bit ('reserved_code_seen', /home/zhiro/research/kv260-vlm-workers/RM13-H-integer/experiments/rm13/hardware/w4a8_tile.cpp:140) [186]  (0.449 ns)
	'select' operation 32 bit ('reserved_code_seen', /home/zhiro/research/kv260-vlm-workers/RM13-H-integer/experiments/rm13/hardware/w4a8_tile.cpp:140) [193]  (0.449 ns)
	'select' operation 32 bit ('reserved_code_seen', /home/zhiro/research/kv260-vlm-workers/RM13-H-integer/experiments/rm13/hardware/w4a8_tile.cpp:140) [200]  (0.449 ns)
	'select' operation 32 bit ('reserved_code_seen', /home/zhiro/research/kv260-vlm-workers/RM13-H-integer/experiments/rm13/hardware/w4a8_tile.cpp:140) [207]  (0.449 ns)
	'select' operation 32 bit ('reserved_code_seen', /home/zhiro/research/kv260-vlm-workers/RM13-H-integer/experiments/rm13/hardware/w4a8_tile.cpp:140) [214]  (0.449 ns)
	'select' operation 32 bit ('reserved_code_seen', /home/zhiro/research/kv260-vlm-workers/RM13-H-integer/experiments/rm13/hardware/w4a8_tile.cpp:140) [221]  (0.449 ns)
	'select' operation 32 bit ('reserved_code_seen', /home/zhiro/research/kv260-vlm-workers/RM13-H-integer/experiments/rm13/hardware/w4a8_tile.cpp:140) [228]  (0.449 ns)
	'select' operation 32 bit ('reserved_code_seen', /home/zhiro/research/kv260-vlm-workers/RM13-H-integer/experiments/rm13/hardware/w4a8_tile.cpp:140) [235]  (0.449 ns)
	'select' operation 32 bit ('reserved_code_seen', /home/zhiro/research/kv260-vlm-workers/RM13-H-integer/experiments/rm13/hardware/w4a8_tile.cpp:140) [242]  (0.449 ns)
	'select' operation 32 bit ('reserved_code_seen', /home/zhiro/research/kv260-vlm-workers/RM13-H-integer/experiments/rm13/hardware/w4a8_tile.cpp:140) [249]  (0.449 ns)
	'select' operation 32 bit ('reserved_code_seen', /home/zhiro/research/kv260-vlm-workers/RM13-H-integer/experiments/rm13/hardware/w4a8_tile.cpp:140) [256]  (0.449 ns)
	'select' operation 32 bit ('reserved_code_seen', /home/zhiro/research/kv260-vlm-workers/RM13-H-integer/experiments/rm13/hardware/w4a8_tile.cpp:140) [263]  (0.449 ns)
	'select' operation 32 bit ('reserved_code_seen', /home/zhiro/research/kv260-vlm-workers/RM13-H-integer/experiments/rm13/hardware/w4a8_tile.cpp:140) [270]  (0.449 ns)
	'select' operation 32 bit ('reserved_code_seen', /home/zhiro/research/kv260-vlm-workers/RM13-H-integer/experiments/rm13/hardware/w4a8_tile.cpp:140) [277]  (0.449 ns)
	'select' operation 32 bit ('reserved_code_seen', /home/zhiro/research/kv260-vlm-workers/RM13-H-integer/experiments/rm13/hardware/w4a8_tile.cpp:140) [284]  (0.449 ns)
	'select' operation 32 bit ('reserved_code_seen', /home/zhiro/research/kv260-vlm-workers/RM13-H-integer/experiments/rm13/hardware/w4a8_tile.cpp:140) [291]  (0.449 ns)
	'select' operation 32 bit ('select_ln140_30', /home/zhiro/research/kv260-vlm-workers/RM13-H-integer/experiments/rm13/hardware/w4a8_tile.cpp:140) [297]  (0.449 ns)
	'sparsemux' operation 32 bit ('reserved_code_seen', /home/zhiro/research/kv260-vlm-workers/RM13-H-integer/experiments/rm13/hardware/w4a8_tile.cpp:140) [301]  (0.427 ns)
	'store' operation 0 bit ('reserved_code_seen_1_write_ln127', /home/zhiro/research/kv260-vlm-workers/RM13-H-integer/experiments/rm13/hardware/w4a8_tile.cpp:127) of variable 'reserved_code_seen', /home/zhiro/research/kv260-vlm-workers/RM13-H-integer/experiments/rm13/hardware/w4a8_tile.cpp:140 on local variable 'reserved_code_seen', /home/zhiro/research/kv260-vlm-workers/RM13-H-integer/experiments/rm13/hardware/w4a8_tile.cpp:127 [310]  (0.427 ns)

Resolution: For help on HLS 200-1016 see docs.xilinx.com/access/sources/dita/topic?Doc_Version=2024.2%20English&url=ug1448-hls-guidance&resourceid=200-1016.html
INFO: [SCHED 204-11] Finished scheduling.
INFO: [HLS 200-111] Finished Scheduling: CPU user time: 0.39 seconds. CPU system time: 0 seconds. Elapsed time: 0.4 seconds; current allocated memory: 412.773 MB.
INFO: [BIND 205-100] Starting micro-architecture generation ...
INFO: [BIND 205-101] Performing variable lifetime analysis.
INFO: [BIND 205-101] Exploring resource sharing.
INFO: [BIND 205-101] Binding ...
INFO: [BIND 205-100] Finished micro-architecture generation.
INFO: [HLS 200-111] Finished Binding: CPU user time: 0.03 seconds. CPU system time: 0 seconds. Elapsed time: 0.03 seconds; current allocated memory: 412.773 MB.
INFO: [HLS 200-10] ----------------------------------------------------------------
INFO: [HLS 200-42] -- Implementing module 'rm13_w4a8_tile_Pipeline_VITIS_LOOP_254_22' 
INFO: [HLS 200-10] ----------------------------------------------------------------
INFO: [SCHED 204-11] Starting scheduling ...
INFO: [HLS 200-486] Changing DSP latency (root=add_ln270_15) to 3 in order to utilize available DSP registers.
INFO: [HLS 200-486] Changing DSP latency (root=add_ln270_14) to 3 in order to utilize available DSP registers.
INFO: [HLS 200-486] Changing DSP latency (root=add_ln270_13) to 3 in order to utilize available DSP registers.
INFO: [HLS 200-486] Changing DSP latency (root=add_ln270_12) to 3 in order to utilize available DSP registers.
INFO: [HLS 200-486] Changing DSP latency (root=add_ln270_11) to 3 in order to utilize available DSP registers.
INFO: [HLS 200-486] Changing DSP latency (root=add_ln270_10) to 3 in order to utilize available DSP registers.
INFO: [HLS 200-486] Changing DSP latency (root=add_ln270_9) to 3 in order to utilize available DSP registers.
INFO: [HLS 200-486] Changing DSP latency (root=add_ln270_8) to 3 in order to utilize available DSP registers.
INFO: [HLS 200-486] Changing DSP latency (root=add_ln270_7) to 3 in order to utilize available DSP registers.
INFO: [HLS 200-486] Changing DSP latency (root=add_ln270_6) to 3 in order to utilize available DSP registers.
INFO: [HLS 200-486] Changing DSP latency (root=add_ln270_5) to 3 in order to utilize available DSP registers.
INFO: [HLS 200-486] Changing DSP latency (root=add_ln270_4) to 3 in order to utilize available DSP registers.
INFO: [HLS 200-486] Changing DSP latency (root=add_ln270_3) to 3 in order to utilize available DSP registers.
INFO: [HLS 200-486] Changing DSP latency (root=add_ln270_2) to 3 in order to utilize available DSP registers.
INFO: [HLS 200-486] Changing DSP latency (root=add_ln270_1) to 3 in order to utilize available DSP registers.
INFO: [HLS 200-486] Changing DSP latency (root=add_ln270) to 3 in order to utilize available DSP registers.
WARNING: [HLS 200-2042] Usage of URAM can potentially cause worse II as Vitis HLS does not exploit read-first mode for URAMs. Consider using BRAMs instead.
WARNING: [HLS 200-2042] Usage of URAM can potentially cause worse II as Vitis HLS does not exploit read-first mode for URAMs. Consider using BRAMs instead.
WARNING: [HLS 200-2042] Usage of URAM can potentially cause worse II as Vitis HLS does not exploit read-first mode for URAMs. Consider using BRAMs instead.
WARNING: [HLS 200-2042] Usage of URAM can potentially cause worse II as Vitis HLS does not exploit read-first mode for URAMs. Consider using BRAMs instead.
WARNING: [HLS 200-2042] Usage of URAM can potentially cause worse II as Vitis HLS does not exploit read-first mode for URAMs. Consider using BRAMs instead.
WARNING: [HLS 200-2042] Usage of URAM can potentially cause worse II as Vitis HLS does not exploit read-first mode for URAMs. Consider using BRAMs instead.
WARNING: [HLS 200-2042] Usage of URAM can potentially cause worse II as Vitis HLS does not exploit read-first mode for URAMs. Consider using BRAMs instead.
WARNING: [HLS 200-2042] Usage of URAM can potentially cause worse II as Vitis HLS does not exploit read-first mode for URAMs. Consider using BRAMs instead.
INFO: [SCHED 204-61] Pipelining loop 'VITIS_LOOP_254_22'.
INFO: [HLS 200-1470] Pipelining result : Target II = 1, Final II = 1, Depth = 5, loop 'VITIS_LOOP_254_22'
INFO: [SCHED 204-11] Finished scheduling.
INFO: [HLS 200-111] Finished Scheduling: CPU user time: 0.13 seconds. CPU system time: 0 seconds. Elapsed time: 0.13 seconds; current allocated memory: 413.098 MB.
INFO: [BIND 205-100] Starting micro-architecture generation ...
INFO: [BIND 205-101] Performing variable lifetime analysis.
INFO: [BIND 205-101] Exploring resource sharing.
INFO: [BIND 205-101] Binding ...
INFO: [BIND 205-100] Finished micro-architecture generation.
INFO: [HLS 200-111] Finished Binding: CPU user time: 0.03 seconds. CPU system time: 0.01 seconds. Elapsed time: 0.03 seconds; current allocated memory: 413.098 MB.
INFO: [HLS 200-10] ----------------------------------------------------------------
INFO: [HLS 200-42] -- Implementing module 'rm13_w4a8_tile_Pipeline_VITIS_LOOP_155_8_VITIS_LOOP_156_9' 
INFO: [HLS 200-10] ----------------------------------------------------------------
INFO: [SCHED 204-11] Starting scheduling ...
WARNING: [HLS 200-2042] Usage of URAM can potentially cause worse II as Vitis HLS does not exploit read-first mode for URAMs. Consider using BRAMs instead.
WARNING: [HLS 200-2042] Usage of URAM can potentially cause worse II as Vitis HLS does not exploit read-first mode for URAMs. Consider using BRAMs instead.
WARNING: [HLS 200-2042] Usage of URAM can potentially cause worse II as Vitis HLS does not exploit read-first mode for URAMs. Consider using BRAMs instead.
WARNING: [HLS 200-2042] Usage of URAM can potentially cause worse II as Vitis HLS does not exploit read-first mode for URAMs. Consider using BRAMs instead.
INFO: [SCHED 204-61] Pipelining loop 'VITIS_LOOP_155_8_VITIS_LOOP_156_9'.
INFO: [HLS 200-1470] Pipelining result : Target II = 1, Final II = 1, Depth = 4, loop 'VITIS_LOOP_155_8_VITIS_LOOP_156_9'
INFO: [SCHED 204-11] Finished scheduling.
INFO: [HLS 200-111] Finished Scheduling: CPU user time: 0.05 seconds. CPU system time: 0 seconds. Elapsed time: 0.05 seconds; current allocated memory: 413.340 MB.
INFO: [BIND 205-100] Starting micro-architecture generation ...
INFO: [BIND 205-101] Performing variable lifetime analysis.
INFO: [BIND 205-101] Exploring resource sharing.
INFO: [BIND 205-101] Binding ...
INFO: [BIND 205-100] Finished micro-architecture generation.
INFO: [HLS 200-111] Finished Binding: CPU user time: 0.01 seconds. CPU system time: 0 seconds. Elapsed time: 0.02 seconds; current allocated memory: 413.340 MB.
INFO: [HLS 200-10] ----------------------------------------------------------------
INFO: [HLS 200-42] -- Implementing module 'rm13_w4a8_tile_Pipeline_VITIS_LOOP_171_12' 
INFO: [HLS 200-10] ----------------------------------------------------------------
INFO: [SCHED 204-11] Starting scheduling ...
WARNING: [HLS 200-2042] Usage of URAM can potentially cause worse II as Vitis HLS does not exploit read-first mode for URAMs. Consider using BRAMs instead.
WARNING: [HLS 200-2042] Usage of URAM can potentially cause worse II as Vitis HLS does not exploit read-first mode for URAMs. Consider using BRAMs instead.
WARNING: [HLS 200-2042] Usage of URAM can potentially cause worse II as Vitis HLS does not exploit read-first mode for URAMs. Consider using BRAMs instead.
WARNING: [HLS 200-2042] Usage of URAM can potentially cause worse II as Vitis HLS does not exploit read-first mode for URAMs. Consider using BRAMs instead.
INFO: [SCHED 204-61] Pipelining loop 'VITIS_LOOP_171_12'.
INFO: [HLS 200-1470] Pipelining result : Target II = 1, Final II = 1, Depth = 9, loop 'VITIS_LOOP_171_12'
WARNING: [HLS 200-871] Estimated clock period (4.544 ns) exceeds the target (target clock period: 5.000 ns, clock uncertainty: 1.350 ns, effective delay budget: 3.650 ns).
Resolution: For help on HLS 200-871 see docs.xilinx.com/access/sources/dita/topic?Doc_Version=2024.2%20English&url=ug1448-hls-guidance&resourceid=200-871.html
WARNING: [HLS 200-1016] The critical path in module 'rm13_w4a8_tile_Pipeline_VITIS_LOOP_171_12' consists of the following:
	'load' operation 256 bit ('x_word_cache_load', /home/zhiro/research/kv260-vlm-workers/RM13-H-integer/experiments/rm13/hardware/w4a8_tile.cpp:174) on array 'x_word_cache' [43]  (1.237 ns)
	'sparsemux' operation 255 bit ('packed', /home/zhiro/research/kv260-vlm-workers/RM13-H-integer/experiments/rm13/hardware/w4a8_tile.cpp:174) [51]  (0.525 ns)
	'fcmp' operation 1 bit ('tmp_16', /home/zhiro/research/kv260-vlm-workers/RM13-H-integer/experiments/rm13/hardware/w4a8_tile.cpp:185) [117]  (2.782 ns)

Resolution: For help on HLS 200-1016 see docs.xilinx.com/access/sources/dita/topic?Doc_Version=2024.2%20English&url=ug1448-hls-guidance&resourceid=200-1016.html
INFO: [SCHED 204-11] Finished scheduling.
INFO: [HLS 200-111] Finished Scheduling: CPU user time: 0.08 seconds. CPU system time: 0 seconds. Elapsed time: 0.08 seconds; current allocated memory: 415.535 MB.
INFO: [BIND 205-100] Starting micro-architecture generation ...
INFO: [BIND 205-101] Performing variable lifetime analysis.
INFO: [BIND 205-101] Exploring resource sharing.
INFO: [BIND 205-101] Binding ...
INFO: [BIND 205-100] Finished micro-architecture generation.
INFO: [HLS 200-111] Finished Binding: CPU user time: 0.02 seconds. CPU system time: 0 seconds. Elapsed time: 0.02 seconds; current allocated memory: 415.535 MB.
INFO: [HLS 200-10] ----------------------------------------------------------------
INFO: [HLS 200-42] -- Implementing module 'rm13_w4a8_tile_Pipeline_VITIS_LOOP_204_14' 
INFO: [HLS 200-10] ----------------------------------------------------------------
INFO: [SCHED 204-11] Starting scheduling ...
WARNING: [HLS 200-2042] Usage of URAM can potentially cause worse II as Vitis HLS does not exploit read-first mode for URAMs. Consider using BRAMs instead.
WARNING: [HLS 200-2042] Usage of URAM can potentially cause worse II as Vitis HLS does not exploit read-first mode for URAMs. Consider using BRAMs instead.
WARNING: [HLS 200-2042] Usage of URAM can potentially cause worse II as Vitis HLS does not exploit read-first mode for URAMs. Consider using BRAMs instead.
WARNING: [HLS 200-2042] Usage of URAM can potentially cause worse II as Vitis HLS does not exploit read-first mode for URAMs. Consider using BRAMs instead.
WARNING: [HLS 200-2042] Usage of URAM can potentially cause worse II as Vitis HLS does not exploit read-first mode for URAMs. Consider using BRAMs instead.
WARNING: [HLS 200-2042] Usage of URAM can potentially cause worse II as Vitis HLS does not exploit read-first mode for URAMs. Consider using BRAMs instead.
WARNING: [HLS 200-2042] Usage of URAM can potentially cause worse II as Vitis HLS does not exploit read-first mode for URAMs. Consider using BRAMs instead.
WARNING: [HLS 200-2042] Usage of URAM can potentially cause worse II as Vitis HLS does not exploit read-first mode for URAMs. Consider using BRAMs instead.
INFO: [SCHED 204-61] Pipelining loop 'VITIS_LOOP_204_14'.
INFO: [HLS 200-1470] Pipelining result : Target II = 1, Final II = 1, Depth = 40, loop 'VITIS_LOOP_204_14'
INFO: [SCHED 204-11] Finished scheduling.
INFO: [HLS 200-111] Finished Scheduling: CPU user time: 0.07 seconds. CPU system time: 0 seconds. Elapsed time: 0.07 seconds; current allocated memory: 416.328 MB.
INFO: [BIND 205-100] Starting micro-architecture generation ...
INFO: [BIND 205-101] Performing variable lifetime analysis.
INFO: [BIND 205-101] Exploring resource sharing.
INFO: [BIND 205-101] Binding ...
INFO: [BIND 205-100] Finished micro-architecture generation.
INFO: [HLS 200-111] Finished Binding: CPU user time: 0.02 seconds. CPU system time: 0 seconds. Elapsed time: 0.02 seconds; current allocated memory: 416.328 MB.
INFO: [HLS 200-10] ----------------------------------------------------------------
INFO: [HLS 200-42] -- Implementing module 'rm13_w4a8_tile' 
INFO: [HLS 200-10] ----------------------------------------------------------------
INFO: [SCHED 204-11] Starting scheduling ...
INFO: [SCHED 204-11] Finished scheduling.
INFO: [HLS 200-111] Finished Scheduling: CPU user time: 0.31 seconds. CPU system time: 0.01 seconds. Elapsed time: 0.32 seconds; current allocated memory: 430.074 MB.
INFO: [BIND 205-100] Starting micro-architecture generation ...
INFO: [BIND 205-101] Performing variable lifetime analysis.
INFO: [BIND 205-101] Exploring resource sharing.
WARNING: [BIND 205-102] The specified resource core for memory 'ws_cache' will be ignored if a simpler one can be used.
WARNING: [BIND 205-102] The specified resource core for memory 'ws_cache_1' will be ignored if a simpler one can be used.
WARNING: [BIND 205-102] The specified resource core for memory 'ws_cache_2' will be ignored if a simpler one can be used.
WARNING: [BIND 205-102] The specified resource core for memory 'ws_cache_3' will be ignored if a simpler one can be used.
INFO: [BIND 205-101] Binding ...
INFO: [BIND 205-100] Finished micro-architecture generation.
INFO: [HLS 200-111] Finished Binding: CPU user time: 0.09 seconds. CPU system time: 0 seconds. Elapsed time: 0.09 seconds; current allocated memory: 430.074 MB.
INFO: [HLS 200-10] ----------------------------------------------------------------
INFO: [HLS 200-10] -- Generating RTL for module 'rm13_w4a8_tile_Pipeline_VITIS_LOOP_119_3' 
INFO: [HLS 200-10] ----------------------------------------------------------------
INFO: [HLS 200-1030] Apply Unified Pipeline Control on module 'rm13_w4a8_tile_Pipeline_VITIS_LOOP_119_3' pipeline 'VITIS_LOOP_119_3' pipeline type 'loop pipeline'
WARNING: [RTGEN 206-101] Setting dangling out port 'rm13_w4a8_tile_Pipeline_VITIS_LOOP_119_3/m_axi_gmem_w_0_ARVALID' to 0.
WARNING: [RTGEN 206-101] Setting dangling out port 'rm13_w4a8_tile_Pipeline_VITIS_LOOP_119_3/m_axi_gmem_w_0_ARADDR' to 0.
WARNING: [RTGEN 206-101] Setting dangling out port 'rm13_w4a8_tile_Pipeline_VITIS_LOOP_119_3/m_axi_gmem_w_0_ARID' to 0.
WARNING: [RTGEN 206-101] Setting dangling out port 'rm13_w4a8_tile_Pipeline_VITIS_LOOP_119_3/m_axi_gmem_w_0_ARLEN' to 0.
WARNING: [RTGEN 206-101] Setting dangling out port 'rm13_w4a8_tile_Pipeline_VITIS_LOOP_119_3/m_axi_gmem_w_0_ARSIZE' to 0.
WARNING: [RTGEN 206-101] Setting dangling out port 'rm13_w4a8_tile_Pipeline_VITIS_LOOP_119_3/m_axi_gmem_w_0_ARBURST' to 0.
WARNING: [RTGEN 206-101] Setting dangling out port 'rm13_w4a8_tile_Pipeline_VITIS_LOOP_119_3/m_axi_gmem_w_0_ARLOCK' to 0.
WARNING: [RTGEN 206-101] Setting dangling out port 'rm13_w4a8_tile_Pipeline_VITIS_LOOP_119_3/m_axi_gmem_w_0_ARCACHE' to 0.
WARNING: [RTGEN 206-101] Setting dangling out port 'rm13_w4a8_tile_Pipeline_VITIS_LOOP_119_3/m_axi_gmem_w_0_ARPROT' to 0.
WARNING: [RTGEN 206-101] Setting dangling out port 'rm13_w4a8_tile_Pipeline_VITIS_LOOP_119_3/m_axi_gmem_w_0_ARQOS' to 0.
WARNING: [RTGEN 206-101] Setting dangling out port 'rm13_w4a8_tile_Pipeline_VITIS_LOOP_119_3/m_axi_gmem_w_0_ARREGION' to 0.
WARNING: [RTGEN 206-101] Setting dangling out port 'rm13_w4a8_tile_Pipeline_VITIS_LOOP_119_3/m_axi_gmem_w_0_ARUSER' to 0.
INFO: [RTGEN 206-100] Finished creating RTL model for 'rm13_w4a8_tile_Pipeline_VITIS_LOOP_119_3'.
INFO: [HLS 200-111] Finished Creating RTL model: CPU user time: 0.08 seconds. CPU system time: 0 seconds. Elapsed time: 0.08 seconds; current allocated memory: 430.074 MB.
INFO: [HLS 200-10] ----------------------------------------------------------------
INFO: [HLS 200-10] -- Generating RTL for module 'rm13_w4a8_tile_Pipeline_VITIS_LOOP_128_4_VITIS_LOOP_129_5_VITIS_LOOP_133_6' 
INFO: [HLS 200-10] ----------------------------------------------------------------
INFO: [HLS 200-1030] Apply Unified Pipeline Control on module 'rm13_w4a8_tile_Pipeline_VITIS_LOOP_128_4_VITIS_LOOP_129_5_VITIS_LOOP_133_6' pipeline 'VITIS_LOOP_128_4_VITIS_LOOP_129_5_VITIS_LOOP_133_6' pipeline type 'loop pipeline'
INFO: [RTGEN 206-100] Generating core module 'sparsemux_7_2_32_1_1': 1 instance(s).
INFO: [RTGEN 206-100] Generating core module 'sparsemux_9_2_128_1_1': 1 instance(s).
INFO: [RTGEN 206-100] Finished creating RTL model for 'rm13_w4a8_tile_Pipeline_VITIS_LOOP_128_4_VITIS_LOOP_129_5_VITIS_LOOP_133_6'.
INFO: [HLS 200-111] Finished Creating RTL model: CPU user time: 0.06 seconds. CPU system time: 0.01 seconds. Elapsed time: 0.06 seconds; current allocated memory: 430.074 MB.
INFO: [HLS 200-10] ----------------------------------------------------------------
INFO: [HLS 200-10] -- Generating RTL for module 'rm13_w4a8_tile_Pipeline_VITIS_LOOP_254_22' 
INFO: [HLS 200-10] ----------------------------------------------------------------
INFO: [HLS 200-1030] Apply Unified Pipeline Control on module 'rm13_w4a8_tile_Pipeline_VITIS_LOOP_254_22' pipeline 'VITIS_LOOP_254_22' pipeline type 'loop pipeline'
INFO: [RTGEN 206-100] Generating core module 'mac_muladd_8s_4s_32s_32_4_1': 16 instance(s).
INFO: [RTGEN 206-100] Generating core module 'partselect_4ns_128ns_32ns_4_1_1': 4 instance(s).
INFO: [RTGEN 206-100] Finished creating RTL model for 'rm13_w4a8_tile_Pipeline_VITIS_LOOP_254_22'.
INFO: [HLS 200-111] Finished Creating RTL model: CPU user time: 0.11 seconds. CPU system time: 0 seconds. Elapsed time: 0.11 seconds; current allocated memory: 433.785 MB.
INFO: [HLS 200-10] ----------------------------------------------------------------
INFO: [HLS 200-10] -- Generating RTL for module 'rm13_w4a8_tile_Pipeline_VITIS_LOOP_155_8_VITIS_LOOP_156_9' 
INFO: [HLS 200-10] ----------------------------------------------------------------
INFO: [HLS 200-1030] Apply Unified Pipeline Control on module 'rm13_w4a8_tile_Pipeline_VITIS_LOOP_155_8_VITIS_LOOP_156_9' pipeline 'VITIS_LOOP_155_8_VITIS_LOOP_156_9' pipeline type 'loop pipeline'
WARNING: [RTGEN 206-101] Setting dangling out port 'rm13_w4a8_tile_Pipeline_VITIS_LOOP_155_8_VITIS_LOOP_156_9/m_axi_gmem_x_0_ARVALID' to 0.
WARNING: [RTGEN 206-101] Setting dangling out port 'rm13_w4a8_tile_Pipeline_VITIS_LOOP_155_8_VITIS_LOOP_156_9/m_axi_gmem_x_0_ARADDR' to 0.
WARNING: [RTGEN 206-101] Setting dangling out port 'rm13_w4a8_tile_Pipeline_VITIS_LOOP_155_8_VITIS_LOOP_156_9/m_axi_gmem_x_0_ARID' to 0.
WARNING: [RTGEN 206-101] Setting dangling out port 'rm13_w4a8_tile_Pipeline_VITIS_LOOP_155_8_VITIS_LOOP_156_9/m_axi_gmem_x_0_ARLEN' to 0.
WARNING: [RTGEN 206-101] Setting dangling out port 'rm13_w4a8_tile_Pipeline_VITIS_LOOP_155_8_VITIS_LOOP_156_9/m_axi_gmem_x_0_ARSIZE' to 0.
WARNING: [RTGEN 206-101] Setting dangling out port 'rm13_w4a8_tile_Pipeline_VITIS_LOOP_155_8_VITIS_LOOP_156_9/m_axi_gmem_x_0_ARBURST' to 0.
WARNING: [RTGEN 206-101] Setting dangling out port 'rm13_w4a8_tile_Pipeline_VITIS_LOOP_155_8_VITIS_LOOP_156_9/m_axi_gmem_x_0_ARLOCK' to 0.
WARNING: [RTGEN 206-101] Setting dangling out port 'rm13_w4a8_tile_Pipeline_VITIS_LOOP_155_8_VITIS_LOOP_156_9/m_axi_gmem_x_0_ARCACHE' to 0.
WARNING: [RTGEN 206-101] Setting dangling out port 'rm13_w4a8_tile_Pipeline_VITIS_LOOP_155_8_VITIS_LOOP_156_9/m_axi_gmem_x_0_ARPROT' to 0.
WARNING: [RTGEN 206-101] Setting dangling out port 'rm13_w4a8_tile_Pipeline_VITIS_LOOP_155_8_VITIS_LOOP_156_9/m_axi_gmem_x_0_ARQOS' to 0.
WARNING: [RTGEN 206-101] Setting dangling out port 'rm13_w4a8_tile_Pipeline_VITIS_LOOP_155_8_VITIS_LOOP_156_9/m_axi_gmem_x_0_ARREGION' to 0.
WARNING: [RTGEN 206-101] Setting dangling out port 'rm13_w4a8_tile_Pipeline_VITIS_LOOP_155_8_VITIS_LOOP_156_9/m_axi_gmem_x_0_ARUSER' to 0.
INFO: [RTGEN 206-100] Finished creating RTL model for 'rm13_w4a8_tile_Pipeline_VITIS_LOOP_155_8_VITIS_LOOP_156_9'.
INFO: [HLS 200-111] Finished Creating RTL model: CPU user time: 0.08 seconds. CPU system time: 0 seconds. Elapsed time: 0.09 seconds; current allocated memory: 438.070 MB.
INFO: [HLS 200-10] ----------------------------------------------------------------
INFO: [HLS 200-10] -- Generating RTL for module 'rm13_w4a8_tile_Pipeline_VITIS_LOOP_171_12' 
INFO: [HLS 200-10] ----------------------------------------------------------------
INFO: [HLS 200-1030] Apply Unified Pipeline Control on module 'rm13_w4a8_tile_Pipeline_VITIS_LOOP_171_12' pipeline 'VITIS_LOOP_171_12' pipeline type 'loop pipeline'
INFO: [RTGEN 206-100] Generating core module 'fcmp_32ns_32ns_1_2_no_dsp_1': 8 instance(s).
INFO: [RTGEN 206-100] Generating core module 'sparsemux_9_2_255_1_1': 1 instance(s).
INFO: [RTGEN 206-100] Finished creating RTL model for 'rm13_w4a8_tile_Pipeline_VITIS_LOOP_171_12'.
INFO: [HLS 200-111] Finished Creating RTL model: CPU user time: 0.06 seconds. CPU system time: 0 seconds. Elapsed time: 0.06 seconds; current allocated memory: 440.984 MB.
INFO: [HLS 200-10] ----------------------------------------------------------------
INFO: [HLS 200-10] -- Generating RTL for module 'rm13_w4a8_tile_Pipeline_VITIS_LOOP_204_14' 
INFO: [HLS 200-10] ----------------------------------------------------------------
INFO: [HLS 200-1030] Apply Unified Pipeline Control on module 'rm13_w4a8_tile_Pipeline_VITIS_LOOP_204_14' pipeline 'VITIS_LOOP_204_14' pipeline type 'loop pipeline'
INFO: [RTGEN 206-100] Generating core module 'faddfsub_32ns_32ns_32_8_full_dsp_1': 1 instance(s).
INFO: [RTGEN 206-100] Generating core module 'fcmp_32ns_32ns_1_2_no_dsp_1': 3 instance(s).
INFO: [RTGEN 206-100] Generating core module 'fdiv_32ns_32ns_32_16_no_dsp_1': 1 instance(s).
INFO: [RTGEN 206-100] Generating core module 'partselect_32ns_256ns_32ns_32_1_1': 1 instance(s).
INFO: [RTGEN 206-100] Generating core module 'sitofp_32ns_32_6_no_dsp_1': 1 instance(s).
INFO: [RTGEN 206-100] Generating core module 'sparsemux_9_2_256_1_1': 1 instance(s).
INFO: [RTGEN 206-100] Finished creating RTL model for 'rm13_w4a8_tile_Pipeline_VITIS_LOOP_204_14'.
INFO: [HLS 200-111] Finished Creating RTL model: CPU user time: 0.09 seconds. CPU system time: 0 seconds. Elapsed time: 0.1 seconds; current allocated memory: 446.586 MB.
INFO: [HLS 200-10] ----------------------------------------------------------------
INFO: [HLS 200-10] -- Generating RTL for module 'rm13_w4a8_tile' 
INFO: [HLS 200-10] ----------------------------------------------------------------
WARNING: [RTGEN 206-101] Design contains AXI ports. Reset is fixed to synchronous and active low.
INFO: [RTGEN 206-500] Setting interface mode on port 'rm13_w4a8_tile/gmem_w' to 'm_axi'.
INFO: [RTGEN 206-500] Setting interface mode on port 'rm13_w4a8_tile/gmem_ws' to 'm_axi'.
INFO: [RTGEN 206-500] Setting interface mode on port 'rm13_w4a8_tile/gmem_x' to 'm_axi'.
INFO: [RTGEN 206-500] Setting interface mode on port 'rm13_w4a8_tile/gmem_y' to 'm_axi'.
INFO: [RTGEN 206-500] Setting interface mode on port 'rm13_w4a8_tile/packed_w4' to 's_axilite & ap_none'.
INFO: [RTGEN 206-500] Setting interface mode on port 'rm13_w4a8_tile/weight_scales' to 's_axilite & ap_none'.
INFO: [RTGEN 206-500] Setting interface mode on port 'rm13_w4a8_tile/packed_x_f32' to 's_axilite & ap_none'.
INFO: [RTGEN 206-500] Setting interface mode on port 'rm13_w4a8_tile/output_f32' to 's_axilite & ap_none'.
INFO: [RTGEN 206-500] Setting interface mode on port 'rm13_w4a8_tile/task_r' to 's_axilite & ap_none'.
INFO: [RTGEN 206-500] Setting interface mode on port 'rm13_w4a8_tile/active_m' to 's_axilite & ap_none'.
INFO: [RTGEN 206-500] Setting interface mode on port 'rm13_w4a8_tile/active_n' to 's_axilite & ap_none'.
INFO: [RTGEN 206-500] Setting interface mode on function 'rm13_w4a8_tile' to 's_axilite & ap_ctrl_hs'.
WARNING: [RTGEN 206-101] Register 'activation_ready' is power-on initialization.
WARNING: [RTGEN 206-101] Register 'cached_active_n' is power-on initialization.
INFO: [RTGEN 206-100] Bundling port 'return', 'packed_w4', 'weight_scales', 'packed_x_f32', 'task_r', 'active_m' and 'active_n' to AXI-Lite port control.
INFO: [RTGEN 206-100] Generating core module 'fadd_32ns_32ns_32_8_full_dsp_1': 15 instance(s).
INFO: [RTGEN 206-100] Generating core module 'faddfsub_32ns_32ns_32_8_full_dsp_1': 1 instance(s).
INFO: [RTGEN 206-100] Generating core module 'fcmp_32ns_32ns_1_2_no_dsp_1': 3 instance(s).
INFO: [RTGEN 206-100] Generating core module 'fdiv_32ns_32ns_32_16_no_dsp_1': 1 instance(s).
INFO: [RTGEN 206-100] Generating core module 'fmul_32ns_32ns_32_5_max_dsp_1': 16 instance(s).
INFO: [RTGEN 206-100] Generating core module 'mul_32ns_32s_62_1_1': 1 instance(s).
INFO: [RTGEN 206-100] Generating core module 'sitofp_32ns_32_6_no_dsp_1': 16 instance(s).
INFO: [RTGEN 206-100] Finished creating RTL model for 'rm13_w4a8_tile'.
INFO: [RTMG 210-278] Implementing memory 'rm13_w4a8_tile_xs_cache_RAM_2P_BRAM_1R1W' using block RAMs.
INFO: [RTMG 210-278] Implementing memory 'rm13_w4a8_tile_x_cache_RAM_2P_URAM_1R1W' using ultra RAMs.
INFO: [RTMG 210-278] Implementing memory 'rm13_w4a8_tile_w_cache_RAM_2P_URAM_1R1W' using ultra RAMs.
INFO: [RTMG 210-278] Implementing memory 'rm13_w4a8_tile_ws_cache_RAM_2P_BRAM_1R1W' using block RAMs.
INFO: [RTMG 210-278] Implementing memory 'rm13_w4a8_tile_x_word_cache_RAM_2P_URAM_1R1W' using ultra RAMs.
INFO: [HLS 200-111] Finished Creating RTL model: CPU user time: 0.2 seconds. CPU system time: 0.01 seconds. Elapsed time: 0.2 seconds; current allocated memory: 459.383 MB.
INFO: [HLS 200-111] Finished Generating all RTL models: CPU user time: 0.32 seconds. CPU system time: 0.02 seconds. Elapsed time: 0.34 seconds; current allocated memory: 474.996 MB.
INFO: [HLS 200-1603] Design has inferred MAXI bursts and missed bursts, see Vitis HLS GUI synthesis summary report for detailed information.
INFO: [HLS 200-111] Finished Updating report files: CPU user time: 0.77 seconds. CPU system time: 0.01 seconds. Elapsed time: 0.79 seconds; current allocated memory: 494.414 MB.
INFO: [VHDL 208-304] Generating VHDL RTL for rm13_w4a8_tile.
INFO: [VLOG 209-307] Generating Verilog RTL for rm13_w4a8_tile.
INFO: [HLS 200-790] **** Loop Constraint Status: All loop constraints were satisfied.
INFO: [HLS 200-789] **** Estimated Fmax: 65.69 MHz
INFO: [HLS 200-2161] Finished Command csynth_design Elapsed time: 00:00:13; Allocated memory: 184.535 MB.
INFO: [HLS 200-112] Total CPU user time: 10.63 seconds. Total CPU system time: 0.95 seconds. Total elapsed time: 15.58 seconds; peak allocated memory: 494.414 MB.
