

================================================================
== Vitis HLS Report for 'fp16x32_mul_a'
================================================================
* Date:           Sat Sep 26 19:58:39 2026

* Version:        2024.2 (Build 5238294 on Nov  8 2024)
* Project:        project
* Solution:       solution1 (Vivado IP Flow Target)
* Product family: zynquplus
* Target device:  xck26-sfvc784-2LV-c


================================================================
== Performance Estimates
================================================================
+ Timing: 
    * Summary: 
    +--------+----------+----------+------------+
    |  Clock |  Target  | Estimated| Uncertainty|
    +--------+----------+----------+------------+
    |ap_clk  |  10.00 ns|  7.016 ns|     2.70 ns|
    +--------+----------+----------+------------+

+ Latency: 
    * Summary: 
    +---------+---------+-----------+-----------+-----+-----+---------+
    |  Latency (cycles) |   Latency (absolute)  |  Interval | Pipeline|
    |   min   |   max   |    min    |    max    | min | max |   Type  |
    +---------+---------+-----------+-----------+-----+-----+---------+
    |        4|        4|  40.000 ns|  40.000 ns|    5|    5|       no|
    +---------+---------+-----------+-----------+-----+-----+---------+

    + Detail: 
        * Instance: 
        N/A

        * Loop: 
        N/A



================================================================
== Utilization Estimates
================================================================
* Summary: 
+-----------------+---------+------+--------+--------+-----+
|       Name      | BRAM_18K|  DSP |   FF   |   LUT  | URAM|
+-----------------+---------+------+--------+--------+-----+
|DSP              |        -|     -|       -|       -|    -|
|Expression       |        -|     -|       0|     273|    -|
|FIFO             |        -|     -|       -|       -|    -|
|Instance         |        -|     3|     128|     149|    -|
|Memory           |        -|     -|       -|       -|    -|
|Multiplexer      |        -|     -|       0|      31|    -|
|Register         |        -|     -|      68|       -|    -|
+-----------------+---------+------+--------+--------+-----+
|Total            |        0|     3|     196|     453|    0|
+-----------------+---------+------+--------+--------+-----+
|Available        |      288|  1248|  234240|  117120|   64|
+-----------------+---------+------+--------+--------+-----+
|Utilization (%)  |        0|    ~0|      ~0|      ~0|    0|
+-----------------+---------+------+--------+--------+-----+

+ Detail: 
    * Instance: 
    +----------------------------------+-------------------------------+---------+----+-----+-----+-----+
    |             Instance             |             Module            | BRAM_18K| DSP|  FF | LUT | URAM|
    +----------------------------------+-------------------------------+---------+----+-----+-----+-----+
    |fmul_32ns_32ns_32_3_max_dsp_1_U1  |fmul_32ns_32ns_32_3_max_dsp_1  |        0|   3|  128|  135|    0|
    |sparsemux_9_3_32_1_1_U2           |sparsemux_9_3_32_1_1           |        0|   0|    0|   14|    0|
    +----------------------------------+-------------------------------+---------+----+-----+-----+-----+
    |Total                             |                               |        0|   3|  128|  149|    0|
    +----------------------------------+-------------------------------+---------+----+-----+-----+-----+

    * DSP: 
    N/A

    * Memory: 
    N/A

    * FIFO: 
    N/A

    * Expression: 
    +-------------------------+----------+----+---+----+------------+------------+
    |      Variable Name      | Operation| DSP| FF| LUT| Bitwidth P0| Bitwidth P1|
    +-------------------------+----------+----+---+----+------------+------------+
    |add_ln24_1_fu_274_p2     |         +|   0|  0|  10|           3|           1|
    |add_ln24_2_fu_310_p2     |         +|   0|  0|  10|           3|           1|
    |add_ln24_3_fu_384_p2     |         +|   0|  0|  10|           3|           1|
    |add_ln24_4_fu_421_p2     |         +|   0|  0|  12|           4|           1|
    |add_ln24_5_fu_457_p2     |         +|   0|  0|  12|           4|           1|
    |add_ln24_6_fu_479_p2     |         +|   0|  0|  12|           4|           1|
    |add_ln24_fu_238_p2       |         +|   0|  0|  10|           3|           1|
    |add_ln35_fu_342_p2       |         +|   0|  0|  15|           8|           7|
    |sub_ln29_fu_497_p2       |         -|   0|  0|  13|           5|           6|
    |and_ln17_1_fu_568_p2     |       and|   0|  0|   2|           1|           1|
    |and_ln17_fu_556_p2       |       and|   0|  0|   2|           1|           1|
    |icmp_ln16_1_fu_551_p2    |      icmp|   0|  0|  12|           5|           1|
    |icmp_ln16_fu_546_p2      |      icmp|   0|  0|  12|           5|           2|
    |icmp_ln17_fu_358_p2      |      icmp|   0|  0|  17|          10|           1|
    |norm_11_fu_378_p3        |    select|   0|  0|  10|           1|          11|
    |norm_13_fu_413_p3        |    select|   0|  0|  10|           1|          11|
    |norm_15_fu_449_p3        |    select|   0|  0|  10|           1|          11|
    |norm_1_fu_158_p3         |    select|   0|  0|  10|           1|          11|
    |norm_3_fu_196_p3         |    select|   0|  0|  10|           1|          11|
    |norm_5_fu_230_p3         |    select|   0|  0|  10|           1|          11|
    |norm_7_fu_266_p3         |    select|   0|  0|  10|           1|          11|
    |norm_9_fu_302_p3         |    select|   0|  0|  10|           1|          11|
    |select_ln24_1_fu_166_p3  |    select|   0|  0|   3|           1|           1|
    |select_ln24_2_fu_204_p3  |    select|   0|  0|   2|           1|           2|
    |select_ln24_3_fu_244_p3  |    select|   0|  0|   3|           1|           3|
    |select_ln24_4_fu_280_p3  |    select|   0|  0|   3|           1|           3|
    |select_ln24_5_fu_316_p3  |    select|   0|  0|   3|           1|           3|
    |select_ln24_6_fu_389_p3  |    select|   0|  0|   3|           1|           3|
    |select_ln24_7_fu_427_p3  |    select|   0|  0|   4|           1|           4|
    |select_ln24_8_fu_463_p3  |    select|   0|  0|   4|           1|           4|
    |select_ln24_9_fu_527_p3  |    select|   0|  0|  10|           1|          10|
    |select_ln24_fu_485_p3    |    select|   0|  0|   4|           1|           4|
    |select_ln26_fu_188_p3    |    select|   0|  0|   3|           1|           3|
    |xor_ln17_fu_562_p2       |       xor|   0|  0|   2|           1|           2|
    +-------------------------+----------+----+---+----+------------+------------+
    |Total                    |          |   0|  0| 273|          79|         156|
    +-------------------------+----------+----+---+----+------------+------------+

    * Multiplexer: 
    +-----------+----+-----------+-----+-----------+
    |    Name   | LUT| Input Size| Bits| Total Bits|
    +-----------+----+-----------+-----+-----------+
    |ap_NS_fsm  |  31|          6|    1|          6|
    +-----------+----+-----------+-----+-----------+
    |Total      |  31|          6|    1|          6|
    +-----------+----+-----------+-----+-----------+

    * Register: 
    +-----------------------+----+----+-----+-----------+
    |          Name         | FF | LUT| Bits| Const Bits|
    +-----------------------+----+----+-----+-----------+
    |ap_CS_fsm              |   5|   0|    5|          0|
    |exp_reg_629            |   5|   0|    5|          0|
    |frac_reg_636           |  10|   0|   10|          0|
    |norm_9_reg_643         |  11|   0|   11|          0|
    |out_reg_661            |  32|   0|   32|          0|
    |select_ln24_5_reg_649  |   3|   0|    3|          0|
    |sign_reg_621           |   1|   0|    1|          0|
    |tmp_5_reg_655          |   1|   0|    1|          0|
    +-----------------------+----+----+-----+-----------+
    |Total                  |  68|   0|   68|          0|
    +-----------------------+----+----+-----+-----------+



================================================================
== Interface
================================================================
* Summary: 
+-----------------+-----+-----+------------+-----------------+--------------+
|    RTL Ports    | Dir | Bits|  Protocol  |  Source Object  |    C Type    |
+-----------------+-----+-----+------------+-----------------+--------------+
|ap_clk           |   in|    1|  ap_ctrl_hs|    fp16x32_mul_a|  return value|
|ap_rst           |   in|    1|  ap_ctrl_hs|    fp16x32_mul_a|  return value|
|ap_start         |   in|    1|  ap_ctrl_hs|    fp16x32_mul_a|  return value|
|ap_done          |  out|    1|  ap_ctrl_hs|    fp16x32_mul_a|  return value|
|ap_idle          |  out|    1|  ap_ctrl_hs|    fp16x32_mul_a|  return value|
|ap_ready         |  out|    1|  ap_ctrl_hs|    fp16x32_mul_a|  return value|
|ap_return        |  out|   32|  ap_ctrl_hs|    fp16x32_mul_a|  return value|
|weight_bits      |   in|   16|     ap_none|      weight_bits|        scalar|
|activation_bits  |   in|   32|     ap_none|  activation_bits|        scalar|
+-----------------+-----+-----+------------+-----------------+--------------+

