

================================================================
== Vitis HLS Report for 'vision_gemm'
================================================================
* Date:           Thu Sep 24 16:28:25 2026

* Version:        2024.2 (Build 5238294 on Nov  8 2024)
* Project:        project
* Solution:       solution1 (Vivado IP Flow Target)
* Product family: zynquplus
* Target device:  xck26-sfvc784-2LV-c


================================================================
== Performance Estimates
================================================================
+ Timing: 
    * Summary: 
    +--------+---------+----------+------------+
    |  Clock |  Target | Estimated| Uncertainty|
    +--------+---------+----------+------------+
    |ap_clk  |  5.00 ns|  4.045 ns|     1.35 ns|
    +--------+---------+----------+------------+

+ Latency: 
    * Summary: 
    +-----------+-----------+-----------+-----------+-----------+-----------+---------+
    |    Latency (cycles)   |   Latency (absolute)  |        Interval       | Pipeline|
    |    min    |    max    |    min    |    max    |    min    |    max    |   Type  |
    +-----------+-----------+-----------+-----------+-----------+-----------+---------+
    |  481829762|  481829762|  2.409 sec|  2.409 sec|  481829763|  481829763|       no|
    +-----------+-----------+-----------+-----------+-----------+-----------+---------+

    + Detail: 
        * Instance: 
        +----------------------------------------------------------------------+----------------------------------------------------------+---------+---------+-----------+-----------+-------+-------+------------------------------------------------+
        |                                                                      |                                                          |  Latency (cycles) |   Latency (absolute)  |    Interval   |                    Pipeline                    |
        |                               Instance                               |                          Module                          |   min   |   max   |    min    |    max    |  min  |  max  |                      Type                      |
        +----------------------------------------------------------------------+----------------------------------------------------------+---------+---------+-----------+-----------+-------+-------+------------------------------------------------+
        |grp_vision_gemm_Pipeline_VITIS_LOOP_63_1_VITIS_LOOP_64_2_fu_1168      |vision_gemm_Pipeline_VITIS_LOOP_63_1_VITIS_LOOP_64_2      |     8612|     8612|  43.060 us|  43.060 us|   8609|   8609|  loop auto-rewind stp (delay=0 clock cycles(s))|
        |grp_vision_gemm_Pipeline_VITIS_LOOP_70_3_VITIS_LOOP_71_4_fu_1179      |vision_gemm_Pipeline_VITIS_LOOP_70_3_VITIS_LOOP_71_4      |    17220|    17220|  86.100 us|  86.100 us|  17217|  17217|  loop auto-rewind stp (delay=0 clock cycles(s))|
        |grp_vision_gemm_Pipeline_VITIS_LOOP_138_17_VITIS_LOOP_139_18_fu_1190  |vision_gemm_Pipeline_VITIS_LOOP_138_17_VITIS_LOOP_139_18  |       73|       73|   0.365 us|   0.365 us|     65|     65|  loop auto-rewind stp (delay=0 clock cycles(s))|
        |grp_vision_gemm_Pipeline_VITIS_LOOP_97_10_fu_1215                     |vision_gemm_Pipeline_VITIS_LOOP_97_10                     |     5395|     5395|  26.975 us|  26.975 us|   5385|   5385|  loop auto-rewind stp (delay=0 clock cycles(s))|
        +----------------------------------------------------------------------+----------------------------------------------------------+---------+---------+-----------+-----------+-------+-------+------------------------------------------------+

        * Loop: 
        +------------------------+-----------+-----------+----------+-----------+-----------+------+----------+
        |                        |    Latency (cycles)   | Iteration|  Initiation Interval  | Trip |          |
        |        Loop Name       |    min    |    max    |  Latency |  achieved |   target  | Count| Pipelined|
        +------------------------+-----------+-----------+----------+-----------+-----------+------+----------+
        |- VITIS_LOOP_165_1      |  481829761|  481829761|   6692080|          -|          -|    72|        no|
        | + VITIS_LOOP_166_2     |    6692070|    6692070|    191202|          -|          -|    35|        no|
        |  ++ VITIS_LOOP_80_5    |     173896|     173896|     43474|          -|          -|     4|        no|
        |   +++ VITIS_LOOP_81_6  |      43472|      43472|      5434|          -|          -|     8|        no|
        +------------------------+-----------+-----------+----------+-----------+-----------+------+----------+



================================================================
== Utilization Estimates
================================================================
* Summary: 
+-----------------+---------+------+--------+--------+-----+
|       Name      | BRAM_18K|  DSP |   FF   |   LUT  | URAM|
+-----------------+---------+------+--------+--------+-----+
|DSP              |        -|     -|       -|       -|    -|
|Expression       |        -|     -|       0|     210|    -|
|FIFO             |        -|     -|       -|       -|    -|
|Instance         |       38|    65|   20980|   24835|    0|
|Memory           |       16|     -|       0|       0|   40|
|Multiplexer      |        -|     -|       0|    2225|    -|
|Register         |        -|     -|    1245|       -|    -|
+-----------------+---------+------+--------+--------+-----+
|Total            |       54|    65|   22225|   27270|   40|
+-----------------+---------+------+--------+--------+-----+
|Available        |      288|  1248|  234240|  117120|   64|
+-----------------+---------+------+--------+--------+-----+
|Utilization (%)  |       18|     5|       9|      23|   62|
+-----------------+---------+------+--------+--------+-----+

+ Detail: 
    * Instance: 
    +----------------------------------------------------------------------+----------------------------------------------------------+---------+----+-------+-------+-----+
    |                               Instance                               |                          Module                          | BRAM_18K| DSP|   FF  |  LUT  | URAM|
    +----------------------------------------------------------------------+----------------------------------------------------------+---------+----+-------+-------+-----+
    |control_s_axi_U                                                       |control_s_axi                                             |        0|   0|    246|    424|    0|
    |fadd_32ns_32ns_32_8_full_dsp_1_U190                                   |fadd_32ns_32ns_32_8_full_dsp_1                            |        0|   2|    296|    239|    0|
    |fadd_32ns_32ns_32_8_full_dsp_1_U191                                   |fadd_32ns_32ns_32_8_full_dsp_1                            |        0|   2|    296|    239|    0|
    |fadd_32ns_32ns_32_8_full_dsp_1_U192                                   |fadd_32ns_32ns_32_8_full_dsp_1                            |        0|   2|    296|    239|    0|
    |fadd_32ns_32ns_32_8_full_dsp_1_U193                                   |fadd_32ns_32ns_32_8_full_dsp_1                            |        0|   2|    296|    239|    0|
    |fadd_32ns_32ns_32_8_full_dsp_1_U194                                   |fadd_32ns_32ns_32_8_full_dsp_1                            |        0|   2|    296|    239|    0|
    |fadd_32ns_32ns_32_8_full_dsp_1_U195                                   |fadd_32ns_32ns_32_8_full_dsp_1                            |        0|   2|    296|    239|    0|
    |fadd_32ns_32ns_32_8_full_dsp_1_U196                                   |fadd_32ns_32ns_32_8_full_dsp_1                            |        0|   2|    296|    239|    0|
    |fadd_32ns_32ns_32_8_full_dsp_1_U197                                   |fadd_32ns_32ns_32_8_full_dsp_1                            |        0|   2|    296|    239|    0|
    |fadd_32ns_32ns_32_8_full_dsp_1_U198                                   |fadd_32ns_32ns_32_8_full_dsp_1                            |        0|   2|    296|    239|    0|
    |fadd_32ns_32ns_32_8_full_dsp_1_U199                                   |fadd_32ns_32ns_32_8_full_dsp_1                            |        0|   2|    296|    239|    0|
    |fadd_32ns_32ns_32_8_full_dsp_1_U200                                   |fadd_32ns_32ns_32_8_full_dsp_1                            |        0|   2|    296|    239|    0|
    |fadd_32ns_32ns_32_8_full_dsp_1_U201                                   |fadd_32ns_32ns_32_8_full_dsp_1                            |        0|   2|    296|    239|    0|
    |gmem_w_m_axi_U                                                        |gmem_w_m_axi                                              |        8|   0|    776|    849|    0|
    |gmem_x_m_axi_U                                                        |gmem_x_m_axi                                              |       15|   0|   1044|   1114|    0|
    |gmem_y_m_axi_U                                                        |gmem_y_m_axi                                              |       15|   0|   1038|   1104|    0|
    |mul_2ns_11ns_11_1_1_U202                                              |mul_2ns_11ns_11_1_1                                       |        0|   0|      0|      5|    0|
    |mul_3ns_11ns_12_1_1_U203                                              |mul_3ns_11ns_12_1_1                                       |        0|   0|      0|      5|    0|
    |grp_vision_gemm_Pipeline_VITIS_LOOP_138_17_VITIS_LOOP_139_18_fu_1190  |vision_gemm_Pipeline_VITIS_LOOP_138_17_VITIS_LOOP_139_18  |        0|   0|    948|    657|    0|
    |grp_vision_gemm_Pipeline_VITIS_LOOP_63_1_VITIS_LOOP_64_2_fu_1168      |vision_gemm_Pipeline_VITIS_LOOP_63_1_VITIS_LOOP_64_2      |        0|   1|    250|    220|    0|
    |grp_vision_gemm_Pipeline_VITIS_LOOP_70_3_VITIS_LOOP_71_4_fu_1179      |vision_gemm_Pipeline_VITIS_LOOP_70_3_VITIS_LOOP_71_4      |        0|   1|    380|    224|    0|
    |grp_vision_gemm_Pipeline_VITIS_LOOP_97_10_fu_1215                     |vision_gemm_Pipeline_VITIS_LOOP_97_10                     |        0|  39|  12746|  17365|    0|
    +----------------------------------------------------------------------+----------------------------------------------------------+---------+----+-------+-------+-----+
    |Total                                                                 |                                                          |       38|  65|  20980|  24835|    0|
    +----------------------------------------------------------------------+----------------------------------------------------------+---------+----+-------+-------+-----+

    * DSP: 
    N/A

    * Memory: 
    +---------------------+----------------------------------+---------+---+----+-----+------+-----+------+-------------+
    |        Memory       |              Module              | BRAM_18K| FF| LUT| URAM| Words| Bits| Banks| W*Bits*Banks|
    +---------------------+----------------------------------+---------+---+----+-----+------+-----+------+-------------+
    |activation_tile_U    |activation_tile_RAM_2P_URAM_1R1W  |        0|  0|   0|    8|  4304|  256|     1|      1101824|
    |activation_tile_1_U  |activation_tile_RAM_2P_URAM_1R1W  |        0|  0|   0|    8|  4304|  256|     1|      1101824|
    |activation_tile_2_U  |activation_tile_RAM_2P_URAM_1R1W  |        0|  0|   0|    8|  4304|  256|     1|      1101824|
    |activation_tile_3_U  |activation_tile_RAM_2P_URAM_1R1W  |        0|  0|   0|    8|  4304|  256|     1|      1101824|
    |result_tile_U        |result_tile_RAM_2P_BRAM_1R1W      |        1|  0|   0|    0|    32|   32|     1|         1024|
    |result_tile_1_U      |result_tile_RAM_2P_BRAM_1R1W      |        1|  0|   0|    0|    32|   32|     1|         1024|
    |result_tile_2_U      |result_tile_RAM_2P_BRAM_1R1W      |        1|  0|   0|    0|    32|   32|     1|         1024|
    |result_tile_3_U      |result_tile_RAM_2P_BRAM_1R1W      |        1|  0|   0|    0|    32|   32|     1|         1024|
    |result_tile_4_U      |result_tile_RAM_2P_BRAM_1R1W      |        1|  0|   0|    0|    32|   32|     1|         1024|
    |result_tile_5_U      |result_tile_RAM_2P_BRAM_1R1W      |        1|  0|   0|    0|    32|   32|     1|         1024|
    |result_tile_6_U      |result_tile_RAM_2P_BRAM_1R1W      |        1|  0|   0|    0|    32|   32|     1|         1024|
    |result_tile_7_U      |result_tile_RAM_2P_BRAM_1R1W      |        1|  0|   0|    0|    32|   32|     1|         1024|
    |result_tile_8_U      |result_tile_RAM_2P_BRAM_1R1W      |        1|  0|   0|    0|    32|   32|     1|         1024|
    |result_tile_9_U      |result_tile_RAM_2P_BRAM_1R1W      |        1|  0|   0|    0|    32|   32|     1|         1024|
    |result_tile_10_U     |result_tile_RAM_2P_BRAM_1R1W      |        1|  0|   0|    0|    32|   32|     1|         1024|
    |result_tile_11_U     |result_tile_RAM_2P_BRAM_1R1W      |        1|  0|   0|    0|    32|   32|     1|         1024|
    |result_tile_12_U     |result_tile_RAM_2P_BRAM_1R1W      |        1|  0|   0|    0|    32|   32|     1|         1024|
    |result_tile_13_U     |result_tile_RAM_2P_BRAM_1R1W      |        1|  0|   0|    0|    32|   32|     1|         1024|
    |result_tile_14_U     |result_tile_RAM_2P_BRAM_1R1W      |        1|  0|   0|    0|    32|   32|     1|         1024|
    |result_tile_15_U     |result_tile_RAM_2P_BRAM_1R1W      |        1|  0|   0|    0|    32|   32|     1|         1024|
    |weight_tile_U        |weight_tile_RAM_2P_URAM_1R1W      |        0|  0|   0|    2|  2152|  128|     1|       275456|
    |weight_tile_1_U      |weight_tile_RAM_2P_URAM_1R1W      |        0|  0|   0|    2|  2152|  128|     1|       275456|
    |weight_tile_2_U      |weight_tile_RAM_2P_URAM_1R1W      |        0|  0|   0|    2|  2152|  128|     1|       275456|
    |weight_tile_3_U      |weight_tile_RAM_2P_URAM_1R1W      |        0|  0|   0|    2|  2152|  128|     1|       275456|
    +---------------------+----------------------------------+---------+---+----+-----+------+-----+------+-------------+
    |Total                |                                  |       16|  0|   0|   40| 26336| 2048|    24|      5525504|
    +---------------------+----------------------------------+---------+---+----+-----+------+-----+------+-------------+

    * FIFO: 
    N/A

    * Expression: 
    +----------------------------------+----------+----+---+----+------------+------------+
    |           Variable Name          | Operation| DSP| FF| LUT| Bitwidth P0| Bitwidth P1|
    +----------------------------------+----------+----+---+----+------------+------------+
    |add_ln138_fu_1653_p2              |         +|   0|  0|  25|          18|          18|
    |add_ln165_1_fu_1541_p2            |         +|   0|  0|  14|           7|           1|
    |add_ln165_2_fu_1535_p2            |         +|   0|  0|  31|          24|          18|
    |add_ln165_fu_1550_p2              |         +|   0|  0|  71|          64|          64|
    |add_ln166_fu_1587_p2              |         +|   0|  0|  13|           6|           1|
    |add_ln80_fu_1688_p2               |         +|   0|  0|  12|           5|           3|
    |add_ln81_fu_2062_p2               |         +|   0|  0|  13|           6|           3|
    |ap_block_state3_io                |       and|   0|  0|   2|           1|           1|
    |icmp_ln165_fu_1526_p2             |      icmp|   0|  0|  14|           7|           7|
    |icmp_ln166_fu_1581_p2             |      icmp|   0|  0|  13|           6|           6|
    |ap_block_state21_on_subcall_done  |        or|   0|  0|   2|           1|           1|
    +----------------------------------+----------+----+---+----+------------+------------+
    |Total                             |          |   0|  0| 210|         145|         123|
    +----------------------------------+----------+----+---+----+------------+------------+

    * Multiplexer: 
    +-------------------------------+-----+-----------+-----+-----------+
    |              Name             | LUT | Input Size| Bits| Total Bits|
    +-------------------------------+-----+-----------+-----+-----------+
    |activation_tile_1_ce0          |    9|          2|    1|          2|
    |activation_tile_1_ce1          |    9|          2|    1|          2|
    |activation_tile_1_we1          |    9|          2|    1|          2|
    |activation_tile_2_ce0          |    9|          2|    1|          2|
    |activation_tile_2_ce1          |    9|          2|    1|          2|
    |activation_tile_2_we1          |    9|          2|    1|          2|
    |activation_tile_3_ce0          |    9|          2|    1|          2|
    |activation_tile_3_ce1          |    9|          2|    1|          2|
    |activation_tile_3_we1          |    9|          2|    1|          2|
    |activation_tile_ce0            |    9|          2|    1|          2|
    |activation_tile_ce1            |    9|          2|    1|          2|
    |activation_tile_we1            |    9|          2|    1|          2|
    |ap_NS_fsm                      |  269|         63|    1|         63|
    |gmem_w_0_ARADDR                |   14|          3|   64|        192|
    |gmem_w_0_ARLEN                 |   14|          3|   32|         96|
    |gmem_w_0_ARVALID               |   14|          3|    1|          3|
    |gmem_w_0_RREADY                |    9|          2|    1|          2|
    |gmem_w_blk_n_AR                |    9|          2|    1|          2|
    |gmem_x_0_ARADDR                |   14|          3|   64|        192|
    |gmem_x_0_ARLEN                 |   14|          3|   32|         96|
    |gmem_x_0_ARVALID               |   14|          3|    1|          3|
    |gmem_x_0_RREADY                |    9|          2|    1|          2|
    |gmem_x_blk_n_AR                |    9|          2|    1|          2|
    |gmem_y_0_AWVALID               |    9|          2|    1|          2|
    |gmem_y_0_BREADY                |    9|          2|    1|          2|
    |gmem_y_0_WVALID                |    9|          2|    1|          2|
    |grp_fu_1293_p0                 |   26|          5|   32|        160|
    |grp_fu_1293_p1                 |   43|          8|   32|        256|
    |grp_fu_1298_p0                 |   26|          5|   32|        160|
    |grp_fu_1298_p1                 |   43|          8|   32|        256|
    |grp_fu_1303_p0                 |   26|          5|   32|        160|
    |grp_fu_1303_p1                 |   43|          8|   32|        256|
    |grp_fu_1308_p0                 |   26|          5|   32|        160|
    |grp_fu_1308_p1                 |   43|          8|   32|        256|
    |grp_fu_1313_p0                 |   14|          3|   32|         96|
    |grp_fu_1313_p1                 |   26|          5|   32|        160|
    |grp_fu_1318_p0                 |   14|          3|   32|         96|
    |grp_fu_1318_p1                 |   26|          5|   32|        160|
    |grp_fu_1323_p0                 |   14|          3|   32|         96|
    |grp_fu_1323_p1                 |   26|          5|   32|        160|
    |grp_fu_1328_p0                 |   14|          3|   32|         96|
    |grp_fu_1328_p1                 |   26|          5|   32|        160|
    |grp_fu_1333_p0                 |   14|          3|   32|         96|
    |grp_fu_1333_p1                 |   26|          5|   32|        160|
    |grp_fu_1338_p0                 |   14|          3|   32|         96|
    |grp_fu_1338_p1                 |   26|          5|   32|        160|
    |grp_fu_1343_p0                 |   14|          3|   32|         96|
    |grp_fu_1343_p1                 |   26|          5|   32|        160|
    |grp_fu_1348_p0                 |   14|          3|   32|         96|
    |grp_fu_1348_p1                 |   26|          5|   32|        160|
    |indvar5_reg_1132               |    9|          2|    6|         12|
    |indvar_fu_200                  |    9|          2|    7|         14|
    |mb_reg_1144                    |    9|          2|    5|         10|
    |nb_reg_1156                    |    9|          2|    6|         12|
    |phi_mul_fu_196                 |    9|          2|   24|         48|
    |result_tile_10_address1_local  |   26|          5|    5|         25|
    |result_tile_10_ce0             |    9|          2|    1|          2|
    |result_tile_10_d1_local        |   26|          5|   32|        160|
    |result_tile_11_address1_local  |   26|          5|    5|         25|
    |result_tile_11_ce0             |    9|          2|    1|          2|
    |result_tile_11_d1_local        |   26|          5|   32|        160|
    |result_tile_12_address1_local  |   26|          5|    5|         25|
    |result_tile_12_ce0             |    9|          2|    1|          2|
    |result_tile_12_d1_local        |   20|          4|   32|        128|
    |result_tile_13_address1_local  |   26|          5|    5|         25|
    |result_tile_13_ce0             |    9|          2|    1|          2|
    |result_tile_13_d1_local        |   26|          5|   32|        160|
    |result_tile_14_address1_local  |   26|          5|    5|         25|
    |result_tile_14_ce0             |    9|          2|    1|          2|
    |result_tile_14_d1_local        |   26|          5|   32|        160|
    |result_tile_15_address1_local  |   26|          5|    5|         25|
    |result_tile_15_ce0             |    9|          2|    1|          2|
    |result_tile_15_d1_local        |   26|          5|   32|        160|
    |result_tile_1_address1_local   |   26|          5|    5|         25|
    |result_tile_1_ce0              |    9|          2|    1|          2|
    |result_tile_1_d1_local         |   26|          5|   32|        160|
    |result_tile_2_address1_local   |   26|          5|    5|         25|
    |result_tile_2_ce0              |    9|          2|    1|          2|
    |result_tile_2_d1_local         |   26|          5|   32|        160|
    |result_tile_3_address1_local   |   26|          5|    5|         25|
    |result_tile_3_ce0              |    9|          2|    1|          2|
    |result_tile_3_d1_local         |   26|          5|   32|        160|
    |result_tile_4_address1_local   |   26|          5|    5|         25|
    |result_tile_4_ce0              |    9|          2|    1|          2|
    |result_tile_4_d1_local         |   20|          4|   32|        128|
    |result_tile_5_address1_local   |   26|          5|    5|         25|
    |result_tile_5_ce0              |    9|          2|    1|          2|
    |result_tile_5_d1_local         |   26|          5|   32|        160|
    |result_tile_6_address1_local   |   26|          5|    5|         25|
    |result_tile_6_ce0              |    9|          2|    1|          2|
    |result_tile_6_d1_local         |   26|          5|   32|        160|
    |result_tile_7_address1_local   |   26|          5|    5|         25|
    |result_tile_7_ce0              |    9|          2|    1|          2|
    |result_tile_7_d1_local         |   26|          5|   32|        160|
    |result_tile_8_address1_local   |   26|          5|    5|         25|
    |result_tile_8_ce0              |    9|          2|    1|          2|
    |result_tile_8_d1_local         |   20|          4|   32|        128|
    |result_tile_9_address1_local   |   26|          5|    5|         25|
    |result_tile_9_ce0              |    9|          2|    1|          2|
    |result_tile_9_d1_local         |   26|          5|   32|        160|
    |result_tile_address1_local     |   26|          5|    5|         25|
    |result_tile_ce0                |    9|          2|    1|          2|
    |result_tile_d1_local           |   20|          4|   32|        128|
    |weight_tile_1_ce0              |    9|          2|    1|          2|
    |weight_tile_1_ce1              |    9|          2|    1|          2|
    |weight_tile_1_we1              |    9|          2|    1|          2|
    |weight_tile_2_ce0              |    9|          2|    1|          2|
    |weight_tile_2_ce1              |    9|          2|    1|          2|
    |weight_tile_2_we1              |    9|          2|    1|          2|
    |weight_tile_3_ce0              |    9|          2|    1|          2|
    |weight_tile_3_ce1              |    9|          2|    1|          2|
    |weight_tile_3_we1              |    9|          2|    1|          2|
    |weight_tile_ce0                |    9|          2|    1|          2|
    |weight_tile_ce1                |    9|          2|    1|          2|
    |weight_tile_we1                |    9|          2|    1|          2|
    +-------------------------------+-----+-----------+-----+-----------+
    |Total                          | 2225|        457| 1650|       7379|
    +-------------------------------+-----+-----------+-----+-----------+

    * Register: 
    +-----------------------------------------------------------------------------------+----+----+-----+-----------+
    |                                        Name                                       | FF | LUT| Bits| Const Bits|
    +-----------------------------------------------------------------------------------+----+----+-----+-----------+
    |add_ln138_reg_2539                                                                 |   9|   0|   18|          9|
    |add_ln165_1_reg_2498                                                               |   7|   0|    7|          0|
    |add_ln165_2_reg_2493                                                               |  24|   0|   24|          0|
    |add_ln166_reg_2522                                                                 |   6|   0|    6|          0|
    |ap_CS_fsm                                                                          |  62|   0|   62|          0|
    |gmem_w_addr_reg_2514                                                               |  64|   0|   64|          0|
    |gmem_x_addr_reg_2481                                                               |  64|   0|   64|          0|
    |grp_vision_gemm_Pipeline_VITIS_LOOP_138_17_VITIS_LOOP_139_18_fu_1190_ap_start_reg  |   1|   0|    1|          0|
    |grp_vision_gemm_Pipeline_VITIS_LOOP_63_1_VITIS_LOOP_64_2_fu_1168_ap_start_reg      |   1|   0|    1|          0|
    |grp_vision_gemm_Pipeline_VITIS_LOOP_70_3_VITIS_LOOP_71_4_fu_1179_ap_start_reg      |   1|   0|    1|          0|
    |grp_vision_gemm_Pipeline_VITIS_LOOP_97_10_fu_1215_ap_start_reg                     |   1|   0|    1|          0|
    |icmp_ln165_reg_2489                                                                |   1|   0|    1|          0|
    |indvar5_reg_1132                                                                   |   6|   0|    6|          0|
    |indvar_fu_200                                                                      |   7|   0|    7|          0|
    |mb_reg_1144                                                                        |   5|   0|    5|          0|
    |mul_ln110_reg_2534                                                                 |  11|   0|   11|          0|
    |mul_ln97_reg_2553                                                                  |  12|   0|   12|          0|
    |nb_reg_1156                                                                        |   6|   0|    6|          0|
    |output_f32_packed_read_reg_2082                                                    |  64|   0|   64|          0|
    |p_cast1_reg_2503                                                                   |  60|   0|   60|          0|
    |p_cast_reg_2476                                                                    |  59|   0|   59|          0|
    |phi_mul_fu_196                                                                     |  24|   0|   24|          0|
    |reg_1353                                                                           |  32|   0|   32|          0|
    |reg_1362                                                                           |  32|   0|   32|          0|
    |reg_1375                                                                           |  32|   0|   32|          0|
    |reg_1388                                                                           |  32|   0|   32|          0|
    |reg_1401                                                                           |  32|   0|   32|          0|
    |reg_1406                                                                           |  32|   0|   32|          0|
    |reg_1411                                                                           |  32|   0|   32|          0|
    |reg_1416                                                                           |  32|   0|   32|          0|
    |reg_1421                                                                           |  32|   0|   32|          0|
    |reg_1430                                                                           |  32|   0|   32|          0|
    |reg_1439                                                                           |  32|   0|   32|          0|
    |reg_1448                                                                           |  32|   0|   32|          0|
    |reg_1457                                                                           |  32|   0|   32|          0|
    |reg_1466                                                                           |  32|   0|   32|          0|
    |reg_1475                                                                           |  32|   0|   32|          0|
    |reg_1484                                                                           |  32|   0|   32|          0|
    |result_tile_10_addr_1_reg_2885                                                     |   4|   0|    5|          1|
    |result_tile_10_addr_2_reg_2905                                                     |   3|   0|    5|          2|
    |result_tile_10_addr_3_reg_2925                                                     |   3|   0|    5|          2|
    |result_tile_11_addr_1_reg_2945                                                     |   4|   0|    5|          1|
    |result_tile_11_addr_2_reg_2965                                                     |   3|   0|    5|          2|
    |result_tile_11_addr_3_reg_2985                                                     |   3|   0|    5|          2|
    |result_tile_12_addr_1_reg_2770                                                     |   4|   0|    5|          1|
    |result_tile_12_addr_2_reg_2790                                                     |   3|   0|    5|          2|
    |result_tile_12_addr_3_reg_2810                                                     |   3|   0|    5|          2|
    |result_tile_13_addr_1_reg_2830                                                     |   4|   0|    5|          1|
    |result_tile_13_addr_2_reg_2850                                                     |   3|   0|    5|          2|
    |result_tile_13_addr_3_reg_2870                                                     |   3|   0|    5|          2|
    |result_tile_14_addr_1_reg_2890                                                     |   4|   0|    5|          1|
    |result_tile_14_addr_2_reg_2910                                                     |   3|   0|    5|          2|
    |result_tile_14_addr_3_reg_2930                                                     |   3|   0|    5|          2|
    |result_tile_15_addr_1_reg_2950                                                     |   4|   0|    5|          1|
    |result_tile_15_addr_2_reg_2970                                                     |   3|   0|    5|          2|
    |result_tile_15_addr_3_reg_2990                                                     |   3|   0|    5|          2|
    |result_tile_1_addr_1_reg_2815                                                      |   4|   0|    5|          1|
    |result_tile_1_addr_2_reg_2835                                                      |   3|   0|    5|          2|
    |result_tile_1_addr_3_reg_2855                                                      |   3|   0|    5|          2|
    |result_tile_2_addr_1_reg_2875                                                      |   4|   0|    5|          1|
    |result_tile_2_addr_2_reg_2895                                                      |   3|   0|    5|          2|
    |result_tile_2_addr_3_reg_2915                                                      |   3|   0|    5|          2|
    |result_tile_3_addr_1_reg_2935                                                      |   4|   0|    5|          1|
    |result_tile_3_addr_2_reg_2955                                                      |   3|   0|    5|          2|
    |result_tile_3_addr_3_reg_2975                                                      |   3|   0|    5|          2|
    |result_tile_4_addr_1_reg_2760                                                      |   4|   0|    5|          1|
    |result_tile_4_addr_2_reg_2780                                                      |   3|   0|    5|          2|
    |result_tile_4_addr_3_reg_2800                                                      |   3|   0|    5|          2|
    |result_tile_5_addr_1_reg_2820                                                      |   4|   0|    5|          1|
    |result_tile_5_addr_2_reg_2840                                                      |   3|   0|    5|          2|
    |result_tile_5_addr_3_reg_2860                                                      |   3|   0|    5|          2|
    |result_tile_6_addr_1_reg_2880                                                      |   4|   0|    5|          1|
    |result_tile_6_addr_2_reg_2900                                                      |   3|   0|    5|          2|
    |result_tile_6_addr_3_reg_2920                                                      |   3|   0|    5|          2|
    |result_tile_7_addr_1_reg_2940                                                      |   4|   0|    5|          1|
    |result_tile_7_addr_2_reg_2960                                                      |   3|   0|    5|          2|
    |result_tile_7_addr_3_reg_2980                                                      |   3|   0|    5|          2|
    |result_tile_8_addr_1_reg_2765                                                      |   4|   0|    5|          1|
    |result_tile_8_addr_2_reg_2785                                                      |   3|   0|    5|          2|
    |result_tile_8_addr_3_reg_2805                                                      |   3|   0|    5|          2|
    |result_tile_9_addr_1_reg_2825                                                      |   4|   0|    5|          1|
    |result_tile_9_addr_2_reg_2845                                                      |   3|   0|    5|          2|
    |result_tile_9_addr_3_reg_2865                                                      |   3|   0|    5|          2|
    |result_tile_addr_1_reg_2755                                                        |   4|   0|    5|          1|
    |result_tile_addr_2_reg_2775                                                        |   3|   0|    5|          2|
    |result_tile_addr_3_reg_2795                                                        |   3|   0|    5|          2|
    |shl_ln_reg_2509                                                                    |   7|   0|    8|          1|
    |tmp_2_reg_2547                                                                     |   3|   0|    3|          0|
    |trunc_ln80_reg_2530                                                                |   4|   0|    4|          0|
    |weights_f16_packed_read_reg_2087                                                   |  64|   0|   64|          0|
    +-----------------------------------------------------------------------------------+----+----+-----+-----------+
    |Total                                                                              |1245|   0| 1335|         90|
    +-----------------------------------------------------------------------------------+----+----+-----+-----------+



================================================================
== Interface
================================================================
* Summary: 
+-----------------------+-----+-----+------------+--------------+--------------+
|       RTL Ports       | Dir | Bits|  Protocol  | Source Object|    C Type    |
+-----------------------+-----+-----+------------+--------------+--------------+
|s_axi_control_AWVALID  |   in|    1|       s_axi|       control|        scalar|
|s_axi_control_AWREADY  |  out|    1|       s_axi|       control|        scalar|
|s_axi_control_AWADDR   |   in|    6|       s_axi|       control|        scalar|
|s_axi_control_WVALID   |   in|    1|       s_axi|       control|        scalar|
|s_axi_control_WREADY   |  out|    1|       s_axi|       control|        scalar|
|s_axi_control_WDATA    |   in|   32|       s_axi|       control|        scalar|
|s_axi_control_WSTRB    |   in|    4|       s_axi|       control|        scalar|
|s_axi_control_ARVALID  |   in|    1|       s_axi|       control|        scalar|
|s_axi_control_ARREADY  |  out|    1|       s_axi|       control|        scalar|
|s_axi_control_ARADDR   |   in|    6|       s_axi|       control|        scalar|
|s_axi_control_RVALID   |  out|    1|       s_axi|       control|        scalar|
|s_axi_control_RREADY   |   in|    1|       s_axi|       control|        scalar|
|s_axi_control_RDATA    |  out|   32|       s_axi|       control|        scalar|
|s_axi_control_RRESP    |  out|    2|       s_axi|       control|        scalar|
|s_axi_control_BVALID   |  out|    1|       s_axi|       control|        scalar|
|s_axi_control_BREADY   |   in|    1|       s_axi|       control|        scalar|
|s_axi_control_BRESP    |  out|    2|       s_axi|       control|        scalar|
|ap_clk                 |   in|    1|  ap_ctrl_hs|   vision_gemm|  return value|
|ap_rst_n               |   in|    1|  ap_ctrl_hs|   vision_gemm|  return value|
|interrupt              |  out|    1|  ap_ctrl_hs|   vision_gemm|  return value|
|m_axi_gmem_w_AWVALID   |  out|    1|       m_axi|        gmem_w|       pointer|
|m_axi_gmem_w_AWREADY   |   in|    1|       m_axi|        gmem_w|       pointer|
|m_axi_gmem_w_AWADDR    |  out|   64|       m_axi|        gmem_w|       pointer|
|m_axi_gmem_w_AWID      |  out|    1|       m_axi|        gmem_w|       pointer|
|m_axi_gmem_w_AWLEN     |  out|    8|       m_axi|        gmem_w|       pointer|
|m_axi_gmem_w_AWSIZE    |  out|    3|       m_axi|        gmem_w|       pointer|
|m_axi_gmem_w_AWBURST   |  out|    2|       m_axi|        gmem_w|       pointer|
|m_axi_gmem_w_AWLOCK    |  out|    2|       m_axi|        gmem_w|       pointer|
|m_axi_gmem_w_AWCACHE   |  out|    4|       m_axi|        gmem_w|       pointer|
|m_axi_gmem_w_AWPROT    |  out|    3|       m_axi|        gmem_w|       pointer|
|m_axi_gmem_w_AWQOS     |  out|    4|       m_axi|        gmem_w|       pointer|
|m_axi_gmem_w_AWREGION  |  out|    4|       m_axi|        gmem_w|       pointer|
|m_axi_gmem_w_AWUSER    |  out|    1|       m_axi|        gmem_w|       pointer|
|m_axi_gmem_w_WVALID    |  out|    1|       m_axi|        gmem_w|       pointer|
|m_axi_gmem_w_WREADY    |   in|    1|       m_axi|        gmem_w|       pointer|
|m_axi_gmem_w_WDATA     |  out|  128|       m_axi|        gmem_w|       pointer|
|m_axi_gmem_w_WSTRB     |  out|   16|       m_axi|        gmem_w|       pointer|
|m_axi_gmem_w_WLAST     |  out|    1|       m_axi|        gmem_w|       pointer|
|m_axi_gmem_w_WID       |  out|    1|       m_axi|        gmem_w|       pointer|
|m_axi_gmem_w_WUSER     |  out|    1|       m_axi|        gmem_w|       pointer|
|m_axi_gmem_w_ARVALID   |  out|    1|       m_axi|        gmem_w|       pointer|
|m_axi_gmem_w_ARREADY   |   in|    1|       m_axi|        gmem_w|       pointer|
|m_axi_gmem_w_ARADDR    |  out|   64|       m_axi|        gmem_w|       pointer|
|m_axi_gmem_w_ARID      |  out|    1|       m_axi|        gmem_w|       pointer|
|m_axi_gmem_w_ARLEN     |  out|    8|       m_axi|        gmem_w|       pointer|
|m_axi_gmem_w_ARSIZE    |  out|    3|       m_axi|        gmem_w|       pointer|
|m_axi_gmem_w_ARBURST   |  out|    2|       m_axi|        gmem_w|       pointer|
|m_axi_gmem_w_ARLOCK    |  out|    2|       m_axi|        gmem_w|       pointer|
|m_axi_gmem_w_ARCACHE   |  out|    4|       m_axi|        gmem_w|       pointer|
|m_axi_gmem_w_ARPROT    |  out|    3|       m_axi|        gmem_w|       pointer|
|m_axi_gmem_w_ARQOS     |  out|    4|       m_axi|        gmem_w|       pointer|
|m_axi_gmem_w_ARREGION  |  out|    4|       m_axi|        gmem_w|       pointer|
|m_axi_gmem_w_ARUSER    |  out|    1|       m_axi|        gmem_w|       pointer|
|m_axi_gmem_w_RVALID    |   in|    1|       m_axi|        gmem_w|       pointer|
|m_axi_gmem_w_RREADY    |  out|    1|       m_axi|        gmem_w|       pointer|
|m_axi_gmem_w_RDATA     |   in|  128|       m_axi|        gmem_w|       pointer|
|m_axi_gmem_w_RLAST     |   in|    1|       m_axi|        gmem_w|       pointer|
|m_axi_gmem_w_RID       |   in|    1|       m_axi|        gmem_w|       pointer|
|m_axi_gmem_w_RUSER     |   in|    1|       m_axi|        gmem_w|       pointer|
|m_axi_gmem_w_RRESP     |   in|    2|       m_axi|        gmem_w|       pointer|
|m_axi_gmem_w_BVALID    |   in|    1|       m_axi|        gmem_w|       pointer|
|m_axi_gmem_w_BREADY    |  out|    1|       m_axi|        gmem_w|       pointer|
|m_axi_gmem_w_BRESP     |   in|    2|       m_axi|        gmem_w|       pointer|
|m_axi_gmem_w_BID       |   in|    1|       m_axi|        gmem_w|       pointer|
|m_axi_gmem_w_BUSER     |   in|    1|       m_axi|        gmem_w|       pointer|
|m_axi_gmem_x_AWVALID   |  out|    1|       m_axi|        gmem_x|       pointer|
|m_axi_gmem_x_AWREADY   |   in|    1|       m_axi|        gmem_x|       pointer|
|m_axi_gmem_x_AWADDR    |  out|   64|       m_axi|        gmem_x|       pointer|
|m_axi_gmem_x_AWID      |  out|    1|       m_axi|        gmem_x|       pointer|
|m_axi_gmem_x_AWLEN     |  out|    8|       m_axi|        gmem_x|       pointer|
|m_axi_gmem_x_AWSIZE    |  out|    3|       m_axi|        gmem_x|       pointer|
|m_axi_gmem_x_AWBURST   |  out|    2|       m_axi|        gmem_x|       pointer|
|m_axi_gmem_x_AWLOCK    |  out|    2|       m_axi|        gmem_x|       pointer|
|m_axi_gmem_x_AWCACHE   |  out|    4|       m_axi|        gmem_x|       pointer|
|m_axi_gmem_x_AWPROT    |  out|    3|       m_axi|        gmem_x|       pointer|
|m_axi_gmem_x_AWQOS     |  out|    4|       m_axi|        gmem_x|       pointer|
|m_axi_gmem_x_AWREGION  |  out|    4|       m_axi|        gmem_x|       pointer|
|m_axi_gmem_x_AWUSER    |  out|    1|       m_axi|        gmem_x|       pointer|
|m_axi_gmem_x_WVALID    |  out|    1|       m_axi|        gmem_x|       pointer|
|m_axi_gmem_x_WREADY    |   in|    1|       m_axi|        gmem_x|       pointer|
|m_axi_gmem_x_WDATA     |  out|  256|       m_axi|        gmem_x|       pointer|
|m_axi_gmem_x_WSTRB     |  out|   32|       m_axi|        gmem_x|       pointer|
|m_axi_gmem_x_WLAST     |  out|    1|       m_axi|        gmem_x|       pointer|
|m_axi_gmem_x_WID       |  out|    1|       m_axi|        gmem_x|       pointer|
|m_axi_gmem_x_WUSER     |  out|    1|       m_axi|        gmem_x|       pointer|
|m_axi_gmem_x_ARVALID   |  out|    1|       m_axi|        gmem_x|       pointer|
|m_axi_gmem_x_ARREADY   |   in|    1|       m_axi|        gmem_x|       pointer|
|m_axi_gmem_x_ARADDR    |  out|   64|       m_axi|        gmem_x|       pointer|
|m_axi_gmem_x_ARID      |  out|    1|       m_axi|        gmem_x|       pointer|
|m_axi_gmem_x_ARLEN     |  out|    8|       m_axi|        gmem_x|       pointer|
|m_axi_gmem_x_ARSIZE    |  out|    3|       m_axi|        gmem_x|       pointer|
|m_axi_gmem_x_ARBURST   |  out|    2|       m_axi|        gmem_x|       pointer|
|m_axi_gmem_x_ARLOCK    |  out|    2|       m_axi|        gmem_x|       pointer|
|m_axi_gmem_x_ARCACHE   |  out|    4|       m_axi|        gmem_x|       pointer|
|m_axi_gmem_x_ARPROT    |  out|    3|       m_axi|        gmem_x|       pointer|
|m_axi_gmem_x_ARQOS     |  out|    4|       m_axi|        gmem_x|       pointer|
|m_axi_gmem_x_ARREGION  |  out|    4|       m_axi|        gmem_x|       pointer|
|m_axi_gmem_x_ARUSER    |  out|    1|       m_axi|        gmem_x|       pointer|
|m_axi_gmem_x_RVALID    |   in|    1|       m_axi|        gmem_x|       pointer|
|m_axi_gmem_x_RREADY    |  out|    1|       m_axi|        gmem_x|       pointer|
|m_axi_gmem_x_RDATA     |   in|  256|       m_axi|        gmem_x|       pointer|
|m_axi_gmem_x_RLAST     |   in|    1|       m_axi|        gmem_x|       pointer|
|m_axi_gmem_x_RID       |   in|    1|       m_axi|        gmem_x|       pointer|
|m_axi_gmem_x_RUSER     |   in|    1|       m_axi|        gmem_x|       pointer|
|m_axi_gmem_x_RRESP     |   in|    2|       m_axi|        gmem_x|       pointer|
|m_axi_gmem_x_BVALID    |   in|    1|       m_axi|        gmem_x|       pointer|
|m_axi_gmem_x_BREADY    |  out|    1|       m_axi|        gmem_x|       pointer|
|m_axi_gmem_x_BRESP     |   in|    2|       m_axi|        gmem_x|       pointer|
|m_axi_gmem_x_BID       |   in|    1|       m_axi|        gmem_x|       pointer|
|m_axi_gmem_x_BUSER     |   in|    1|       m_axi|        gmem_x|       pointer|
|m_axi_gmem_y_AWVALID   |  out|    1|       m_axi|        gmem_y|       pointer|
|m_axi_gmem_y_AWREADY   |   in|    1|       m_axi|        gmem_y|       pointer|
|m_axi_gmem_y_AWADDR    |  out|   64|       m_axi|        gmem_y|       pointer|
|m_axi_gmem_y_AWID      |  out|    1|       m_axi|        gmem_y|       pointer|
|m_axi_gmem_y_AWLEN     |  out|    8|       m_axi|        gmem_y|       pointer|
|m_axi_gmem_y_AWSIZE    |  out|    3|       m_axi|        gmem_y|       pointer|
|m_axi_gmem_y_AWBURST   |  out|    2|       m_axi|        gmem_y|       pointer|
|m_axi_gmem_y_AWLOCK    |  out|    2|       m_axi|        gmem_y|       pointer|
|m_axi_gmem_y_AWCACHE   |  out|    4|       m_axi|        gmem_y|       pointer|
|m_axi_gmem_y_AWPROT    |  out|    3|       m_axi|        gmem_y|       pointer|
|m_axi_gmem_y_AWQOS     |  out|    4|       m_axi|        gmem_y|       pointer|
|m_axi_gmem_y_AWREGION  |  out|    4|       m_axi|        gmem_y|       pointer|
|m_axi_gmem_y_AWUSER    |  out|    1|       m_axi|        gmem_y|       pointer|
|m_axi_gmem_y_WVALID    |  out|    1|       m_axi|        gmem_y|       pointer|
|m_axi_gmem_y_WREADY    |   in|    1|       m_axi|        gmem_y|       pointer|
|m_axi_gmem_y_WDATA     |  out|  256|       m_axi|        gmem_y|       pointer|
|m_axi_gmem_y_WSTRB     |  out|   32|       m_axi|        gmem_y|       pointer|
|m_axi_gmem_y_WLAST     |  out|    1|       m_axi|        gmem_y|       pointer|
|m_axi_gmem_y_WID       |  out|    1|       m_axi|        gmem_y|       pointer|
|m_axi_gmem_y_WUSER     |  out|    1|       m_axi|        gmem_y|       pointer|
|m_axi_gmem_y_ARVALID   |  out|    1|       m_axi|        gmem_y|       pointer|
|m_axi_gmem_y_ARREADY   |   in|    1|       m_axi|        gmem_y|       pointer|
|m_axi_gmem_y_ARADDR    |  out|   64|       m_axi|        gmem_y|       pointer|
|m_axi_gmem_y_ARID      |  out|    1|       m_axi|        gmem_y|       pointer|
|m_axi_gmem_y_ARLEN     |  out|    8|       m_axi|        gmem_y|       pointer|
|m_axi_gmem_y_ARSIZE    |  out|    3|       m_axi|        gmem_y|       pointer|
|m_axi_gmem_y_ARBURST   |  out|    2|       m_axi|        gmem_y|       pointer|
|m_axi_gmem_y_ARLOCK    |  out|    2|       m_axi|        gmem_y|       pointer|
|m_axi_gmem_y_ARCACHE   |  out|    4|       m_axi|        gmem_y|       pointer|
|m_axi_gmem_y_ARPROT    |  out|    3|       m_axi|        gmem_y|       pointer|
|m_axi_gmem_y_ARQOS     |  out|    4|       m_axi|        gmem_y|       pointer|
|m_axi_gmem_y_ARREGION  |  out|    4|       m_axi|        gmem_y|       pointer|
|m_axi_gmem_y_ARUSER    |  out|    1|       m_axi|        gmem_y|       pointer|
|m_axi_gmem_y_RVALID    |   in|    1|       m_axi|        gmem_y|       pointer|
|m_axi_gmem_y_RREADY    |  out|    1|       m_axi|        gmem_y|       pointer|
|m_axi_gmem_y_RDATA     |   in|  256|       m_axi|        gmem_y|       pointer|
|m_axi_gmem_y_RLAST     |   in|    1|       m_axi|        gmem_y|       pointer|
|m_axi_gmem_y_RID       |   in|    1|       m_axi|        gmem_y|       pointer|
|m_axi_gmem_y_RUSER     |   in|    1|       m_axi|        gmem_y|       pointer|
|m_axi_gmem_y_RRESP     |   in|    2|       m_axi|        gmem_y|       pointer|
|m_axi_gmem_y_BVALID    |   in|    1|       m_axi|        gmem_y|       pointer|
|m_axi_gmem_y_BREADY    |  out|    1|       m_axi|        gmem_y|       pointer|
|m_axi_gmem_y_BRESP     |   in|    2|       m_axi|        gmem_y|       pointer|
|m_axi_gmem_y_BID       |   in|    1|       m_axi|        gmem_y|       pointer|
|m_axi_gmem_y_BUSER     |   in|    1|       m_axi|        gmem_y|       pointer|
+-----------------------+-----+-----+------------+--------------+--------------+

