Copyright 1986-2022 Xilinx, Inc. All Rights Reserved. Copyright 2022-2024 Advanced Micro Devices, Inc. All Rights Reserved.
---------------------------------------------------------------------------------------------------------------------------------------------------
| Tool Version : Vivado v.2024.2 (lin64) Build 5239630 Fri Nov 08 22:34:34 MST 2024
| Date         : Thu Sep 24 19:02:42 2026
| Host         : zhiro-ThinkBook-16p-G5-IRX running 64-bit Ubuntu 24.04.5 LTS
| Command      : report_utilization -file kv260_rm04_dynamic8_wrapper_utilization_placed.rpt -pb kv260_rm04_dynamic8_wrapper_utilization_placed.pb
| Design       : kv260_rm04_dynamic8_wrapper
| Device       : xck26-sfvc784-2LV-c
| Speed File   : -2LV
| Design State : Fully Placed
---------------------------------------------------------------------------------------------------------------------------------------------------

Utilization Design Information

Table of Contents
-----------------
1. CLB Logic
1.1 Summary of Registers by Type
2. CLB Logic Distribution
3. BLOCKRAM
4. ARITHMETIC
5. I/O
6. CLOCK
7. ADVANCED
8. CONFIGURATION
9. Primitives
10. Black Boxes
11. Instantiated Netlists

1. CLB Logic
------------

+----------------------------+-------+-------+------------+-----------+-------+
|          Site Type         |  Used | Fixed | Prohibited | Available | Util% |
+----------------------------+-------+-------+------------+-----------+-------+
| CLB LUTs                   | 24311 |     0 |          0 |    117120 | 20.76 |
|   LUT as Logic             | 21892 |     0 |          0 |    117120 | 18.69 |
|   LUT as Memory            |  2419 |     0 |          0 |     57600 |  4.20 |
|     LUT as Distributed RAM |  1590 |     0 |            |           |       |
|     LUT as Shift Register  |   829 |     0 |            |           |       |
| CLB Registers              | 30229 |     0 |          0 |    234240 | 12.91 |
|   Register as Flip Flop    | 30229 |     0 |          0 |    234240 | 12.91 |
|   Register as Latch        |     0 |     0 |          0 |    234240 |  0.00 |
| CARRY8                     |   532 |     0 |          0 |     14640 |  3.63 |
| F7 Muxes                   |  1888 |     0 |          0 |     58560 |  3.22 |
| F8 Muxes                   |   520 |     0 |          0 |     29280 |  1.78 |
| F9 Muxes                   |     0 |     0 |          0 |     14640 |  0.00 |
+----------------------------+-------+-------+------------+-----------+-------+
* Warning! LUT value is adjusted to account for LUT combining.


1.1 Summary of Registers by Type
--------------------------------

+-------+--------------+-------------+--------------+
| Total | Clock Enable | Synchronous | Asynchronous |
+-------+--------------+-------------+--------------+
| 0     |            _ |           - |            - |
| 0     |            _ |           - |          Set |
| 0     |            _ |           - |        Reset |
| 0     |            _ |         Set |            - |
| 0     |            _ |       Reset |            - |
| 0     |          Yes |           - |            - |
| 4     |          Yes |           - |          Set |
| 141   |          Yes |           - |        Reset |
| 628   |          Yes |         Set |            - |
| 29456 |          Yes |       Reset |            - |
+-------+--------------+-------------+--------------+


2. CLB Logic Distribution
-------------------------

+--------------------------------------------+-------+-------+------------+-----------+-------+
|                  Site Type                 |  Used | Fixed | Prohibited | Available | Util% |
+--------------------------------------------+-------+-------+------------+-----------+-------+
| CLB                                        |  5075 |     0 |          0 |     14640 | 34.67 |
|   CLBL                                     |  2139 |     0 |            |           |       |
|   CLBM                                     |  2936 |     0 |            |           |       |
| LUT as Logic                               | 21892 |     0 |          0 |    117120 | 18.69 |
|   using O5 output only                     |   333 |       |            |           |       |
|   using O6 output only                     | 16931 |       |            |           |       |
|   using O5 and O6                          |  4628 |       |            |           |       |
| LUT as Memory                              |  2419 |     0 |          0 |     57600 |  4.20 |
|   LUT as Distributed RAM                   |  1590 |     0 |            |           |       |
|     using O5 output only                   |     0 |       |            |           |       |
|     using O6 output only                   |    26 |       |            |           |       |
|     using O5 and O6                        |  1564 |       |            |           |       |
|   LUT as Shift Register                    |   829 |     0 |            |           |       |
|     using O5 output only                   |     0 |       |            |           |       |
|     using O6 output only                   |   715 |       |            |           |       |
|     using O5 and O6                        |   114 |       |            |           |       |
| CLB Registers                              | 30229 |     0 |          0 |    234240 | 12.91 |
|   Register driven from within the CLB      | 14507 |       |            |           |       |
|   Register driven from outside the CLB     | 15722 |       |            |           |       |
|     LUT in front of the register is unused |  8980 |       |            |           |       |
|     LUT in front of the register is used   |  6742 |       |            |           |       |
| Unique Control Sets                        |   727 |       |          0 |     29280 |  2.48 |
+--------------------------------------------+-------+-------+------------+-----------+-------+
* * Note: Available Control Sets calculated as Slices * 2, Review the Control Sets Report for more information regarding control sets.


3. BLOCKRAM
-----------

+-------------------+------+-------+------------+-----------+-------+
|     Site Type     | Used | Fixed | Prohibited | Available | Util% |
+-------------------+------+-------+------------+-----------+-------+
| Block RAM Tile    |   24 |     0 |          0 |       144 | 16.67 |
|   RAMB36/FIFO*    |   15 |     0 |          0 |       144 | 10.42 |
|     RAMB36E2 only |   15 |       |            |           |       |
|   RAMB18          |   18 |     0 |          0 |       288 |  6.25 |
|     RAMB18E2 only |   18 |       |            |           |       |
| URAM              |   24 |     0 |          0 |        64 | 37.50 |
+-------------------+------+-------+------------+-----------+-------+
* Note: Each Block RAM Tile only has one FIFO logic available and therefore can accommodate only one FIFO36E2 or one FIFO18E2. However, if a FIFO18E2 occupies a Block RAM Tile, that tile can still accommodate a RAMB18E2


4. ARITHMETIC
-------------

+----------------+------+-------+------------+-----------+-------+
|    Site Type   | Used | Fixed | Prohibited | Available | Util% |
+----------------+------+-------+------------+-----------+-------+
| DSPs           |   81 |     0 |          0 |      1248 |  6.49 |
|   DSP48E2 only |   81 |       |            |           |       |
+----------------+------+-------+------------+-----------+-------+


5. I/O
------

+------------------+------+-------+------------+-----------+-------+
|     Site Type    | Used | Fixed | Prohibited | Available | Util% |
+------------------+------+-------+------------+-----------+-------+
| Bonded IOB       |    1 |     1 |          0 |       189 |  0.53 |
| HPIOB_M          |    0 |     0 |          0 |        58 |  0.00 |
| HPIOB_S          |    0 |     0 |          0 |        58 |  0.00 |
| HDIOB_M          |    1 |     1 |          0 |        35 |  2.86 |
|   INPUT          |    0 |       |            |           |       |
|   OUTPUT         |    1 |       |            |           |       |
|   BIDIR          |    0 |       |            |           |       |
| HDIOB_S          |    0 |     0 |          0 |        35 |  0.00 |
| HPIOB_SNGL       |    0 |     0 |          0 |         3 |  0.00 |
| HPIOBDIFFINBUF   |    0 |     0 |          0 |        82 |  0.00 |
| HPIOBDIFFOUTBUF  |    0 |     0 |          0 |        82 |  0.00 |
| HDIOBDIFFINBUF   |    0 |     0 |          0 |        35 |  0.00 |
| BITSLICE_CONTROL |    0 |     0 |          0 |        32 |  0.00 |
| BITSLICE_RX_TX   |    0 |     0 |          0 |      1248 |  0.00 |
| BITSLICE_TX      |    0 |     0 |          0 |        32 |  0.00 |
| RIU_OR           |    0 |     0 |          0 |        16 |  0.00 |
+------------------+------+-------+------------+-----------+-------+


6. CLOCK
--------

+------------+------+-------+------------+-----------+-------+
|  Site Type | Used | Fixed | Prohibited | Available | Util% |
+------------+------+-------+------------+-----------+-------+
| BUFGCE     |    1 |     0 |          0 |       112 |  0.89 |
| BUFGCE_DIV |    0 |     0 |          0 |        16 |  0.00 |
| BUFG_GT    |    0 |     0 |          0 |        96 |  0.00 |
| BUFG_PS    |    1 |     0 |          0 |        96 |  1.04 |
| BUFGCTRL*  |    0 |     0 |          0 |        32 |  0.00 |
| PLL        |    0 |     0 |          0 |         8 |  0.00 |
| MMCM       |    0 |     0 |          0 |         4 |  0.00 |
+------------+------+-------+------------+-----------+-------+
* Note: Each used BUFGCTRL counts as two GLOBAL CLOCK BUFFERs. This table does not include global clocking resources, only buffer cell usage. See the Clock Utilization Report (report_clock_utilization) for detailed accounting of global clocking resource availability.


7. ADVANCED
-----------

+-----------------+------+-------+------------+-----------+--------+
|    Site Type    | Used | Fixed | Prohibited | Available |  Util% |
+-----------------+------+-------+------------+-----------+--------+
| GTHE4_CHANNEL   |    0 |     0 |          0 |         4 |   0.00 |
| GTHE4_COMMON    |    0 |     0 |          0 |         1 |   0.00 |
| OBUFDS_GTE4     |    0 |     0 |          0 |         2 |   0.00 |
| OBUFDS_GTE4_ADV |    0 |     0 |          0 |         2 |   0.00 |
| PCIE40E4        |    0 |     0 |          0 |         2 |   0.00 |
| PS8             |    1 |     0 |          0 |         1 | 100.00 |
| SYSMONE4        |    0 |     0 |          0 |         1 |   0.00 |
| VCU             |    0 |     0 |          0 |         1 |   0.00 |
+-----------------+------+-------+------------+-----------+--------+


8. CONFIGURATION
----------------

+-------------+------+-------+------------+-----------+-------+
|  Site Type  | Used | Fixed | Prohibited | Available | Util% |
+-------------+------+-------+------------+-----------+-------+
| BSCANE2     |    0 |     0 |          0 |         4 |  0.00 |
| DNA_PORTE2  |    0 |     0 |          0 |         1 |  0.00 |
| EFUSE_USR   |    0 |     0 |          0 |         1 |  0.00 |
| FRAME_ECCE4 |    0 |     0 |          0 |         1 |  0.00 |
| ICAPE3      |    0 |     0 |          0 |         2 |  0.00 |
| MASTER_JTAG |    0 |     0 |          0 |         1 |  0.00 |
| STARTUPE3   |    0 |     0 |          0 |         1 |  0.00 |
+-------------+------+-------+------------+-----------+-------+


9. Primitives
-------------

+----------+-------+---------------------+
| Ref Name |  Used | Functional Category |
+----------+-------+---------------------+
| FDRE     | 29456 |            Register |
| LUT6     | 10033 |                 CLB |
| LUT3     |  4563 |                 CLB |
| LUT4     |  4483 |                 CLB |
| LUT5     |  4302 |                 CLB |
| RAMD32   |  2744 |                 CLB |
| LUT2     |  2723 |                 CLB |
| MUXF7    |  1888 |                 CLB |
| FDSE     |   628 |            Register |
| SRLC32E  |   578 |                 CLB |
| CARRY8   |   532 |                 CLB |
| MUXF8    |   520 |                 CLB |
| LUT1     |   416 |                 CLB |
| RAMS32   |   410 |                 CLB |
| SRL16E   |   365 |                 CLB |
| FDCE     |   141 |            Register |
| DSP48E2  |    81 |          Arithmetic |
| URAM288  |    24 |            BLOCKRAM |
| RAMB18E2 |    18 |            BLOCKRAM |
| RAMB36E2 |    15 |            BLOCKRAM |
| FDPE     |     4 |            Register |
| PS8      |     1 |            Advanced |
| OBUF     |     1 |                 I/O |
| BUFG_PS  |     1 |               Clock |
| BUFGCE   |     1 |               Clock |
+----------+-------+---------------------+


10. Black Boxes
---------------

+----------+------+
| Ref Name | Used |
+----------+------+


11. Instantiated Netlists
-------------------------

+-----------------------------------------+------+
|                 Ref Name                | Used |
+-----------------------------------------+------+
| kv260_rm04_dynamic8_zynq_ultra_ps_e_0_0 |    1 |
| kv260_rm04_dynamic8_vision_gemm_0_0     |    1 |
| kv260_rm04_dynamic8_axi_smc_data_0      |    1 |
| kv260_rm04_dynamic8_axi_smc_control_0   |    1 |
| kv260_rm04_dynamic8_axi_perf_mon_0_0    |    1 |
+-----------------------------------------+------+


