diagnostics_begin_utc=2026-09-26T02:22:37Z
hostname=kria
boot_id=2a931c48-99ad-4a3f-b3e1-f42634597098
kernel=Linux kria 5.15.0-1027-xilinx-zynqmp #31-Ubuntu SMP Wed Feb 21 04:33:09 UTC 2024 aarch64 aarch64 aarch64 GNU/Linux
fclk0_driver=/sys/bus/platform/drivers/xilinx_fclk
fclk0_of_node=/sys/firmware/devicetree/base/fclk0
fclk0_rate_hz=99999999
fpga_manager=operating
starter_and_rm07_app_state_begin
                     Accelerator          Accel_type                            Base           Base_type      #slots(PL+AIE)         Active_slot

                k26-starter-kits            XRT_FLAT                k26-starter-kits            XRT_FLAT               (0+0)                  0,
          kv260-rm07-bounded-k16            XRT_FLAT          kv260-rm07-bounded-k16            XRT_FLAT               (0+0)                  -1
kv260-rm07-bounded-k16-pl0-187m5            XRT_FLATkv260-rm07-bounded-k16-pl0-187m5            XRT_FLAT               (0+0)                  -1
starter_and_rm07_app_state_end
debugfs_mount=/sys/kernel/debug debugfs rw,nosuid,nodev,noexec,relatime
clk_summary_status=READABLE
                                 enable  prepare  protect                                duty  hardware
   clock                          count    count    count        rate   accuracy phase  cycle    enable
-------------------------------------------------------------------------------------------------------
 aux_ref_clk                          0        0        0    27000000          0     0  50000         Y
 gt_crx_ref_clk                       0        0        0   108000000          0     0  50000         Y
 pss_alt_ref_clk                      0        0        0           0          0     0  50000         Y
 video_clk                            0        0        0    27000000          0     0  50000         Y
 pss_ref_clk                          3        3        3    33333333          0     0  50000         Y
    vpll_post_src                     0        0        0    33333333          0     0  50000         Y
    vpll_pre_src                      0        0        0    33333333          0     0  50000         Y
       vpll_int                       0        0        0  1559999577          0     0  50000         N
          vpll_half                   0        0        0   779999788          0     0  50000         Y
             vpll_int_mux             0        0        0   779999788          0     0  50000         Y
                vpll                  0        0        0   779999788          0     0  50000         Y
                   dp_video_ref_mux       0        0        0   779999788          0     0  50000         Y
                      dp_video_ref_div1       0        0        0    64999983          0     0  50000         Y
                         dp_video_ref_div2       0        0        0    64999983          0     0  50000         Y
                            dp_video_ref       0        0        0    64999983          0     0  50000         N
                   vpll_to_lpd        0        0        0   259999930          0     0  50000         Y
    dpll_post_src                     0        0        0    33333333          0     0  50000         Y
    dpll_pre_src                      0        0        0    33333333          0     0  50000         Y
       dpll_int                       0        0        0  2133333312          0     0  50000         Y
          dpll_half                   0        0        0  1066666656          0     0  50000         Y
             dpll_int_mux             0        0        0  1066666656          0     0  50000         Y
                dpll                  0        0        0  1066666656          0     0  50000         Y
                   pcie_ref_mux       0        0        0  1066666656          0     0  50000         Y
                      pcie_ref_div1       0        0        0    88888888          0     0  50000         Y
                         pcie_ref       0        0        0    88888888          0     0  50000         Y
                   sata_ref_mux       0        0        0  1066666656          0     0  50000         Y
                      sata_ref_div1       0        0        0    88888888          0     0  50000         Y
                         sata_ref       0        0        0    88888888          0     0  50000         Y
                   gdma_ref_mux       0        0        0  1066666656          0     0  50000         Y
                      gdma_ref_div1       0        0        0   533333328          0     0  50000         Y
                         gdma_ref       0        0        0   533333328          0     0  50000         N
                   dpll_to_lpd        0        0        0   533333328          0     0  50000         Y
    apll_post_src                     0        0        0    33333333          0     0  50000         Y
    apll_pre_src                      1        1        1    33333333          0     0  50000         Y
       apll_int                       1        1        1  2666666640          0     0  50000         Y
          apll_half                   1        1        1  1333333320          0     0  50000         Y
             apll_int_mux             1        1        1  1333333320          0     0  50000         Y
                apll                  1        1        1  1333333320          0     0  50000         Y
                   dpdma_ref_mux       1        1        1  1333333320          0     0  50000         Y
                      dpdma_ref_div1       1        1        1   444444440          0     0  50000         Y
                         dpdma_ref       1        1        1   444444440          0     0  50000         Y
                   acpu_mux           0        0        0  1333333320          0     0  50000         Y
                      acpu            0        0        0  1333333320          0     0  50000         Y
    rpll_post_src                     0        0        0    33333333          0     0  50000         Y
    rpll_pre_src                      1        1        1    33333333          0     0  50000         Y
       rpll_int                       1        1        1  2167603026          0     0  50000         Y
          rpll_half                   1        1        1  1083801513          0     0  50000         Y
             rpll_int_mux             1        1        1  1083801513          0     0  50000         Y
                rpll                  1        1        1  1083801513          0     0  50000         Y
                   rpll_to_fpd        1        1        1    22579199          0     0  50000         Y
                      dp_stc_ref_mux       0        0        0    22579199          0     0  50000         Y
                         dp_stc_ref_div1       0        0        0    22579199          0     0  50000         Y
                            dp_stc_ref_div2       0        0        0     1128960          0     0  50000         Y
                               dp_stc_ref       0        0        0     1128960          0     0  50000         Y
                      dp_audio_ref_mux       1        1        1    22579199          0     0  50000         Y
                         dp_audio_ref_div1       1        1        1    22579199          0     0  50000         Y
                            dp_audio_ref_div2       1        1        1    22579199          0     0  50000         Y
                               dp_audio_ref       1        1        1    22579199          0     0  50000         Y
    iopll_post_src                    0        0        0    33333333          0     0  50000         Y
    iopll_pre_src                     1        1        1    33333333          0     0  50000         Y
       iopll_int                      1        1        1  2999999970          0     0  50000         Y
          iopll_half                  1        1        1  1499999985          0     0  50000         Y
             iopll_int_mux            1        1        1  1499999985          0     0  50000         Y
                iopll                14       15        9  1499999985          0     0  50000         Y
                   gem3_ref_ung_mux       1        1        0  1499999985          0     0  50000         Y
                      gem3_ref_ung_div1       1        1        0   124999999          0     0  50000         Y
                         gem3_ref_ung       1        1        0   124999999          0     0  50000         Y
                            gem3_ref       2        2        0   124999999          0     0  50000         Y
                               gem3_tx       1        1        0   124999999          0     0  50000         Y
                   gem2_ref_ung_mux       0        0        0  1499999985          0     0  50000         Y
                      gem2_ref_ung_div1       0        0        0    62500000          0     0  50000         Y
                         gem2_ref_ung       0        0        0    62500000          0     0  50000         Y
                            gem2_ref       0        0        0    62500000          0     0  50000         Y
                               gem2_tx       0        0        0    62500000          0     0  50000         Y
                   gem1_ref_ung_mux       0        0        0  1499999985          0     0  50000         Y
                      gem1_ref_ung_div1       0        0        0    62500000          0     0  50000         Y
                         gem1_ref_ung       0        0        0    62500000          0     0  50000         Y
                            gem1_ref       0        0        0    62500000          0     0  50000         Y
                               gem1_tx       0        0        0    62500000          0     0  50000         Y
                   gem0_ref_ung_mux       0        0        0  1499999985          0     0  50000         Y
                      gem0_ref_ung_div1       0        0        0    62500000          0     0  50000         Y
                         gem0_ref_ung       0        0        0    62500000          0     0  50000         Y
                            gem0_ref       0        0        0    62500000          0     0  50000         Y
                               gem0_tx       0        0        0    62500000          0     0  50000         Y
                   pl3_ref_mux        1        1        0  1499999985          0     0  50000         Y
                      pl3_ref_div1       1        1        0    46875000          0     0  50000         Y
                         pl3_ref_div2       1        1        0     9375000          0     0  50000         Y
                            pl3_ref       1        1        0     9375000          0     0  50000         N
                   pl2_ref_mux        1        1        0  1499999985          0     0  50000         Y
                      pl2_ref_div1       1        1        0    46875000          0     0  50000         Y
                         pl2_ref_div2       1        1        0     9375000          0     0  50000         Y
                            pl2_ref       1        1        0     9375000          0     0  50000         N
                   pl1_ref_mux        1        1        0  1499999985          0     0  50000         Y
                      pl1_ref_div1       1        1        0    99999999          0     0  50000         Y
                         pl1_ref_div2       1        1        0    99999999          0     0  50000         Y
                            pl1_ref       1        1        0    99999999          0     0  50000         Y
                   pl0_ref_mux        1        1        0  1499999985          0     0  50000         Y
                      pl0_ref_div1       1        1        0    99999999          0     0  50000         Y
                         pl0_ref_div2       1        1        0    99999999          0     0  50000         Y
                            pl0_ref       1        1        0    99999999          0     0  50000         Y
                   ams_ref_mux        1        1        1  1499999985          0     0  50000         Y
                      ams_ref_div1       1        1        1    50000000          0     0  50000         Y
                         ams_ref_div2       1        1        1    50000000          0     0  50000         Y
                            ams_ref       1        1        1    50000000          0     0  50000         Y
                   adma_ref_mux       0        0        0  1499999985          0     0  50000         Y
                      adma_ref_div1       0        0        0   499999995          0     0  50000         Y
                         adma_ref       0        0        0   499999995          0     0  50000         Y
                   can1_ref_mux       0        0        0  1499999985          0     0  50000         Y
                      can1_ref_div1       0        0        0    46875000          0     0  50000         Y
                         can1_ref_div2       0        0        0    46875000          0     0  50000         Y
                            can1_ref       0        0        0    46875000          0     0  50000         Y
                               can1       0        0        0    46875000          0     0  50000         Y
                   can0_ref_mux       0        0        0  1499999985          0     0  50000         Y
                      can0_ref_div1       0        0        0    46875000          0     0  50000         Y
                         can0_ref_div2       0        0        0    46875000          0     0  50000         Y
                            can0_ref       0        0        0    46875000          0     0  50000         Y
                               can0       0        0        0    46875000          0     0  50000         Y
                   i2c1_ref_mux       0        1        1  1499999985          0     0  50000         Y
                      i2c1_ref_div1       0        1        1    99999999          0     0  50000         Y
                         i2c1_ref_div2       0        1        1    99999999          0     0  50000         Y
                            i2c1_ref       0        1        1    99999999          0     0  50000         N
                   i2c0_ref_mux       0        0        0  1499999985          0     0  50000         Y
                      i2c0_ref_div1       0        0        0   299999997          0     0  50000         Y
                         i2c0_ref_div2       0        0        0   299999997          0     0  50000         Y
                            i2c0_ref       0        0        0   299999997          0     0  50000         Y
                   nand_ref_mux       0        0        0  1499999985          0     0  50000         Y
                      nand_ref_div1       0        0        0    46875000          0     0  50000         Y
                         nand_ref_div2       0        0        0     9375000          0     0  50000         Y
                            nand_ref       0        0        0     9375000          0     0  50000         N
                   spi1_ref_mux       0        0        0  1499999985          0     0  50000         Y
                      spi1_ref_div1       0        0        0   187499999          0     0  50000         Y
                         spi1_ref_div2       0        0        0   187499999          0     0  50000         Y
                            spi1_ref       0        0        0   187499999          0     0  50000         N
                   spi0_ref_mux       0        0        0  1499999985          0     0  50000         Y
                      spi0_ref_div1       0        0        0    62500000          0     0  50000         Y
                         spi0_ref_div2       0        0        0    62500000          0     0  50000         Y
                            spi0_ref       0        0        0    62500000          0     0  50000         Y
                   uart1_ref_mux       1        1        1  1499999985          0     0  50000         Y
                      uart1_ref_div1       1        1        1    99999999          0     0  50000         Y
                         uart1_ref_div2       1        1        1    99999999          0     0  50000         Y
                            uart1_ref       1        1        1    99999999          0     0  50000         Y
                   uart0_ref_mux       0        0        0  1499999985          0     0  50000         Y
                      uart0_ref_div1       0        0        0    62500000          0     0  50000         Y
                         uart0_ref_div2       0        0        0    62500000          0     0  50000         Y
                            uart0_ref       0        0        0    62500000          0     0  50000         Y
                   sdio1_ref_mux       1        1        1  1499999985          0     0  50000         Y
                      sdio1_ref_div1       1        1        1  1499999985          0     0  50000         Y
                         sdio1_ref_div2       1        1        1   187499999          0     0  50000         Y
                            sdio1_ref       1        1        1   187499999          0     0  50000         Y
                               clk_in_sd1       0        0        0    50000000          0     0  50000         Y
                               clk_out_sd1       0        0        0    50000000          0     0  50000         Y
                   sdio0_ref_mux       0        0        0  1499999985          0     0  50000         Y
                      sdio0_ref_div1       0        0        0    99999999          0     0  50000         Y
                         sdio0_ref_div2       0        0        0    99999999          0     0  50000         Y
                            sdio0_ref       0        0        0    99999999          0     0  50000         Y
                   qspi_ref_mux       1        1        1  1499999985          0     0  50000         Y
                      qspi_ref_div1       1        1        1   124999999          0     0  50000         Y
                         qspi_ref_div2       1        1        1   124999999          0     0  50000         Y
                            qspi_ref       2        1        1   124999999          0     0  50000         Y
                   gem_tsu_ref_mux       1        1        1  1499999985          0     0  50000         Y
                      gem_tsu_ref_div1       1        1        1   249999998          0     0  50000         Y
                         gem_tsu_ref_div2       1        1        1   249999998          0     0  50000         Y
                            gem_tsu_ref       1        1        1   249999998          0     0  50000         Y
                               gem_tsu       1        1        0   249999998          0     0  50000         Y
                   usb3_dual_ref_mux       1        1        1  1499999985          0     0  50000         Y
                      usb3_dual_ref_div1       1        1        1    60000000          0     0  50000         Y
                         usb3_dual_ref_div2       1        1        1    20000000          0     0  50000         Y
                            usb3_dual_ref       2        2        2    20000000          0     0  50000         Y
                   usb1_bus_ref_mux       0        0        0  1499999985          0     0  50000         Y
                      usb1_bus_ref_div1       0        0        0   124999999          0     0  50000         Y
                         usb1_bus_ref_div2       0        0        0   124999999          0     0  50000         Y
                            usb1_bus_ref       0        0        0   124999999          0     0  50000         N
                   usb0_bus_ref_mux       1        1        1  1499999985          0     0  50000         Y
                      usb0_bus_ref_div1       1        1        1   249999998          0     0  50000         Y
                         usb0_bus_ref_div2       1        1        1   249999998          0     0  50000         Y
                            usb0_bus_ref       1        1        1   249999998          0     0  50000         Y
                   lpd_lsbus_mux       1        1        1  1499999985          0     0  50000         Y
                      lpd_lsbus_div1       1        1        1    99999999          0     0  50000         Y
                         lpd_lsbus      10        9        1    99999999          0     0  50000         Y
                            lpd_wdt       1        1        0    99999999          0     0  50000         Y
                   iopll_to_fpd       1        1        0   499999995          0     0  50000         Y
                      topsw_lsbus_mux       1        1        0   499999995          0     0  50000         Y
                         topsw_lsbus_div1       1        1        0    99999999          0     0  50000         Y
                            topsw_lsbus       4        4        0    99999999          0     0  50000         Y
                               fpd_wdt       1        1        0    99999999          0     0  50000         Y
                      gpu_ref_mux       0        0        0   499999995          0     0  50000         Y
                         gpu_ref_div1       0        0        0   499999995          0     0  50000         Y
                            gpu_ref       0        0        0   499999995          0     0  50000         N
                               gpu_pp1_ref       0        0        0   499999995          0     0  50000         N
                               gpu_pp0_ref       0        0        0   499999995          0     0  50000         N
 si5332_0                             1        1        0   125000000          0     0  50000         Y
 si5332_1                             0        0        0    25000000          0     0  50000         Y
 si5332_2                             0        0        0    48000000          0     0  50000         Y
 si5332_3                             0        0        0    24000000          0     0  50000         Y
 si5332_4                             1        1        0    26000000          0     0  50000         Y
 si5332_5                             1        1        0    27000000          0     0  50000         Y
 can1_mio                             0        0        0           0          0     0  50000         Y
 can0_mio                             0        0        0           0          0     0  50000         Y
 gem3_rx                              1        1        0           0          0     0  50000         Y
 gem2_rx                              0        0        0           0          0     0  50000         N
 gem1_rx                              0        0        0           0          0     0  50000         N
 gem0_rx                              0        0        0           0          0     0  50000         N
device_tree_clock_properties_begin
/sys/firmware/devicetree/base/fclk3/clocks=0x00000004 0x0000004a
/sys/firmware/devicetree/base/fclk3/compatible=xlnx,fclk
/sys/firmware/devicetree/base/fclk3/status=okay
/sys/firmware/devicetree/base/fclk1/clocks=0x00000004 0x00000048
/sys/firmware/devicetree/base/fclk1/compatible=xlnx,fclk
/sys/firmware/devicetree/base/fclk1/status=okay
/sys/firmware/devicetree/base/fclk2/clocks=0x00000004 0x00000049
/sys/firmware/devicetree/base/fclk2/compatible=xlnx,fclk
/sys/firmware/devicetree/base/fclk2/status=okay
/sys/firmware/devicetree/base/fclk0/clocks=0x00000004 0x00000047
/sys/firmware/devicetree/base/fclk0/compatible=xlnx,fclk
/sys/firmware/devicetree/base/fclk0/status=okay
/sys/firmware/devicetree/base/axi/ethernet@ff0e0000/assigned-clocks=0x00000004 0x0000002c
/sys/firmware/devicetree/base/axi/ethernet@ff0e0000/assigned-clock-rates=0x0ee6b280
/sys/firmware/devicetree/base/axi/mmc@ff170000/assigned-clocks=0x00000004 0x00000037
/sys/firmware/devicetree/base/axi/mmc@ff170000/assigned-clock-rates=0x0b2cfe8b
/sys/firmware/devicetree/base/axi/ethernet@ff0b0000/assigned-clocks=0x00000004 0x0000002c
/sys/firmware/devicetree/base/axi/usb@ff9d0000/assigned-clocks=0x00000004 0x00000020 0x00000004 0x00000022
/sys/firmware/devicetree/base/axi/usb@ff9d0000/assigned-clock-rates=0x0ee6b280 0x01312d00
/sys/firmware/devicetree/base/axi/dma-controller@fd4c0000/assigned-clocks=0x00000004 0x00000014
/sys/firmware/devicetree/base/axi/dma-controller@fd4c0000/assigned-clock-rates=0x23c34600
/sys/firmware/devicetree/base/axi/display@fd4a0000/assigned-clocks=0x00000004 0x00000012 0x00000004 0x00000011 0x00000004 0x00000010
/sys/firmware/devicetree/base/axi/display@fd4a0000/assigned-clock-rates=0x019bfcc0 0x017d7840 0x11e1a300
/sys/firmware/devicetree/base/axi/ethernet@ff0c0000/assigned-clocks=0x00000004 0x0000002c
/sys/firmware/devicetree/base/axi/usb@ff9e0000/assigned-clocks=0x00000004 0x00000021 0x00000004 0x00000022
/sys/firmware/devicetree/base/axi/ethernet@ff0d0000/assigned-clocks=0x00000004 0x0000002c
/sys/firmware/devicetree/base/axi/mmc@ff160000/assigned-clocks=0x00000004 0x00000036
/sys/firmware/devicetree/base/axi/mmc@ff160000/assigned-clock-rates=0x0b2cfe8b
device_tree_clock_properties_end
dtc_status=PASS path=/home/ubuntu/kv260-vlm-p2-cpu/runs/rm10-a-ra-q37804-20260926T022237Z/clock-diagnostics-before-load/live-device-tree.dts
/tmp/rm10-boardprep/boardprep/collect_clock_diagnostics.sh: line 74: rg: command not found
dmesg_status=PASS path=/home/ubuntu/kv260-vlm-p2-cpu/runs/rm10-a-ra-q37804-20260926T022237Z/clock-diagnostics-before-load/dmesg.txt
[Fri Sep 25 12:35:02 2026] zocl-drm axi:zyxclmm_drm: zocl_create_client: created KDS client for pid(252864), ret: 0
[Fri Sep 25 12:35:02 2026] zocl-drm axi:zyxclmm_drm: zocl_destroy_client: client exits pid(252864)
[Fri Sep 25 12:35:02 2026] zocl-drm axi:zyxclmm_drm: zocl_create_client: created KDS client for pid(252864), ret: 0
[Fri Sep 25 12:35:02 2026] [drm] Allocating BO from CMA for invalid or unused memory index[0]
[Fri Sep 25 12:35:02 2026] [drm] Allocating BO from CMA for invalid or unused memory index[0]
[Fri Sep 25 12:35:02 2026] [drm] Allocating BO from CMA for invalid or unused memory index[0]
[Fri Sep 25 12:42:09 2026] zocl-drm axi:zyxclmm_drm: zocl_create_client: created KDS client for pid(254025), ret: 0
[Fri Sep 25 12:42:09 2026] zocl-drm axi:zyxclmm_drm: zocl_destroy_client: client exits pid(254025)
[Fri Sep 25 12:42:09 2026] zocl-drm axi:zyxclmm_drm: zocl_create_client: created KDS client for pid(254025), ret: 0
[Fri Sep 25 12:42:09 2026] zocl-drm axi:zyxclmm_drm: zocl_destroy_client: client exits pid(254025)
[Fri Sep 25 12:42:09 2026] zocl-drm axi:zyxclmm_drm: zocl_create_client: created KDS client for pid(254025), ret: 0
[Fri Sep 25 12:42:09 2026] zocl-drm axi:zyxclmm_drm: zocl_destroy_client: client exits pid(254025)
[Fri Sep 25 12:45:25 2026] zocl-drm axi:zyxclmm_drm: zocl_destroy_client: client exits pid(252864)
[Fri Sep 25 12:45:27 2026] OF: overlay: WARNING: memory leak will occur if overlay removed, property: /fpga-full/firmware-name
[Fri Sep 25 12:45:27 2026] OF: overlay: WARNING: memory leak will occur if overlay removed, property: /fpga-full/resets
[Fri Sep 25 12:57:39 2026] zocl-drm axi:zyxclmm_drm: zocl_create_client: created KDS client for pid(257101), ret: 0
[Fri Sep 25 12:57:39 2026] zocl-drm axi:zyxclmm_drm: zocl_destroy_client: client exits pid(257101)
[Fri Sep 25 12:57:39 2026] zocl-drm axi:zyxclmm_drm: zocl_create_client: created KDS client for pid(257101), ret: 0
[Fri Sep 25 12:57:39 2026] zocl-drm axi:zyxclmm_drm: zocl_destroy_client: client exits pid(257101)
[Fri Sep 25 12:57:39 2026] zocl-drm axi:zyxclmm_drm: zocl_create_client: created KDS client for pid(257101), ret: 0
[Fri Sep 25 12:57:39 2026] zocl-drm axi:zyxclmm_drm: zocl_destroy_client: client exits pid(257101)
[Fri Sep 25 13:13:13 2026] zocl-drm axi:zyxclmm_drm: zocl_create_client: created KDS client for pid(259161), ret: 0
[Fri Sep 25 13:13:13 2026] zocl-drm axi:zyxclmm_drm: zocl_destroy_client: client exits pid(259161)
[Fri Sep 25 13:13:13 2026] zocl-drm axi:zyxclmm_drm: zocl_create_client: created KDS client for pid(259161), ret: 0
[Fri Sep 25 13:13:13 2026] zocl-drm axi:zyxclmm_drm: zocl_destroy_client: client exits pid(259161)
[Fri Sep 25 13:13:13 2026] zocl-drm axi:zyxclmm_drm: zocl_create_client: created KDS client for pid(259161), ret: 0
[Fri Sep 25 13:13:13 2026] zocl-drm axi:zyxclmm_drm: zocl_destroy_client: client exits pid(259161)
[Fri Sep 25 13:29:09 2026] zocl-drm axi:zyxclmm_drm: zocl_create_client: created KDS client for pid(261894), ret: 0
[Fri Sep 25 13:29:09 2026] zocl-drm axi:zyxclmm_drm: zocl_destroy_client: client exits pid(261894)
[Fri Sep 25 13:29:09 2026] zocl-drm axi:zyxclmm_drm: zocl_create_client: created KDS client for pid(261894), ret: 0
[Fri Sep 25 13:29:09 2026] zocl-drm axi:zyxclmm_drm: zocl_destroy_client: client exits pid(261894)
[Fri Sep 25 13:29:09 2026] zocl-drm axi:zyxclmm_drm: zocl_create_client: created KDS client for pid(261894), ret: 0
[Fri Sep 25 13:29:09 2026] zocl-drm axi:zyxclmm_drm: zocl_destroy_client: client exits pid(261894)
[Fri Sep 25 16:58:08 2026] zocl-drm axi:zyxclmm_drm: zocl_create_client: created KDS client for pid(272569), ret: 0
[Fri Sep 25 16:58:08 2026] zocl-drm axi:zyxclmm_drm: zocl_destroy_client: client exits pid(272569)
[Fri Sep 25 16:58:08 2026] zocl-drm axi:zyxclmm_drm: zocl_create_client: created KDS client for pid(272569), ret: 0
[Fri Sep 25 16:58:08 2026] zocl-drm axi:zyxclmm_drm: zocl_destroy_client: client exits pid(272569)
[Fri Sep 25 16:58:08 2026] zocl-drm axi:zyxclmm_drm: zocl_create_client: created KDS client for pid(272569), ret: 0
[Fri Sep 25 16:58:08 2026] zocl-drm axi:zyxclmm_drm: zocl_destroy_client: client exits pid(272569)
[Fri Sep 25 17:13:32 2026] zocl-drm axi:zyxclmm_drm: zocl_create_client: created KDS client for pid(273667), ret: 0
[Fri Sep 25 17:13:32 2026] zocl-drm axi:zyxclmm_drm: zocl_destroy_client: client exits pid(273667)
[Fri Sep 25 17:13:32 2026] zocl-drm axi:zyxclmm_drm: zocl_create_client: created KDS client for pid(273667), ret: 0
[Fri Sep 25 17:13:32 2026] zocl-drm axi:zyxclmm_drm: zocl_destroy_client: client exits pid(273667)
[Fri Sep 25 17:13:32 2026] zocl-drm axi:zyxclmm_drm: zocl_create_client: created KDS client for pid(273667), ret: 0
[Fri Sep 25 17:13:32 2026] zocl-drm axi:zyxclmm_drm: zocl_destroy_client: client exits pid(273667)
[Fri Sep 25 17:29:14 2026] zocl-drm axi:zyxclmm_drm: zocl_create_client: created KDS client for pid(274782), ret: 0
[Fri Sep 25 17:29:14 2026] zocl-drm axi:zyxclmm_drm: zocl_destroy_client: client exits pid(274782)
[Fri Sep 25 17:29:14 2026] zocl-drm axi:zyxclmm_drm: zocl_create_client: created KDS client for pid(274782), ret: 0
[Fri Sep 25 17:29:14 2026] zocl-drm axi:zyxclmm_drm: zocl_destroy_client: client exits pid(274782)
[Fri Sep 25 17:29:14 2026] zocl-drm axi:zyxclmm_drm: zocl_create_client: created KDS client for pid(274782), ret: 0
[Fri Sep 25 17:29:14 2026] zocl-drm axi:zyxclmm_drm: zocl_destroy_client: client exits pid(274782)
[Fri Sep 25 17:36:20 2026] loop17: detected capacity change from 0 to 150928
[Fri Sep 25 17:36:30 2026] audit: type=1400 audit(1790357790.736:68): apparmor="STATUS" operation="profile_replace" info="same as current profile, skipping" profile="unconfined" name="/snap/snapd/25585/usr/lib/snapd/snap-confine" pid=275522 comm="apparmor_parser"
[Fri Sep 25 17:36:30 2026] audit: type=1400 audit(1790357790.736:69): apparmor="STATUS" operation="profile_replace" info="same as current profile, skipping" profile="unconfined" name="/snap/snapd/25585/usr/lib/snapd/snap-confine//mount-namespace-capture-helper" pid=275522 comm="apparmor_parser"
[Fri Sep 25 17:36:33 2026] audit: type=1400 audit(1790357794.280:70): apparmor="STATUS" operation="profile_replace" profile="unconfined" name="snap.snap-store.hook.configure" pid=275525 comm="apparmor_parser"
[Fri Sep 25 17:36:40 2026] audit: type=1400 audit(1790357801.324:71): apparmor="STATUS" operation="profile_replace" profile="unconfined" name="snap-update-ns.snap-store" pid=275524 comm="apparmor_parser"
[Fri Sep 25 17:36:40 2026] audit: type=1400 audit(1790357801.392:72): apparmor="STATUS" operation="profile_load" profile="unconfined" name="snap.snap-store.packagekit-session-installer" pid=275530 comm="apparmor_parser"
[Fri Sep 25 17:36:47 2026] audit: type=1400 audit(1790357808.296:73): apparmor="STATUS" operation="profile_load" profile="unconfined" name="snap.snap-store.show-updates" pid=275535 comm="apparmor_parser"
[Fri Sep 25 17:36:47 2026] audit: type=1400 audit(1790357808.396:74): apparmor="STATUS" operation="profile_replace" profile="unconfined" name="snap.snap-store.snap-store" pid=275536 comm="apparmor_parser"
[Fri Sep 25 17:36:49 2026] audit: type=1400 audit(1790357809.796:75): apparmor="STATUS" operation="profile_replace" info="same as current profile, skipping" profile="unconfined" name="snap.mesa-2404.component-monitor" pid=275541 comm="apparmor_parser"
[Fri Sep 25 17:36:49 2026] audit: type=1400 audit(1790357809.948:76): apparmor="STATUS" operation="profile_replace" info="same as current profile, skipping" profile="unconfined" name="snap.mesa-2404.hook.connect-plug-kernel-gpu-2404" pid=275542 comm="apparmor_parser"
[Fri Sep 25 17:36:50 2026] audit: type=1400 audit(1790357811.292:77): apparmor="STATUS" operation="profile_replace" info="same as current profile, skipping" profile="unconfined" name="snap.mesa-2404.hook.disconnect-plug-kernel-gpu-2404" pid=275547 comm="apparmor_parser"
[Fri Sep 25 17:36:50 2026] audit: type=1400 audit(1790357811.444:78): apparmor="STATUS" operation="profile_replace" info="same as current profile, skipping" profile="unconfined" name="snap.mesa-2404.hook.install" pid=275548 comm="apparmor_parser"
[Fri Sep 25 17:36:52 2026] audit: type=1400 audit(1790357812.724:79): apparmor="STATUS" operation="profile_replace" info="same as current profile, skipping" profile="unconfined" name="snap.mesa-2404.hook.post-refresh" pid=275549 comm="apparmor_parser"
[Fri Sep 25 17:36:52 2026] audit: type=1400 audit(1790357812.752:80): apparmor="STATUS" operation="profile_replace" info="same as current profile, skipping" profile="unconfined" name="snap-update-ns.mesa-2404" pid=275551 comm="apparmor_parser"
[Fri Sep 25 17:44:46 2026] zocl-drm axi:zyxclmm_drm: zocl_create_client: created KDS client for pid(276248), ret: 0
[Fri Sep 25 17:44:46 2026] zocl-drm axi:zyxclmm_drm: zocl_destroy_client: client exits pid(276248)
[Fri Sep 25 17:44:46 2026] zocl-drm axi:zyxclmm_drm: zocl_create_client: created KDS client for pid(276248), ret: 0
[Fri Sep 25 17:44:46 2026] zocl-drm axi:zyxclmm_drm: zocl_destroy_client: client exits pid(276248)
[Fri Sep 25 17:44:46 2026] zocl-drm axi:zyxclmm_drm: zocl_create_client: created KDS client for pid(276248), ret: 0
[Fri Sep 25 17:44:46 2026] zocl-drm axi:zyxclmm_drm: zocl_destroy_client: client exits pid(276248)
[Fri Sep 25 18:00:03 2026] zocl-drm axi:zyxclmm_drm: zocl_create_client: created KDS client for pid(277376), ret: 0
[Fri Sep 25 18:00:03 2026] zocl-drm axi:zyxclmm_drm: zocl_destroy_client: client exits pid(277376)
[Fri Sep 25 18:00:03 2026] zocl-drm axi:zyxclmm_drm: zocl_create_client: created KDS client for pid(277376), ret: 0
[Fri Sep 25 18:00:03 2026] zocl-drm axi:zyxclmm_drm: zocl_destroy_client: client exits pid(277376)
[Fri Sep 25 18:00:03 2026] zocl-drm axi:zyxclmm_drm: zocl_create_client: created KDS client for pid(277376), ret: 0
[Fri Sep 25 18:00:03 2026] zocl-drm axi:zyxclmm_drm: zocl_destroy_client: client exits pid(277376)
[Fri Sep 25 18:15:40 2026] zocl-drm axi:zyxclmm_drm: zocl_create_client: created KDS client for pid(279517), ret: 0
[Fri Sep 25 18:15:40 2026] zocl-drm axi:zyxclmm_drm: zocl_destroy_client: client exits pid(279517)
[Fri Sep 25 18:15:40 2026] zocl-drm axi:zyxclmm_drm: zocl_create_client: created KDS client for pid(279517), ret: 0
[Fri Sep 25 18:15:40 2026] zocl-drm axi:zyxclmm_drm: zocl_destroy_client: client exits pid(279517)
[Fri Sep 25 18:15:40 2026] zocl-drm axi:zyxclmm_drm: zocl_create_client: created KDS client for pid(279517), ret: 0
[Fri Sep 25 18:15:40 2026] zocl-drm axi:zyxclmm_drm: zocl_destroy_client: client exits pid(279517)
[Fri Sep 25 18:31:44 2026] zocl-drm axi:zyxclmm_drm: zocl_create_client: created KDS client for pid(281889), ret: 0
[Fri Sep 25 18:31:44 2026] zocl-drm axi:zyxclmm_drm: zocl_destroy_client: client exits pid(281889)
[Fri Sep 25 18:31:44 2026] zocl-drm axi:zyxclmm_drm: zocl_create_client: created KDS client for pid(281889), ret: 0
[Fri Sep 25 18:31:44 2026] zocl-drm axi:zyxclmm_drm: zocl_destroy_client: client exits pid(281889)
[Fri Sep 25 18:31:44 2026] zocl-drm axi:zyxclmm_drm: zocl_create_client: created KDS client for pid(281889), ret: 0
[Fri Sep 25 18:31:44 2026] zocl-drm axi:zyxclmm_drm: zocl_destroy_client: client exits pid(281889)
[Fri Sep 25 18:47:02 2026] zocl-drm axi:zyxclmm_drm: zocl_create_client: created KDS client for pid(282977), ret: 0
[Fri Sep 25 18:47:02 2026] zocl-drm axi:zyxclmm_drm: zocl_destroy_client: client exits pid(282977)
[Fri Sep 25 18:47:02 2026] zocl-drm axi:zyxclmm_drm: zocl_create_client: created KDS client for pid(282977), ret: 0
[Fri Sep 25 18:47:02 2026] zocl-drm axi:zyxclmm_drm: zocl_destroy_client: client exits pid(282977)
[Fri Sep 25 18:47:02 2026] zocl-drm axi:zyxclmm_drm: zocl_create_client: created KDS client for pid(282977), ret: 0
[Fri Sep 25 18:47:02 2026] zocl-drm axi:zyxclmm_drm: zocl_destroy_client: client exits pid(282977)
[Fri Sep 25 19:02:35 2026] zocl-drm axi:zyxclmm_drm: zocl_create_client: created KDS client for pid(284121), ret: 0
[Fri Sep 25 19:02:35 2026] zocl-drm axi:zyxclmm_drm: zocl_destroy_client: client exits pid(284121)
[Fri Sep 25 19:02:35 2026] zocl-drm axi:zyxclmm_drm: zocl_create_client: created KDS client for pid(284121), ret: 0
[Fri Sep 25 19:02:35 2026] zocl-drm axi:zyxclmm_drm: zocl_destroy_client: client exits pid(284121)
[Fri Sep 25 19:02:35 2026] zocl-drm axi:zyxclmm_drm: zocl_create_client: created KDS client for pid(284121), ret: 0
[Fri Sep 25 19:02:35 2026] zocl-drm axi:zyxclmm_drm: zocl_destroy_client: client exits pid(284121)
[Fri Sep 25 19:18:43 2026] zocl-drm axi:zyxclmm_drm: zocl_create_client: created KDS client for pid(285251), ret: 0
[Fri Sep 25 19:18:43 2026] zocl-drm axi:zyxclmm_drm: zocl_destroy_client: client exits pid(285251)
[Fri Sep 25 19:18:43 2026] zocl-drm axi:zyxclmm_drm: zocl_create_client: created KDS client for pid(285251), ret: 0
[Fri Sep 25 19:18:43 2026] zocl-drm axi:zyxclmm_drm: zocl_destroy_client: client exits pid(285251)
[Fri Sep 25 19:18:43 2026] zocl-drm axi:zyxclmm_drm: zocl_create_client: created KDS client for pid(285251), ret: 0
[Fri Sep 25 19:18:43 2026] zocl-drm axi:zyxclmm_drm: zocl_destroy_client: client exits pid(285251)
[Fri Sep 25 19:34:21 2026] zocl-drm axi:zyxclmm_drm: zocl_create_client: created KDS client for pid(286369), ret: 0
[Fri Sep 25 19:34:21 2026] zocl-drm axi:zyxclmm_drm: zocl_destroy_client: client exits pid(286369)
[Fri Sep 25 19:34:21 2026] zocl-drm axi:zyxclmm_drm: zocl_create_client: created KDS client for pid(286369), ret: 0
[Fri Sep 25 19:34:21 2026] zocl-drm axi:zyxclmm_drm: zocl_destroy_client: client exits pid(286369)
[Fri Sep 25 19:34:21 2026] zocl-drm axi:zyxclmm_drm: zocl_create_client: created KDS client for pid(286369), ret: 0
[Fri Sep 25 19:34:21 2026] zocl-drm axi:zyxclmm_drm: zocl_destroy_client: client exits pid(286369)
[Fri Sep 25 19:50:07 2026] zocl-drm axi:zyxclmm_drm: zocl_create_client: created KDS client for pid(287474), ret: 0
[Fri Sep 25 19:50:07 2026] zocl-drm axi:zyxclmm_drm: zocl_destroy_client: client exits pid(287474)
[Fri Sep 25 19:50:07 2026] zocl-drm axi:zyxclmm_drm: zocl_create_client: created KDS client for pid(287474), ret: 0
[Fri Sep 25 19:50:07 2026] zocl-drm axi:zyxclmm_drm: zocl_destroy_client: client exits pid(287474)
[Fri Sep 25 19:50:07 2026] zocl-drm axi:zyxclmm_drm: zocl_create_client: created KDS client for pid(287474), ret: 0
[Fri Sep 25 19:50:07 2026] zocl-drm axi:zyxclmm_drm: zocl_destroy_client: client exits pid(287474)
[Fri Sep 25 20:05:40 2026] zocl-drm axi:zyxclmm_drm: zocl_create_client: created KDS client for pid(288659), ret: 0
[Fri Sep 25 20:05:40 2026] zocl-drm axi:zyxclmm_drm: zocl_destroy_client: client exits pid(288659)
[Fri Sep 25 20:05:40 2026] zocl-drm axi:zyxclmm_drm: zocl_create_client: created KDS client for pid(288659), ret: 0
[Fri Sep 25 20:05:40 2026] zocl-drm axi:zyxclmm_drm: zocl_destroy_client: client exits pid(288659)
[Fri Sep 25 20:05:40 2026] zocl-drm axi:zyxclmm_drm: zocl_create_client: created KDS client for pid(288659), ret: 0
[Fri Sep 25 20:05:40 2026] zocl-drm axi:zyxclmm_drm: zocl_destroy_client: client exits pid(288659)
[Fri Sep 25 20:21:08 2026] zocl-drm axi:zyxclmm_drm: zocl_create_client: created KDS client for pid(289761), ret: 0
[Fri Sep 25 20:21:08 2026] zocl-drm axi:zyxclmm_drm: zocl_destroy_client: client exits pid(289761)
[Fri Sep 25 20:21:08 2026] zocl-drm axi:zyxclmm_drm: zocl_create_client: created KDS client for pid(289761), ret: 0
[Fri Sep 25 20:21:08 2026] zocl-drm axi:zyxclmm_drm: zocl_destroy_client: client exits pid(289761)
[Fri Sep 25 20:21:08 2026] zocl-drm axi:zyxclmm_drm: zocl_create_client: created KDS client for pid(289761), ret: 0
[Fri Sep 25 20:21:08 2026] zocl-drm axi:zyxclmm_drm: zocl_destroy_client: client exits pid(289761)
[Fri Sep 25 20:36:32 2026] zocl-drm axi:zyxclmm_drm: zocl_create_client: created KDS client for pid(290856), ret: 0
[Fri Sep 25 20:36:32 2026] zocl-drm axi:zyxclmm_drm: zocl_destroy_client: client exits pid(290856)
[Fri Sep 25 20:36:32 2026] zocl-drm axi:zyxclmm_drm: zocl_create_client: created KDS client for pid(290856), ret: 0
[Fri Sep 25 20:36:32 2026] zocl-drm axi:zyxclmm_drm: zocl_destroy_client: client exits pid(290856)
[Fri Sep 25 20:36:32 2026] zocl-drm axi:zyxclmm_drm: zocl_create_client: created KDS client for pid(290856), ret: 0
[Fri Sep 25 20:36:32 2026] zocl-drm axi:zyxclmm_drm: zocl_destroy_client: client exits pid(290856)
[Fri Sep 25 20:52:19 2026] zocl-drm axi:zyxclmm_drm: zocl_create_client: created KDS client for pid(291970), ret: 0
[Fri Sep 25 20:52:19 2026] zocl-drm axi:zyxclmm_drm: zocl_destroy_client: client exits pid(291970)
[Fri Sep 25 20:52:19 2026] zocl-drm axi:zyxclmm_drm: zocl_create_client: created KDS client for pid(291970), ret: 0
[Fri Sep 25 20:52:19 2026] zocl-drm axi:zyxclmm_drm: zocl_destroy_client: client exits pid(291970)
[Fri Sep 25 20:52:19 2026] zocl-drm axi:zyxclmm_drm: zocl_create_client: created KDS client for pid(291970), ret: 0
[Fri Sep 25 20:52:19 2026] zocl-drm axi:zyxclmm_drm: zocl_destroy_client: client exits pid(291970)
[Fri Sep 25 21:08:15 2026] zocl-drm axi:zyxclmm_drm: zocl_create_client: created KDS client for pid(293131), ret: 0
[Fri Sep 25 21:08:15 2026] zocl-drm axi:zyxclmm_drm: zocl_destroy_client: client exits pid(293131)
[Fri Sep 25 21:08:15 2026] zocl-drm axi:zyxclmm_drm: zocl_create_client: created KDS client for pid(293131), ret: 0
[Fri Sep 25 21:08:15 2026] zocl-drm axi:zyxclmm_drm: zocl_destroy_client: client exits pid(293131)
[Fri Sep 25 21:08:15 2026] zocl-drm axi:zyxclmm_drm: zocl_create_client: created KDS client for pid(293131), ret: 0
[Fri Sep 25 21:08:15 2026] zocl-drm axi:zyxclmm_drm: zocl_destroy_client: client exits pid(293131)
[Fri Sep 25 21:23:37 2026] zocl-drm axi:zyxclmm_drm: zocl_create_client: created KDS client for pid(294227), ret: 0
[Fri Sep 25 21:23:37 2026] zocl-drm axi:zyxclmm_drm: zocl_destroy_client: client exits pid(294227)
[Fri Sep 25 21:23:37 2026] zocl-drm axi:zyxclmm_drm: zocl_create_client: created KDS client for pid(294227), ret: 0
[Fri Sep 25 21:23:37 2026] zocl-drm axi:zyxclmm_drm: zocl_destroy_client: client exits pid(294227)
[Fri Sep 25 21:23:37 2026] zocl-drm axi:zyxclmm_drm: zocl_create_client: created KDS client for pid(294227), ret: 0
[Fri Sep 25 21:23:37 2026] zocl-drm axi:zyxclmm_drm: zocl_destroy_client: client exits pid(294227)
[Fri Sep 25 21:39:09 2026] zocl-drm axi:zyxclmm_drm: zocl_create_client: created KDS client for pid(295338), ret: 0
[Fri Sep 25 21:39:09 2026] zocl-drm axi:zyxclmm_drm: zocl_destroy_client: client exits pid(295338)
[Fri Sep 25 21:39:09 2026] zocl-drm axi:zyxclmm_drm: zocl_create_client: created KDS client for pid(295338), ret: 0
[Fri Sep 25 21:39:09 2026] zocl-drm axi:zyxclmm_drm: zocl_destroy_client: client exits pid(295338)
[Fri Sep 25 21:39:09 2026] zocl-drm axi:zyxclmm_drm: zocl_create_client: created KDS client for pid(295338), ret: 0
[Fri Sep 25 21:39:09 2026] zocl-drm axi:zyxclmm_drm: zocl_destroy_client: client exits pid(295338)
[Fri Sep 25 21:54:51 2026] zocl-drm axi:zyxclmm_drm: zocl_create_client: created KDS client for pid(296446), ret: 0
[Fri Sep 25 21:54:51 2026] zocl-drm axi:zyxclmm_drm: zocl_destroy_client: client exits pid(296446)
[Fri Sep 25 21:54:51 2026] zocl-drm axi:zyxclmm_drm: zocl_create_client: created KDS client for pid(296446), ret: 0
[Fri Sep 25 21:54:51 2026] zocl-drm axi:zyxclmm_drm: zocl_destroy_client: client exits pid(296446)
[Fri Sep 25 21:54:51 2026] zocl-drm axi:zyxclmm_drm: zocl_create_client: created KDS client for pid(296446), ret: 0
[Fri Sep 25 21:54:51 2026] zocl-drm axi:zyxclmm_drm: zocl_destroy_client: client exits pid(296446)
[Fri Sep 25 22:10:52 2026] zocl-drm axi:zyxclmm_drm: zocl_create_client: created KDS client for pid(297613), ret: 0
[Fri Sep 25 22:10:52 2026] zocl-drm axi:zyxclmm_drm: zocl_destroy_client: client exits pid(297613)
[Fri Sep 25 22:10:52 2026] zocl-drm axi:zyxclmm_drm: zocl_create_client: created KDS client for pid(297613), ret: 0
[Fri Sep 25 22:10:52 2026] zocl-drm axi:zyxclmm_drm: zocl_destroy_client: client exits pid(297613)
[Fri Sep 25 22:10:52 2026] zocl-drm axi:zyxclmm_drm: zocl_create_client: created KDS client for pid(297613), ret: 0
[Fri Sep 25 22:10:52 2026] zocl-drm axi:zyxclmm_drm: zocl_destroy_client: client exits pid(297613)
[Fri Sep 25 22:26:32 2026] zocl-drm axi:zyxclmm_drm: zocl_create_client: created KDS client for pid(298721), ret: 0
[Fri Sep 25 22:26:32 2026] zocl-drm axi:zyxclmm_drm: zocl_destroy_client: client exits pid(298721)
[Fri Sep 25 22:26:32 2026] zocl-drm axi:zyxclmm_drm: zocl_create_client: created KDS client for pid(298721), ret: 0
[Fri Sep 25 22:26:32 2026] zocl-drm axi:zyxclmm_drm: zocl_destroy_client: client exits pid(298721)
[Fri Sep 25 22:26:32 2026] zocl-drm axi:zyxclmm_drm: zocl_create_client: created KDS client for pid(298721), ret: 0
[Fri Sep 25 22:26:32 2026] zocl-drm axi:zyxclmm_drm: zocl_destroy_client: client exits pid(298721)
[Fri Sep 25 23:46:58 2026] zocl-drm axi:zyxclmm_drm: zocl_create_client: created KDS client for pid(303049), ret: 0
[Fri Sep 25 23:46:58 2026] zocl-drm axi:zyxclmm_drm: zocl_destroy_client: client exits pid(303049)
[Fri Sep 25 23:46:58 2026] zocl-drm axi:zyxclmm_drm: zocl_create_client: created KDS client for pid(303049), ret: 0
[Fri Sep 25 23:46:58 2026] zocl-drm axi:zyxclmm_drm: zocl_destroy_client: client exits pid(303049)
[Fri Sep 25 23:46:58 2026] zocl-drm axi:zyxclmm_drm: zocl_create_client: created KDS client for pid(303049), ret: 0
[Fri Sep 25 23:46:58 2026] zocl-drm axi:zyxclmm_drm: zocl_destroy_client: client exits pid(303049)
[Sat Sep 26 00:00:03 2026] audit: type=1400 audit(1790380804.156:81): apparmor="DENIED" operation="capable" profile="/usr/sbin/cupsd" pid=303769 comm="cupsd" capability=12  capname="net_admin"
[Sat Sep 26 00:02:33 2026] zocl-drm axi:zyxclmm_drm: zocl_create_client: created KDS client for pid(304178), ret: 0
[Sat Sep 26 00:02:33 2026] zocl-drm axi:zyxclmm_drm: zocl_destroy_client: client exits pid(304178)
[Sat Sep 26 00:02:33 2026] zocl-drm axi:zyxclmm_drm: zocl_create_client: created KDS client for pid(304178), ret: 0
[Sat Sep 26 00:02:33 2026] zocl-drm axi:zyxclmm_drm: zocl_destroy_client: client exits pid(304178)
[Sat Sep 26 00:02:33 2026] zocl-drm axi:zyxclmm_drm: zocl_create_client: created KDS client for pid(304178), ret: 0
[Sat Sep 26 00:02:33 2026] zocl-drm axi:zyxclmm_drm: zocl_destroy_client: client exits pid(304178)
[Sat Sep 26 00:18:04 2026] zocl-drm axi:zyxclmm_drm: zocl_create_client: created KDS client for pid(306117), ret: 0
[Sat Sep 26 00:18:04 2026] zocl-drm axi:zyxclmm_drm: zocl_destroy_client: client exits pid(306117)
[Sat Sep 26 00:18:04 2026] zocl-drm axi:zyxclmm_drm: zocl_create_client: created KDS client for pid(306117), ret: 0
[Sat Sep 26 00:18:04 2026] zocl-drm axi:zyxclmm_drm: zocl_destroy_client: client exits pid(306117)
[Sat Sep 26 00:18:04 2026] zocl-drm axi:zyxclmm_drm: zocl_create_client: created KDS client for pid(306117), ret: 0
[Sat Sep 26 00:18:04 2026] zocl-drm axi:zyxclmm_drm: zocl_destroy_client: client exits pid(306117)
[Sat Sep 26 00:33:33 2026] zocl-drm axi:zyxclmm_drm: zocl_create_client: created KDS client for pid(307216), ret: 0
[Sat Sep 26 00:33:33 2026] zocl-drm axi:zyxclmm_drm: zocl_destroy_client: client exits pid(307216)
[Sat Sep 26 00:33:33 2026] zocl-drm axi:zyxclmm_drm: zocl_create_client: created KDS client for pid(307216), ret: 0
[Sat Sep 26 00:33:33 2026] zocl-drm axi:zyxclmm_drm: zocl_destroy_client: client exits pid(307216)
[Sat Sep 26 00:33:33 2026] zocl-drm axi:zyxclmm_drm: zocl_create_client: created KDS client for pid(307216), ret: 0
[Sat Sep 26 00:33:33 2026] zocl-drm axi:zyxclmm_drm: zocl_destroy_client: client exits pid(307216)
[Sat Sep 26 00:49:04 2026] zocl-drm axi:zyxclmm_drm: zocl_create_client: created KDS client for pid(308344), ret: 0
[Sat Sep 26 00:49:04 2026] zocl-drm axi:zyxclmm_drm: zocl_destroy_client: client exits pid(308344)
[Sat Sep 26 00:49:04 2026] zocl-drm axi:zyxclmm_drm: zocl_create_client: created KDS client for pid(308344), ret: 0
[Sat Sep 26 00:49:04 2026] zocl-drm axi:zyxclmm_drm: zocl_destroy_client: client exits pid(308344)
[Sat Sep 26 00:49:04 2026] zocl-drm axi:zyxclmm_drm: zocl_create_client: created KDS client for pid(308344), ret: 0
[Sat Sep 26 00:49:04 2026] zocl-drm axi:zyxclmm_drm: zocl_destroy_client: client exits pid(308344)
[Sat Sep 26 01:04:34 2026] zocl-drm axi:zyxclmm_drm: zocl_create_client: created KDS client for pid(309445), ret: 0
[Sat Sep 26 01:04:34 2026] zocl-drm axi:zyxclmm_drm: zocl_destroy_client: client exits pid(309445)
[Sat Sep 26 01:04:34 2026] zocl-drm axi:zyxclmm_drm: zocl_create_client: created KDS client for pid(309445), ret: 0
[Sat Sep 26 01:04:34 2026] zocl-drm axi:zyxclmm_drm: zocl_destroy_client: client exits pid(309445)
[Sat Sep 26 01:04:34 2026] zocl-drm axi:zyxclmm_drm: zocl_create_client: created KDS client for pid(309445), ret: 0
[Sat Sep 26 01:04:34 2026] zocl-drm axi:zyxclmm_drm: zocl_destroy_client: client exits pid(309445)
[Sat Sep 26 01:20:03 2026] zocl-drm axi:zyxclmm_drm: zocl_create_client: created KDS client for pid(310544), ret: 0
[Sat Sep 26 01:20:03 2026] zocl-drm axi:zyxclmm_drm: zocl_destroy_client: client exits pid(310544)
[Sat Sep 26 01:20:03 2026] zocl-drm axi:zyxclmm_drm: zocl_create_client: created KDS client for pid(310544), ret: 0
[Sat Sep 26 01:20:03 2026] zocl-drm axi:zyxclmm_drm: zocl_destroy_client: client exits pid(310544)
[Sat Sep 26 01:20:03 2026] zocl-drm axi:zyxclmm_drm: zocl_create_client: created KDS client for pid(310544), ret: 0
[Sat Sep 26 01:20:03 2026] zocl-drm axi:zyxclmm_drm: zocl_destroy_client: client exits pid(310544)
[Sat Sep 26 01:35:51 2026] zocl-drm axi:zyxclmm_drm: zocl_create_client: created KDS client for pid(311660), ret: 0
[Sat Sep 26 01:35:51 2026] zocl-drm axi:zyxclmm_drm: zocl_destroy_client: client exits pid(311660)
[Sat Sep 26 01:35:51 2026] zocl-drm axi:zyxclmm_drm: zocl_create_client: created KDS client for pid(311660), ret: 0
[Sat Sep 26 01:35:51 2026] zocl-drm axi:zyxclmm_drm: zocl_destroy_client: client exits pid(311660)
[Sat Sep 26 01:35:51 2026] zocl-drm axi:zyxclmm_drm: zocl_create_client: created KDS client for pid(311660), ret: 0
[Sat Sep 26 01:35:51 2026] zocl-drm axi:zyxclmm_drm: zocl_destroy_client: client exits pid(311660)
[Sat Sep 26 01:51:44 2026] zocl-drm axi:zyxclmm_drm: zocl_create_client: created KDS client for pid(312816), ret: 0
[Sat Sep 26 01:51:44 2026] zocl-drm axi:zyxclmm_drm: zocl_destroy_client: client exits pid(312816)
[Sat Sep 26 01:51:44 2026] zocl-drm axi:zyxclmm_drm: zocl_create_client: created KDS client for pid(312816), ret: 0
[Sat Sep 26 01:51:44 2026] zocl-drm axi:zyxclmm_drm: zocl_destroy_client: client exits pid(312816)
[Sat Sep 26 01:51:44 2026] zocl-drm axi:zyxclmm_drm: zocl_create_client: created KDS client for pid(312816), ret: 0
[Sat Sep 26 01:51:44 2026] zocl-drm axi:zyxclmm_drm: zocl_destroy_client: client exits pid(312816)
[Sat Sep 26 02:07:47 2026] zocl-drm axi:zyxclmm_drm: zocl_create_client: created KDS client for pid(313942), ret: 0
[Sat Sep 26 02:07:47 2026] zocl-drm axi:zyxclmm_drm: zocl_destroy_client: client exits pid(313942)
[Sat Sep 26 02:07:47 2026] zocl-drm axi:zyxclmm_drm: zocl_create_client: created KDS client for pid(313942), ret: 0
[Sat Sep 26 02:07:47 2026] zocl-drm axi:zyxclmm_drm: zocl_destroy_client: client exits pid(313942)
[Sat Sep 26 02:07:47 2026] zocl-drm axi:zyxclmm_drm: zocl_create_client: created KDS client for pid(313942), ret: 0
[Sat Sep 26 02:07:47 2026] zocl-drm axi:zyxclmm_drm: zocl_destroy_client: client exits pid(313942)
kernel_journal_path=/home/ubuntu/kv260-vlm-p2-cpu/runs/rm10-a-ra-q37804-20260926T022237Z/clock-diagnostics-before-load/kernel-journal.txt
diagnostics_end_utc=2026-09-26T02:22:39Z
This collector only reads clock, device-tree, active-app, and kernel-log state.
